
 =================================================================

  PARSEC-PYTHON - Modular real-space DFT program
  PARSEC-like report; Python real-space implementation

 starting run on 02-Sep-2026 15:47:27 -0700
 input file: C:\Users\zigze\Desktop\parsec_python\examples\ml_initial_density\small_molecules\CH3CN\sad\parsec.in

 =================================================================

 Initial Run - starting from atomic potentials
 Initial density method = sad
 ignoresym= F

 Grid data:
 ~~------~~

 Confined system (cluster) with zero boundary condition!
  Spherical domain shape:
 --- Radius is  13.228088 bohrs
 Grid spacing is  0.377945 bohrs
 Order of double grid is    1
 Grid points are shifted from origin!
 shift vector =   0.5000   0.5000   0.5000   [units of grid spacing]
 WAVEFUNCTIONS ARE REAL!
 The Finite-difference expansion is of order  8
 Python constructs the full active grid; the selected execution backend reports any exact symmetry reduction.

 Eigenvalue data:
 ----------------
 Number of states:           16
 Net cluster charge =    0.000      [e]
 Fermi temperature =    500.00 [K]

 Self-consistency data:
 ----------------------
 Maximum number of iterations is           50
 Performing Chebyshev subspace filtering
 Polynomial degree for First-filter is     10
 The matvec operations use block size      6
 Polynomial degree for Chebyshev filtering is     10
 Change in polynomial degree (dpm) for Chebyshev filtering is      3
 Self-consistency convergence criterion is    2.0000000000000001E-04  Ry
 Diagonalization tolerance is    1.0000000000000000E-04
 Buffer size in subspace is      6

 Mixer data:
 -----------
 solver lpole is :            9
 Anderson mixer
 Initial Jacobian:  0.300  Mixing memory is  4
 Mixing restarted after           20 iterations

 Correlation data:
 -----------------
 Exchange-Correlation functional is pbe
 GGA, Perdew-Burke-Ernzerhof parametrization

 Other input data:
 -----------------
 output level [1 - 6] =  1
 No spin effects!
 No minimization!


 Atom data:
 --~--~---

 Tot. # of atom types is     3

 Chemical element : H
 Physical element : H
 martins_new
  pseudopotential format : new Martins
  pseudopotential file   : C:\Users\zigze\Desktop\parsec_python\examples\ml_initial_density\pseudopotentials\H_POTRE.DAT
  radial points/channels : 773 / 1
  selected local channel : l=0
 There are      3 H  atoms
 and their initial coordinates are:

    x [bohr]          y [bohr]          z [bohr]
     -1.458395773      1.684389155     -2.803868082
      1.458395773      0.000000000     -2.804130754
     -1.458395773     -1.684389155     -2.803868082

 Chemical element : C
 Physical element : C
 martins_new
  pseudopotential format : new Martins
  pseudopotential file   : C:\Users\zigze\Desktop\parsec_python\examples\ml_initial_density\pseudopotentials\C_POTRE.DAT
  radial points/channels : 921 / 3
  selected local channel : l=1
 There are      2 C  atoms
 and their initial coordinates are:

    x [bohr]          y [bohr]          z [bohr]
     -0.486235229      0.000000000     -2.075132706
     -0.486169089      0.000000000      0.627813567

 Chemical element : N
 Physical element : N
 martins_new
  pseudopotential format : new Martins
  pseudopotential file   : C:\Users\zigze\Desktop\parsec_python\examples\ml_initial_density\pseudopotentials\N_POTRE.DAT
  radial points/channels : 933 / 3
  selected local channel : l=1
 There are      1 N  atoms
 and their initial coordinates are:

    x [bohr]          y [bohr]          z [bohr]
     -0.486016021      0.000000000      2.804130754

 Tot. number of atoms =       6

 Real-space setup:
 -----------------
 Full active grid points =       179944
 Hamiltonian dimension   =       179944
 Sparse Laplacian nonzeros =     4267480
 Nonlocal projector columns =       18
 Number of electrons =    16.00000000
 Initial density integral =    16.00000000

 Setup timings [sec]
 --------------------------------------------------
 Pseudopotential loading       :     0.032869
 Grid-domain construction      :     0.017602
 Finite-difference construction:     0.039161
 Local ionic potential setup   :     0.045890
 Nonlocal ionic projector setup:     0.016094
 Initial valence-density setup :     0.004492
 Core-density setup            :     0.000017
 Ion-ion energy setup           :     0.000086
 Preparation wall time          :     0.156389
 --------------------------------------------------

 The reference setup above describes the constructed full grid.  The GPU orbital solve is decomposed into the exact symmetry representations reported below.

 Acceleration backend:
 ---------------------
 Requested backend = auto
 Selected backend  = cupy
 Numeric dtype     = float64
 Device            = CUDA:0 (NVIDIA GeForce RTX 5070 Laptop GPU)
 Implementation    = CuPy float64 device-resident stencil-major/compact-CSR Hamiltonian with fused Chebyshev recurrence, CHEBFF/CHEBDAV/SUBSPACE eigensolver, and fused orbital-density construction
 laplacian_nnz = 4267480
 projector_columns = 18
 cupy_version = 14.0.1
 gpu_finite_difference_storage = deferred_full_grid_symmetry_sectors
 gpu_finite_difference_palette_size = 0
 gpu_finite_difference_fallback = full-grid operator intentionally deferred
 gpu_chebyshev_recurrence = separate_hamiltonian_and_elementwise_kernels
 gpu_later_subspace_filter_precision = deferred_to_symmetry_sector_operators
 gpu_nonlocal_application = deferred_to_symmetry_sector_operators
 gpu_projector_reduction = deferred_to_symmetry_sector_operators
 gpu_subspace_residuals = disabled_diagnostics_only
 cuda_initialization_overlap = cuda_probe_with_cpu_reference_setup
 backend_resolution_seconds = 0.895471
 reference_preparation_seconds = 0.159969
 backend_reference_overlapped_seconds = 0.159548
 symmetry_mode = auto
 symmetry_detection = exact Cartesian axis-reflection subgroup detected
 detected_symmetry_group_order = 2
 orbital_symmetry = CuPy real one-dimensional reflection representations
 finite_difference_builder = C++17 compressed-grid CSR builder (exact stencil parity)
 ionic_setup_implementation = cached-grid C++/OpenMP radial interpolation and KB sampling
 hartree_backend = native
 hartree_implementation = orbit-summed C++/OpenMP multipoles and direct wedge RHS plus symmetry-wedge C++/OpenMP CG
 xc_implementation = vectorized NumPy discrete-variational PBE
 finite_difference_full_grid_materialization = performed
 finite_difference_provenance_key = bcf8094314385e9f47fac42b2fd64267a127992d3a3d18bd5eeaf3b74327452f
 finite_difference_provenance_hash_seconds = 0.003048
 finite_difference_nnz_count_seconds = 0.036107
 finite_difference_nnz_cache = miss-written
 finite_difference_nnz_cache_path = C:\Users\zigze\Desktop\parsec_python\examples\ml_initial_density\small_molecules\CH3CN\sad\.parsec_cache\symmetry\negative-laplacian-nnz-v1-bcf8094314385e9f47fac42b2fd64267a127992d3a3d18bd5eeaf3b74327452f.json
 finite_difference_materialization_seconds = 0.062950
 reference_static_cache = disabled
 reference_static_cache_lookup_seconds = 0.000000
 symmetry_geometry_cache = miss-written
 symmetry_geometry_cache_key = 47529da37a7ca8ed3c8789201c76b4cea5512ffcd3875c3cae054770d738b315
 symmetry_geometry_cache_path = C:\Users\zigze\Desktop\parsec_python\examples\ml_initial_density\small_molecules\CH3CN\sad\.parsec_cache\symmetry\reflection-reduction-v2-47529da37a7ca8ed3c8789201c76b4cea5512ffcd3875c3cae054770d738b315.npz
 symmetry_geometry_hash_seconds = 0.003524
 symmetry_geometry_cache_load_seconds = 0.000000
 symmetry_geometry_build_seconds = 0.043623
 symmetry_geometry_cache_write_seconds = 0.004699
 symmetry_representation_cache = miss-written
 symmetry_representation_cache_key = 948a99a9a097771c01c9be26db633450cff2f89f61297de49507ebf934257d8e
 symmetry_representation_cache_path = C:\Users\zigze\Desktop\parsec_python\examples\ml_initial_density\small_molecules\CH3CN\sad\.parsec_cache\symmetry\reflection-representations-v3-948a99a9a097771c01c9be26db633450cff2f89f61297de49507ebf934257d8e.npz
 symmetry_representation_hash_seconds = 0.001267
 symmetry_representation_cache_load_seconds = 0.000000
 symmetry_representation_build_seconds = 0.018144
 symmetry_representation_cache_write_seconds = 0.003943
 gpu_initial_random_basis = bit-exact 2048-lane skip-ahead DLARNV generator
 gpu_chebdav_ritz_scalar_source = reuse values already returned by host LAPACK
 gpu_chebdav_appended_orthogonalization = not used by the selected first eigensolver
 gpu_chebdav_prefix_projection = full C-order coefficient GEMM plus fused active-prefix CUDA update for blocks up to six
 gpu_chebdav_ritz_projection = full contiguous C-order Davidson workspace GEMM; use only the active row interval
 gpu_subspace_orthogonalization = size-adaptive per representation: audited PARSEC MGS for small bases; generalized Cholesky-whitened Rayleigh--Ritz with Householder QR fallback for large bases
 symmetry_full_grid_points = 179944
 symmetry_wedge_points = 89972
 symmetry_reduction_ratio = 2
 orbital_symmetry_representations = 2
 orbital_sector_dimensions = 89972 89972
 orbital_sector_stabilizer_handling = exact character selection on every orbit stabilizer
 orbital_sector_state_policy = floor(global_states/representations) + Subspace_Buffer_Size, then grow sectors to bracket the global cutoff
 orbital_sector_scheduler = sequential on one CUDA device
 orbital_sector_cuda_devices = 0
 orbital_sector_lanczos_scheduler = same scheduler as sector solves
 orbital_sector_finite_difference_storage = stencil_major_int32_neighbors_uint8_coefficient_palette
 orbital_sector_neighbor_storage = shared_across_representations
 orbital_sector_nonlocal_application = cuSPARSE B.T projection plus KB scatter fused into CUDA stencil
 orbital_sector_projector_reduction = none
 orbital_sector_later_filter_precision = float64
 orbital_sector_local_potential_storage = one persistent shared device buffer per CUDA device
 orbital_density_storage = normalized wedge orbitals; physical scalar orbit values remain compact through SCF
 orbital_operator_cache = miss-written
 orbital_operator_cache_key = bfeb774f141e88849406246d461a508547f486fd0d59b325a490a4526ff1eb13
 orbital_operator_cache_path = C:\Users\zigze\Desktop\parsec_python\examples\ml_initial_density\small_molecules\CH3CN\sad\.parsec_cache\symmetry\reflection-v4-bfeb774f141e88849406246d461a508547f486fd0d59b325a490a4526ff1eb13.npz
 orbital_operator_hash_seconds = 0.000111
 orbital_operator_cache_load_seconds = 0.000000
 orbital_operator_build_seconds = 0.411456
 orbital_operator_build_workers = 1
 orbital_operator_cache_write_seconds = 0.012293
 scf_scalar_field_storage = one physical value per symmetry orbit with multiplicity weights
 hartree_boundary_setup = overlapped with GPU orbital setup
 hartree_boundary_setup_seconds = 0.147219
 hartree_boundary_setup_wait_seconds = 0.000016
 hartree_boundary_setup_overlapped_seconds = 0.147203
 hartree_cg_storage = int32_columns_uint8_coefficient_palette
 hartree_cg_openmp_workers = 11
 hartree_initial_guess = two-step chronological RHS predictor with previous-potential fallback
 hartree_cg_coefficient_palette_size = 11
 hartree_symmetry = normalized Cartesian axis-reflection wedge
 hartree_symmetry_group_order = 2
 hartree_full_grid_points = 179944
 hartree_wedge_points = 89972
 hartree_reduction_ratio = 2
 hartree_geometry_cache = miss-written
 hartree_geometry_cache_key = 231356724dedc39c06f128b3f3d5a142912d20c0534894fcb8ab7bb69b85db9f
 hartree_geometry_cache_path = C:\Users\zigze\Desktop\parsec_python\examples\ml_initial_density\small_molecules\CH3CN\sad\.parsec_cache\symmetry\native-symmetry-boundary-v2-231356724dedc39c06f128b3f3d5a142912d20c0534894fcb8ab7bb69b85db9f.npz
 hartree_geometry_hash_seconds = 0.000033
 hartree_geometry_cache_load_seconds = 0.000000
 hartree_geometry_build_seconds = 0.034676
 hartree_geometry_cache_write_seconds = 0.109265
 native_openmp_detected_processors = 32
 native_openmp_reserved_threads = 4
 native_openmp_max_threads = 28
 native_openmp_thread_source = detected_processors_minus_4
 Backend initialization [sec] =     0.029043

 SCF iter #   1

 Diagonalization time [sec] :       0.34,      tdiag_sum =        0.34

 Fermi level at     1.3927 [Ry]

   State   Eigenvalue [Ry]      Eigenvalue [eV]    Occup.     Repr.

    1         0.1709491169         2.3258994947    1.0000        1
    2         0.6507402984         8.8538423519    1.0000        1
    3         0.8216619527        11.1793681957    1.0000        2
    4         1.0345355046        14.0756831690    1.0000        1
    5         1.0901492874        14.8323531750    1.0000        2
    6         1.1607398731        15.7927945651    1.0000        1
    7         1.3157729304        17.9021433362    1.0000        1
    8         1.3791690264        18.7646979391    0.9864        1
    9         1.4062874225        19.1336654129    0.0136        2
   10         1.4392883226        19.5826690598    0.0000        1
   11         1.4440582091        19.6475671810    0.0000        2
   12         1.5111535496        20.5604529658    0.0000        2
   13         1.5382485023        20.9291014727    0.0000        1
   14         1.5969076672        21.7272063378    0.0000        1
   15         1.6368297110        22.2703776820    0.0000        2
   16         1.6580251292        22.5587583032    0.0000        1

 Max and min values of charge density [e/bohr^3]:   2.0143E-01   1.6334E-06

 Hartree potential time [sec]:       0.06

   Eigenvalue Energy             =          15.24817518 [Ry]
   Hartree Energy                =          30.78404043 [Ry]
   Integral_{Vxc*rho}            =          -6.57835938 [Ry]
   Exc = Integral{eps_xc*rho}    =          -5.11869692 [Ry]
   Electron-Ion energy           =         -98.05709792 [Ry]
   Ion-Ion Energy                =          62.89247783 [Ry]

   Total Energy =            18.93770198 [Ry]
   Energy/atom  =            42.94376426 [eV]

  0-  1    SRE of pot. & charge weighted pot = 103.0083948791   2.9525561940

 SCF iter #   2

 Diagonalization time [sec] :       0.07,      tdiag_sum =        0.41

 Fermi level at    -1.5987 [Ry]

   State   Eigenvalue [Ry]      Eigenvalue [eV]    Occup.     Repr.

    1        -3.8909714655       -52.9397795649    1.0000        1
    2        -3.2418036000       -44.1073314211    1.0000        1
    3        -2.4834806084       -33.7897404618    1.0000        1
    4        -2.3875900945       -32.4850733083    1.0000        1
    5        -2.3872846238       -32.4809171345    1.0000        2
    6        -2.1208903682       -28.8564101715    1.0000        2
    7        -2.0775154286       -28.2662594191    1.0000        1
    8        -1.6714178652       -22.7409771899    1.0000        1
    9        -1.5259439900       -20.7616887398    0.0000        2
   10        -0.9909052135       -13.4820581537    0.0000        1
   11        -0.3496769828        -4.7576350922    0.0000        1
   12        -0.2865082099        -3.8981734019    0.0000        1
   13        -0.1976351024        -2.6889836760    0.0000        2
   14        -0.1027421479        -1.3978891154    0.0000        1
   15        -0.1014354097        -1.3801098973    0.0000        2
   16         0.1087707448         1.4799129995    0.0000        1

 Max and min values of charge density [e/bohr^3]:   7.6028E-01   1.9064E-07

 Hartree potential time [sec]:       0.06

   Eigenvalue Energy             =         -40.52190811 [Ry]
   Hartree Energy                =          88.84386295 [Ry]
   Integral_{Vxc*rho}            =         -17.04697448 [Ry]
   Exc = Integral{eps_xc*rho}    =         -13.15456008 [Ry]
   Electron-Ion energy           =        -223.84290024 [Ry]
   Ion-Ion Energy                =          62.89247783 [Ry]
   (E(new)-E(old))/atom  =          -133.81091309 [eV]

   Total Energy =           -40.07135876 [Ry]
   Energy/atom  =           -90.86714883 [eV]

  0-  2    SRE of pot. & charge weighted pot =  21.2879729868   1.6276937876

 SCF iter #   3

 Diagonalization time [sec] :       0.06,      tdiag_sum =        0.47

 Fermi level at    -1.9631 [Ry]

   State   Eigenvalue [Ry]      Eigenvalue [eV]    Occup.     Repr.

    1        -3.6974821682       -50.3072028842    1.0000        1
    2        -3.1777276261       -43.2355265345    1.0000        1
    3        -2.5560688771       -34.7773619275    1.0000        1
    4        -2.4181432008       -32.9007727620    1.0000        2
    5        -2.3967683454       -32.6099507541    1.0000        1
    6        -2.3065569010       -31.3825518832    1.0000        1
    7        -2.2829304948       -31.0610957261    1.0000        2
    8        -2.1221384072       -28.8733907413    1.0000        1
    9        -1.5820421821       -21.5249495212    0.0000        1
   10        -1.5370717048       -20.9130902010    0.0000        2
   11        -0.8637708639       -11.7522936205    0.0000        1
   12        -0.6771648145        -9.2133690330    0.0000        1
   13        -0.5185450348        -7.0552200346    0.0000        2
   14        -0.5102075473        -6.9417818468    0.0000        1
   15        -0.4662627496        -6.3438777180    0.0000        1
   16        -0.2287400723        -3.1121916762    0.0000        1

 Max and min values of charge density [e/bohr^3]:   7.9518E-01   2.3123E-08

 Hartree potential time [sec]:       0.06

   Eigenvalue Energy             =         -41.91563204 [Ry]
   Hartree Energy                =         104.94976320 [Ry]
   Integral_{Vxc*rho}            =         -19.78730299 [Ry]
   Exc = Integral{eps_xc*rho}    =         -15.25040779 [Ry]
   Electron-Ion energy           =        -245.26118752 [Ry]
   Ion-Ion Energy                =          62.89247783 [Ry]
   (E(new)-E(old))/atom  =            -9.27235802 [eV]

   Total Energy =           -44.16036110 [Ry]
   Energy/atom  =          -100.13950685 [eV]

  0-  3    SRE of pot. & charge weighted pot =  30.5923196553   2.3244766312

 SCF iter #   4

 Diagonalization time [sec] :       0.07,      tdiag_sum =        0.54

 Fermi level at    -1.6342 [Ry]

   State   Eigenvalue [Ry]      Eigenvalue [eV]    Occup.     Repr.

    1        -3.0697145822       -41.7659226619    1.0000        1
    2        -2.6544127189       -36.1154085710    1.0000        1
    3        -2.1114513756       -28.7279851261    1.0000        1
    4        -1.9694483075       -26.7959197821    1.0000        2
    5        -1.9622673408       -26.6982169849    1.0000        1
    6        -1.7992126557       -24.4797275508    1.0000        2
    7        -1.7956533472       -24.4313003112    1.0000        1
    8        -1.7463634339       -23.7606716096    1.0000        1
    9        -1.1707607428       -15.9291365149    0.0000        1
   10        -1.1239596140       -15.2923697162    0.0000        2
   11        -0.7545238941       -10.2659011978    0.0000        1
   12        -0.5421121302        -7.3758692213    0.0000        1
   13        -0.4446217307        -6.0494343430    0.0000        2
   14        -0.4285896168        -5.8313046087    0.0000        1
   15        -0.3075993423        -4.1851351313    0.0000        1
   16        -0.1985886227        -2.7019570828    0.0000        1

 Max and min values of charge density [e/bohr^3]:   7.4649E-01   4.5399E-09

 Hartree potential time [sec]:       0.06

   Eigenvalue Energy             =         -34.21704752 [Ry]
   Hartree Energy                =         105.96276322 [Ry]
   Integral_{Vxc*rho}            =         -19.79378763 [Ry]
   Exc = Integral{eps_xc*rho}    =         -15.25250945 [Ry]
   Electron-Ion energy           =        -245.30068607 [Ry]
   Ion-Ion Energy                =          62.89247783 [Ry]
   (E(new)-E(old))/atom  =            -2.30739844 [eV]

   Total Energy =           -45.17789705 [Ry]
   Energy/atom  =          -102.44690528 [eV]

  0-  4    SRE of pot. & charge weighted pot =  25.4294818614   1.7923793507

 SCF iter #   5

 Diagonalization time [sec] :       0.07,      tdiag_sum =        0.61

 Fermi level at    -1.0288 [Ry]

   State   Eigenvalue [Ry]      Eigenvalue [eV]    Occup.     Repr.

    1        -2.6259288599       -35.7278628823    1.0000        1
    2        -2.2584161124       -30.7275579427    1.0000        1
    3        -1.7503986237       -23.8155735947    1.0000        1
    4        -1.6211995416       -22.0577167232    1.0000        2
    5        -1.6111965535       -21.9216180671    1.0000        1
    6        -1.4529496847       -19.7685428204    1.0000        1
    7        -1.4380812676       -19.5662461111    1.0000        2
    8        -1.4182588194       -19.2965458451    1.0000        1
    9        -0.8178150585       -11.1270281223    0.0000        1
   10        -0.7938809513       -10.8013854472    0.0000        2
   11        -0.4771598849        -6.4921419623    0.0000        1
   12        -0.3699205805        -5.0330654344    0.0000        1
   13        -0.2932624826        -3.9900706859    0.0000        2
   14        -0.2658169297        -3.6166519827    0.0000        1
   15        -0.1772555612        -2.4117037149    0.0000        1
   16        -0.1160440969        -1.5788727739    0.0000        1

 Max and min values of charge density [e/bohr^3]:   7.2206E-01   1.5025E-09

 Hartree potential time [sec]:       0.06

   Eigenvalue Energy             =         -28.35285893 [Ry]
   Hartree Energy                =         104.26728459 [Ry]
   Integral_{Vxc*rho}            =         -19.45069003 [Ry]
   Exc = Integral{eps_xc*rho}    =         -14.98876864 [Ry]
   Electron-Ion energy           =        -242.30109445 [Ry]
   Ion-Ion Energy                =          62.89247783 [Ry]
   (E(new)-E(old))/atom  =            -1.19474620 [eV]

   Total Energy =           -45.70476627 [Ry]
   Energy/atom  =          -103.64165148 [eV]

  0-  5    SRE of pot. & charge weighted pot =  19.2321699638   1.2696705320

 SCF iter #   6

 Diagonalization time [sec] :       0.06,      tdiag_sum =        0.68

 Fermi level at    -0.9523 [Ry]

   State   Eigenvalue [Ry]      Eigenvalue [eV]    Occup.     Repr.

    1        -2.4609173796       -33.4827496834    1.0000        1
    2        -2.1271496554       -28.9415727819    1.0000        1
    3        -1.6248321749       -22.1071416052    1.0000        1
    4        -1.4997265475       -20.4049794600    1.0000        2
    5        -1.4906192803       -20.2810678038    1.0000        1
    6        -1.3175642156       -17.9265152050    1.0000        1
    7        -1.3017446646       -17.7112775582    1.0000        2
    8        -1.2925103205       -17.5856369184    1.0000        1
    9        -0.6861109632        -9.3350885437    0.0000        1
   10        -0.6733065864        -9.1608747531    0.0000        2
   11        -0.3920831799        -5.3346053289    0.0000        1
   12        -0.3018423905        -4.1068071962    0.0000        1
   13        -0.2393672275        -3.2567826242    0.0000        2
   14        -0.2186432301        -2.9748160605    0.0000        1
   15        -0.1483844485        -2.0188891298    0.0000        1
   16        -0.0927466608        -1.2618925180    0.0000        1

 Max and min values of charge density [e/bohr^3]:   7.0295E-01   4.0135E-10

 Hartree potential time [sec]:       0.06

   Eigenvalue Energy             =         -26.23012848 [Ry]
   Hartree Energy                =         103.37015779 [Ry]
   Integral_{Vxc*rho}            =         -19.25185277 [Ry]
   Exc = Integral{eps_xc*rho}    =         -14.83570759 [Ry]
   Electron-Ion energy           =        -240.71847557 [Ry]
   Ion-Ion Energy                =          62.89247783 [Ry]
   (E(new)-E(old))/atom  =            -0.40887152 [eV]

   Total Energy =           -45.88507387 [Ry]
   Energy/atom  =          -104.05052300 [eV]

  0-  6    SRE of pot. & charge weighted pot =  16.7308233711   1.0629420133

 SCF iter #   7

 Diagonalization time [sec] :       0.06,      tdiag_sum =        0.74

 Fermi level at    -0.4085 [Ry]

   State   Eigenvalue [Ry]      Eigenvalue [eV]    Occup.     Repr.

    1        -2.0192427684       -27.4734132582    1.0000        1
    2        -1.7637817359       -23.9976615418    1.0000        1
    3        -1.2636897942       -17.1935106017    1.0000        1
    4        -1.1547156679       -15.7108304344    1.0000        1
    5        -1.1539015407       -15.6997535823    1.0000        2
    6        -0.9501363854       -12.9273656328    1.0000        1
    7        -0.9203758962       -12.5224503681    1.0000        2
    8        -0.9170112163       -12.4766712072    1.0000        1
    9        -0.3179985749        -4.3266250107    0.0000        1
   10        -0.3123026185        -4.2491269670    0.0000        2
   11        -0.1685347748        -2.2930504393    0.0000        1
   12        -0.0279335582        -0.3800584066    0.0000        1
   13        -0.0278137595        -0.3784284489    0.0000        2
   14        -0.0115690233        -0.1574058175    0.0000        1
   15         0.0064578968         0.0878648526    0.0000        1
   16         0.0523667102         0.7124909862    0.0000        2

 Max and min values of charge density [e/bohr^3]:   6.8019E-01   7.4352E-11

 Hartree potential time [sec]:       0.06

   Eigenvalue Energy             =         -20.28571001 [Ry]
   Hartree Energy                =         101.47009621 [Ry]
   Integral_{Vxc*rho}            =         -18.88296438 [Ry]
   Exc = Integral{eps_xc*rho}    =         -14.55200371 [Ry]
   Electron-Ion energy           =        -237.69767353 [Ry]
   Ion-Ion Energy                =          62.89247783 [Ry]
   (E(new)-E(old))/atom  =            -0.42261743 [eV]

   Total Energy =           -46.07144325 [Ry]
   Energy/atom  =          -104.47314044 [eV]

  0-  7    SRE of pot. & charge weighted pot =   7.9752163414   0.5556255853

 SCF iter #   8

 Diagonalization time [sec] :       0.07,      tdiag_sum =        0.81

 Fermi level at    -0.1382 [Ry]

   State   Eigenvalue [Ry]      Eigenvalue [eV]    Occup.     Repr.

    1        -1.4533657849       -19.7742041968    1.0000        1
    2        -1.2795297105       -17.4090253353    1.0000        1
    3        -0.8010585372       -10.8990422460    1.0000        1
    4        -0.7305750683        -9.9400582649    1.0000        2
    5        -0.7288267271        -9.9162706835    1.0000        1
    6        -0.4506287517        -6.1311646697    1.0000        1
    7        -0.4366486978        -5.9409548522    1.0000        2
    8        -0.4324159898        -5.8833654735    1.0000        1
    9         0.0276857776         0.3766871525    0.0000        1
   10         0.0833616078         1.1342013630    0.0000        2
   11         0.1030812422         1.4025027657    0.0000        1
   12         0.1530599019         2.0825024128    0.0000        1
   13         0.1552892248         2.1128341347    0.0000        2
   14         0.1593092323         2.1675295524    0.0000        1
   15         0.1818940655         2.4748142770    0.0000        2
   16         0.2242377015         3.0509333192    0.0000        1

 Max and min values of charge density [e/bohr^3]:   6.1733E-01   2.9477E-10

 Hartree potential time [sec]:       0.06

   Eigenvalue Energy             =         -12.62609853 [Ry]
   Hartree Energy                =          97.06712204 [Ry]
   Integral_{Vxc*rho}            =         -17.96710128 [Ry]
   Exc = Integral{eps_xc*rho}    =         -13.84890439 [Ry]
   Electron-Ion energy           =        -230.33384341 [Ry]
   Ion-Ion Energy                =          62.89247783 [Ry]
   (E(new)-E(old))/atom  =            -0.22545075 [eV]

   Total Energy =           -46.17086442 [Ry]
   Energy/atom  =          -104.69859119 [eV]

  0-  8    SRE of pot. & charge weighted pot =   4.3748853485   0.2462723583

 SCF iter #   9

 Diagonalization time [sec] :       0.07,      tdiag_sum =        0.88

 Fermi level at    -0.2240 [Ry]

   State   Eigenvalue [Ry]      Eigenvalue [eV]    Occup.     Repr.

    1        -1.5990398270       -21.7562160788    1.0000        1
    2        -1.3987059697       -19.0305136822    1.0000        1
    3        -0.9165335726       -12.4701724820    1.0000        1
    4        -0.8329345054       -11.3327402942    1.0000        2
    5        -0.8299142859       -11.2916477905    1.0000        1
    6        -0.5828585019        -7.9302562050    1.0000        1
    7        -0.5609780645        -7.6325553504    1.0000        2
    8        -0.5584453853        -7.5980962235    1.0000        1
    9        -0.0329586263        -0.4484284771    0.0000        1
   10        -0.0044568866        -0.0606395073    0.0000        2
   11         0.0005813355         0.0079095348    0.0000        1
   12         0.0816350535         1.1107102112    0.0000        1
   13         0.0927798286         1.2623437926    0.0000        1
   14         0.0969689274         1.3193398330    0.0000        2
   15         0.1244051728         1.6926319008    0.0000        2
   16         0.1583735764         2.1547992053    0.0000        1

 Max and min values of charge density [e/bohr^3]:   6.2645E-01   9.1907E-11

 Hartree potential time [sec]:       0.06

   Eigenvalue Energy             =         -14.55882022 [Ry]
   Hartree Energy                =          97.77586790 [Ry]
   Integral_{Vxc*rho}            =         -18.09309180 [Ry]
   Exc = Integral{eps_xc*rho}    =         -13.94486032 [Ry]
   Electron-Ion energy           =        -231.44196095 [Ry]
   Ion-Ion Energy                =          62.89247783 [Ry]
   (E(new)-E(old))/atom  =            -0.07824367 [eV]

   Total Energy =           -46.20536897 [Ry]
   Energy/atom  =          -104.77683486 [eV]

  0-  9    SRE of pot. & charge weighted pot =   1.2804866988   0.0774374636

 SCF iter #  10

 Diagonalization time [sec] :       0.06,      tdiag_sum =        0.94

 Fermi level at    -0.2507 [Ry]

   State   Eigenvalue [Ry]      Eigenvalue [eV]    Occup.     Repr.

    1        -1.6500005588       -22.4495776026    1.0000        1
    2        -1.4308699119       -19.4681298479    1.0000        1
    3        -0.9477245441       -12.8945506019    1.0000        1
    4        -0.8562340342       -11.6497490223    1.0000        2
    5        -0.8526174182       -11.6005420691    1.0000        1
    6        -0.6255017911        -8.5104522692    1.0000        1
    7        -0.5989644955        -8.1493911326    1.0000        2
    8        -0.5971734565        -8.1250226145    1.0000        1
    9        -0.0490527716        -0.6674021993    0.0000        1
   10        -0.0324005254        -0.4408350681    0.0000        2
   11        -0.0300273533        -0.4085461632    0.0000        1
   12         0.0607557566         0.8266306736    0.0000        1
   13         0.0711799265         0.9684598439    0.0000        1
   14         0.0739010854         1.0054833881    0.0000        2
   15         0.1124521691         1.5300017222    0.0000        2
   16         0.1396725538         1.9003568322    0.0000        1

 Max and min values of charge density [e/bohr^3]:   6.3230E-01   3.9725E-11

 Hartree potential time [sec]:       0.06

   Eigenvalue Energy             =         -15.11817242 [Ry]
   Hartree Energy                =          98.10254322 [Ry]
   Integral_{Vxc*rho}            =         -18.15271290 [Ry]
   Exc = Integral{eps_xc*rho}    =         -13.99050011 [Ry]
   Electron-Ion energy           =        -232.00328477 [Ry]
   Ion-Ion Energy                =          62.89247783 [Ry]
   (E(new)-E(old))/atom  =            -0.01746873 [eV]

   Total Energy =           -46.21307248 [Ry]
   Energy/atom  =          -104.79430359 [eV]

  0- 10    SRE of pot. & charge weighted pot =   0.8258447118   0.0178183229

 SCF iter #  11

 Diagonalization time [sec] :       0.06,      tdiag_sum =        1.00

 Fermi level at    -0.2505 [Ry]

   State   Eigenvalue [Ry]      Eigenvalue [eV]    Occup.     Repr.

    1        -1.6488532401       -22.4339674148    1.0000        1
    2        -1.4226892138       -19.3568249052    1.0000        1
    3        -0.9403824689       -12.7946557947    1.0000        1
    4        -0.8446563987       -11.4922260296    1.0000        2
    5        -0.8413940398       -11.4478390262    1.0000        1
    6        -0.6190380452        -8.4225078357    1.0000        1
    7        -0.5920636477        -8.0554995783    1.0000        2
    8        -0.5908607433        -8.0391331008    1.0000        1
    9        -0.0464826374        -0.6324334686    0.0000        1
   10        -0.0251067547        -0.3415974829    0.0000        2
   11        -0.0230365021        -0.3134300396    0.0000        1
   12         0.0594584718         0.8089800763    0.0000        1
   13         0.0684035811         0.9306854439    0.0000        1
   14         0.0710890516         0.9672234179    0.0000        2
   15         0.1161494965         1.5803068189    0.0000        2
   16         0.1395905455         1.8992410443    0.0000        1

 Max and min values of charge density [e/bohr^3]:   6.3502E-01   2.2398E-11

 Hartree potential time [sec]:       0.06

   Eigenvalue Energy             =         -14.99987560 [Ry]
   Hartree Energy                =          98.21125095 [Ry]
   Integral_{Vxc*rho}            =         -18.16804691 [Ry]
   Exc = Integral{eps_xc*rho}    =         -14.00231634 [Ry]
   Electron-Ion energy           =        -232.21958542 [Ry]
   Ion-Ion Energy                =          62.89247783 [Ry]
   (E(new)-E(old))/atom  =            -0.00450342 [eV]

   Total Energy =           -46.21505843 [Ry]
   Energy/atom  =          -104.79880700 [eV]

  0- 11    SRE of pot. & charge weighted pot =   0.4721403533   0.0060318010

 SCF iter #  12

 Diagonalization time [sec] :       0.06,      tdiag_sum =        1.07

 Fermi level at    -0.2526 [Ry]

   State   Eigenvalue [Ry]      Eigenvalue [eV]    Occup.     Repr.

    1        -1.6463082934       -22.3993413785    1.0000        1
    2        -1.4210262538       -19.3341990044    1.0000        1
    3        -0.9386054188       -12.7704776065    1.0000        1
    4        -0.8427325852       -11.4660510079    1.0000        2
    5        -0.8404354205       -11.4347962442    1.0000        1
    6        -0.6168485466        -8.3927179547    1.0000        1
    7        -0.5893674071        -8.0188150673    1.0000        2
    8        -0.5884785433        -8.0067213646    1.0000        1
    9        -0.0481418193        -0.6550079650    0.0000        1
   10        -0.0230005171        -0.3129404353    0.0000        2
   11        -0.0214754682        -0.2921909250    0.0000        1
   12         0.0564493091         0.7680380104    0.0000        1
   13         0.0638150973         0.8682554512    0.0000        1
   14         0.0669355942         0.9107123082    0.0000        2
   15         0.1160163942         1.5784958555    0.0000        2
   16         0.1360301021         1.8507983631    0.0000        1

 Max and min values of charge density [e/bohr^3]:   6.3547E-01   1.0479E-11

 Hartree potential time [sec]:       0.06

   Eigenvalue Energy             =         -14.96760494 [Ry]
   Hartree Energy                =          98.20776381 [Ry]
   Integral_{Vxc*rho}            =         -18.16736586 [Ry]
   Exc = Integral{eps_xc*rho}    =         -14.00186447 [Ry]
   Electron-Ion energy           =        -232.22921607 [Ry]
   Ion-Ion Energy                =          62.89247783 [Ry]
   (E(new)-E(old))/atom  =            -0.00143876 [eV]

   Total Energy =           -46.21569291 [Ry]
   Energy/atom  =          -104.80024576 [eV]

  0- 12    SRE of pot. & charge weighted pot =   0.3305203256   0.0066767950

 SCF iter #  13

 Diagonalization time [sec] :       0.07,      tdiag_sum =        1.13

 Fermi level at    -0.2570 [Ry]

   State   Eigenvalue [Ry]      Eigenvalue [eV]    Occup.     Repr.

    1        -1.6499943329       -22.4494928939    1.0000        1
    2        -1.4256045646       -19.3964905848    1.0000        1
    3        -0.9428033333       -12.8275935916    1.0000        1
    4        -0.8472606464       -11.5276589022    1.0000        2
    5        -0.8459545190       -11.5098879946    1.0000        1
    6        -0.6209944132        -8.4491257871    1.0000        1
    7        -0.5930117016        -8.0683986098    1.0000        2
    8        -0.5923593552        -8.0595229156    1.0000        1
    9        -0.0514361946        -0.6998305764    0.0000        1
   10        -0.0263076946        -0.3579372306    0.0000        2
   11        -0.0253867913        -0.3454076051    0.0000        1
   12         0.0530035465         0.7211556533    0.0000        1
   13         0.0588194822         0.8002861106    0.0000        1
   14         0.0623458277         0.8482648624    0.0000        2
   15         0.1143430127         1.5557281623    0.0000        2
   16         0.1313112211         1.7865942124    0.0000        1

 Max and min values of charge density [e/bohr^3]:   6.3584E-01   4.8593E-12

 Hartree potential time [sec]:       0.06

   Eigenvalue Energy             =         -15.03596573 [Ry]
   Hartree Energy                =          98.21455027 [Ry]
   Integral_{Vxc*rho}            =         -18.17072250 [Ry]
   Exc = Integral{eps_xc*rho}    =         -14.00451128 [Ry]
   Electron-Ion energy           =        -232.25311480 [Ry]
   Ion-Ion Energy                =          62.89247783 [Ry]
   (E(new)-E(old))/atom  =            -0.00061503 [eV]

   Total Energy =           -46.21596413 [Ry]
   Energy/atom  =          -104.80086079 [eV]

  0- 13    SRE of pot. & charge weighted pot =   0.1167937591   0.0028910275

 SCF iter #  14

 Diagonalization time [sec] :       0.07,      tdiag_sum =        1.21

 Fermi level at    -0.2596 [Ry]

   State   Eigenvalue [Ry]      Eigenvalue [eV]    Occup.     Repr.

    1        -1.6512566638       -22.4666679169    1.0000        1
    2        -1.4255988454       -19.3964127707    1.0000        1
    3        -0.9429867288       -12.8300888353    1.0000        1
    4        -0.8471246361       -11.5258083734    1.0000        2
    5        -0.8452169083       -11.4998522104    1.0000        1
    6        -0.6215388725        -8.4565335919    1.0000        1
    7        -0.5938149621        -8.0793276114    1.0000        2
    8        -0.5931025044        -8.0696340545    1.0000        1
    9        -0.0527423001        -0.7176011865    0.0000        1
   10        -0.0271132656        -0.3688976692    0.0000        2
   11        -0.0262149167        -0.3566749137    0.0000        1
   12         0.0504789908         0.6868070524    0.0000        1
   13         0.0553135578         0.7525852045    0.0000        1
   14         0.0583123613         0.7933863258    0.0000        2
   15         0.1124653665         1.5301812829    0.0000        2
   16         0.1282300570         1.7446725091    0.0000        1

 Max and min values of charge density [e/bohr^3]:   6.3582E-01   1.9833E-12

 Hartree potential time [sec]:       0.06

   Eigenvalue Energy             =         -15.04128024 [Ry]
   Hartree Energy                =          98.21494189 [Ry]
   Integral_{Vxc*rho}            =         -18.16899723 [Ry]
   Exc = Integral{eps_xc*rho}    =         -14.00317938 [Ry]
   Electron-Ion energy           =        -232.25203661 [Ry]
   Ion-Ion Energy                =          62.89247783 [Ry]
   (E(new)-E(old))/atom  =            -0.00030593 [eV]

   Total Energy =           -46.21609904 [Ry]
   Energy/atom  =          -104.80116672 [eV]

  0- 14    SRE of pot. & charge weighted pot =   0.1711974852   0.0016293884

 SCF iter #  15

 Diagonalization time [sec] :       0.07,      tdiag_sum =        1.27

 Fermi level at    -0.2616 [Ry]

   State   Eigenvalue [Ry]      Eigenvalue [eV]    Occup.     Repr.

    1        -1.6521440007       -22.4787408450    1.0000        1
    2        -1.4268766348       -19.4137981175    1.0000        1
    3        -0.9441711729       -12.8462041440    1.0000        1
    4        -0.8481974301       -11.5404045945    1.0000        2
    5        -0.8465888557       -11.5185186526    1.0000        1
    6        -0.6222022765        -8.4655597337    1.0000        1
    7        -0.5945304368        -8.0890622170    1.0000        2
    8        -0.5938774114        -8.0801772842    1.0000        1
    9        -0.0537688926        -0.7315687992    0.0000        1
   10        -0.0278603964        -0.3790629815    0.0000        2
   11        -0.0271053588        -0.3687900901    0.0000        1
   12         0.0488279133         0.6643428221    0.0000        1
   13         0.0529753356         0.7207718206    0.0000        1
   14         0.0553945484         0.7536871460    0.0000        2
   15         0.1111607141         1.5124304443    0.0000        2
   16         0.1259293140         1.7133690608    0.0000        1

 Max and min values of charge density [e/bohr^3]:   6.3591E-01   9.5631E-13

 Hartree potential time [sec]:       0.06

   Eigenvalue Energy             =         -15.05717644 [Ry]
   Hartree Energy                =          98.22016738 [Ry]
   Integral_{Vxc*rho}            =         -18.16985794 [Ry]
   Exc = Integral{eps_xc*rho}    =         -14.00385081 [Ry]
   Electron-Ion energy           =        -232.26329539 [Ry]
   Ion-Ion Energy                =          62.89247783 [Ry]
   (E(new)-E(old))/atom  =            -0.00013609 [eV]

   Total Energy =           -46.21615906 [Ry]
   Energy/atom  =          -104.80130281 [eV]

  0- 15    SRE of pot. & charge weighted pot =   0.2173254317   0.0018807671

 SCF iter #  16

 Diagonalization time [sec] :       0.07,      tdiag_sum =        1.34

 Fermi level at    -0.2631 [Ry]

   State   Eigenvalue [Ry]      Eigenvalue [eV]    Occup.     Repr.

    1        -1.6521848139       -22.4792961405    1.0000        1
    2        -1.4263644027       -19.4068287898    1.0000        1
    3        -0.9437029387       -12.8398334436    1.0000        1
    4        -0.8479640600       -11.5372294079    1.0000        2
    5        -0.8460043882       -11.5105665049    1.0000        1
    6        -0.6226234546        -8.4712901991    1.0000        1
    7        -0.5947856612        -8.0925347493    1.0000        2
    8        -0.5940958217        -8.0831489305    1.0000        1
    9        -0.0542658693        -0.7383305650    0.0000        1
   10        -0.0281755784        -0.3833512851    0.0000        2
   11        -0.0274224610        -0.3731045200    0.0000        1
   12         0.0477920060         0.6502484754    0.0000        1
   13         0.0513127202         0.6981506087    0.0000        1
   14         0.0533799430         0.7262768283    0.0000        2
   15         0.1102708766         1.5003234928    0.0000        2
   16         0.1239266548         1.6861212804    0.0000        1

 Max and min values of charge density [e/bohr^3]:   6.3573E-01   6.2903E-13

 Hartree potential time [sec]:       0.06

   Eigenvalue Energy             =         -15.05545108 [Ry]
   Hartree Energy                =          98.20810745 [Ry]
   Integral_{Vxc*rho}            =         -18.16737185 [Ry]
   Exc = Integral{eps_xc*rho}    =         -14.00194492 [Ry]
   Electron-Ion energy           =        -232.24278110 [Ry]
   Ion-Ion Energy                =          62.89247783 [Ry]
   (E(new)-E(old))/atom  =            -0.00007420 [eV]

   Total Energy =           -46.21619178 [Ry]
   Energy/atom  =          -104.80137701 [eV]

  0- 16    SRE of pot. & charge weighted pot =   0.1239845487   0.0013954285

 SCF iter #  17

 Diagonalization time [sec] :       0.06,      tdiag_sum =        1.40

 Fermi level at    -0.2652 [Ry]

   State   Eigenvalue [Ry]      Eigenvalue [eV]    Occup.     Repr.

    1        -1.6520158707       -22.4769975341    1.0000        1
    2        -1.4261822102       -19.4043499155    1.0000        1
    3        -0.9435173215       -12.8373079734    1.0000        1
    4        -0.8477956785       -11.5349384430    1.0000        2
    5        -0.8458178482       -11.5080284793    1.0000        1
    6        -0.6225247516        -8.4699472653    1.0000        1
    7        -0.5946522585        -8.0907196992    1.0000        2
    8        -0.5939620413        -8.0813287411    1.0000        1
    9        -0.0545340895        -0.7419799144    0.0000        1
   10        -0.0281414423        -0.3828868357    0.0000        2
   11        -0.0274018858        -0.3728245773    0.0000        1
   12         0.0469768799         0.6391580323    0.0000        1
   13         0.0502230586         0.6833248908    0.0000        1
   14         0.0516577714         0.7028453064    0.0000        2
   15         0.1094375235         1.4889850575    0.0000        2
   16         0.1211294399         1.6480629331    0.0000        1

 Max and min values of charge density [e/bohr^3]:   6.3571E-01   4.6210E-13

 Hartree potential time [sec]:       0.06

   Eigenvalue Energy             =         -15.05293596 [Ry]
   Hartree Energy                =          98.20290529 [Ry]
   Integral_{Vxc*rho}            =         -18.16617077 [Ry]
   Exc = Integral{eps_xc*rho}    =         -14.00101984 [Ry]
   Electron-Ion energy           =        -232.23467428 [Ry]
   Ion-Ion Energy                =          62.89247783 [Ry]
   (E(new)-E(old))/atom  =            -0.00003403 [eV]

   Total Energy =           -46.21620678 [Ry]
   Energy/atom  =          -104.80141104 [eV]

  0- 17    SRE of pot. & charge weighted pot =   0.1380394012   0.0017539901

 SCF iter #  18

 Diagonalization time [sec] :       0.07,      tdiag_sum =        1.47

 Fermi level at    -0.2673 [Ry]

   State   Eigenvalue [Ry]      Eigenvalue [eV]    Occup.     Repr.

    1        -1.6516980601       -22.4726734664    1.0000        1
    2        -1.4258850769       -19.4003071797    1.0000        1
    3        -0.9432295035       -12.8333919793    1.0000        1
    4        -0.8475219670       -11.5312143787    1.0000        2
    5        -0.8455088273       -11.5038240028    1.0000        1
    6        -0.6222538229        -8.4662610630    1.0000        1
    7        -0.5943749030        -8.0869460559    1.0000        2
    8        -0.5936746075        -8.0774179752    1.0000        1
    9        -0.0546480440        -0.7435303569    0.0000        1
   10        -0.0279707741        -0.3805647582    0.0000        2
   11        -0.0272238426        -0.3704021575    0.0000        1
   12         0.0463592460         0.6307546292    0.0000        1
   13         0.0495123646         0.6736553298    0.0000        1
   14         0.0502622545         0.6838581823    0.0000        2
   15         0.1087313412         1.4793768819    0.0000        2
   16         0.1181832306         1.6079773991    0.0000        1

 Max and min values of charge density [e/bohr^3]:   6.3569E-01   3.2964E-13

 Hartree potential time [sec]:       0.06

   Eigenvalue Energy             =         -15.04829354 [Ry]
   Hartree Energy                =          98.19810027 [Ry]
   Integral_{Vxc*rho}            =         -18.16502497 [Ry]
   Exc = Integral{eps_xc*rho}    =         -14.00013691 [Ry]
   Electron-Ion energy           =        -232.22659394 [Ry]
   Ion-Ion Energy                =          62.89247783 [Ry]
   (E(new)-E(old))/atom  =            -0.00001471 [eV]

   Total Energy =           -46.21621327 [Ry]
   Energy/atom  =          -104.80142575 [eV]

  0- 18    SRE of pot. & charge weighted pot =   0.1841009068   0.0023246407

 SCF iter #  19

 Diagonalization time [sec] :       0.07,      tdiag_sum =        1.54

 Fermi level at    -0.2695 [Ry]

   State   Eigenvalue [Ry]      Eigenvalue [eV]    Occup.     Repr.

    1        -1.6526827254       -22.4860706246    1.0000        1
    2        -1.4266562029       -19.4107989656    1.0000        1
    3        -0.9439178881       -12.8427580015    1.0000        1
    4        -0.8480842058       -11.5388640866    1.0000        2
    5        -0.8462813716       -11.5143350859    1.0000        1
    6        -0.6231997775        -8.4791315325    1.0000        1
    7        -0.5951390095        -8.0973423354    1.0000        2
    8        -0.5944984508        -8.0886270218    1.0000        1
    9        -0.0549547975        -0.7477039840    0.0000        1
   10        -0.0285741836        -0.3887746275    0.0000        2
   11        -0.0278816529        -0.3793521937    0.0000        1
   12         0.0458773639         0.6241982383    0.0000        1
   13         0.0487905633         0.6638346462    0.0000        1
   14         0.0492362049         0.6698979572    0.0000        2
   15         0.1082085935         1.4722644813    0.0000        2
   16         0.1156280983         1.5732127794    0.0000        1

 Max and min values of charge density [e/bohr^3]:   6.3583E-01   2.3398E-13

 Hartree potential time [sec]:       0.06

   Eigenvalue Energy             =         -15.06091926 [Ry]
   Hartree Energy                =          98.20463808 [Ry]
   Integral_{Vxc*rho}            =         -18.16668149 [Ry]
   Exc = Integral{eps_xc*rho}    =         -14.00141355 [Ry]
   Electron-Ion energy           =        -232.24004843 [Ry]
   Ion-Ion Energy                =          62.89247783 [Ry]
   (E(new)-E(old))/atom  =            -0.00001963 [eV]

   Total Energy =           -46.21622193 [Ry]
   Energy/atom  =          -104.80144538 [eV]

  0- 19    SRE of pot. & charge weighted pot =   0.0434133887   0.0007221192

 SCF iter #  20

 Diagonalization time [sec] :       0.07,      tdiag_sum =        1.60

 Fermi level at    -0.2711 [Ry]

   State   Eigenvalue [Ry]      Eigenvalue [eV]    Occup.     Repr.

    1        -1.6530834967       -22.4915234398    1.0000        1
    2        -1.4269494380       -19.4147886640    1.0000        1
    3        -0.9441952531       -12.8465317750    1.0000        1
    4        -0.8482930629       -11.5417057552    1.0000        2
    5        -0.8465679770       -11.5182345809    1.0000        1
    6        -0.6234859100        -8.4830245948    1.0000        1
    7        -0.5954060454        -8.1009755725    1.0000        2
    8        -0.5947827016        -8.0924944814    1.0000        1
    9        -0.0550732582        -0.7493157358    0.0000        1
   10        -0.0287994050        -0.3918389443    0.0000        2
   11        -0.0281143961        -0.3825188502    0.0000        1
   12         0.0455388605         0.6195926286    0.0000        1
   13         0.0483669097         0.6580705002    0.0000        2
   14         0.0483975459         0.6584873301    0.0000        1
   15         0.1077514469         1.4660446363    0.0000        2
   16         0.1136088080         1.5457387205    0.0000        1

 Max and min values of charge density [e/bohr^3]:   6.3593E-01   1.9108E-13

 Hartree potential time [sec]:       0.06

   Eigenvalue Energy             =         -15.06552777 [Ry]
   Hartree Energy                =          98.20873291 [Ry]
   Integral_{Vxc*rho}            =         -18.16759439 [Ry]
   Exc = Integral{eps_xc*rho}    =         -14.00211804 [Ry]
   Electron-Ion energy           =        -232.24795291 [Ry]
   Ion-Ion Energy                =          62.89247783 [Ry]
   (E(new)-E(old))/atom  =            -0.00000626 [eV]

   Total Energy =           -46.21622469 [Ry]
   Energy/atom  =          -104.80145165 [eV]

  0- 20    SRE of pot. & charge weighted pot =   0.0209682135   0.0001847196

Self-consistency convergence achieved.

Time for self-consistent field [sec] :       5.22,    tdiag_sum =        1.60
Time spent on Hartree potential [sec] :        1.16

 Initial Hamiltonian component timings [sec]
 --------------------------------------------------
 Finite-difference (-nabla^2) :     0.039161
 V_ion diagonal/local         :     0.045890
 V_ion nonlocal projectors    :     0.016094
 Initial V_xc (PBE)             :     0.091563
 Component subtotal             :     0.192708
 --------------------------------------------------

 SCF timing analysis [sec]
 --------------------------------------------------
 Initial Hartree potential      :     0.039965
 Initial exchange-correlation   :     0.091563
 Hamiltonian binding subtotal  :     0.001299
 Diagonalization subtotal       :     1.604464
 Occupation/density subtotal   :     0.008523
 Hartree potential subtotal     :     1.161431
 Exchange-correlation subtotal  :     2.183662
 Mixing/energy subtotal         :     0.105423
 SCF wall time                   :     5.208176
 --------------------------------------------------

Forces, dipoles, and MPI statistics
are not calculated by this Python single-point implementation.

 =================================================================

 Accelerated Hamiltonian statistics:
 -----------------------------------
 Backend = cupy
 H applications =         1375
 Orbital vectors applied =         5880
 Total H application time [sec] =     0.000000
 Average H application [sec] =     0.000000
 Local-potential updates =           20
 Local update time [sec] =     0.001073
 Per-H device timing = disabled (would synchronize every recurrence)
 GPU initial-eigensolver calls =            2
 GPU initial-eigensolver synchronized time [sec] =     0.334165
 GPU SUBSPACE calls =           38
 GPU SUBSPACE synchronized time [sec] =     1.236509
 GPU representation scheduler batches =           20
 GPU representation scheduler wall time [sec] =     1.574350
 Final active states by representation = 14 10
 Requested-eigenpair download [sec] =     0.002141
 GPU density builds =           20
 GPU density build/download [sec] =     0.005370
 Final wavefunction download [sec] =     0.007713
 Accelerated Hartree solves =           21
 Accelerated Hartree total [sec] =     1.200933
 Hartree boundary/RHS [sec] =     0.159701
 Hartree linear solve [sec] =     1.041146
 Host-to-device time [sec] =     0.000000
 Device kernel time [sec] =     1.570674
 Device-to-host time [sec] =     0.002141
 Pre-SCF setup/reporting wall time [sec] :    2.087364
 Post-SCF finalization/reporting [sec] :    0.000089
 Total accelerated Python wall time [sec] :        7.31
Text log: C:\Users\zigze\Desktop\parsec_python\examples\ml_initial_density\small_molecules\CH3CN\sad\parsec.out
