
 =================================================================

  PARSEC-PYTHON - Modular real-space DFT program
  PARSEC-like report; Python real-space implementation

 starting run on 02-Sep-2026 20:52:34 -0700
 input file: C:\Users\zigze\Desktop\parsec_python\examples\0d_Si28H36\parsec.in

 =================================================================

 Initial Run - starting from atomic potentials
 Initial density method = sad
 ignoresym= F

 Grid data:
 ~~------~~

 Confined system (cluster) with zero boundary condition!
  Spherical domain shape:
 --- Radius is  19.000000 bohrs
 Grid spacing is  0.430000 bohrs
 Order of double grid is    1
 Grid points are shifted from origin!
 shift vector =   0.5000   0.5000   0.5000   [units of grid spacing]
 WAVEFUNCTIONS ARE REAL!
 The Finite-difference expansion is of order 12
 Python constructs the full active grid; the selected execution backend reports any exact symmetry reduction.

 Eigenvalue data:
 ----------------
 Number of states:           80
 Net cluster charge =    0.000      [e]
 Fermi temperature =    500.00 [K]

 Self-consistency data:
 ----------------------
 Maximum number of iterations is          300
 Performing Chebyshev-Davidson diagonalization
 Polynomial degree for Chebyshev-Davidson is     20
 The matvec operations use block size      6
 Polynomial degree for Chebyshev filtering is     15
 Change in polynomial degree (dpm) for Chebyshev filtering is      3
 Self-consistency convergence criterion is    1.0000000000000000E-04  Ry
 Diagonalization tolerance is    1.0000000000000000E-04
 Buffer size in subspace is      6

 Mixer data:
 -----------
 solver lpole is :            9
 Anderson mixer
 Initial Jacobian:  0.150  Mixing memory is  4
 Mixing restarted after           20 iterations

 Correlation data:
 -----------------
 Exchange-Correlation functional is ca
 LDA, Ceperley-Alder, Perdew-Zunger parametrization

 Other input data:
 -----------------
 output level [1 - 6] =  4
 No spin effects!
 No minimization!

WARNING: Ionic relaxation thresholds/step controls are present without an active minimizer and are ignored for this fixed single point.
WARNING: Skip_force=false requests forces in PARSEC, but this single-point implementation currently reports energies only.

 Atom data:
 --~--~---

 Tot. # of atom types is     2

 Chemical element : Si
 Physical element : Si
 martins_new
  pseudopotential format : new Martins
  pseudopotential file   : C:\Users\zigze\Desktop\parsec_python\examples\0d_Si28H36\Si_POTRE.DAT
  radial points/channels : 1074 / 3
  selected local channel : l=1
 There are     28 Si  atoms
 and their initial coordinates are:

    x [bohr]          y [bohr]          z [bohr]
      0.960275000      0.960275000      0.960275000
      4.282700000      4.282700000     -0.068198000
      4.282700000     -0.068198000      4.282700000
     -0.068198000      4.282700000      4.282700000
      5.061911000     -0.014620000     -5.092864000
     -0.014620000      5.061911000     -5.092864000
      2.709049000      2.709049000     -7.630295000
      7.472439000      2.693771000     -2.662112000
      2.693771000      7.472439000     -2.662112000
      5.061911000     -5.092864000     -0.014620000
     -0.014620000     -5.092864000      5.061911000
      2.709049000     -7.630295000      2.709049000
      7.472439000     -2.662112000      2.693771000
      2.693771000     -2.662112000      7.472439000
      0.059666000     -4.793361000     -4.793361000
      2.566411000     -2.223336000     -2.223336000
     -5.092864000      5.061911000     -0.014620000
     -5.092864000     -0.014620000      5.061911000
     -7.630295000      2.709049000      2.709049000
     -2.662112000      7.472439000      2.693771000
     -2.662112000      2.693771000      7.472439000
     -4.793361000      0.059666000     -4.793361000
     -2.223336000      2.566411000     -2.223336000
     -4.793361000     -4.793361000      0.059666000
     -2.223336000     -2.223336000      2.566411000
     -2.658924000     -2.658924000     -7.487177000
     -2.658924000     -7.487177000     -2.658924000
     -7.487177000     -2.658924000     -2.658924000

 Chemical element : H
 Physical element : H
 martins_new
  pseudopotential format : new Martins
  pseudopotential file   : C:\Users\zigze\Desktop\parsec_python\examples\0d_Si28H36\H_POTRE.DAT
  radial points/channels : 863 / 1
  selected local channel : l=0
 There are     36 H  atoms
 and their initial coordinates are:

    x [bohr]          y [bohr]          z [bohr]
      5.237516000      5.237516000      2.419839000
      5.237516000      2.419839000      5.237516000
      2.419839000      5.237516000      5.237516000
      6.632063000     -1.762168000     -6.662237000
     -1.762168000      6.632063000     -6.662237000
      1.398638000      1.398638000     -9.767970000
      4.543993000      4.543993000     -8.752258000
      9.685285000      1.442206000     -1.411947000
      8.401506000      4.873998000     -4.200896000
      1.442206000      9.685285000     -1.411947000
      4.873998000      8.401506000     -4.200896000
      6.632063000     -6.662237000     -1.762168000
     -1.762168000     -6.662237000      6.632063000
      1.398638000     -9.767970000      1.398638000
      4.543993000     -8.752258000      4.543993000
      9.685285000     -1.411947000      1.442206000
      8.401506000     -4.200896000      4.873998000
      1.442206000     -1.411947000      9.685285000
      4.873998000     -4.200896000      8.401506000
      1.919999000     -6.293607000     -6.293607000
     -6.662237000      6.632063000     -1.762168000
     -6.662237000     -1.762168000      6.632063000
     -9.767970000      1.398638000      1.398638000
     -8.752258000      4.543993000      4.543993000
     -1.411947000      9.685285000      1.442206000
     -4.200896000      8.401506000      4.873998000
     -1.411947000      1.442206000      9.685285000
     -4.200896000      4.873998000      8.401506000
     -6.293607000      1.919999000     -6.293607000
     -6.293607000     -6.293607000      1.919999000
     -1.427521000     -1.427521000     -9.727421000
     -4.546287000     -4.546287000     -8.410518000
     -1.427521000     -9.727421000     -1.427521000
     -4.546287000     -8.410518000     -4.546287000
     -9.727421000     -1.427521000     -1.427521000
     -8.410518000     -4.546287000     -4.546287000

 Tot. number of atoms =      64

 Real-space setup:
 -----------------
 Full active grid points =       361096
 Hamiltonian dimension   =       361096
 Sparse Laplacian nonzeros =    12587344
 Nonlocal projector columns =      168
 Number of electrons =   148.00000000
 Initial density integral =   148.00000000

 Setup timings [sec]
 --------------------------------------------------
 Pseudopotential loading       :     0.047437
 Grid-domain construction      :     0.064709
 Finite-difference construction:     0.339892
 Local ionic potential setup   :     1.578226
 Nonlocal ionic projector setup:     0.086593
 Initial valence-density setup :     0.511968
 Core-density setup            :     0.000071
 Ion-ion energy setup           :     0.014599
 Preparation wall time          :     2.643818
 --------------------------------------------------

 The reference setup above describes the constructed full grid.  The GPU orbital solve is decomposed into the exact symmetry representations reported below.

 Acceleration backend:
 ---------------------
 Requested backend = auto
 Selected backend  = cupy
 Numeric dtype     = float64
 Device            = CUDA:0 (NVIDIA GeForce RTX 5070 Laptop GPU)
 Implementation    = CuPy float64 device-resident stencil-major/compact-CSR Hamiltonian with fused Chebyshev recurrence, CHEBFF/CHEBDAV/SUBSPACE eigensolver, and fused orbital-density construction
 laplacian_nnz = 12587344
 projector_columns = 168
 cupy_version = 14.0.1
 gpu_finite_difference_storage = deferred_full_grid_symmetry_sectors
 gpu_finite_difference_palette_size = 0
 gpu_finite_difference_fallback = full-grid operator intentionally deferred
 gpu_chebyshev_recurrence = separate_hamiltonian_and_elementwise_kernels
 gpu_later_subspace_filter_precision = deferred_to_symmetry_sector_operators
 gpu_nonlocal_application = deferred_to_symmetry_sector_operators
 gpu_projector_reduction = deferred_to_symmetry_sector_operators
 gpu_subspace_residuals = disabled_diagnostics_only
 cuda_initialization_overlap = cuda_probe_with_cpu_reference_setup
 backend_resolution_seconds = 1.316521
 reference_preparation_seconds = 2.649073
 backend_reference_overlapped_seconds = 1.315763
 symmetry_mode = auto
 symmetry_detection = exact commuting signed-permutation subgroup detected
 detected_symmetry_group_order = 2
 orbital_symmetry = CuPy real one-dimensional representations with exact orbit-stabilizer character selection
 finite_difference_builder = C++17 compressed-grid CSR builder (exact stencil parity)
 ionic_setup_implementation = cached-grid C++/OpenMP radial interpolation and KB sampling
 hartree_backend = native
 hartree_implementation = orbit-summed C++/OpenMP multipoles and direct wedge RHS plus symmetry-wedge C++/OpenMP CG
 xc_implementation = cached C++/OpenMP float64 CA/PZ-LDA
 symmetry_geometry_cache = disabled-built
 symmetry_geometry_cache_key = d73fe8ec0e8ddf7d7346cfed36fe6595ae4a237f05614eca00dc0a53c19c5709
 symmetry_geometry_cache_path = disabled
 symmetry_geometry_hash_seconds = 0.016431
 symmetry_geometry_cache_load_seconds = 0.000000
 symmetry_geometry_build_seconds = 0.357553
 symmetry_geometry_cache_write_seconds = 0.000000
 symmetry_representation_cache = disabled-built
 symmetry_representation_cache_key = 480fdeccfb839e8b363b60720c78d03ff83fb4e75ca05fafed55d5e47c0b7900
 symmetry_representation_cache_path = disabled
 symmetry_representation_hash_seconds = 0.004322
 symmetry_representation_cache_load_seconds = 0.000000
 symmetry_representation_build_seconds = 0.062857
 symmetry_representation_cache_write_seconds = 0.000000
 gpu_initial_random_basis = bit-exact 2048-lane skip-ahead DLARNV generator
 gpu_chebdav_ritz_scalar_source = reuse values already returned by host LAPACK
 gpu_chebdav_appended_orthogonalization = audited FP64 block-CGS2/device-MGS2 with Householder and PARSEC-MGS fallbacks
 gpu_chebdav_prefix_projection = full C-order coefficient GEMM plus fused active-prefix CUDA update for blocks up to six
 gpu_chebdav_ritz_projection = full contiguous C-order Davidson workspace GEMM; use only the active row interval
 gpu_subspace_orthogonalization = size-adaptive per representation: audited PARSEC MGS for small bases; generalized Cholesky-whitened Rayleigh--Ritz with Householder QR fallback for large bases
 symmetry_full_grid_points = 361096
 symmetry_wedge_points = 182718
 symmetry_reduction_ratio = 1.97625
 orbital_symmetry_representations = 2
 orbital_sector_dimensions = 182718 178378
 orbital_sector_stabilizer_handling = exact character selection on every orbit stabilizer
 orbital_sector_state_policy = floor(global_states/representations) + Subspace_Buffer_Size, then grow sectors to bracket the global cutoff
 orbital_sector_scheduler = sequential on one CUDA device
 orbital_sector_cuda_devices = 0
 orbital_sector_lanczos_scheduler = same scheduler as sector solves
 orbital_sector_finite_difference_storage = stencil_major_int32_neighbors_uint8_coefficient_palette
 orbital_sector_neighbor_storage = private_per_representation
 orbital_sector_nonlocal_application = cuSPARSE B.T projection plus KB scatter fused into CUDA stencil
 orbital_sector_projector_reduction = none
 orbital_sector_later_filter_precision = float64
 orbital_sector_local_potential_storage = one persistent device buffer per distinct stabilizer-filtered sector map and CUDA device
 orbital_density_storage = normalized wedge orbitals; physical scalar orbit values remain compact through SCF
 orbital_operator_cache = disabled
 orbital_operator_cache_key = c23a3f072924b50c4c21bd34b2fc2e9c6de8b83401123184b01c63c31b3d0a4c
 orbital_operator_cache_path = disabled
 orbital_operator_hash_seconds = 0.111176
 orbital_operator_cache_load_seconds = 0.000000
 orbital_operator_build_seconds = 2.635096
 orbital_operator_build_workers = 1
 orbital_operator_cache_write_seconds = 0.000000
 scf_scalar_field_storage = one physical value per symmetry orbit with multiplicity weights
 hartree_boundary_setup = overlapped with GPU orbital setup
 hartree_boundary_setup_seconds = 0.139743
 hartree_boundary_setup_wait_seconds = 0.000019
 hartree_boundary_setup_overlapped_seconds = 0.139725
 hartree_cg_storage = int32_columns_uint8_coefficient_palette
 hartree_cg_openmp_workers = 23
 hartree_initial_guess = two-step chronological RHS predictor with previous-potential fallback
 hartree_cg_coefficient_palette_size = 13
 hartree_symmetry = normalized Cartesian axis-reflection wedge
 hartree_symmetry_group_order = 2
 hartree_full_grid_points = 361096
 hartree_wedge_points = 182718
 hartree_reduction_ratio = 1.97625
 hartree_geometry_cache = disabled-built
 hartree_geometry_cache_key = a4f5defc7789e8d68fdf6721804fd236383f2d86162d7c9d2e3726b757bb1ad2
 hartree_geometry_cache_path = disabled
 hartree_geometry_hash_seconds = 0.000056
 hartree_geometry_cache_load_seconds = 0.000000
 hartree_geometry_build_seconds = 0.139642
 hartree_geometry_cache_write_seconds = 0.000000
 native_openmp_detected_processors = 32
 native_openmp_reserved_threads = 4
 native_openmp_max_threads = 28
 native_openmp_thread_source = detected_processors_minus_4
 Backend initialization [sec] =     0.095813

 SCF iter #   1

 Diagonalization time [sec] :      12.48,      tdiag_sum =       12.48

 Fermi level at    -0.5073 [Ry]

   State   Eigenvalue [Ry]      Eigenvalue [eV]    Occup.     Repr.

    1        -1.3492773522       -18.3579977983    1.0000        1
    2        -1.3023829153       -17.7199614687    1.0000        1
    3        -1.3023828798       -17.7199609864    1.0000        2
    4        -1.3000875703       -17.6887314640    1.0000        1
    5        -1.2461392193       -16.9547209893    1.0000        2
    6        -1.2461391496       -16.9547200410    1.0000        1
    7        -1.2378295347       -16.8416610829    1.0000        1
    8        -1.2153103154       -16.5352690891    1.0000        1
    9        -1.2153103131       -16.5352690578    1.0000        2
   10        -1.2003404269       -16.3315917809    1.0000        2
   11        -1.1910401832       -16.2050545248    1.0000        1
   12        -1.1908664941       -16.2026913453    1.0000        2
   13        -1.1908664730       -16.2026910583    1.0000        1
   14        -1.1415448112       -15.5316303926    1.0000        1
   15        -1.1400914106       -15.5118557144    1.0000        2
   16        -1.1400913863       -15.5118553841    1.0000        1
   17        -1.0715852834       -14.5797750492    1.0000        1
   18        -1.0715851895       -14.5797737719    1.0000        2
   19        -1.0675792042       -14.5252691371    1.0000        2
   20        -1.0598600919       -14.4202444379    1.0000        2
   21        -1.0598599481       -14.4202424814    1.0000        1
   22        -1.0492620094       -14.2760490479    1.0000        1
   23        -1.0363545357       -14.1004325423    1.0000        1
   24        -1.0363545192       -14.1004323179    1.0000        2
   25        -1.0320768397       -14.0422310653    1.0000        1
   26        -0.9689363253       -13.1831538544    1.0000        2
   27        -0.9689362658       -13.1831530457    1.0000        1
   28        -0.9372742913       -12.7523665531    1.0000        1
   29        -0.9232597118       -12.5616869863    1.0000        1
   30        -0.9072983165       -12.3445194345    1.0000        1
   31        -0.8995517586       -12.2391213176    1.0000        2
   32        -0.8995517528       -12.2391212386    1.0000        1
   33        -0.8728644824       -11.8760195748    1.0000        1
   34        -0.8728644799       -11.8760195410    1.0000        2
   35        -0.8694131454       -11.8290613743    1.0000        1
   36        -0.8632264198       -11.7448860228    1.0000        2
   37        -0.8632264175       -11.7448859909    1.0000        1
   38        -0.8586939521       -11.6832181737    1.0000        1
   39        -0.8328860018       -11.3320803639    1.0000        1
   40        -0.8307543635       -11.3030777183    1.0000        1
   41        -0.8307543162       -11.3030770748    1.0000        2
   42        -0.8255330648       -11.2320377731    1.0000        2
   43        -0.8255330455       -11.2320375106    1.0000        1
   44        -0.8143872293       -11.0803897651    1.0000        1
   45        -0.8143871746       -11.0803890207    1.0000        2
   46        -0.8119537355       -11.0472801343    1.0000        2
   47        -0.8056447530       -10.9614413801    1.0000        2
   48        -0.8030308255       -10.9258768059    1.0000        1
   49        -0.8013988059       -10.9036718730    1.0000        1
   50        -0.8013987396       -10.9036709713    1.0000        2
   51        -0.7768377269       -10.5694987448    1.0000        1
   52        -0.7768377101       -10.5694985164    1.0000        2
   53        -0.7490843242       -10.1918914978    1.0000        1
   54        -0.7413458147       -10.0866028852    1.0000        1
   55        -0.7413457730       -10.0866023189    1.0000        2
   56        -0.7299888004        -9.9320816199    1.0000        1
   57        -0.7168265607        -9.7529988190    1.0000        2
   58        -0.7150662844        -9.7290488526    1.0000        2
   59        -0.7150653587        -9.7290362567    1.0000        1
   60        -0.7026353918        -9.5599166133    1.0000        2
   61        -0.7026340596        -9.5598984888    1.0000        1
   62        -0.6891627367        -9.3766103634    1.0000        2
   63        -0.6891455119        -9.3763760063    1.0000        1
   64        -0.6781828142        -9.2272197332    1.0000        2
   65        -0.6776068856        -9.2193837640    1.0000        2
   66        -0.6776040102        -9.2193446424    1.0000        1
   67        -0.6688695592        -9.1005054480    1.0000        1
   68        -0.6630298378        -9.0210513669    1.0000        2
   69        -0.6630226983        -9.0209542285    1.0000        1
   70        -0.6434497243        -8.7546482595    1.0000        2
   71        -0.6358364424        -8.6510634683    1.0000        2
   72        -0.6262822046        -8.5210704194    1.0000        2
   73        -0.6262052312        -8.5200231342    1.0000        1
   74        -0.5076187466        -6.9065591421    0.5282        2
   75        -0.5069024822        -6.8968137928    0.4718        1
   76        -0.3799314092        -5.1692707674    0.0000        1
   77        -0.3534593427        -4.8090971254    0.0000        1
   78        -0.3488625242        -4.7465537313    0.0000        2
   79        -0.3355481049        -4.5654004062    0.0000        1
   80        -0.3156967061        -4.2953062439    0.0000        2

 Max and min values of charge density [e/bohr^3]:   2.2848E-01   3.4037E-12

 Hartree potential time [sec]:       3.89

   Eigenvalue Energy             =        -134.22064747 [Ry]
   Hartree Energy                =        2516.96284605 [Ry]
   Integral_{Vxc*rho}            =        -120.05091064 [Ry]
   Exc = Integral{eps_xc*rho}    =         -92.03015375 [Ry]
   Electron-Ion energy           =       -5144.65692495 [Ry]
   Ion-Ion Energy                =        2322.66240782 [Ry]

   Total Energy =          -263.12363038 [Ry]
   Energy/atom  =           -55.93761703 [eV]

  0-  1    SRE of pot. & charge weighted pot =  16.8035495179   0.2665688408

 SCF iter #   2

 Diagonalization time [sec] :       0.56,      tdiag_sum =       13.04

 Fermi level at    -0.4796 [Ry]

   State   Eigenvalue [Ry]      Eigenvalue [eV]    Occup.     Repr.

    1        -1.3159488295       -17.9045365845    1.0000        1
    2        -1.2655883042       -17.2193413487    1.0000        1
    3        -1.2652337622       -17.2145175224    1.0000        2
    4        -1.2625504435       -17.1780088246    1.0000        1
    5        -1.2088278766       -16.4470703231    1.0000        1
    6        -1.2087785003       -16.4463985194    1.0000        2
    7        -1.2011558929       -16.3426868476    1.0000        1
    8        -1.1765979840       -16.0085568506    1.0000        1
    9        -1.1765329977       -16.0076726601    1.0000        2
   10        -1.1605769379       -15.7905777023    1.0000        2
   11        -1.1588380886       -15.7669192659    1.0000        1
   12        -1.1518931355       -15.6724276224    1.0000        1
   13        -1.1516392482       -15.6689732838    1.0000        2
   14        -1.1024212653       -14.9993232510    1.0000        1
   15        -1.1015405797       -14.9873408194    1.0000        2
   16        -1.1015166663       -14.9870154579    1.0000        1
   17        -1.0310044599       -14.0276404808    1.0000        2
   18        -1.0309703978       -14.0271770388    1.0000        1
   19        -1.0272279224       -13.9762576670    1.0000        2
   20        -1.0195513392       -13.8718116109    1.0000        1
   21        -1.0193004778       -13.8683984408    1.0000        2
   22        -1.0128596669       -13.7807660557    1.0000        1
   23        -0.9980299761       -13.5789962494    1.0000        1
   24        -0.9977283164       -13.5748919269    1.0000        2
   25        -0.9916428304       -13.4920940222    1.0000        1
   26        -0.9317506437       -12.6772129086    1.0000        1
   27        -0.9314980444       -12.6737760930    1.0000        2
   28        -0.8996577144       -12.2405629312    1.0000        1
   29        -0.8861303277       -12.0565120127    1.0000        1
   30        -0.8678750231       -11.8081339896    1.0000        1
   31        -0.8599390510       -11.7001587403    1.0000        1
   32        -0.8597476345       -11.6975543661    1.0000        2
   33        -0.8313706338       -11.3114625699    1.0000        1
   34        -0.8313280630       -11.3108833600    1.0000        2
   35        -0.8303567208       -11.2976674718    1.0000        1
   36        -0.8236906619       -11.2069704071    1.0000        1
   37        -0.8235590988       -11.2051803869    1.0000        2
   38        -0.8188172269       -11.1406634253    1.0000        1
   39        -0.7910447089       -10.7627961008    1.0000        1
   40        -0.7908115243       -10.7596234376    1.0000        2
   41        -0.7907853825       -10.7592677573    1.0000        1
   42        -0.7857665717       -10.6909828208    1.0000        2
   43        -0.7857136696       -10.6902630462    1.0000        1
   44        -0.7720350172       -10.5041540375    1.0000        2
   45        -0.7712322108       -10.4932312139    1.0000        1
   46        -0.7711751417       -10.4924547425    1.0000        2
   47        -0.7642499499       -10.3982319686    1.0000        1
   48        -0.7626514728       -10.3764834087    1.0000        2
   49        -0.7623805288       -10.3727969993    1.0000        2
   50        -0.7623319432       -10.3721359524    1.0000        1
   51        -0.7376531572       -10.0363613262    1.0000        1
   52        -0.7373634420       -10.0324195191    1.0000        2
   53        -0.7161557120        -9.7438713868    1.0000        1
   54        -0.7063728569        -9.6107678171    1.0000        1
   55        -0.7063468159        -9.6104135081    1.0000        2
   56        -0.6971968661        -9.4859211204    1.0000        1
   57        -0.6815420505        -9.2729248313    1.0000        2
   58        -0.6770964976        -9.2124395265    1.0000        1
   59        -0.6770554091        -9.2118804858    1.0000        2
   60        -0.6701455571        -9.1178664205    1.0000        1
   61        -0.6700666656        -9.1167930382    1.0000        2
   62        -0.6533575460        -8.8894520998    1.0000        2
   63        -0.6533003456        -8.8886738417    1.0000        1
   64        -0.6417732361        -8.7318382962    1.0000        2
   65        -0.6404534441        -8.7138814701    1.0000        1
   66        -0.6404101936        -8.7132930126    1.0000        2
   67        -0.6337545798        -8.6227380624    1.0000        1
   68        -0.6273531759        -8.5356418409    1.0000        2
   69        -0.6273051233        -8.5349880461    1.0000        1
   70        -0.6080144080        -8.2725224325    1.0000        2
   71        -0.6010372561        -8.1775926991    1.0000        2
   72        -0.5931878608        -8.0707953966    1.0000        1
   73        -0.5930471312        -8.0688806575    1.0000        2
   74        -0.4798424525        -6.5286404398    0.5155        1
   75        -0.4794504809        -6.5233073535    0.4845        2
   76        -0.3530367163        -4.8033469542    0.0000        1
   77        -0.3258142723        -4.4329638255    0.0000        1
   78        -0.3189875707        -4.3400810891    0.0000        2
   79        -0.3070856422        -4.1781458302    0.0000        1
   80        -0.2849965080        -3.8776054882    0.0000        2

 Max and min values of charge density [e/bohr^3]:   2.2419E-01   1.1866E-12

 Hartree potential time [sec]:       0.76

   Eigenvalue Energy             =        -128.62699345 [Ry]
   Hartree Energy                =        2515.74439132 [Ry]
   Integral_{Vxc*rho}            =        -119.53969520 [Ry]
   Exc = Integral{eps_xc*rho}    =         -91.64099846 [Ry]
   Electron-Ion energy           =       -5142.64811185 [Ry]
   Ion-Ion Energy                =        2322.66240782 [Ry]
   (E(new)-E(old))/atom  =            -0.02974673 [eV]

   Total Energy =          -263.26355532 [Ry]
   Energy/atom  =           -55.96736377 [eV]

  0-  2    SRE of pot. & charge weighted pot =  13.7733062986   0.2162282740

 SCF iter #   3

 Diagonalization time [sec] :       0.35,      tdiag_sum =       13.39

 Fermi level at    -0.3520 [Ry]

   State   Eigenvalue [Ry]      Eigenvalue [eV]    Occup.     Repr.

    1        -1.1739670226       -15.9727605163    1.0000        1
    2        -1.1125114158       -15.1366078217    1.0000        2
    3        -1.1113990926       -15.1214737737    1.0000        1
    4        -1.1059436092       -15.0472475575    1.0000        1
    5        -1.0529334543       -14.3260019925    1.0000        2
    6        -1.0518465910       -14.3112143484    1.0000        1
    7        -1.0476837993       -14.2545762364    1.0000        1
    8        -1.0172674194       -13.8407370548    1.0000        2
    9        -1.0171237804       -13.8387827318    1.0000        1
   10        -1.0154181710       -13.8155765512    1.0000        1
   11        -0.9982335647       -13.5817662342    1.0000        2
   12        -0.9908635673       -13.4814915236    1.0000        2
   13        -0.9901195934       -13.4713691637    1.0000        1
   14        -0.9410231760       -12.8033731276    1.0000        1
   15        -0.9407369674       -12.7994790304    1.0000        2
   16        -0.9402477325       -12.7928225995    1.0000        1
   17        -0.8638831422       -11.7538212557    1.0000        2
   18        -0.8638102460       -11.7528294451    1.0000        1
   19        -0.8620900967       -11.7294254372    1.0000        2
   20        -0.8553869067       -11.6382231753    1.0000        1
   21        -0.8532668848       -11.6093785808    1.0000        2
   22        -0.8524093549       -11.5977112013    1.0000        1
   23        -0.8396111020       -11.4235807314    1.0000        2
   24        -0.8387547008       -11.4119287083    1.0000        1
   25        -0.8240652687       -11.2120672330    1.0000        1
   26        -0.7725604224       -10.5113025953    1.0000        2
   27        -0.7710497895       -10.4907492263    1.0000        1
   28        -0.7411007756       -10.0832689323    1.0000        1
   29        -0.7299118550        -9.9310347164    1.0000        1
   30        -0.7049539004        -9.5914617783    1.0000        1
   31        -0.6980115263        -9.4970052242    1.0000        2
   32        -0.6975794568        -9.4911265732    1.0000        1
   33        -0.6691525520        -9.1043557917    1.0000        1
   34        -0.6646045860        -9.0424770757    1.0000        1
   35        -0.6642936425        -9.0382464410    1.0000        2
   36        -0.6600818221        -8.9809412550    1.0000        2
   37        -0.6599607824        -8.9792944130    1.0000        1
   38        -0.6534165990        -8.8902555627    1.0000        1
   39        -0.6326717733        -8.6080056133    1.0000        2
   40        -0.6323803431        -8.6040404720    1.0000        1
   41        -0.6209070835        -8.4479375965    1.0000        1
   42        -0.6165070547        -8.3880716854    1.0000        2
   43        -0.6164515893        -8.3873170338    1.0000        1
   44        -0.6085981446        -8.2804646354    1.0000        2
   45        -0.6025661002        -8.1983938463    1.0000        1
   46        -0.6017037052        -8.1866602717    1.0000        1
   47        -0.6013286611        -8.1815574974    1.0000        2
   48        -0.5937035703        -8.0778120370    1.0000        1
   49        -0.5935405672        -8.0755942490    1.0000        2
   50        -0.5879906939        -8.0000837828    1.0000        2
   51        -0.5750689589        -7.8242732411    1.0000        1
   52        -0.5749460455        -7.8226009062    1.0000        2
   53        -0.5740866670        -7.8109083733    1.0000        1
   54        -0.5563191423        -7.5691669867    1.0000        2
   55        -0.5556604665        -7.5602051757    1.0000        1
   56        -0.5460779563        -7.4298274582    1.0000        1
   57        -0.5331824248        -7.2543734348    1.0000        2
   58        -0.5298291751        -7.2087497911    1.0000        2
   59        -0.5289259448        -7.1964606204    1.0000        1
   60        -0.5185470796        -7.0552478562    1.0000        1
   61        -0.5183114618        -7.0520420868    1.0000        2
   62        -0.5045160220        -6.8643440927    1.0000        2
   63        -0.5043821472        -6.8625226187    1.0000        1
   64        -0.4888804703        -6.6516099029    1.0000        2
   65        -0.4832457020        -6.5749443716    1.0000        1
   66        -0.4817281431        -6.5542967700    1.0000        2
   67        -0.4815436691        -6.5517868536    1.0000        1
   68        -0.4733642590        -6.4404994347    1.0000        1
   69        -0.4730104602        -6.4356857189    1.0000        2
   70        -0.4598136608        -6.2561327061    1.0000        2
   71        -0.4562858338        -6.2081337976    1.0000        2
   72        -0.4485566660        -6.1029722859    1.0000        2
   73        -0.4477864889        -6.0924934108    1.0000        1
   74        -0.3533056187        -4.8070055868    0.6027        2
   75        -0.3506672749        -4.7711088083    0.3973        1
   76        -0.2279749899        -3.1017821176    0.0000        1
   77        -0.1981605001        -2.6961321328    0.0000        1
   78        -0.1920147272        -2.6125139754    0.0000        2
   79        -0.1768099181        -2.4056403837    0.0000        1
   80        -0.1553335288        -2.1134369255    0.0000        2

 Max and min values of charge density [e/bohr^3]:   2.0558E-01   1.7000E-12

 Hartree potential time [sec]:       0.53

   Eigenvalue Energy             =        -105.24389963 [Ry]
   Hartree Energy                =        2507.35463681 [Ry]
   Integral_{Vxc*rho}            =        -117.28765144 [Ry]
   Exc = Integral{eps_xc*rho}    =         -89.92627239 [Ry]
   Electron-Ion energy           =       -5130.53804930 [Ry]
   Ion-Ion Energy                =        2322.66240782 [Ry]
   (E(new)-E(old))/atom  =            -0.04758508 [eV]

   Total Energy =          -263.48738964 [Ry]
   Energy/atom  =           -56.01494884 [eV]

  0-  3    SRE of pot. & charge weighted pot =   1.9604577077   0.0290430976

 SCF iter #   4

 Diagonalization time [sec] :       6.79,      tdiag_sum =       20.17

 Fermi level at    -0.3547 [Ry]

   State   Eigenvalue [Ry]      Eigenvalue [eV]    Occup.     Repr.

    1        -1.1789762589       -16.0409151839    1.0000        1
    2        -1.1220751197       -15.2667296642    1.0000        1
    3        -1.1209611134       -15.2515727168    1.0000        2
    4        -1.1154308572       -15.1763291572    1.0000        1
    5        -1.0620337255       -14.4498184620    1.0000        1
    6        -1.0618151142       -14.4468440810    1.0000        2
    7        -1.0561469836       -14.3697246296    1.0000        1
    8        -1.0275431959       -13.9805472146    1.0000        1
    9        -1.0273889081       -13.9784480056    1.0000        2
   10        -1.0200749357       -13.8789355596    1.0000        1
   11        -1.0099332382       -13.7409496518    1.0000        2
   12        -1.0014186189       -13.6251014454    1.0000        1
   13        -1.0008077890       -13.6167906157    1.0000        2
   14        -0.9500416643       -12.9260768765    1.0000        1
   15        -0.9500371772       -12.9260158255    1.0000        2
   16        -0.9498820447       -12.9239051235    1.0000        1
   17        -0.8744857936       -11.8980788111    1.0000        2
   18        -0.8743017602       -11.8955748884    1.0000        1
   19        -0.8728489837       -11.8758087030    1.0000        2
   20        -0.8634649110       -11.7481308858    1.0000        1
   21        -0.8628516298       -11.7397867045    1.0000        2
   22        -0.8616894250       -11.7239739789    1.0000        1
   23        -0.8480125940       -11.5378897511    1.0000        1
   24        -0.8473975004       -11.5295209110    1.0000        2
   25        -0.8341582477       -11.3493902867    1.0000        1
   26        -0.7804912369       -10.6192076717    1.0000        1
   27        -0.7796383669       -10.6076036921    1.0000        2
   28        -0.7490092773       -10.1908704253    1.0000        1
   29        -0.7384724609       -10.0475086080    1.0000        1
   30        -0.7144006541        -9.7199924196    1.0000        1
   31        -0.7078793884        -9.6312653831    1.0000        1
   32        -0.7073800813        -9.6244719102    1.0000        2
   33        -0.6786549801        -9.2336439283    1.0000        1
   34        -0.6746368095        -9.1789735021    1.0000        2
   35        -0.6745383032        -9.1776332458    1.0000        1
   36        -0.6700030464        -9.1159274494    1.0000        1
   37        -0.6698144556        -9.1133615203    1.0000        2
   38        -0.6637200188        -9.0304418320    1.0000        1
   39        -0.6412572944        -8.7248184962    1.0000        1
   40        -0.6411946582        -8.7239662811    1.0000        2
   41        -0.6311955471        -8.5879203752    1.0000        1
   42        -0.6269017719        -8.5295001276    1.0000        2
   43        -0.6267743154        -8.5277659808    1.0000        1
   44        -0.6186415038        -8.4171125722    1.0000        2
   45        -0.6127034971        -8.3363212402    1.0000        1
   46        -0.6120030344        -8.3267908859    1.0000        2
   47        -0.6116654872        -8.3221982852    1.0000        1
   48        -0.6049614969        -8.2309851342    1.0000        2
   49        -0.6048950893        -8.2300816057    1.0000        1
   50        -0.5992774873        -8.1536496370    1.0000        2
   51        -0.5841689988        -7.9480865645    1.0000        1
   52        -0.5835322354        -7.9394228889    1.0000        2
   53        -0.5789192890        -7.8766600624    1.0000        1
   54        -0.5630748387        -7.6610836402    1.0000        1
   55        -0.5628020733        -7.6573724486    1.0000        2
   56        -0.5541086605        -7.5390916126    1.0000        1
   57        -0.5418681599        -7.3725498099    1.0000        2
   58        -0.5364671230        -7.2990643817    1.0000        1
   59        -0.5362274836        -7.2958038961    1.0000        2
   60        -0.5284983259        -7.1906425225    1.0000        2
   61        -0.5283286090        -7.1883333884    1.0000        1
   62        -0.5130462505        -6.9804046754    1.0000        2
   63        -0.5129245754        -6.9787491878    1.0000        1
   64        -0.4988077536        -6.7866785345    1.0000        2
   65        -0.4921744530        -6.6964271727    1.0000        1
   66        -0.4918751645        -6.6923551133    1.0000        2
   67        -0.4914430302        -6.6864755807    1.0000        1
   68        -0.4815891379        -6.5524054922    1.0000        2
   69        -0.4813217256        -6.5487671348    1.0000        1
   70        -0.4687885666        -6.3782434788    1.0000        2
   71        -0.4661765284        -6.3427046095    1.0000        2
   72        -0.4565598698        -6.2118622762    1.0000        1
   73        -0.4560359780        -6.2047343099    1.0000        2
   74        -0.3554535585        -4.8362300263    0.5568        1
   75        -0.3540091156        -4.8165772253    0.4432        2
   76        -0.2317718311        -3.1534411790    0.0000        1
   77        -0.2104953574        -2.8639577337    0.0000        1
   78        -0.1982571656        -2.6974473433    0.0000        1
   79        -0.1981750735        -2.6963304152    0.0000        2
   80        -0.1849349923        -2.5161885186    0.0000        1

 Max and min values of charge density [e/bohr^3]:   2.0613E-01   4.6131E-12

 Hartree potential time [sec]:       1.23

   Eigenvalue Energy             =        -106.59488005 [Ry]
   Hartree Energy                =        2506.57148340 [Ry]
   Integral_{Vxc*rho}            =        -117.38278076 [Ry]
   Exc = Integral{eps_xc*rho}    =         -89.99848049 [Ry]
   Electron-Ion energy           =       -5130.01470259 [Ry]
   Ion-Ion Energy                =        2322.66240782 [Ry]
   (E(new)-E(old))/atom  =            -0.00414131 [eV]

   Total Energy =          -263.50686986 [Ry]
   Energy/atom  =           -56.01909016 [eV]

  0-  4    SRE of pot. & charge weighted pot =   0.8693473116   0.0126066340

 SCF iter #   5

 Diagonalization time [sec] :       0.34,      tdiag_sum =       20.52

 Fermi level at    -0.3570 [Ry]

   State   Eigenvalue [Ry]      Eigenvalue [eV]    Occup.     Repr.

    1        -1.1824503807       -16.0881833891    1.0000        1
    2        -1.1265226448       -15.3272418011    1.0000        1
    3        -1.1263414845       -15.3247769698    1.0000        2
    4        -1.1205790732       -15.2463747541    1.0000        1
    5        -1.0669203007       -14.5163042279    1.0000        2
    6        -1.0668564080       -14.5154349153    1.0000        1
    7        -1.0605767567       -14.4299952369    1.0000        1
    8        -1.0324367403       -14.0471278012    1.0000        1
    9        -1.0324193201       -14.0468907855    1.0000        2
   10        -1.0229598947       -13.9181877354    1.0000        1
   11        -1.0153660760       -13.8148677572    1.0000        2
   12        -1.0062328430       -13.6906028151    1.0000        1
   13        -1.0061497539       -13.6894723216    1.0000        2
   14        -0.9545021176       -12.9867649115    1.0000        2
   15        -0.9544615619       -12.9862131189    1.0000        1
   16        -0.9543478243       -12.9846656281    1.0000        1
   17        -0.8793206716       -11.9638611931    1.0000        2
   18        -0.8792692755       -11.9631619082    1.0000        1
   19        -0.8776279783       -11.9408307473    1.0000        2
   20        -0.8680589841       -11.8106369254    1.0000        1
   21        -0.8679758360       -11.8095056289    1.0000        2
   22        -0.8652620361       -11.7725822102    1.0000        1
   23        -0.8518774846       -11.5904746797    1.0000        1
   24        -0.8518125926       -11.5895917720    1.0000        2
   25        -0.8389988519       -11.4152505795    1.0000        1
   26        -0.7841661578       -10.6692079095    1.0000        1
   27        -0.7840855631       -10.6681113550    1.0000        2
   28        -0.7529064823       -10.2438950166    1.0000        1
   29        -0.7422803350       -10.0993177817    1.0000        1
   30        -0.7188513349        -9.7805474922    1.0000        1
   31        -0.7120274881        -9.6877035974    1.0000        1
   32        -0.7119308739        -9.6863890834    1.0000        2
   33        -0.6828580292        -9.2908297733    1.0000        1
   34        -0.6791682051        -9.2406267647    1.0000        2
   35        -0.6791564634        -9.2404670103    1.0000        1
   36        -0.6742440691        -9.1736299550    1.0000        1
   37        -0.6741957252        -9.1729721973    1.0000        2
   38        -0.6686912626        -9.0980795809    1.0000        1
   39        -0.6454192598        -8.7814453656    1.0000        2
   40        -0.6454002651        -8.7811869265    1.0000        1
   41        -0.6358065625        -8.6506569284    1.0000        1
   42        -0.6312213247        -8.5882710995    1.0000        2
   43        -0.6311770204        -8.5876683039    1.0000        1
   44        -0.6233602118        -8.4813143703    1.0000        2
   45        -0.6173728753        -8.3998518667    1.0000        1
   46        -0.6166536028        -8.3900655889    1.0000        2
   47        -0.6165887516        -8.3891832363    1.0000        1
   48        -0.6099708413        -8.2991412722    1.0000        2
   49        -0.6099457968        -8.2988005221    1.0000        1
   50        -0.6037272577        -8.2141923233    1.0000        2
   51        -0.5884447253        -8.0062612434    1.0000        1
   52        -0.5883669723        -8.0052033512    1.0000        2
   53        -0.5815100031        -7.9119088005    1.0000        1
   54        -0.5666534927        -7.7097740907    1.0000        1
   55        -0.5666274630        -7.7094199367    1.0000        2
   56        -0.5581312008        -7.5938214917    1.0000        1
   57        -0.5463273078        -7.4332200842    1.0000        2
   58        -0.5400544525        -7.3478728697    1.0000        2
   59        -0.5400423967        -7.3477088406    1.0000        1
   60        -0.5332373600        -7.2551208727    1.0000        2
   61        -0.5332025716        -7.2546475482    1.0000        1
   62        -0.5172356390        -7.0374046569    1.0000        2
   63        -0.5172082580        -7.0370321167    1.0000        1
   64        -0.5034332408        -6.8496119880    1.0000        2
   65        -0.4968567136        -6.7601330736    1.0000        1
   66        -0.4968263104        -6.7597194140    1.0000        2
   67        -0.4959133057        -6.7472972552    1.0000        1
   68        -0.4858904521        -6.6109283135    1.0000        2
   69        -0.4858601698        -6.6105162977    1.0000        1
   70        -0.4732129673        -6.4384409907    1.0000        2
   71        -0.4710742866        -6.4093425286    1.0000        2
   72        -0.4605931116        -6.2667377579    1.0000        1
   73        -0.4605242864        -6.2658013361    1.0000        2
   74        -0.3570144454        -4.8574671407    0.5049        1
   75        -0.3568908125        -4.8557850161    0.4951        2
   76        -0.2341314955        -3.1855463008    0.0000        1
   77        -0.2141993278        -2.9143532145    0.0000        1
   78        -0.2015981077        -2.7429035341    0.0000        1
   79        -0.2015791438        -2.7426455146    0.0000        2
   80        -0.1885746003        -2.5657082965    0.0000        1

 Max and min values of charge density [e/bohr^3]:   2.0579E-01   4.6011E-12

 Hartree potential time [sec]:       0.53

   Eigenvalue Energy             =        -107.24942514 [Ry]
   Hartree Energy                =        2506.72273943 [Ry]
   Integral_{Vxc*rho}            =        -117.41586418 [Ry]
   Exc = Integral{eps_xc*rho}    =         -90.02370234 [Ry]
   Electron-Ion energy           =       -5130.22634950 [Ry]
   Ion-Ion Energy                =        2322.66240782 [Ry]
   (E(new)-E(old))/atom  =            -0.00067236 [eV]

   Total Energy =          -263.51003256 [Ry]
   Energy/atom  =           -56.01976252 [eV]

  0-  5    SRE of pot. & charge weighted pot =   0.4270828152   0.0068082185

 SCF iter #   6

 Diagonalization time [sec] :       0.34,      tdiag_sum =       20.85

 Fermi level at    -0.3540 [Ry]

   State   Eigenvalue [Ry]      Eigenvalue [eV]    Occup.     Repr.

    1        -1.1799582425       -16.0542758559    1.0000        1
    2        -1.1242137768       -15.2958278039    1.0000        2
    3        -1.1240403369       -15.2934680157    1.0000        1
    4        -1.1185402016       -15.2186342750    1.0000        1
    5        -1.0646501715       -14.4854173038    1.0000        2
    6        -1.0645957785       -14.4846772437    1.0000        1
    7        -1.0579487398       -14.3942389641    1.0000        1
    8        -1.0296792829       -14.0096103876    1.0000        2
    9        -1.0296427463       -14.0091132778    1.0000        1
   10        -1.0197503981       -13.8745199662    1.0000        1
   11        -1.0127054791       -13.7786682075    1.0000        2
   12        -1.0034283145       -13.6524449613    1.0000        2
   13        -1.0033008908       -13.6507112599    1.0000        1
   14        -0.9512343688       -12.9423045744    1.0000        1
   15        -0.9512285719       -12.9422257031    1.0000        2
   16        -0.9509745922       -12.9387701064    1.0000        1
   17        -0.8760288696       -11.9190735940    1.0000        1
   18        -0.8760047528       -11.9187454661    1.0000        2
   19        -0.8740587816       -11.8922689707    1.0000        2
   20        -0.8648434406       -11.7668868839    1.0000        2
   21        -0.8647386679       -11.7654613676    1.0000        1
   22        -0.8619917429       -11.7280872560    1.0000        1
   23        -0.8485171455       -11.5447545781    1.0000        2
   24        -0.8484029425       -11.5432007553    1.0000        1
   25        -0.8357875493       -11.3715582388    1.0000        1
   26        -0.7807384355       -10.6225710056    1.0000        2
   27        -0.7806143294       -10.6208824432    1.0000        1
   28        -0.7492789218       -10.1945391537    1.0000        1
   29        -0.7384553361       -10.0472756124    1.0000        1
   30        -0.7154278810        -9.7339686627    1.0000        1
   31        -0.7083152034        -9.6371949944    1.0000        2
   32        -0.7082263752        -9.6359864163    1.0000        1
   33        -0.6790449989        -9.2389504459    1.0000        1
   34        -0.6755315081        -9.1911465933    1.0000        2
   35        -0.6755180682        -9.1909637321    1.0000        1
   36        -0.6702613788        -9.1194422682    1.0000        2
   37        -0.6702226328        -9.1189150975    1.0000        1
   38        -0.6656554933        -9.0567755114    1.0000        1
   39        -0.6419568792        -8.7343369074    1.0000        2
   40        -0.6419477764        -8.7342130556    1.0000        1
   41        -0.6320127122        -8.5990385590    1.0000        1
   42        -0.6269050844        -8.5295451979    1.0000        1
   43        -0.6268942640        -8.5293979776    1.0000        2
   44        -0.6200843214        -8.4367432596    1.0000        2
   45        -0.6139632501        -8.3534611886    1.0000        1
   46        -0.6133247934        -8.3447744742    1.0000        1
   47        -0.6132875125        -8.3442672377    1.0000        2
   48        -0.6060879582        -8.2463115418    1.0000        2
   49        -0.6060406101        -8.2456673335    1.0000        1
   50        -0.5988837884        -8.1482930479    1.0000        2
   51        -0.5851626768        -7.9616063475    1.0000        2
   52        -0.5850380208        -7.9599103034    1.0000        1
   53        -0.5780244109        -7.8644845299    1.0000        1
   54        -0.5633779578        -7.6652078178    1.0000        2
   55        -0.5633409915        -7.6647048624    1.0000        1
   56        -0.5551222436        -7.5528822220    1.0000        1
   57        -0.5438619336        -7.3996766968    1.0000        2
   58        -0.5373291589        -7.3107930707    1.0000        2
   59        -0.5373014178        -7.3104156307    1.0000        1
   60        -0.5303078786        -7.2152629341    1.0000        1
   61        -0.5302964802        -7.2151078507    1.0000        2
   62        -0.5143824780        -6.9985851192    1.0000        1
   63        -0.5143499151        -6.9981420753    1.0000        2
   64        -0.5003213853        -6.8072727039    1.0000        2
   65        -0.4937244055        -6.7175155167    1.0000        2
   66        -0.4936747846        -6.7168403844    1.0000        1
   67        -0.4934182814        -6.7133504527    1.0000        1
   68        -0.4832581369        -6.5751135592    1.0000        1
   69        -0.4832224825        -6.5746284520    1.0000        2
   70        -0.4707208459        -6.4045336847    1.0000        2
   71        -0.4687029491        -6.3770785851    1.0000        2
   72        -0.4581618274        -6.2336581906    1.0000        2
   73        -0.4580990190        -6.2328036328    1.0000        1
   74        -0.3540740983        -4.8174613668    0.5084        2
   75        -0.3538611380        -4.8145638717    0.4916        1
   76        -0.2314910201        -3.1496205211    0.0000        1
   77        -0.2117465408        -2.8809810846    0.0000        1
   78        -0.1992926366        -2.7115357548    0.0000        1
   79        -0.1992881728        -2.7114750209    0.0000        2
   80        -0.1862572022        -2.5341782421    0.0000        1

 Max and min values of charge density [e/bohr^3]:   2.0472E-01   4.4563E-12

 Hartree potential time [sec]:       0.61

   Eigenvalue Energy             =        -106.78022877 [Ry]
   Hartree Energy                =        2506.97683926 [Ry]
   Integral_{Vxc*rho}            =        -117.36360041 [Ry]
   Exc = Integral{eps_xc*rho}    =         -89.98394317 [Ry]
   Electron-Ion energy           =       -5130.39921668 [Ry]
   Ion-Ion Energy                =        2322.66240782 [Ry]
   (E(new)-E(old))/atom  =            -0.00025459 [eV]

   Total Energy =          -263.51123013 [Ry]
   Energy/atom  =           -56.02001711 [eV]

  0-  6    SRE of pot. & charge weighted pot =   0.1976245739   0.0027219696

 SCF iter #   7

 Diagonalization time [sec] :       0.30,      tdiag_sum =       21.15

 Fermi level at    -0.3531 [Ry]

   State   Eigenvalue [Ry]      Eigenvalue [eV]    Occup.     Repr.

    1        -1.1792611800       -16.0447917634    1.0000        1
    2        -1.1235406828       -15.2866698217    1.0000        2
    3        -1.1234986233       -15.2860975689    1.0000        1
    4        -1.1180202388       -15.2115597655    1.0000        1
    5        -1.0640505195       -14.4772585582    1.0000        1
    6        -1.0640279724       -14.4769517874    1.0000        2
    7        -1.0573443649       -14.3860159603    1.0000        1
    8        -1.0290171463       -14.0006014888    1.0000        2
    9        -1.0290092801       -14.0004944637    1.0000        1
   10        -1.0189231538       -13.8632646459    1.0000        1
   11        -1.0120674704       -13.7699875887    1.0000        2
   12        -1.0027377573       -13.6430493789    1.0000        2
   13        -1.0027105905       -13.6426797526    1.0000        1
   14        -0.9505009133       -12.9323253258    1.0000        1
   15        -0.9504828689       -12.9320798173    1.0000        2
   16        -0.9502897405       -12.9294521516    1.0000        1
   17        -0.8753145543       -11.9093547633    1.0000        1
   18        -0.8752903175       -11.9090250013    1.0000        2
   19        -0.8732601826       -11.8814033927    1.0000        2
   20        -0.8641439042       -11.7573691313    1.0000        2
   21        -0.8641221422       -11.7570730425    1.0000        1
   22        -0.8613429383       -11.7192597499    1.0000        1
   23        -0.8476996670       -11.5336321297    1.0000        2
   24        -0.8476876361       -11.5334684392    1.0000        1
   25        -0.8350902873       -11.3620714313    1.0000        1
   26        -0.7798819706       -10.6109181156    1.0000        1
   27        -0.7798729858       -10.6107958696    1.0000        2
   28        -0.7484765128       -10.1836217372    1.0000        1
   29        -0.7375627277       -10.0351309604    1.0000        1
   30        -0.7146723450        -9.7236889923    1.0000        1
   31        -0.7074720396        -9.6257230764    1.0000        2
   32        -0.7074423044        -9.6253185049    1.0000        1
   33        -0.6781647926        -9.2269745354    1.0000        1
   34        -0.6747280496        -9.1802148977    1.0000        2
   35        -0.6747121041        -9.1799979465    1.0000        1
   36        -0.6693358998        -9.1068503856    1.0000        2
   37        -0.6693148283        -9.1065636905    1.0000        1
   38        -0.6649480978        -9.0471508291    1.0000        1
   39        -0.6411240816        -8.7230060290    1.0000        1
   40        -0.6411075482        -8.7227810794    1.0000        2
   41        -0.6312178491        -8.5882238112    1.0000        1
   42        -0.6259541646        -8.5166071728    1.0000        1
   43        -0.6259324907        -8.5163122825    1.0000        2
   44        -0.6192589987        -8.4255140843    1.0000        2
   45        -0.6131837087        -8.3428549035    1.0000        1
   46        -0.6125157803        -8.3337672035    1.0000        1
   47        -0.6125075159        -8.3336547593    1.0000        2
   48        -0.6052236073        -8.2345513569    1.0000        2
   49        -0.6051994801        -8.2342230858    1.0000        1
   50        -0.5978162101        -8.1337677914    1.0000        2
   51        -0.5843613165        -7.9507031997    1.0000        2
   52        -0.5843386072        -7.9503942216    1.0000        1
   53        -0.5771160756        -7.8521259020    1.0000        1
   54        -0.5625042013        -7.6533196620    1.0000        1
   55        -0.5624984068        -7.6532408236    1.0000        2
   56        -0.5543955675        -7.5429952126    1.0000        1
   57        -0.5431754121        -7.3903360214    1.0000        2
   58        -0.5365691339        -7.3004523223    1.0000        1
   59        -0.5365437152        -7.3001064807    1.0000        2
   60        -0.5296006144        -7.2056400399    1.0000        1
   61        -0.5295956460        -7.2055724401    1.0000        2
   62        -0.5136518236        -6.9886439819    1.0000        1
   63        -0.5136348159        -6.9884125781    1.0000        2
   64        -0.4995211304        -6.7963845960    1.0000        2
   65        -0.4929658068        -6.7071941744    1.0000        2
   66        -0.4929501002        -6.7069804730    1.0000        1
   67        -0.4927375908        -6.7040891128    1.0000        1
   68        -0.4825262874        -6.5651561610    1.0000        1
   69        -0.4825162061        -6.5650189975    1.0000        2
   70        -0.4700759126        -6.3957588514    1.0000        2
   71        -0.4680219372        -6.3678128727    1.0000        2
   72        -0.4574655216        -6.2241843942    1.0000        1
   73        -0.4574626071        -6.2241447401    1.0000        2
   74        -0.3531332839        -4.8046608346    0.5004        1
   75        -0.3531241580        -4.8045366687    0.4996        2
   76        -0.2307951118        -3.1401521326    0.0000        1
   77        -0.2111145013        -2.8723816814    0.0000        1
   78        -0.1986506947        -2.7028016220    0.0000        1
   79        -0.1986495903        -2.7027865962    0.0000        2
   80        -0.1856103530        -2.5253773410    0.0000        1

 Max and min values of charge density [e/bohr^3]:   2.0450E-01   4.5322E-12

 Hartree potential time [sec]:       0.70

   Eigenvalue Energy             =        -106.66883477 [Ry]
   Hartree Energy                =        2507.02348992 [Ry]
   Integral_{Vxc*rho}            =        -117.35480465 [Ry]
   Exc = Integral{eps_xc*rho}    =         -89.97725119 [Ry]
   Electron-Ion energy           =       -5130.43623535 [Ry]
   Ion-Ion Energy                =        2322.66240782 [Ry]
   (E(new)-E(old))/atom  =            -0.00003336 [eV]

   Total Energy =          -263.51138706 [Ry]
   Energy/atom  =           -56.02005047 [eV]

  0-  7    SRE of pot. & charge weighted pot =   0.1417750708   0.0017080926

 SCF iter #   8

 Diagonalization time [sec] :       0.31,      tdiag_sum =       21.46

 Fermi level at    -0.3523 [Ry]

   State   Eigenvalue [Ry]      Eigenvalue [eV]    Occup.     Repr.

    1        -1.1783348152       -16.0321878285    1.0000        1
    2        -1.1224569599       -15.2719249051    1.0000        1
    3        -1.1224030969       -15.2711920565    1.0000        2
    4        -1.1170130913       -15.1978567176    1.0000        1
    5        -1.0630288537       -14.4633579779    1.0000        2
    6        -1.0629993888       -14.4629570840    1.0000        1
    7        -1.0565152625       -14.3747353592    1.0000        1
    8        -1.0280219310       -13.9870607890    1.0000        1
    9        -1.0280114911       -13.9869187460    1.0000        2
   10        -1.0181584758       -13.8528605901    1.0000        1
   11        -1.0109516276       -13.7548056551    1.0000        2
   12        -1.0017893131       -13.6301450363    1.0000        1
   13        -1.0017422435       -13.6295046162    1.0000        2
   14        -0.9496380567       -12.9205854718    1.0000        1
   15        -0.9496258943       -12.9204199921    1.0000        2
   16        -0.9495955629       -12.9200073098    1.0000        1
   17        -0.8744330175       -11.8973607491    1.0000        2
   18        -0.8744134869       -11.8970950196    1.0000        1
   19        -0.8723028319       -11.8683778703    1.0000        2
   20        -0.8633898473       -11.7471095842    1.0000        1
   21        -0.8633484954       -11.7465469592    1.0000        2
   22        -0.8609363993       -11.7137284609    1.0000        1
   23        -0.8468825092       -11.5225140431    1.0000        1
   24        -0.8468641574       -11.5222643525    1.0000        2
   25        -0.8342640011       -11.3508291456    1.0000        1
   26        -0.7790525696       -10.5996334521    1.0000        2
   27        -0.7790434477       -10.5995093401    1.0000        1
   28        -0.7477296894       -10.1734606079    1.0000        1
   29        -0.7366535225       -10.0227604961    1.0000        1
   30        -0.7138383564        -9.7123419094    1.0000        1
   31        -0.7066065225        -9.6139470235    1.0000        1
   32        -0.7065666676        -9.6134047667    1.0000        2
   33        -0.6772049873        -9.2139156166    1.0000        1
   34        -0.6738129981        -9.1677648894    1.0000        1
   35        -0.6737824589        -9.1673493797    1.0000        2
   36        -0.6683485933        -9.0934172910    1.0000        1
   37        -0.6683332517        -9.0932085561    1.0000        2
   38        -0.6639538578        -9.0336233981    1.0000        1
   39        -0.6401269710        -8.7094395415    1.0000        2
   40        -0.6401130460        -8.7092500818    1.0000        1
   41        -0.6303993894        -8.5770880128    1.0000        1
   42        -0.6249649907        -8.5031486707    1.0000        1
   43        -0.6249643769        -8.5031403196    1.0000        2
   44        -0.6181083281        -8.4098582899    1.0000        2
   45        -0.6122101984        -8.3296095171    1.0000        1
   46        -0.6114244141        -8.3189182934    1.0000        2
   47        -0.6114219271        -8.3188844557    1.0000        1
   48        -0.6042471004        -8.2212651993    1.0000        1
   49        -0.6042101718        -8.2207627549    1.0000        2
   50        -0.5967784396        -8.1196480940    1.0000        2
   51        -0.5834488425        -7.9382882613    1.0000        1
   52        -0.5834100334        -7.9377602323    1.0000        2
   53        -0.5762713300        -7.8406324622    1.0000        1
   54        -0.5614717253        -7.6392720004    1.0000        1
   55        -0.5614682534        -7.6392247622    1.0000        2
   56        -0.5535287597        -7.5312015992    1.0000        1
   57        -0.5420243932        -7.3746754893    1.0000        2
   58        -0.5355152717        -7.2861136839    1.0000        2
   59        -0.5354790740        -7.2856211851    1.0000        1
   60        -0.5285393556        -7.1912007647    1.0000        2
   61        -0.5285385124        -7.1911892920    1.0000        1
   62        -0.5126142490        -6.9745269495    1.0000        2
   63        -0.5125935546        -6.9742453853    1.0000        1
   64        -0.4983211089        -6.7800573439    1.0000        2
   65        -0.4919261566        -6.6930489012    1.0000        1
   66        -0.4918977101        -6.6926618638    1.0000        2
   67        -0.4916512595        -6.6893087059    1.0000        1
   68        -0.4814344180        -6.5503004038    1.0000        2
   69        -0.4814315528        -6.5502614204    1.0000        1
   70        -0.4689470658        -6.3803999872    1.0000        2
   71        -0.4667856471        -6.3509921577    1.0000        2
   72        -0.4564119221        -6.2098493296    1.0000        2
   73        -0.4564072673        -6.2097859975    1.0000        1
   74        -0.3522991906        -4.7933123277    0.5004        2
   75        -0.3522886579        -4.7931690223    0.4996        1
   76        -0.2301570828        -3.1314712371    0.0000        1
   77        -0.2101909220        -2.8598156465    0.0000        1
   78        -0.1977349517        -2.6903422064    0.0000        2
   79        -0.1977339840        -2.6903290391    0.0000        1
   80        -0.1846371902        -2.5121366831    0.0000        1

 Max and min values of charge density [e/bohr^3]:   2.0443E-01   4.6372E-12

 Hartree potential time [sec]:       0.64

   Eigenvalue Energy             =        -106.52685696 [Ry]
   Hartree Energy                =        2506.98202779 [Ry]
   Integral_{Vxc*rho}            =        -117.34500737 [Ry]
   Exc = Integral{eps_xc*rho}    =         -89.96978716 [Ry]
   Electron-Ion energy           =       -5130.38831389 [Ry]
   Ion-Ion Energy                =        2322.66240782 [Ry]
   (E(new)-E(old))/atom  =            -0.00001578 [eV]

   Total Energy =          -263.51146129 [Ry]
   Energy/atom  =           -56.02006625 [eV]

  0-  8    SRE of pot. & charge weighted pot =   0.0764390900   0.0006964691

 SCF iter #   9

 Diagonalization time [sec] :       0.33,      tdiag_sum =       21.79

 Fermi level at    -0.3524 [Ry]

   State   Eigenvalue [Ry]      Eigenvalue [eV]    Occup.     Repr.

    1        -1.1785148913       -16.0346379082    1.0000        1
    2        -1.1226957744       -15.2751741679    1.0000        1
    3        -1.1226522094       -15.2745814306    1.0000        2
    4        -1.1172806589       -15.2014971895    1.0000        1
    5        -1.0632806559       -14.4667839484    1.0000        2
    6        -1.0632712802       -14.4666563843    1.0000        1
    7        -1.0567499446       -14.3779283963    1.0000        1
    8        -1.0282803979       -13.9905774382    1.0000        1
    9        -1.0282714296       -13.9904554162    1.0000        2
   10        -1.0183363510       -13.8552807249    1.0000        1
   11        -1.0112279142       -13.7585647546    1.0000        2
   12        -1.0020474150       -13.6336567190    1.0000        1
   13        -1.0020138859       -13.6332005288    1.0000        2
   14        -0.9499000081       -12.9241495296    1.0000        1
   15        -0.9498783439       -12.9238547716    1.0000        2
   16        -0.9498669450       -12.9236996796    1.0000        1
   17        -0.8747153310       -11.9012018509    1.0000        2
   18        -0.8747053945       -11.9010666567    1.0000        1
   19        -0.8725666912       -11.8719678870    1.0000        2
   20        -0.8636718077       -11.7509458809    1.0000        1
   21        -0.8636449538       -11.7505805119    1.0000        2
   22        -0.8611979505       -11.7172870751    1.0000        1
   23        -0.8471162306       -11.5256940109    1.0000        1
   24        -0.8470986892       -11.5254553453    1.0000        2
   25        -0.8345606658       -11.3548655074    1.0000        1
   26        -0.7792966026       -10.6029537153    1.0000        1
   27        -0.7792880237       -10.6028369928    1.0000        2
   28        -0.7479603846       -10.1765994009    1.0000        1
   29        -0.7368586456       -10.0255513607    1.0000        1
   30        -0.7140965478        -9.7158548107    1.0000        1
   31        -0.7068423803        -9.6171560580    1.0000        1
   32        -0.7068158840        -9.6167955540    1.0000        2
   33        -0.6774301556        -9.2169792107    1.0000        1
   34        -0.6740541365        -9.1710457710    1.0000        1
   35        -0.6740382595        -9.1708297514    1.0000        2
   36        -0.6685731465        -9.0964725164    1.0000        1
   37        -0.6685651323        -9.0963634773    1.0000        2
   38        -0.6642202179        -9.0372474412    1.0000        1
   39        -0.6403315079        -8.7122224304    1.0000        2
   40        -0.6403293040        -8.7121924443    1.0000        1
   41        -0.6306637943        -8.5806854524    1.0000        1
   42        -0.6251971116        -8.5063068609    1.0000        2
   43        -0.6251959645        -8.5062912541    1.0000        1
   44        -0.6183422387        -8.4130408310    1.0000        2
   45        -0.6124473512        -8.3328361708    1.0000        1
   46        -0.6116581563        -8.3220985424    1.0000        2
   47        -0.6116536687        -8.3220374861    1.0000        1
   48        -0.6045098859        -8.2248406059    1.0000        1
   49        -0.6044894771        -8.2245629276    1.0000        2
   50        -0.5970082717        -8.1227751436    1.0000        2
   51        -0.5836775196        -7.9413995967    1.0000        1
   52        -0.5836485572        -7.9410055389    1.0000        2
   53        -0.5763983985        -7.8423613310    1.0000        1
   54        -0.5616498485        -7.6416955083    1.0000        1
   55        -0.5616420744        -7.6415897359    1.0000        2
   56        -0.5537288499        -7.5339239857    1.0000        1
   57        -0.5422107161        -7.3772105615    1.0000        2
   58        -0.5356507803        -7.2879573865    1.0000        2
   59        -0.5356371928        -7.2877725182    1.0000        1
   60        -0.5287619336        -7.1942291165    1.0000        2
   61        -0.5287606467        -7.1942116067    1.0000        1
   62        -0.5127839251        -6.9768355282    1.0000        2
   63        -0.5127749662        -6.9767136353    1.0000        1
   64        -0.4985030440        -6.7825327155    1.0000        2
   65        -0.4921432680        -6.6960028758    1.0000        1
   66        -0.4921277409        -6.6957916166    1.0000        2
   67        -0.4918565462        -6.6921017961    1.0000        1
   68        -0.4816443996        -6.5531573724    1.0000        2
   69        -0.4816393309        -6.5530884084    1.0000        1
   70        -0.4691423473        -6.3830569488    1.0000        2
   71        -0.4669415209        -6.3531129456    1.0000        2
   72        -0.4565952222        -6.2123432739    1.0000        1
   73        -0.4565900751        -6.2122732442    1.0000        2
   74        -0.3523978038        -4.7946540387    0.5004        1
   75        -0.3523877596        -4.7945173794    0.4996        2
   76        -0.2303043701        -3.1334751987    0.0000        1
   77        -0.2103685547        -2.8622324818    0.0000        1
   78        -0.1978870305        -2.6924113595    0.0000        1
   79        -0.1978864952        -2.6924040762    0.0000        2
   80        -0.1848031694        -2.5143949619    0.0000        1

 Max and min values of charge density [e/bohr^3]:   2.0443E-01   4.6485E-12

 Hartree potential time [sec]:       0.44

   Eigenvalue Energy             =        -106.56062752 [Ry]
   Hartree Energy                =        2507.00104997 [Ry]
   Integral_{Vxc*rho}            =        -117.34808927 [Ry]
   Exc = Integral{eps_xc*rho}    =         -89.97213277 [Ry]
   Electron-Ion energy           =       -5130.41540654 [Ry]
   Ion-Ion Energy                =        2322.66240782 [Ry]
   (E(new)-E(old))/atom  =            -0.00000242 [eV]

   Total Energy =          -263.51147267 [Ry]
   Energy/atom  =           -56.02006867 [eV]

  0-  9    SRE of pot. & charge weighted pot =   0.0511941638   0.0003826815

 SCF iter #  10

 Diagonalization time [sec] :       0.36,      tdiag_sum =       22.15

 Fermi level at    -0.3524 [Ry]

   State   Eigenvalue [Ry]      Eigenvalue [eV]    Occup.     Repr.

    1        -1.1785771330       -16.0354847568    1.0000        1
    2        -1.1227513099       -15.2759297720    1.0000        1
    3        -1.1227364255       -15.2757272579    1.0000        2
    4        -1.1173585088       -15.2025563985    1.0000        1
    5        -1.0633627432       -14.4679008119    1.0000        1
    6        -1.0633603131       -14.4678677477    1.0000        2
    7        -1.0568141243       -14.3788016128    1.0000        1
    8        -1.0283530458       -13.9915658700    1.0000        1
    9        -1.0283500052       -13.9915245011    1.0000        2
   10        -1.0184261412       -13.8565023921    1.0000        1
   11        -1.0113113416       -13.7596998521    1.0000        2
   12        -1.0021087652       -13.6344914375    1.0000        1
   13        -1.0021012110       -13.6343886564    1.0000        2
   14        -0.9499963454       -12.9254602768    1.0000        1
   15        -0.9499715986       -12.9251235761    1.0000        2
   16        -0.9499708187       -12.9251129655    1.0000        1
   17        -0.8748207449       -11.9026360906    1.0000        2
   18        -0.8748197653       -11.9026227632    1.0000        1
   19        -0.8726640762       -11.8732928885    1.0000        2
   20        -0.8637626153       -11.7521813911    1.0000        1
   21        -0.8637593633       -11.7521371453    1.0000        2
   22        -0.8613176743       -11.7189160135    1.0000        1
   23        -0.8471965555       -11.5267868952    1.0000        1
   24        -0.8471908683       -11.5267095155    1.0000        2
   25        -0.8346872747       -11.3565881221    1.0000        1
   26        -0.7794022491       -10.6043911204    1.0000        1
   27        -0.7793938163       -10.6042763853    1.0000        2
   28        -0.7480473241       -10.1777822821    1.0000        1
   29        -0.7369337824       -10.0265736559    1.0000        1
   30        -0.7141925500        -9.7171609969    1.0000        1
   31        -0.7069172065        -9.6181741275    1.0000        1
   32        -0.7069119397        -9.6181024694    1.0000        2
   33        -0.6775098058        -9.2180629155    1.0000        1
   34        -0.6741276642        -9.1720461737    1.0000        1
   35        -0.6741268374        -9.1720349241    1.0000        2
   36        -0.6686494725        -9.0975109933    1.0000        2
   37        -0.6686486337        -9.0974995799    1.0000        1
   38        -0.6643061878        -9.0384171296    1.0000        1
   39        -0.6403929646        -8.7130585971    1.0000        1
   40        -0.6403886975        -8.7130005403    1.0000        2
   41        -0.6307516355        -8.5818806029    1.0000        1
   42        -0.6252740300        -8.5073533967    1.0000        2
   43        -0.6252717299        -8.5073221031    1.0000        1
   44        -0.6184192412        -8.4140885120    1.0000        2
   45        -0.6125061818        -8.3336366085    1.0000        1
   46        -0.6117146942        -8.3228677866    1.0000        2
   47        -0.6117122622        -8.3228346971    1.0000        1
   48        -0.6045851009        -8.2258639658    1.0000        1
   49        -0.6045837952        -8.2258462012    1.0000        2
   50        -0.5970808660        -8.1237628470    1.0000        2
   51        -0.5837223124        -7.9420090375    1.0000        1
   52        -0.5837153378        -7.9419141426    1.0000        2
   53        -0.5764341901        -7.8428483034    1.0000        1
   54        -0.5616982856        -7.6423545346    1.0000        1
   55        -0.5616928310        -7.6422803198    1.0000        2
   56        -0.5537741219        -7.5345399483    1.0000        1
   57        -0.5422297527        -7.3774695695    1.0000        2
   58        -0.5356554178        -7.2880204838    1.0000        1
   59        -0.5356533908        -7.2879929047    1.0000        2
   60        -0.5287956561        -7.1946879382    1.0000        2
   61        -0.5287952241        -7.1946820606    1.0000        1
   62        -0.5127898249        -6.9769157999    1.0000        1
   63        -0.5127874719        -6.9768837845    1.0000        2
   64        -0.4985080226        -6.7826004533    1.0000        2
   65        -0.4921675036        -6.6963326204    1.0000        1
   66        -0.4921671289        -6.6963275223    1.0000        2
   67        -0.4919020450        -6.6927208441    1.0000        1
   68        -0.4816947028        -6.5538417867    1.0000        2
   69        -0.4816906669        -6.5537868755    1.0000        1
   70        -0.4691565960        -6.3832508137    1.0000        2
   71        -0.4669088772        -6.3526688018    1.0000        2
   72        -0.4566188606        -6.2126648940    1.0000        1
   73        -0.4566133769        -6.2125902829    1.0000        2
   74        -0.3524252171        -4.7950270182    0.5002        1
   75        -0.3524192267        -4.7949455152    0.4998        2
   76        -0.2303798664        -3.1345023859    0.0000        1
   77        -0.2104205997        -2.8629405950    0.0000        1
   78        -0.1979256496        -2.6929368036    0.0000        1
   79        -0.1979239990        -2.6929143461    0.0000        2
   80        -0.1848432341        -2.5149400741    0.0000        1

 Max and min values of charge density [e/bohr^3]:   2.0441E-01   4.6570E-12

 Hartree potential time [sec]:       0.47

   Eigenvalue Energy             =        -106.57042252 [Ry]
   Hartree Energy                =        2507.02728437 [Ry]
   Integral_{Vxc*rho}            =        -117.34920586 [Ry]
   Exc = Integral{eps_xc*rho}    =         -89.97298311 [Ry]
   Electron-Ion energy           =       -5130.44719411 [Ry]
   Ion-Ion Energy                =        2322.66240782 [Ry]
   (E(new)-E(old))/atom  =            -0.00000071 [eV]

   Total Energy =          -263.51147602 [Ry]
   Energy/atom  =           -56.02006938 [eV]

  0- 10    SRE of pot. & charge weighted pot =   0.0324559594   0.0004010876

 SCF iter #  11

 Diagonalization time [sec] :       0.29,      tdiag_sum =       22.44

 Fermi level at    -0.3522 [Ry]

   State   Eigenvalue [Ry]      Eigenvalue [eV]    Occup.     Repr.

    1        -1.1783660964       -16.0326134344    1.0000        1
    2        -1.1225111830       -15.2726626538    1.0000        1
    3        -1.1225037454       -15.2725614595    1.0000        2
    4        -1.1171092415       -15.1991649181    1.0000        1
    5        -1.0631209991       -14.4646116892    1.0000        1
    6        -1.0631202321       -14.4646012544    1.0000        2
    7        -1.0565804276       -14.3756219814    1.0000        1
    8        -1.0281140628       -13.9883143161    1.0000        1
    9        -1.0281133221       -13.9883042380    1.0000        2
   10        -1.0182357321       -13.8539117234    1.0000        1
   11        -1.0110720856       -13.7564445820    1.0000        2
   12        -1.0018645844       -13.6311691625    1.0000        1
   13        -1.0018613727       -13.6311254645    1.0000        2
   14        -0.9497717578       -12.9224045829    1.0000        1
   15        -0.9497502667       -12.9221121793    1.0000        2
   16        -0.9497481647       -12.9220835789    1.0000        1
   17        -0.8745948324       -11.8995623713    1.0000        2
   18        -0.8745931426       -11.8995393793    1.0000        1
   19        -0.8724489331       -11.8703656946    1.0000        2
   20        -0.8635297550       -11.7490131402    1.0000        1
   21        -0.8635287298       -11.7489991913    1.0000        2
   22        -0.8611063820       -11.7160412123    1.0000        1
   23        -0.8469852086       -11.5239113505    1.0000        1
   24        -0.8469819014       -11.5238663539    1.0000        2
   25        -0.8344657790       -11.3535744960    1.0000        1
   26        -0.7791913666       -10.6015218954    1.0000        1
   27        -0.7791887136       -10.6014857994    1.0000        2
   28        -0.7478362085       -10.1749098854    1.0000        1
   29        -0.7367413981       -10.0239561144    1.0000        1
   30        -0.7139763019        -9.7142187684    1.0000        1
   31        -0.7067078552        -9.6153257358    1.0000        1
   32        -0.7067055240        -9.6152940189    1.0000        2
   33        -0.6773069766        -9.2153032620    1.0000        1
   34        -0.6739045332        -9.1690102973    1.0000        2
   35        -0.6739041562        -9.1690051690    1.0000        1
   36        -0.6684459049        -9.0947412936    1.0000        2
   37        -0.6684452603        -9.0947325225    1.0000        1
   38        -0.6640711227        -9.0352188807    1.0000        1
   39        -0.6401710565        -8.7100393612    1.0000        1
   40        -0.6401700355        -8.7100254687    1.0000        2
   41        -0.6305225419        -8.5787636011    1.0000        1
   42        -0.6250623464        -8.5044732724    1.0000        2
   43        -0.6250611330        -8.5044567629    1.0000        1
   44        -0.6181996208        -8.4111004001    1.0000        2
   45        -0.6122664965        -8.3303754980    1.0000        1
   46        -0.6114791799        -8.3196634254    1.0000        2
   47        -0.6114779798        -8.3196470974    1.0000        1
   48        -0.6043466172        -8.2226192037    1.0000        1
   49        -0.6043464483        -8.2226169067    1.0000        2
   50        -0.5968730129        -8.1209348387    1.0000        2
   51        -0.5834802346        -7.9387153757    1.0000        1
   52        -0.5834770663        -7.9386722692    1.0000        2
   53        -0.5762323548        -7.8401021724    1.0000        1
   54        -0.5614807542        -7.6393948460    1.0000        1
   55        -0.5614786382        -7.6393660555    1.0000        2
   56        -0.5535377988        -7.5313245831    1.0000        1
   57        -0.5419788438        -7.3740557530    1.0000        2
   58        -0.5354224047        -7.2848501537    1.0000        1
   59        -0.5354222960        -7.2848486747    1.0000        2
   60        -0.5285430959        -7.1912516538    1.0000        1
   61        -0.5285429261        -7.1912493436    1.0000        2
   62        -0.5125477896        -6.9736227163    1.0000        1
   63        -0.5125474759        -6.9736184474    1.0000        2
   64        -0.4982563563        -6.7791763329    1.0000        2
   65        -0.4919109348        -6.6928417964    1.0000        1
   66        -0.4919100015        -6.6928290986    1.0000        2
   67        -0.4916587469        -6.6894105779    1.0000        1
   68        -0.4814486651        -6.5504942483    1.0000        2
   69        -0.4814456747        -6.5504535610    1.0000        1
   70        -0.4688953925        -6.3796969314    1.0000        2
   71        -0.4666471610        -6.3491079436    1.0000        2
   72        -0.4563705179        -6.2092859927    1.0000        1
   73        -0.4563686924        -6.2092611546    1.0000        2
   74        -0.3522423431        -4.7925388721    0.5001        1
   75        -0.3522407994        -4.7925178691    0.4999        2
   76        -0.2302160833        -3.1322739865    0.0000        1
   77        -0.2102451314        -2.8605532093    0.0000        1
   78        -0.1977365808        -2.6903643709    0.0000        1
   79        -0.1977357607        -2.6903532128    0.0000        2
   80        -0.1846460441        -2.5122571467    0.0000        1

 Max and min values of charge density [e/bohr^3]:   2.0439E-01   4.6721E-12

 Hartree potential time [sec]:       0.44

   Eigenvalue Energy             =        -106.53665024 [Ry]
   Hartree Energy                =        2507.02255808 [Ry]
   Integral_{Vxc*rho}            =        -117.34703916 [Ry]
   Exc = Integral{eps_xc*rho}    =         -89.97133265 [Ry]
   Electron-Ion energy           =       -5130.43986069 [Ry]
   Ion-Ion Energy                =        2322.66240782 [Ry]
   (E(new)-E(old))/atom  =            -0.00000023 [eV]

   Total Energy =          -263.51147713 [Ry]
   Energy/atom  =           -56.02006962 [eV]

  0- 11    SRE of pot. & charge weighted pot =   0.0190105087   0.0002020184

 SCF iter #  12

 Diagonalization time [sec] :       0.29,      tdiag_sum =       22.73

 Fermi level at    -0.3522 [Ry]

   State   Eigenvalue [Ry]      Eigenvalue [eV]    Occup.     Repr.

    1        -1.1782901798       -16.0315805288    1.0000        1
    2        -1.1224629484       -15.2720063831    1.0000        2
    3        -1.1224489226       -15.2718155505    1.0000        1
    4        -1.1170383568       -15.1982004754    1.0000        1
    5        -1.0630561509       -14.4637293773    1.0000        1
    6        -1.0630521243       -14.4636745928    1.0000        2
    7        -1.0564842298       -14.3743131343    1.0000        1
    8        -1.0280550586       -13.9875115161    1.0000        2
    9        -1.0280511466       -13.9874582900    1.0000        1
   10        -1.0181460000       -13.8526908472    1.0000        1
   11        -1.0110325771       -13.7559070371    1.0000        2
   12        -1.0017971236       -13.6302513048    1.0000        2
   13        -1.0017871855       -13.6301160887    1.0000        1
   14        -0.9496796563       -12.9211514673    1.0000        1
   15        -0.9496775855       -12.9211232924    1.0000        2
   16        -0.9496600884       -12.9208852309    1.0000        1
   17        -0.8745317289       -11.8987037976    1.0000        1
   18        -0.8745288515       -11.8986646475    1.0000        2
   19        -0.8724071257       -11.8697968714    1.0000        2
   20        -0.8634413543       -11.7478103780    1.0000        2
   21        -0.8634331426       -11.7476986510    1.0000        1
   22        -0.8609529187       -11.7139532219    1.0000        1
   23        -0.8469125218       -11.5229223889    1.0000        2
   24        -0.8469084302       -11.5228667202    1.0000        1
   25        -0.8343956930       -11.3526209196    1.0000        1
   26        -0.7791234758       -10.6005981865    1.0000        2
   27        -0.7791199000       -10.6005495360    1.0000        1
   28        -0.7477493599       -10.1737282404    1.0000        1
   29        -0.7367033048       -10.0234378244    1.0000        1
   30        -0.7139109695        -9.7133298688    1.0000        1
   31        -0.7066578836        -9.6146458321    1.0000        2
   32        -0.7066487345        -9.6145213524    1.0000        1
   33        -0.6772709973        -9.2148137348    1.0000        1
   34        -0.6738488107        -9.1682521484    1.0000        2
   35        -0.6738434467        -9.1681791673    1.0000        1
   36        -0.6684189174        -9.0943741070    1.0000        2
   37        -0.6684138367        -9.0943049792    1.0000        1
   38        -0.6640191237        -9.0345113938    1.0000        1
   39        -0.6401175422        -8.7093112557    1.0000        1
   40        -0.6401171185        -8.7093054909    1.0000        2
   41        -0.6304399938        -8.5776404674    1.0000        1
   42        -0.6250265547        -8.5039862980    1.0000        1
   43        -0.6250226861        -8.5039336620    1.0000        2
   44        -0.6181804541        -8.4108396227    1.0000        2
   45        -0.6121961022        -8.3294177268    1.0000        1
   46        -0.6114360230        -8.3190762417    1.0000        1
   47        -0.6114330951        -8.3190364050    1.0000        2
   48        -0.6042943595        -8.2219081964    1.0000        2
   49        -0.6042883265        -8.2218261123    1.0000        1
   50        -0.5968515057        -8.1206422157    1.0000        2
   51        -0.5834009248        -7.9376363030    1.0000        2
   52        -0.5833926964        -7.9375243487    1.0000        1
   53        -0.5761407340        -7.8388555993    1.0000        1
   54        -0.5614263427        -7.6386545339    1.0000        2
   55        -0.5614241481        -7.6386246743    1.0000        1
   56        -0.5534355588        -7.5299335261    1.0000        1
   57        -0.5419146929        -7.3731829293    1.0000        2
   58        -0.5353520828        -7.2838933688    1.0000        1
   59        -0.5353484470        -7.2838438997    1.0000        2
   60        -0.5284735315        -7.1903051755    1.0000        1
   61        -0.5284719754        -7.1902840033    1.0000        2
   62        -0.5124758099        -6.9726433740    1.0000        1
   63        -0.5124739873        -6.9726185767    1.0000        2
   64        -0.4982059561        -6.7784905969    1.0000        2
   65        -0.4918334055        -6.6917869487    1.0000        2
   66        -0.4918303142        -6.6917448894    1.0000        1
   67        -0.4915902870        -6.6884791274    1.0000        1
   68        -0.4813761275        -6.5495073154    1.0000        1
   69        -0.4813751294        -6.5494937356    1.0000        2
   70        -0.4688182674        -6.3786475826    1.0000        2
   71        -0.4665890327        -6.3483170613    1.0000        2
   72        -0.4562889307        -6.2081759329    1.0000        2
   73        -0.4562860203        -6.2081363347    1.0000        1
   74        -0.3521682503        -4.7915307797    0.5001        2
   75        -0.3521644940        -4.7914796720    0.4999        1
   76        -0.2301358516        -3.1311823692    0.0000        1
   77        -0.2102279290        -2.8603191562    0.0000        1
   78        -0.1976901197        -2.6897322305    0.0000        2
   79        -0.1976897752        -2.6897275435    0.0000        1
   80        -0.1846107239        -2.5117765870    0.0000        1

 Max and min values of charge density [e/bohr^3]:   2.0437E-01   4.6699E-12

 Hartree potential time [sec]:       0.45

   Eigenvalue Energy             =        -106.52690880 [Ry]
   Hartree Energy                =        2507.01675883 [Ry]
   Integral_{Vxc*rho}            =        -117.34584765 [Ry]
   Exc = Integral{eps_xc*rho}    =         -89.97042395 [Ry]
   Electron-Ion energy           =       -5130.43291439 [Ry]
   Ion-Ion Energy                =        2322.66240782 [Ry]
   (E(new)-E(old))/atom  =            -0.00000023 [eV]

   Total Energy =          -263.51147823 [Ry]
   Energy/atom  =           -56.02006985 [eV]

  0- 12    SRE of pot. & charge weighted pot =   0.0079707716   0.0000885834

Self-consistency convergence achieved.

Time for self-consistent field [sec] :      34.78,    tdiag_sum =       22.73
Time spent on Hartree potential [sec] :       10.70

 Initial Hamiltonian component timings [sec]
 --------------------------------------------------
 Finite-difference (-nabla^2) :     0.339892
 V_ion diagonal/local         :     1.578226
 V_ion nonlocal projectors    :     0.086593
 Initial V_xc (CA-LDA)             :     0.002543
 Component subtotal             :     2.007254
 --------------------------------------------------

 SCF timing analysis [sec]
 --------------------------------------------------
 Initial Hartree potential      :     0.661006
 Initial exchange-correlation   :     0.002543
 Hamiltonian binding subtotal  :     0.008735
 Diagonalization subtotal       :    22.729613
 Occupation/density subtotal   :     0.090096
 Hartree potential subtotal     :    10.704515
 Exchange-correlation subtotal  :     0.043223
 Mixing/energy subtotal         :     0.402545
 SCF wall time                   :    34.690150
 --------------------------------------------------

Forces, dipoles, and MPI statistics
are not calculated by this Python single-point implementation.

 =================================================================

 Accelerated Hamiltonian statistics:
 -----------------------------------
 Backend = cupy
 H applications =         4909
 Orbital vectors applied =        28694
 Total H application time [sec] =     0.000000
 Average H application [sec] =     0.000000
 Local-potential updates =           12
 Local update time [sec] =     0.008470
 Per-H device timing = disabled (would synchronize every recurrence)
 GPU initial-eigensolver calls =            3
 GPU initial-eigensolver synchronized time [sec] =    18.892684
 GPU SUBSPACE calls =           22
 GPU SUBSPACE synchronized time [sec] =     3.765051
 GPU representation scheduler batches =           13
 GPU representation scheduler wall time [sec] =    22.663688
 Final active states by representation = 51 40
 Requested-eigenpair download [sec] =     0.003763
 GPU density builds =           12
 GPU density build/download [sec] =     0.075729
 Final wavefunction download [sec] =     0.081575
 Accelerated Hartree solves =           13
 Accelerated Hartree total [sec] =    11.359420
 Hartree boundary/RHS [sec] =     0.527158
 Hartree linear solve [sec] =    10.832163
 Host-to-device time [sec] =     0.000000
 Device kernel time [sec] =    22.657735
 Device-to-host time [sec] =     0.003763
 Pre-SCF setup/reporting wall time [sec] :    7.102739
 Post-SCF finalization/reporting [sec] :    0.000284
 Total accelerated Python wall time [sec] :       41.89
Text log: C:\Users\zigze\Desktop\parsec_python\examples\0d_Si28H36\parsec_python.out
