
 =================================================================

  PARSEC-PYTHON - Modular real-space DFT program
  PARSEC-like report; Python real-space implementation

 starting run on 02-Sep-2026 17:29:21 -0700
 input file: C:\Users\zigze\Desktop\parsec_python\examples\ml_initial_density\small_molecules\CH3CH2OH\sad\parsec.in

 =================================================================

 Initial Run - starting from atomic potentials
 Initial density method = sad
 ignoresym= F

 Grid data:
 ~~------~~

 Confined system (cluster) with zero boundary condition!
  Spherical domain shape:
 --- Radius is  13.228088 bohrs
 Grid spacing is  0.377945 bohrs
 Order of double grid is    1
 Grid points are shifted from origin!
 shift vector =   0.5000   0.5000   0.5000   [units of grid spacing]
 WAVEFUNCTIONS ARE REAL!
 The Finite-difference expansion is of order  8
 Python constructs the full active grid; the selected execution backend reports any exact symmetry reduction.

 Eigenvalue data:
 ----------------
 Number of states:           16
 Net cluster charge =    0.000      [e]
 Fermi temperature =    500.00 [K]

 Self-consistency data:
 ----------------------
 Maximum number of iterations is           50
 Performing Chebyshev-Davidson diagonalization
 Polynomial degree for Chebyshev-Davidson is     15
 The matvec operations use block size      6
 Polynomial degree for Chebyshev filtering is     10
 Change in polynomial degree (dpm) for Chebyshev filtering is      3
 Self-consistency convergence criterion is    2.0000000000000001E-04  Ry
 Diagonalization tolerance is    1.0000000000000000E-04
 Buffer size in subspace is      6

 Mixer data:
 -----------
 solver lpole is :            9
 Anderson mixer
 Initial Jacobian:  0.300  Mixing memory is  4
 Mixing restarted after           20 iterations

 Correlation data:
 -----------------
 Exchange-Correlation functional is pbe
 GGA, Perdew-Burke-Ernzerhof parametrization

 Other input data:
 -----------------
 output level [1 - 6] =  1
 No spin effects!
 No minimization!


 Atom data:
 --~--~---

 Tot. # of atom types is     3

 Chemical element : H
 Physical element : H
 martins_new
  pseudopotential format : new Martins
  pseudopotential file   : C:\Users\zigze\Desktop\parsec_python\examples\ml_initial_density\pseudopotentials\H_POTRE.DAT
  radial points/channels : 773 / 1
  selected local channel : l=0
 There are      6 H  atoms
 and their initial coordinates are:

    x [bohr]          y [bohr]          z [bohr]
      1.681000875      1.728352706     -2.619116099
      0.000000000     -0.970371917     -3.738692347
     -1.681000875      1.728352706     -2.619116099
      1.686447068     -1.728352706      0.578832791
     -1.686447068     -1.728352706      0.578832791
      0.000000000      0.891235825      3.738692347

 Chemical element : C
 Physical element : C
 martins_new
  pseudopotential format : new Martins
  pseudopotential file   : C:\Users\zigze\Desktop\parsec_python\examples\ml_initial_density\pseudopotentials\C_POTRE.DAT
  radial points/channels : 921 / 3
  selected local channel : l=1
 There are      2 C  atoms
 and their initial coordinates are:

    x [bohr]          y [bohr]          z [bohr]
      0.000000000      0.545686037     -2.319615176
      0.000000000     -0.520830459      0.293996149

 Chemical element : O
 Physical element : O
 martins_new
  pseudopotential format : new Martins
  pseudopotential file   : C:\Users\zigze\Desktop\parsec_python\examples\ml_initial_density\pseudopotentials\O_POTRE.DAT
  radial points/channels : 945 / 3
  selected local channel : l=1
 There are      1 O  atoms
 and their initial coordinates are:

    x [bohr]          y [bohr]          z [bohr]
      0.000000000      1.524292439      2.006434520

 Tot. number of atoms =       9

 Real-space setup:
 -----------------
 Full active grid points =       179944
 Hamiltonian dimension   =       179944
 Sparse Laplacian nonzeros =     4267480
 Nonlocal projector columns =       18
 Number of electrons =    20.00000000
 Initial density integral =    20.00000000

 Setup timings [sec]
 --------------------------------------------------
 Pseudopotential loading       :     0.031751
 Grid-domain construction      :     0.017612
 Finite-difference construction:     0.004846
 Local ionic potential setup   :     0.029074
 Nonlocal ionic projector setup:     0.020757
 Initial valence-density setup :     0.008065
 Core-density setup            :     0.000023
 Ion-ion energy setup           :     0.000145
 Preparation wall time          :     0.112504
 --------------------------------------------------

 The reference setup above describes the constructed full grid.  The GPU orbital solve is decomposed into the exact symmetry representations reported below.

 Acceleration backend:
 ---------------------
 Requested backend = auto
 Selected backend  = cupy
 Numeric dtype     = float64
 Device            = CUDA:0 (NVIDIA GeForce RTX 5070 Laptop GPU)
 Implementation    = CuPy float64 device-resident stencil-major/compact-CSR Hamiltonian with fused Chebyshev recurrence, CHEBFF/CHEBDAV/SUBSPACE eigensolver, and fused orbital-density construction
 laplacian_nnz = 4267480
 projector_columns = 18
 cupy_version = 14.0.1
 gpu_finite_difference_storage = deferred_full_grid_symmetry_sectors
 gpu_finite_difference_palette_size = 0
 gpu_finite_difference_fallback = full-grid operator intentionally deferred
 gpu_chebyshev_recurrence = separate_hamiltonian_and_elementwise_kernels
 gpu_later_subspace_filter_precision = deferred_to_symmetry_sector_operators
 gpu_nonlocal_application = deferred_to_symmetry_sector_operators
 gpu_projector_reduction = deferred_to_symmetry_sector_operators
 gpu_subspace_residuals = disabled_diagnostics_only
 cuda_initialization_overlap = cuda_probe_with_cpu_reference_setup
 backend_resolution_seconds = 0.909322
 reference_preparation_seconds = 0.115976
 backend_reference_overlapped_seconds = 0.115531
 symmetry_mode = auto
 symmetry_detection = exact Cartesian axis-reflection subgroup detected
 detected_symmetry_group_order = 2
 orbital_symmetry = CuPy real one-dimensional reflection representations
 finite_difference_builder = C++17 compressed-grid CSR builder (exact stencil parity)
 ionic_setup_implementation = cached-grid C++/OpenMP radial interpolation and KB sampling
 hartree_backend = native
 hartree_implementation = orbit-summed C++/OpenMP multipoles and direct wedge RHS plus symmetry-wedge C++/OpenMP CG
 xc_implementation = vectorized NumPy discrete-variational PBE
 finite_difference_full_grid_materialization = skipped_by_exact_reduced_operator_cache
 finite_difference_provenance_key = bcf8094314385e9f47fac42b2fd64267a127992d3a3d18bd5eeaf3b74327452f
 finite_difference_provenance_hash_seconds = 0.004141
 finite_difference_nnz_count_seconds = 0.000701
 finite_difference_nnz_cache = disk-hit
 finite_difference_nnz_cache_path = C:\Users\zigze\Desktop\parsec_python\examples\ml_initial_density\small_molecules\CH3CH2OH\sad\.parsec_cache\symmetry\negative-laplacian-nnz-v1-bcf8094314385e9f47fac42b2fd64267a127992d3a3d18bd5eeaf3b74327452f.json
 finite_difference_materialization_seconds = 0.000000
 reference_static_cache = disabled
 reference_static_cache_lookup_seconds = 0.000000
 symmetry_geometry_cache = hit
 symmetry_geometry_cache_key = cb3ae8cce7395ca667073adc9171bcb0ca5613866e2605ef7b1c9d84cdceb736
 symmetry_geometry_cache_path = C:\Users\zigze\Desktop\parsec_python\examples\ml_initial_density\small_molecules\CH3CH2OH\sad\.parsec_cache\symmetry\reflection-reduction-v2-cb3ae8cce7395ca667073adc9171bcb0ca5613866e2605ef7b1c9d84cdceb736.npz
 symmetry_geometry_hash_seconds = 0.003728
 symmetry_geometry_cache_load_seconds = 0.005911
 symmetry_geometry_build_seconds = 0.000000
 symmetry_geometry_cache_write_seconds = 0.000000
 symmetry_representation_cache = hit
 symmetry_representation_cache_key = 0c96f715859420416f93ad3fe3078148a9f3769dd950761c8a331a8264902a58
 symmetry_representation_cache_path = C:\Users\zigze\Desktop\parsec_python\examples\ml_initial_density\small_molecules\CH3CH2OH\sad\.parsec_cache\symmetry\reflection-representations-v3-0c96f715859420416f93ad3fe3078148a9f3769dd950761c8a331a8264902a58.npz
 symmetry_representation_hash_seconds = 0.001201
 symmetry_representation_cache_load_seconds = 0.005688
 symmetry_representation_build_seconds = 0.000000
 symmetry_representation_cache_write_seconds = 0.000000
 gpu_initial_random_basis = bit-exact 2048-lane skip-ahead DLARNV generator
 gpu_chebdav_ritz_scalar_source = reuse values already returned by host LAPACK
 gpu_chebdav_appended_orthogonalization = PARSEC selective MGS
 gpu_chebdav_prefix_projection = full C-order coefficient GEMM plus fused active-prefix CUDA update for blocks up to six
 gpu_chebdav_ritz_projection = full contiguous C-order Davidson workspace GEMM; use only the active row interval
 gpu_subspace_orthogonalization = size-adaptive per representation: audited PARSEC MGS for small bases; generalized Cholesky-whitened Rayleigh--Ritz with Householder QR fallback for large bases
 symmetry_full_grid_points = 179944
 symmetry_wedge_points = 89972
 symmetry_reduction_ratio = 2
 orbital_symmetry_representations = 2
 orbital_sector_dimensions = 89972 89972
 orbital_sector_stabilizer_handling = exact character selection on every orbit stabilizer
 orbital_sector_state_policy = floor(global_states/representations) + Subspace_Buffer_Size, then grow sectors to bracket the global cutoff
 orbital_sector_scheduler = sequential on one CUDA device
 orbital_sector_cuda_devices = 0
 orbital_sector_lanczos_scheduler = same scheduler as sector solves
 orbital_sector_finite_difference_storage = stencil_major_int32_neighbors_uint8_coefficient_palette
 orbital_sector_neighbor_storage = shared_across_representations
 orbital_sector_nonlocal_application = cuSPARSE B.T projection plus KB scatter fused into CUDA stencil
 orbital_sector_projector_reduction = none
 orbital_sector_later_filter_precision = float64
 orbital_sector_local_potential_storage = one persistent shared device buffer per CUDA device
 orbital_density_storage = normalized wedge orbitals; physical scalar orbit values remain compact through SCF
 orbital_operator_cache = hit
 orbital_operator_cache_key = 9f907b82059f875ae23ae0ef03f702d4f55a2c18f8cdae71a3224b1a1ae1dc78
 orbital_operator_cache_path = C:\Users\zigze\Desktop\parsec_python\examples\ml_initial_density\small_molecules\CH3CH2OH\sad\.parsec_cache\symmetry\reflection-v4-9f907b82059f875ae23ae0ef03f702d4f55a2c18f8cdae71a3224b1a1ae1dc78.npz
 orbital_operator_hash_seconds = 0.000123
 orbital_operator_cache_load_seconds = 0.018509
 orbital_operator_build_seconds = 0.000000
 orbital_operator_build_workers = 1
 orbital_operator_cache_write_seconds = 0.000000
 scf_scalar_field_storage = one physical value per symmetry orbit with multiplicity weights
 hartree_boundary_setup = overlapped with GPU orbital setup
 hartree_boundary_setup_seconds = 0.103196
 hartree_boundary_setup_wait_seconds = 0.000016
 hartree_boundary_setup_overlapped_seconds = 0.103179
 hartree_cg_storage = int32_columns_uint8_coefficient_palette
 hartree_cg_openmp_workers = 11
 hartree_initial_guess = two-step chronological RHS predictor with previous-potential fallback
 hartree_cg_coefficient_palette_size = 11
 hartree_symmetry = normalized Cartesian axis-reflection wedge
 hartree_symmetry_group_order = 2
 hartree_full_grid_points = 179944
 hartree_wedge_points = 89972
 hartree_reduction_ratio = 2
 hartree_geometry_cache = hit
 hartree_geometry_cache_key = b56ef33226efa05e2cdc1b3266c997d4ce0271a63176111d8fda46aab477631b
 hartree_geometry_cache_path = C:\Users\zigze\Desktop\parsec_python\examples\ml_initial_density\small_molecules\CH3CH2OH\sad\.parsec_cache\symmetry\native-symmetry-boundary-v2-b56ef33226efa05e2cdc1b3266c997d4ce0271a63176111d8fda46aab477631b.npz
 hartree_geometry_hash_seconds = 0.000032
 hartree_geometry_cache_load_seconds = 0.096549
 hartree_geometry_build_seconds = 0.000000
 hartree_geometry_cache_write_seconds = 0.000000
 native_openmp_detected_processors = 32
 native_openmp_reserved_threads = 4
 native_openmp_max_threads = 28
 native_openmp_thread_source = detected_processors_minus_4
 Backend initialization [sec] =     0.034563

 SCF iter #   1

 Diagonalization time [sec] :       1.10,      tdiag_sum =        1.10

 Fermi level at    -0.4984 [Ry]

   State   Eigenvalue [Ry]      Eigenvalue [eV]    Occup.     Repr.

    1        -2.2181329116       -30.1794727688    1.0000        1
    2        -1.7642177862       -24.0035943549    1.0000        1
    3        -1.4681955758       -19.9759753646    1.0000        1
    4        -1.2827195254       -17.4524253183    1.0000        1
    5        -1.1861668296       -16.1387486496    1.0000        2
    6        -1.1096704941       -15.0979548084    1.0000        1
    7        -1.0505023573       -14.2929249733    1.0000        1
    8        -1.0020529804       -13.6337324409    1.0000        2
    9        -0.9434165543       -12.8359369550    1.0000        1
   10        -0.8012896761       -10.9021870748    1.0000        2
   11        -0.1513391849        -2.0590906818    0.0000        1
   12        -0.1114994367        -1.5170390352    0.0000        1
   13        -0.0593601139        -0.8076418371    0.0000        2
   14        -0.0527198294        -0.7172954553    0.0000        1
   15        -0.0262896517        -0.3576917437    0.0000        1
   16        -0.0011916436        -0.0162132642    0.0000        1

 Max and min values of charge density [e/bohr^3]:   1.1530E+00   2.4760E-14

 Hartree potential time [sec]:       0.05

   Eigenvalue Energy             =         -25.65272938 [Ry]
   Hartree Energy                =         155.04030277 [Ry]
   Integral_{Vxc*rho}            =         -25.14884748 [Ry]
   Exc = Integral{eps_xc*rho}    =         -19.38176832 [Ry]
   Electron-Ion energy           =        -354.06229691 [Ry]
   Ion-Ion Energy                =          98.62252480 [Ry]

   Total Energy =           -61.47256520 [Ry]
   Energy/atom  =           -92.93149196 [eV]

  0-  1    SRE of pot. & charge weighted pot =   9.7447446054   0.8041800236

 SCF iter #   2

 Diagonalization time [sec] :       0.07,      tdiag_sum =        1.17

 Fermi level at    -0.3781 [Ry]

   State   Eigenvalue [Ry]      Eigenvalue [eV]    Occup.     Repr.

    1        -1.9860924395       -27.0223765133    1.0000        1
    2        -1.5248312264       -20.7465487000    1.0000        1
    3        -1.2598665538       -17.1414923579    1.0000        1
    4        -1.0762601662       -14.6433805690    1.0000        1
    5        -0.9889960865       -13.4560829544    1.0000        2
    6        -0.8709583693       -11.8500853809    1.0000        1
    7        -0.8365865977       -11.3824299304    1.0000        1
    8        -0.7978546412       -10.8554506777    1.0000        2
    9        -0.7173701962        -9.7603954161    1.0000        1
   10        -0.5833049138        -7.9363299963    1.0000        2
   11        -0.0857096508        -1.1661483669    0.0000        1
   12        -0.0391614215        -0.5328224683    0.0000        1
   13        -0.0008335028        -0.0113404728    0.0000        2
   14         0.0031978567         0.0435093984    0.0000        1
   15         0.0490667975         0.6675930334    0.0000        1
   16         0.0818549042         1.1137014560    0.0000        1

 Max and min values of charge density [e/bohr^3]:   1.0718E+00   5.8048E-11

 Hartree potential time [sec]:       0.05

   Eigenvalue Energy             =         -21.28424238 [Ry]
   Hartree Energy                =         150.59699805 [Ry]
   Integral_{Vxc*rho}            =         -24.34953796 [Ry]
   Exc = Integral{eps_xc*rho}    =         -18.76808652 [Ry]
   Electron-Ion energy           =        -346.83437674 [Ry]
   Ion-Ion Energy                =          98.62252480 [Ry]
   (E(new)-E(old))/atom  =            -0.51811213 [eV]

   Total Energy =           -61.81528736 [Ry]
   Energy/atom  =           -93.44960408 [eV]

  0-  2    SRE of pot. & charge weighted pot =   4.2118801668   0.3118192980

 SCF iter #   3

 Diagonalization time [sec] :       0.07,      tdiag_sum =        1.24

 Fermi level at    -0.3261 [Ry]

   State   Eigenvalue [Ry]      Eigenvalue [eV]    Occup.     Repr.

    1        -1.8534026101       -25.2170252323    1.0000        1
    2        -1.3627145420       -18.5408215154    1.0000        1
    3        -1.1081009255       -15.0765995724    1.0000        1
    4        -0.9462545984       -12.8745508152    1.0000        1
    5        -0.8492308445       -11.5544650237    1.0000        2
    6        -0.7154612375        -9.7344225049    1.0000        1
    7        -0.6886486699        -9.3696160729    1.0000        1
    8        -0.6522787303        -8.8747739487    1.0000        2
    9        -0.5769126042        -7.8493575098    1.0000        1
   10        -0.4521332449        -6.1516345035    1.0000        2
   11        -0.0505672907        -0.6880084439    0.0000        1
   12        -0.0020579795        -0.0280004571    0.0000        1
   13         0.0277124254         0.3770497175    0.0000        2
   14         0.0314290171         0.4276169207    0.0000        1
   15         0.0831637571         1.1315094461    0.0000        1
   16         0.1069779821         1.4555210293    0.0000        1

 Max and min values of charge density [e/bohr^3]:   1.0318E+00   8.8364E-11

 Hartree potential time [sec]:       0.04

   Eigenvalue Energy             =         -18.41027601 [Ry]
   Hartree Energy                =         147.60670174 [Ry]
   Integral_{Vxc*rho}            =         -23.81406026 [Ry]
   Exc = Integral{eps_xc*rho}    =         -18.35717385 [Ry]
   Electron-Ion energy           =        -342.20518906 [Ry]
   Ion-Ion Energy                =          98.62252480 [Ry]
   (E(new)-E(old))/atom  =            -0.10302613 [eV]

   Total Energy =           -61.88343735 [Ry]
   Energy/atom  =           -93.55263021 [eV]

  0-  3    SRE of pot. & charge weighted pot =   0.8170428962   0.0438496516

 SCF iter #   4

 Diagonalization time [sec] :       0.07,      tdiag_sum =        1.30

 Fermi level at    -0.3304 [Ry]

   State   Eigenvalue [Ry]      Eigenvalue [eV]    Occup.     Repr.

    1        -1.8670715669       -25.4030023248    1.0000        1
    2        -1.3629030668       -18.5433865457    1.0000        1
    3        -1.0985623087       -14.9468190599    1.0000        1
    4        -0.9489568906       -12.9113176620    1.0000        1
    5        -0.8408589240       -11.4405583478    1.0000        2
    6        -0.7202522432        -9.7996079710    1.0000        1
    7        -0.6826209111        -9.2876035928    1.0000        1
    8        -0.6432877815        -8.7524448973    1.0000        2
    9        -0.5807621573        -7.9017337594    1.0000        1
   10        -0.4564985145        -6.2110274884    1.0000        2
   11        -0.0495816380        -0.6745978500    0.0000        1
   12        -0.0020575228        -0.0279942436    0.0000        1
   13         0.0272606022         0.3709023021    0.0000        2
   14         0.0300690837         0.4091139385    0.0000        1
   15         0.0805400079         1.0958112400    0.0000        1
   16         0.1058276075         1.4398692615    0.0000        1

 Max and min values of charge density [e/bohr^3]:   1.0324E+00   2.0970E-11

 Hartree potential time [sec]:       0.04

   Eigenvalue Energy             =         -18.40354873 [Ry]
   Hartree Energy                =         147.69781270 [Ry]
   Integral_{Vxc*rho}            =         -23.80874345 [Ry]
   Exc = Integral{eps_xc*rho}    =         -18.35277764 [Ry]
   Electron-Ion energy           =        -342.40034640 [Ry]
   Ion-Ion Energy                =          98.62252480 [Ry]
   (E(new)-E(old))/atom  =            -0.00977141 [eV]

   Total Energy =           -61.88990097 [Ry]
   Energy/atom  =           -93.56240162 [eV]

  0-  4    SRE of pot. & charge weighted pot =   0.4385954884   0.0151239218

 SCF iter #   5

 Diagonalization time [sec] :       0.07,      tdiag_sum =        1.37

 Fermi level at    -0.3282 [Ry]

   State   Eigenvalue [Ry]      Eigenvalue [eV]    Occup.     Repr.

    1        -1.8610316434       -25.3208243343    1.0000        1
    2        -1.3580737888       -18.4776803561    1.0000        1
    3        -1.0923875212       -14.8628061358    1.0000        1
    4        -0.9429444140       -12.8295131077    1.0000        1
    5        -0.8346222889       -11.3557039378    1.0000        2
    6        -0.7154368009        -9.7340900258    1.0000        1
    7        -0.6774074298        -9.2166700090    1.0000        1
    8        -0.6374170338        -8.6725686786    1.0000        2
    9        -0.5748003542        -7.8206186598    1.0000        1
   10        -0.4497208748        -6.1188122778    1.0000        2
   11        -0.0476211021        -0.6479231909    0.0000        1
   12        -0.0006379813        -0.0086802463    0.0000        1
   13         0.0287818738         0.3916004191    0.0000        2
   14         0.0304818183         0.4147295232    0.0000        1
   15         0.0808581070         1.1001392324    0.0000        1
   16         0.1067482363         1.4523951540    0.0000        1

 Max and min values of charge density [e/bohr^3]:   1.0272E+00   1.0950E-11

 Hartree potential time [sec]:       0.05

   Eigenvalue Energy             =         -18.28768430 [Ry]
   Hartree Energy                =         147.50855644 [Ry]
   Integral_{Vxc*rho}            =         -23.76638370 [Ry]
   Exc = Integral{eps_xc*rho}    =         -18.32007787 [Ry]
   Electron-Ion energy           =        -342.07607162 [Ry]
   Ion-Ion Energy                =          98.62252480 [Ry]
   (E(new)-E(old))/atom  =            -0.00115876 [eV]

   Total Energy =           -61.89066747 [Ry]
   Energy/atom  =           -93.56356038 [eV]

  0-  5    SRE of pot. & charge weighted pot =   0.4407467692   0.0165404449

 SCF iter #   6

 Diagonalization time [sec] :       0.06,      tdiag_sum =        1.43

 Fermi level at    -0.3291 [Ry]

   State   Eigenvalue [Ry]      Eigenvalue [eV]    Occup.     Repr.

    1        -1.8643008922       -25.3653050791    1.0000        1
    2        -1.3626432203       -18.5398511264    1.0000        1
    3        -1.0971589271       -14.9277249298    1.0000        1
    4        -0.9464495027       -12.8772026433    1.0000        1
    5        -0.8386116573       -11.4099824870    1.0000        2
    6        -0.7198582154        -9.7942469070    1.0000        1
    7        -0.6818944568        -9.2777196004    1.0000        1
    8        -0.6419255504        -8.7339106532    1.0000        2
    9        -0.5787199438        -7.8739478118    1.0000        1
   10        -0.4533519867        -6.1682164607    1.0000        2
   11        -0.0481831525        -0.6555703359    0.0000        1
   12        -0.0012657173        -0.0172210971    0.0000        1
   13         0.0287952302         0.3917821427    0.0000        2
   14         0.0297046935         0.4041561186    0.0000        1
   15         0.0800455046         1.0890831265    0.0000        1
   16         0.1066544471         1.4511190764    0.0000        1

 Max and min values of charge density [e/bohr^3]:   1.0273E+00   5.0135E-12

 Hartree potential time [sec]:       0.05

   Eigenvalue Energy             =         -18.36982871 [Ry]
   Hartree Energy                =         147.50776338 [Ry]
   Integral_{Vxc*rho}            =         -23.76620803 [Ry]
   Exc = Integral{eps_xc*rho}    =         -18.31999622 [Ry]
   Electron-Ion energy           =        -342.09327879 [Ry]
   Ion-Ion Energy                =          98.62252480 [Ry]
   (E(new)-E(old))/atom  =            -0.00046751 [eV]

   Total Energy =           -61.89097672 [Ry]
   Energy/atom  =           -93.56402790 [eV]

  0-  6    SRE of pot. & charge weighted pot =   0.4726461215   0.0141322200

 SCF iter #   7

 Diagonalization time [sec] :       0.06,      tdiag_sum =        1.50

 Fermi level at    -0.3291 [Ry]

   State   Eigenvalue [Ry]      Eigenvalue [eV]    Occup.     Repr.

    1        -1.8572002918       -25.2686957303    1.0000        1
    2        -1.3546124278       -18.4305857699    1.0000        1
    3        -1.0876132478       -14.7978483275    1.0000        1
    4        -0.9389279563       -12.7748659878    1.0000        1
    5        -0.8302316417       -11.2959656702    1.0000        2
    6        -0.7119027654        -9.6860066460    1.0000        1
    7        -0.6734071352        -9.1622427996    1.0000        1
    8        -0.6326775204        -8.6080838070    1.0000        2
    9        -0.5707563746        -7.7655970818    1.0000        1
   10        -0.4451173360        -6.0561774503    1.0000        2
   11        -0.0479080054        -0.6518267393    0.0000        1
   12        -0.0017630841        -0.0239881700    0.0000        1
   13         0.0271574188         0.3694984093    0.0000        2
   14         0.0285512782         0.3884629809    0.0000        1
   15         0.0783357217         1.0658201627    0.0000        1
   16         0.1042853251         1.4188852768    0.0000        1

 Max and min values of charge density [e/bohr^3]:   1.0235E+00   5.4738E-12

 Hartree potential time [sec]:       0.04

   Eigenvalue Energy             =         -18.20489339 [Ry]
   Hartree Energy                =         147.36993292 [Ry]
   Integral_{Vxc*rho}            =         -23.73526444 [Ry]
   Exc = Integral{eps_xc*rho}    =         -18.29608479 [Ry]
   Electron-Ion energy           =        -341.86215604 [Ry]
   Ion-Ion Energy                =          98.62252480 [Ry]
   (E(new)-E(old))/atom  =             0.00037035 [eV]

   Total Energy =           -61.89073174 [Ry]
   Energy/atom  =           -93.56365755 [eV]

  0-  7    SRE of pot. & charge weighted pot =   1.0088341797   0.0247863749

 SCF iter #   8

 Diagonalization time [sec] :       0.07,      tdiag_sum =        1.57

 Fermi level at    -0.3253 [Ry]

   State   Eigenvalue [Ry]      Eigenvalue [eV]    Occup.     Repr.

    1        -1.8765563318       -25.5320501389    1.0000        1
    2        -1.3760645392       -18.7224589070    1.0000        1
    3        -1.1057961051       -15.0452406463    1.0000        1
    4        -0.9544621415       -12.9862210046    1.0000        1
    5        -0.8444571201       -11.4895146842    1.0000        2
    6        -0.7343146334        -9.9909380385    1.0000        1
    7        -0.6912201881        -9.4046036349    1.0000        1
    8        -0.6502533248        -8.8472166861    1.0000        2
    9        -0.5891136717        -8.0153627950    1.0000        1
   10        -0.4613650820        -6.2772410320    1.0000        2
   11        -0.0427774638        -0.5820216173    0.0000        1
   12         0.0047499025         0.0646262228    0.0000        1
   13         0.0356944291         0.4856512635    0.0000        1
   14         0.0362135735         0.4927146380    0.0000        2
   15         0.0878278321         1.1949679178    0.0000        1
   16         0.1158348126         1.5760252931    0.0000        1

 Max and min values of charge density [e/bohr^3]:   1.0349E+00   9.2220E-13

 Hartree potential time [sec]:       0.05

   Eigenvalue Energy             =         -18.56720627 [Ry]
   Hartree Energy                =         147.96379974 [Ry]
   Integral_{Vxc*rho}            =         -23.83647736 [Ry]
   Exc = Integral{eps_xc*rho}    =         -18.37372249 [Ry]
   Electron-Ion energy           =        -342.86901644 [Ry]
   Ion-Ion Energy                =          98.62252480 [Ry]
   (E(new)-E(old))/atom  =             0.00019147 [eV]

   Total Energy =           -61.89060509 [Ry]
   Energy/atom  =           -93.56346608 [eV]

  0-  8    SRE of pot. & charge weighted pot =   0.7739551959   0.0326862999

 SCF iter #   9

 Diagonalization time [sec] :       0.07,      tdiag_sum =        1.64

 Fermi level at    -0.3259 [Ry]

   State   Eigenvalue [Ry]      Eigenvalue [eV]    Occup.     Repr.

    1        -1.8649452165       -25.3740716268    1.0000        1
    2        -1.3623474281       -18.5358266376    1.0000        1
    3        -1.0937242461       -14.8809933479    1.0000        1
    4        -0.9443808291       -12.8490566844    1.0000        1
    5        -0.8344584321       -11.3534745356    1.0000        2
    6        -0.7205217633        -9.8032750067    1.0000        1
    7        -0.6792232641        -9.2413758869    1.0000        1
    8        -0.6384370341        -8.6864465986    1.0000        2
    9        -0.5774796512        -7.8570726378    1.0000        1
   10        -0.4509889634        -6.1360656387    1.0000        2
   11        -0.0443475828        -0.6033843427    0.0000        1
   12         0.0026573825         0.0361558143    0.0000        1
   13         0.0327440980         0.4455096485    0.0000        2
   14         0.0329689105         0.4485684026    0.0000        1
   15         0.0841492213         1.1449174750    0.0000        1
   16         0.1110616606         1.5110827418    0.0000        1

 Max and min values of charge density [e/bohr^3]:   1.0279E+00   2.5939E-12

 Hartree potential time [sec]:       0.05

   Eigenvalue Energy             =         -18.33301366 [Ry]
   Hartree Energy                =         147.69074841 [Ry]
   Integral_{Vxc*rho}            =         -23.78590712 [Ry]
   Exc = Integral{eps_xc*rho}    =         -18.33481880 [Ry]
   Electron-Ion energy           =        -342.37607180 [Ry]
   Ion-Ion Energy                =          98.62252480 [Ry]
   (E(new)-E(old))/atom  =            -0.00138739 [eV]

   Total Energy =           -61.89152282 [Ry]
   Energy/atom  =           -93.56485347 [eV]

  0-  9    SRE of pot. & charge weighted pot =   0.1030070627   0.0039642619

 SCF iter #  10

 Diagonalization time [sec] :       0.07,      tdiag_sum =        1.70

 Fermi level at    -0.3262 [Ry]

   State   Eigenvalue [Ry]      Eigenvalue [eV]    Occup.     Repr.

    1        -1.8628579495       -25.3456726889    1.0000        1
    2        -1.3591717733       -18.4926193134    1.0000        1
    3        -1.0910037146       -14.8439783406    1.0000        1
    4        -0.9423842299       -12.8218913548    1.0000        1
    5        -0.8322290456       -11.3231419491    1.0000        2
    6        -0.7175159151        -9.7623780371    1.0000        1
    7        -0.6763727159        -9.2025918979    1.0000        1
    8        -0.6356737753        -8.6488502526    1.0000        2
    9        -0.5750978036        -7.8246656958    1.0000        1
   10        -0.4490590615        -6.1098077783    1.0000        2
   11        -0.0447645476        -0.6090574817    0.0000        1
   12         0.0021783973         0.0296388386    0.0000        1
   13         0.0319953248         0.4353219900    0.0000        2
   14         0.0323588936         0.4402686350    0.0000        1
   15         0.0833098321         1.1334969136    0.0000        1
   16         0.1100576575         1.4974224761    0.0000        1

 Max and min values of charge density [e/bohr^3]:   1.0284E+00   2.0671E-12

 Hartree potential time [sec]:       0.05

   Eigenvalue Energy             =         -18.28273197 [Ry]
   Hartree Energy                =         147.61839751 [Ry]
   Integral_{Vxc*rho}            =         -23.77408409 [Ry]
   Exc = Integral{eps_xc*rho}    =         -18.32578311 [Ry]
   Electron-Ion energy           =        -342.28594616 [Ry]
   Ion-Ion Energy                =          98.62252480 [Ry]
   (E(new)-E(old))/atom  =            -0.00006323 [eV]

   Total Energy =           -61.89156465 [Ry]
   Energy/atom  =           -93.56491670 [eV]

  0- 10    SRE of pot. & charge weighted pot =   0.2143732194   0.0036269015

 SCF iter #  11

 Diagonalization time [sec] :       0.07,      tdiag_sum =        1.77

 Fermi level at    -0.3260 [Ry]

   State   Eigenvalue [Ry]      Eigenvalue [eV]    Occup.     Repr.

    1        -1.8649920512       -25.3747088502    1.0000        1
    2        -1.3621024377       -18.5324933471    1.0000        1
    3        -1.0939583972       -14.8841791606    1.0000        1
    4        -0.9446685867       -12.8529718564    1.0000        1
    5        -0.8348515348       -11.3588230119    1.0000        2
    6        -0.7202978987        -9.8002291502    1.0000        1
    7        -0.6791370751        -9.2402032168    1.0000        1
    8        -0.6384968849        -8.6872609167    1.0000        2
    9        -0.5774816161        -7.8570993720    1.0000        1
   10        -0.4512817609        -6.1400493823    1.0000        2
   11        -0.0446912108        -0.6080596765    0.0000        1
   12         0.0024579200         0.0334419676    0.0000        1
   13         0.0326355315         0.4440325148    0.0000        2
   14         0.0327621461         0.4457552068    0.0000        1
   15         0.0839037432         1.1415775491    0.0000        1
   16         0.1109946411         1.5101708876    0.0000        1

 Max and min values of charge density [e/bohr^3]:   1.0279E+00   1.5562E-12

 Hartree potential time [sec]:       0.05

   Eigenvalue Energy             =         -18.33453649 [Ry]
   Hartree Energy                =         147.64179804 [Ry]
   Integral_{Vxc*rho}            =         -23.77811124 [Ry]
   Exc = Integral{eps_xc*rho}    =         -18.32887750 [Ry]
   Electron-Ion energy           =        -342.31306084 [Ry]
   Ion-Ion Energy                =          98.62252480 [Ry]
   (E(new)-E(old))/atom  =            -0.00001428 [eV]

   Total Energy =           -61.89157409 [Ry]
   Energy/atom  =           -93.56493098 [eV]

  0- 11    SRE of pot. & charge weighted pot =   0.0456444018   0.0013826575

 SCF iter #  12

 Diagonalization time [sec] :       0.06,      tdiag_sum =        1.83

 Fermi level at    -0.3262 [Ry]

   State   Eigenvalue [Ry]      Eigenvalue [eV]    Occup.     Repr.

    1        -1.8654639850       -25.3811298878    1.0000        1
    2        -1.3623969995       -18.5365010961    1.0000        1
    3        -1.0942563279       -14.8882327457    1.0000        1
    4        -0.9450068142       -12.8575737131    1.0000        1
    5        -0.8350838700       -11.3619841178    1.0000        2
    6        -0.7206562084        -9.8051042398    1.0000        1
    7        -0.6794051897        -9.2438511296    1.0000        1
    8        -0.6387242329        -8.6903541679    1.0000        2
    9        -0.5778391819        -7.8619643412    1.0000        1
   10        -0.4516839510        -6.1455215001    1.0000        2
   11        -0.0448138408        -0.6097281556    0.0000        1
   12         0.0023415782         0.0318590448    0.0000        1
   13         0.0325657510         0.4430830947    0.0000        2
   14         0.0326617272         0.4443889282    0.0000        1
   15         0.0837829128         1.1399335545    0.0000        1
   16         0.1109466495         1.5095179233    0.0000        1

 Max and min values of charge density [e/bohr^3]:   1.0285E+00   1.3578E-12

 Hartree potential time [sec]:       0.04

   Eigenvalue Energy             =         -18.34103352 [Ry]
   Hartree Energy                =         147.65023539 [Ry]
   Integral_{Vxc*rho}            =         -23.77969546 [Ry]
   Exc = Integral{eps_xc*rho}    =         -18.33009471 [Ry]
   Electron-Ion energy           =        -342.33239511 [Ry]
   Ion-Ion Energy                =          98.62252480 [Ry]
   (E(new)-E(old))/atom  =            -0.00000480 [eV]

   Total Energy =           -61.89157727 [Ry]
   Energy/atom  =           -93.56493577 [eV]

  0- 12    SRE of pot. & charge weighted pot =   0.0364812068   0.0015662334

 SCF iter #  13

 Diagonalization time [sec] :       0.06,      tdiag_sum =        1.90

 Fermi level at    -0.3262 [Ry]

   State   Eigenvalue [Ry]      Eigenvalue [eV]    Occup.     Repr.

    1        -1.8651218407       -25.3764747402    1.0000        1
    2        -1.3618505805       -18.5290666285    1.0000        1
    3        -1.0937512790       -14.8813611522    1.0000        1
    4        -0.9446030793       -12.8520805758    1.0000        1
    5        -0.8345707587       -11.3550028284    1.0000        2
    6        -0.7201813826        -9.7986438548    1.0000        1
    7        -0.6789021710        -9.2370071579    1.0000        1
    8        -0.6381768262        -8.6829062623    1.0000        2
    9        -0.5774206038        -7.8562692518    1.0000        1
   10        -0.4513198441        -6.1405675344    1.0000        2
   11        -0.0448555430        -0.6102955467    0.0000        1
   12         0.0022681593         0.0308601221    0.0000        1
   13         0.0324573733         0.4416085295    0.0000        2
   14         0.0325621112         0.4430335722    0.0000        1
   15         0.0836474477         1.1380904438    0.0000        1
   16         0.1108051316         1.5075924597    0.0000        1

 Max and min values of charge density [e/bohr^3]:   1.0282E+00   1.2991E-12

 Hartree potential time [sec]:       0.04

   Eigenvalue Energy             =         -18.33179673 [Ry]
   Hartree Energy                =         147.64417114 [Ry]
   Integral_{Vxc*rho}            =         -23.77847828 [Ry]
   Exc = Integral{eps_xc*rho}    =         -18.32915605 [Ry]
   Electron-Ion energy           =        -342.32110818 [Ry]
   Ion-Ion Energy                =          98.62252480 [Ry]
   (E(new)-E(old))/atom  =            -0.00000130 [eV]

   Total Energy =           -61.89157813 [Ry]
   Energy/atom  =           -93.56493707 [eV]

  0- 13    SRE of pot. & charge weighted pot =   0.0204556346   0.0008342614

 SCF iter #  14

 Diagonalization time [sec] :       0.07,      tdiag_sum =        1.96

 Fermi level at    -0.3261 [Ry]

   State   Eigenvalue [Ry]      Eigenvalue [eV]    Occup.     Repr.

    1        -1.8646780398       -25.3704364739    1.0000        1
    2        -1.3612125868       -18.5203862130    1.0000        1
    3        -1.0931817449       -14.8736121848    1.0000        1
    4        -0.9440884031       -12.8450779951    1.0000        1
    5        -0.8339184090       -11.3461270895    1.0000        2
    6        -0.7196635975        -9.7915989750    1.0000        1
    7        -0.6783015758        -9.2288355805    1.0000        1
    8        -0.6375612705        -8.6745311335    1.0000        2
    9        -0.5769588662        -7.8499869422    1.0000        1
   10        -0.4508756071        -6.1345233346    1.0000        2
   11        -0.0447537139        -0.6089100801    0.0000        1
   12         0.0023244637         0.0316261885    0.0000        1
   13         0.0324555865         0.4415842187    0.0000        2
   14         0.0325679075         0.4431124365    0.0000        1
   15         0.0836645798         1.1383235403    0.0000        1
   16         0.1107653213         1.5070508090    0.0000        1

 Max and min values of charge density [e/bohr^3]:   1.0286E+00   1.2435E-12

 Hartree potential time [sec]:       0.04

   Eigenvalue Energy             =         -18.32088020 [Ry]
   Hartree Energy                =         147.64363839 [Ry]
   Integral_{Vxc*rho}            =         -23.77852973 [Ry]
   Exc = Integral{eps_xc*rho}    =         -18.32919726 [Ry]
   Electron-Ion energy           =        -342.32550386 [Ry]
   Ion-Ion Energy                =          98.62252480 [Ry]
   (E(new)-E(old))/atom  =            -0.00000136 [eV]

   Total Energy =           -61.89157903 [Ry]
   Energy/atom  =           -93.56493844 [eV]

  0- 14    SRE of pot. & charge weighted pot =   0.0118628029   0.0002642007

 SCF iter #  15

 Diagonalization time [sec] :       0.06,      tdiag_sum =        2.03

 Fermi level at    -0.3260 [Ry]

   State   Eigenvalue [Ry]      Eigenvalue [eV]    Occup.     Repr.

    1        -1.8645501783       -25.3686968155    1.0000        1
    2        -1.3612056450       -18.5202917653    1.0000        1
    3        -1.0931995118       -14.8738539182    1.0000        1
    4        -0.9440227229       -12.8441843630    1.0000        1
    5        -0.8338977316       -11.3458457563    1.0000        2
    6        -0.7196478791        -9.7913851130    1.0000        1
    7        -0.6782977913        -9.2287840884    1.0000        1
    8        -0.6375615486        -8.6745349181    1.0000        2
    9        -0.5769038917        -7.8492389701    1.0000        1
   10        -0.4507870990        -6.1333191122    1.0000        2
   11        -0.0447039598        -0.6082331364    0.0000        1
   12         0.0023730967         0.0322878787    0.0000        1
   13         0.0325006348         0.4421971368    0.0000        2
   14         0.0326004537         0.4435552535    0.0000        1
   15         0.0837176103         1.1390450620    0.0000        1
   16         0.1108238023         1.5078464892    0.0000        1

 Max and min values of charge density [e/bohr^3]:   1.0285E+00   1.2134E-12

 Hartree potential time [sec]:       0.05

   Eigenvalue Energy             =         -18.32014800 [Ry]
   Hartree Energy                =         147.64430706 [Ry]
   Integral_{Vxc*rho}            =         -23.77861803 [Ry]
   Exc = Integral{eps_xc*rho}    =         -18.32926440 [Ry]
   Electron-Ion energy           =        -342.32589410 [Ry]
   Ion-Ion Energy                =          98.62252480 [Ry]
   (E(new)-E(old))/atom  =            -0.00000027 [eV]

   Total Energy =           -61.89157920 [Ry]
   Energy/atom  =           -93.56493870 [eV]

  0- 15    SRE of pot. & charge weighted pot =   0.0023400770   0.0001409994

Self-consistency convergence achieved.

Time for self-consistent field [sec] :       4.45,    tdiag_sum =        2.03
Time spent on Hartree potential [sec] :        0.68

 Initial Hamiltonian component timings [sec]
 --------------------------------------------------
 Finite-difference (-nabla^2) :     0.004846
 V_ion diagonal/local         :     0.029074
 V_ion nonlocal projectors    :     0.020757
 Initial V_xc (PBE)             :     0.095924
 Component subtotal             :     0.150601
 --------------------------------------------------

 SCF timing analysis [sec]
 --------------------------------------------------
 Initial Hartree potential      :     0.069537
 Initial exchange-correlation   :     0.095924
 Hamiltonian binding subtotal  :     0.001068
 Diagonalization subtotal       :     2.027907
 Occupation/density subtotal   :     0.005588
 Hartree potential subtotal     :     0.683223
 Exchange-correlation subtotal  :     1.479519
 Mixing/energy subtotal         :     0.071646
 SCF wall time                   :     4.444042
 --------------------------------------------------

Forces, dipoles, and MPI statistics
are not calculated by this Python single-point implementation.

 =================================================================

 Accelerated Hamiltonian statistics:
 -----------------------------------
 Backend = cupy
 H applications =         1446
 Orbital vectors applied =         6886
 Total H application time [sec] =     0.000000
 Average H application [sec] =     0.000000
 Local-potential updates =           15
 Local update time [sec] =     0.000872
 Per-H device timing = disabled (would synchronize every recurrence)
 GPU initial-eigensolver calls =            2
 GPU initial-eigensolver synchronized time [sec] =     1.099503
 GPU SUBSPACE calls =           28
 GPU SUBSPACE synchronized time [sec] =     0.904062
 GPU representation scheduler batches =           15
 GPU representation scheduler wall time [sec] =     2.006251
 Final active states by representation = 14 10
 Requested-eigenpair download [sec] =     0.001500
 GPU density builds =           15
 GPU density build/download [sec] =     0.003699
 Final wavefunction download [sec] =     0.006227
 Accelerated Hartree solves =           16
 Accelerated Hartree total [sec] =     0.752403
 Hartree boundary/RHS [sec] =     0.116161
 Hartree linear solve [sec] =     0.636174
 Host-to-device time [sec] =     0.000000
 Device kernel time [sec] =     2.003565
 Device-to-host time [sec] =     0.001500
 Pre-SCF setup/reporting wall time [sec] :    1.732711
 Post-SCF finalization/reporting [sec] :    0.000096
 Total accelerated Python wall time [sec] :        6.19
Text log: C:\Users\zigze\Desktop\parsec_python\examples\ml_initial_density\small_molecules\CH3CH2OH\sad\parsec.out
