
 =================================================================

  PARSEC-PYTHON - Modular real-space DFT program
  PARSEC-like report; Python real-space implementation

 starting run on 02-Sep-2026 17:27:17 -0700
 input file: C:\Users\zigze\Desktop\parsec_python\examples\ml_initial_density\small_molecules\C3H8O\scdp\parsec.in

 =================================================================

 Initial Run - starting from an imported/ML density
 Initial density method = scdp
 ignoresym= F

 Grid data:
 ~~------~~

 Confined system (cluster) with zero boundary condition!
  Spherical domain shape:
 --- Radius is  17.007542 bohrs
 Grid spacing is  0.377945 bohrs
 Order of double grid is    1
 Grid points are shifted from origin!
 shift vector =   0.5000   0.5000   0.5000   [units of grid spacing]
 WAVEFUNCTIONS ARE REAL!
 The Finite-difference expansion is of order  8
 Python constructs the full active grid; the selected execution backend reports any exact symmetry reduction.

 Eigenvalue data:
 ----------------
 Number of states:           19
 Net cluster charge =    0.000      [e]
 Fermi temperature =    500.00 [K]

 Self-consistency data:
 ----------------------
 Maximum number of iterations is           50
 Performing Chebyshev-Davidson diagonalization
 Polynomial degree for Chebyshev-Davidson is     15
 The matvec operations use block size      6
 Polynomial degree for Chebyshev filtering is     10
 Change in polynomial degree (dpm) for Chebyshev filtering is      3
 Self-consistency convergence criterion is    2.0000000000000001E-04  Ry
 Diagonalization tolerance is    1.0000000000000000E-04
 Buffer size in subspace is      6

 Mixer data:
 -----------
 solver lpole is :            9
 Anderson mixer
 Initial Jacobian:  0.300  Mixing memory is  4
 Mixing restarted after           20 iterations

 Correlation data:
 -----------------
 Exchange-Correlation functional is pbe
 GGA, Perdew-Burke-Ernzerhof parametrization

 Other input data:
 -----------------
 output level [1 - 6] =  1
 No spin effects!
 No minimization!


 Atom data:
 --~--~---

 Tot. # of atom types is     3

 Chemical element : H
 Physical element : H
 martins_new
  pseudopotential format : new Martins
  pseudopotential file   : C:\Users\zigze\Desktop\parsec_python\examples\ml_initial_density\pseudopotentials\H_POTRE.DAT
  radial points/channels : 773 / 1
  selected local channel : l=0
 There are      8 H  atoms
 and their initial coordinates are:

    x [bohr]          y [bohr]          z [bohr]
     -1.666512339     -1.286304015     -2.970529709
      0.000000000      1.325519628     -4.287229037
      1.666512339     -1.286304015     -2.970529709
     -1.684241757      2.256066496      0.168000499
      1.684241757      2.256066496      0.168000499
     -1.668623164     -2.256066496      1.445472876
      1.668623164     -2.256066496      1.445472876
      0.000000000      1.657584324      4.282368659

 Chemical element : C
 Physical element : C
 martins_new
  pseudopotential format : new Martins
  pseudopotential file   : C:\Users\zigze\Desktop\parsec_python\examples\ml_initial_density\pseudopotentials\C_POTRE.DAT
  radial points/channels : 921 / 3
  selected local channel : l=1
 There are      3 C  atoms
 and their initial coordinates are:

    x [bohr]          y [bohr]          z [bohr]
      0.000000000     -0.063881272     -2.746937225
      0.000000000      1.059495216     -0.139658375
      0.000000000     -1.036759912      1.760384522

 Chemical element : O
 Physical element : O
 martins_new
  pseudopotential format : new Martins
  pseudopotential file   : C:\Users\zigze\Desktop\parsec_python\examples\ml_initial_density\pseudopotentials\O_POTRE.DAT
  radial points/channels : 945 / 3
  selected local channel : l=1
 There are      1 O  atoms
 and their initial coordinates are:

    x [bohr]          y [bohr]          z [bohr]
      0.000000000     -0.190914382      4.287229037

 Tot. number of atoms =      12

 Real-space setup:
 -----------------
 Full active grid points =       382336
 Hamiltonian dimension   =       382336
 Sparse Laplacian nonzeros =     9175984
 Nonlocal projector columns =       24
 Number of electrons =    26.00000000
 Initial density integral =    26.00000000

 Setup timings [sec]
 --------------------------------------------------
 Pseudopotential loading       :     0.031664
 Grid-domain construction      :     0.040938
 Finite-difference construction:     0.007499
 Local ionic potential setup   :     0.097374
 Nonlocal ionic projector setup:     0.052600
 Initial valence-density setup :     0.073204
 Core-density setup            :     0.000033
 Ion-ion energy setup           :     0.000151
 Preparation wall time          :     0.303643
 --------------------------------------------------

 The reference setup above describes the constructed full grid.  The GPU orbital solve is decomposed into the exact symmetry representations reported below.

 Acceleration backend:
 ---------------------
 Requested backend = auto
 Selected backend  = cupy
 Numeric dtype     = float64
 Device            = CUDA:0 (NVIDIA GeForce RTX 5070 Laptop GPU)
 Implementation    = CuPy float64 device-resident stencil-major/compact-CSR Hamiltonian with fused Chebyshev recurrence, CHEBFF/CHEBDAV/SUBSPACE eigensolver, and fused orbital-density construction
 laplacian_nnz = 9175984
 projector_columns = 24
 cupy_version = 14.0.1
 gpu_finite_difference_storage = deferred_full_grid_symmetry_sectors
 gpu_finite_difference_palette_size = 0
 gpu_finite_difference_fallback = full-grid operator intentionally deferred
 gpu_chebyshev_recurrence = separate_hamiltonian_and_elementwise_kernels
 gpu_later_subspace_filter_precision = deferred_to_symmetry_sector_operators
 gpu_nonlocal_application = deferred_to_symmetry_sector_operators
 gpu_projector_reduction = deferred_to_symmetry_sector_operators
 gpu_subspace_residuals = disabled_diagnostics_only
 cuda_initialization_overlap = cuda_probe_with_cpu_reference_setup
 backend_resolution_seconds = 1.000255
 reference_preparation_seconds = 0.307247
 backend_reference_overlapped_seconds = 0.306808
 symmetry_mode = auto
 symmetry_detection = exact Cartesian axis-reflection subgroup detected
 detected_symmetry_group_order = 2
 orbital_symmetry = CuPy real one-dimensional reflection representations
 finite_difference_builder = C++17 compressed-grid CSR builder (exact stencil parity)
 ionic_setup_implementation = cached-grid C++/OpenMP radial interpolation and KB sampling
 hartree_backend = native
 hartree_implementation = orbit-summed C++/OpenMP multipoles and direct wedge RHS plus symmetry-wedge C++/OpenMP CG
 xc_implementation = vectorized NumPy discrete-variational PBE
 finite_difference_full_grid_materialization = skipped_by_exact_reduced_operator_cache
 finite_difference_provenance_key = d206bb47e3af53cfaafad42fa38b50165d964df2f9cdd469189fa8b739d7d1e7
 finite_difference_provenance_hash_seconds = 0.006611
 finite_difference_nnz_count_seconds = 0.000881
 finite_difference_nnz_cache = disk-hit
 finite_difference_nnz_cache_path = C:\Users\zigze\Desktop\parsec_python\examples\ml_initial_density\small_molecules\C3H8O\scdp\.parsec_cache\symmetry\negative-laplacian-nnz-v1-d206bb47e3af53cfaafad42fa38b50165d964df2f9cdd469189fa8b739d7d1e7.json
 finite_difference_materialization_seconds = 0.000000
 reference_static_cache = disabled
 reference_static_cache_lookup_seconds = 0.000000
 symmetry_geometry_cache = hit
 symmetry_geometry_cache_key = 78b25e86792b805d7ca7b56914da3178830285d13cc8bb364512f00787f801dd
 symmetry_geometry_cache_path = C:\Users\zigze\Desktop\parsec_python\examples\ml_initial_density\small_molecules\C3H8O\scdp\.parsec_cache\symmetry\reflection-reduction-v2-78b25e86792b805d7ca7b56914da3178830285d13cc8bb364512f00787f801dd.npz
 symmetry_geometry_hash_seconds = 0.008246
 symmetry_geometry_cache_load_seconds = 0.008412
 symmetry_geometry_build_seconds = 0.000000
 symmetry_geometry_cache_write_seconds = 0.000000
 symmetry_representation_cache = hit
 symmetry_representation_cache_key = 6bbd286afe9169dd82e09b10f8a3de5aab6fc11c960e87620ab1c60207b65675
 symmetry_representation_cache_path = C:\Users\zigze\Desktop\parsec_python\examples\ml_initial_density\small_molecules\C3H8O\scdp\.parsec_cache\symmetry\reflection-representations-v3-6bbd286afe9169dd82e09b10f8a3de5aab6fc11c960e87620ab1c60207b65675.npz
 symmetry_representation_hash_seconds = 0.002613
 symmetry_representation_cache_load_seconds = 0.011297
 symmetry_representation_build_seconds = 0.000000
 symmetry_representation_cache_write_seconds = 0.000000
 gpu_initial_random_basis = bit-exact 2048-lane skip-ahead DLARNV generator
 gpu_chebdav_ritz_scalar_source = reuse values already returned by host LAPACK
 gpu_chebdav_appended_orthogonalization = audited FP64 block-CGS2/device-MGS2 with Householder and PARSEC-MGS fallbacks
 gpu_chebdav_prefix_projection = full C-order coefficient GEMM plus fused active-prefix CUDA update for blocks up to six
 gpu_chebdav_ritz_projection = full contiguous C-order Davidson workspace GEMM; use only the active row interval
 gpu_subspace_orthogonalization = size-adaptive per representation: audited PARSEC MGS for small bases; generalized Cholesky-whitened Rayleigh--Ritz with Householder QR fallback for large bases
 symmetry_full_grid_points = 382336
 symmetry_wedge_points = 191168
 symmetry_reduction_ratio = 2
 orbital_symmetry_representations = 2
 orbital_sector_dimensions = 191168 191168
 orbital_sector_stabilizer_handling = exact character selection on every orbit stabilizer
 orbital_sector_state_policy = floor(global_states/representations) + Subspace_Buffer_Size, then grow sectors to bracket the global cutoff
 orbital_sector_scheduler = sequential on one CUDA device
 orbital_sector_cuda_devices = 0
 orbital_sector_lanczos_scheduler = same scheduler as sector solves
 orbital_sector_finite_difference_storage = stencil_major_int32_neighbors_uint8_coefficient_palette
 orbital_sector_neighbor_storage = shared_across_representations
 orbital_sector_nonlocal_application = cuSPARSE B.T projection plus KB scatter fused into CUDA stencil
 orbital_sector_projector_reduction = none
 orbital_sector_later_filter_precision = float64
 orbital_sector_local_potential_storage = one persistent shared device buffer per CUDA device
 orbital_density_storage = normalized wedge orbitals; physical scalar orbit values remain compact through SCF
 orbital_operator_cache = hit
 orbital_operator_cache_key = 91d4f37b82706c9b3134bf76ad9a0151c8ff6ea61ce51aef98076f6030c41aed
 orbital_operator_cache_path = C:\Users\zigze\Desktop\parsec_python\examples\ml_initial_density\small_molecules\C3H8O\scdp\.parsec_cache\symmetry\reflection-v4-91d4f37b82706c9b3134bf76ad9a0151c8ff6ea61ce51aef98076f6030c41aed.npz
 orbital_operator_hash_seconds = 0.000137
 orbital_operator_cache_load_seconds = 0.032180
 orbital_operator_build_seconds = 0.000000
 orbital_operator_build_workers = 1
 orbital_operator_cache_write_seconds = 0.000000
 scf_scalar_field_storage = one physical value per symmetry orbit with multiplicity weights
 hartree_boundary_setup = overlapped with GPU orbital setup
 hartree_boundary_setup_seconds = 0.207319
 hartree_boundary_setup_wait_seconds = 0.000017
 hartree_boundary_setup_overlapped_seconds = 0.207302
 hartree_cg_storage = int32_columns_uint8_coefficient_palette
 hartree_cg_openmp_workers = 24
 hartree_initial_guess = two-step chronological RHS predictor with previous-potential fallback
 hartree_cg_coefficient_palette_size = 11
 hartree_symmetry = normalized Cartesian axis-reflection wedge
 hartree_symmetry_group_order = 2
 hartree_full_grid_points = 382336
 hartree_wedge_points = 191168
 hartree_reduction_ratio = 2
 hartree_geometry_cache = hit
 hartree_geometry_cache_key = 2d874b1e6f426393d736e1d21c5d7be822fdf706323f4c5e44165f8d963feaee
 hartree_geometry_cache_path = C:\Users\zigze\Desktop\parsec_python\examples\ml_initial_density\small_molecules\C3H8O\scdp\.parsec_cache\symmetry\native-symmetry-boundary-v2-2d874b1e6f426393d736e1d21c5d7be822fdf706323f4c5e44165f8d963feaee.npz
 hartree_geometry_hash_seconds = 0.000033
 hartree_geometry_cache_load_seconds = 0.193179
 hartree_geometry_build_seconds = 0.000000
 hartree_geometry_cache_write_seconds = 0.000000
 native_openmp_detected_processors = 32
 native_openmp_reserved_threads = 4
 native_openmp_max_threads = 28
 native_openmp_thread_source = detected_processors_minus_4
 Backend initialization [sec] =     0.060224

 SCF iter #   1

 Diagonalization time [sec] :       2.27,      tdiag_sum =        2.27

 Fermi level at    -0.2301 [Ry]

   State   Eigenvalue [Ry]      Eigenvalue [eV]    Occup.     Repr.

    1        -1.8686065305       -25.4238867329    1.0000        1
    2        -1.5398374726       -20.9507206841    1.0000        1
    3        -1.2871349510       -17.5125007159    1.0000        1
    4        -1.1298293635       -15.3722323537    1.0000        1
    5        -0.9436257791       -12.8387836248    1.0000        1
    6        -0.9362833185       -12.7388835746    1.0000        2
    7        -0.8373062952       -11.3922219917    1.0000        1
    8        -0.8172236097       -11.1189809891    1.0000        1
    9        -0.7807924412       -10.6233057968    1.0000        2
   10        -0.6996850535        -9.5197749010    1.0000        1
   11        -0.6487018430        -8.8261075353    1.0000        2
   12        -0.5809208719        -7.9038931994    1.0000        1
   13        -0.4469961532        -6.0817402616    1.0000        2
   14        -0.0706354360        -0.9610516146    0.0000        1
   15        -0.0314089062        -0.4273432965    0.0000        1
   16        -0.0092445309        -0.1257792383    0.0000        2
   17        -0.0073012610        -0.0993394968    0.0000        1
   18         0.0304068618         0.4137096805    0.0000        1
   19         0.0602861450         0.8202412323    0.0000        2

 Max and min values of charge density [e/bohr^3]:   1.0948E+00   1.8071E-14

 Hartree potential time [sec]:       0.15

   Eigenvalue Energy             =         -25.03388737 [Ry]
   Hartree Energy                =         216.43309432 [Ry]
   Integral_{Vxc*rho}            =         -30.68252740 [Ry]
   Exc = Integral{eps_xc*rho}    =         -23.64710758 [Ry]
   Electron-Ion energy           =        -490.33286338 [Ry]
   Ion-Ion Energy                =         155.49355475 [Ry]

   Total Energy =           -75.64314942 [Ry]
   Energy/atom  =           -85.76546353 [eV]

  0-  1    SRE of pot. & charge weighted pot =   4.0233541468   0.2211572724

 SCF iter #   2

 Diagonalization time [sec] :       0.04,      tdiag_sum =        2.32

 Fermi level at    -0.2197 [Ry]

   State   Eigenvalue [Ry]      Eigenvalue [eV]    Occup.     Repr.

    1        -1.8479124594       -25.1423273397    1.0000        1
    2        -1.4701668765       -20.0027964883    1.0000        1
    3        -1.2395801767       -16.8654799681    1.0000        1
    4        -1.1099175734       -15.1013165197    1.0000        1
    5        -0.9008276374       -12.2564806691    1.0000        1
    6        -0.8874600781       -12.0746043313    1.0000        2
    7        -0.7806236202       -10.6210088511    1.0000        1
    8        -0.7637071283       -10.3908464460    1.0000        1
    9        -0.7438502569       -10.1206778251    1.0000        2
   10        -0.6700818964        -9.1170002663    1.0000        1
   11        -0.6279847793        -8.5442353102    1.0000        2
   12        -0.5581187622        -7.5936522545    1.0000        1
   13        -0.4296336880        -5.8455100322    1.0000        2
   14        -0.0494526768        -0.6728432300    0.0000        1
   15        -0.0283896193        -0.3862634821    0.0000        1
   16         0.0005309765         0.0072243606    0.0000        2
   17         0.0017429797         0.0237146333    0.0000        1
   18         0.0400462842         0.5448617333    0.0000        1
   19         0.0683407314         0.9298303230    0.0000        2

 Max and min values of charge density [e/bohr^3]:   1.0684E+00   1.6622E-12

 Hartree potential time [sec]:       0.15

   Eigenvalue Energy             =         -24.05972987 [Ry]
   Hartree Energy                =         215.25677801 [Ry]
   Integral_{Vxc*rho}            =         -30.43401410 [Ry]
   Exc = Integral{eps_xc*rho}    =         -23.45598144 [Ry]
   Electron-Ion energy           =        -488.23221634 [Ry]
   Ion-Ion Energy                =         155.49355475 [Ry]
   (E(new)-E(old))/atom  =            -0.06665202 [eV]

   Total Energy =           -75.70193496 [Ry]
   Energy/atom  =           -85.83211555 [eV]

  0-  2    SRE of pot. & charge weighted pot =   2.0661253484   0.0885933037

 SCF iter #   3

 Diagonalization time [sec] :       0.04,      tdiag_sum =        2.35

 Fermi level at    -0.2175 [Ry]

   State   Eigenvalue [Ry]      Eigenvalue [eV]    Occup.     Repr.

    1        -1.8471454115       -25.1318910391    1.0000        1
    2        -1.4319218456       -19.4824422474    1.0000        1
    3        -1.2053889459       -16.4002809203    1.0000        1
    4        -1.0920498075       -14.8582112706    1.0000        1
    5        -0.8880208741       -12.0822344093    1.0000        1
    6        -0.8683483218       -11.8145735961    1.0000        2
    7        -0.7579083751       -10.3119497699    1.0000        1
    8        -0.7162639211        -9.7453436577    1.0000        1
    9        -0.7136586507        -9.7098968702    1.0000        2
   10        -0.6373688418        -8.6719129880    1.0000        1
   11        -0.6029407507        -8.2034912654    1.0000        2
   12        -0.5479505278        -7.4553052915    1.0000        1
   13        -0.4303839842        -5.8557184120    1.0000        2
   14        -0.0403754698        -0.5493405669    0.0000        1
   15        -0.0254133747        -0.3457692930    0.0000        1
   16         0.0047858965         0.0651159500    0.0000        2
   17         0.0054751095         0.0744932443    0.0000        1
   18         0.0466951588         0.6353249920    0.0000        1
   19         0.0709006174         0.9646596203    0.0000        2

 Max and min values of charge density [e/bohr^3]:   1.0578E+00   1.6060E-12

 Hartree potential time [sec]:       0.14

   Eigenvalue Energy             =         -23.47870052 [Ry]
   Hartree Energy                =         214.47062577 [Ry]
   Integral_{Vxc*rho}            =         -30.26736910 [Ry]
   Exc = Integral{eps_xc*rho}    =         -23.32790882 [Ry]
   Electron-Ion energy           =        -486.91281057 [Ry]
   Ion-Ion Energy                =         155.49355475 [Ry]
   (E(new)-E(old))/atom  =            -0.01487034 [eV]

   Total Energy =           -75.71505025 [Ry]
   Energy/atom  =           -85.84698589 [eV]

  0-  3    SRE of pot. & charge weighted pot =   0.6115182345   0.0204464106

 SCF iter #   4

 Diagonalization time [sec] :       0.04,      tdiag_sum =        2.40

 Fermi level at    -0.2199 [Ry]

   State   Eigenvalue [Ry]      Eigenvalue [eV]    Occup.     Repr.

    1        -1.8542684600       -25.2288058126    1.0000        1
    2        -1.4362718950       -19.5416281485    1.0000        1
    3        -1.2088280699       -16.4470729535    1.0000        1
    4        -1.0937853505       -14.8818247220    1.0000        1
    5        -0.8926100658       -12.1446740332    1.0000        1
    6        -0.8700036064       -11.8370950676    1.0000        2
    7        -0.7629338129       -10.3803248720    1.0000        1
    8        -0.7203683734        -9.8011880154    1.0000        1
    9        -0.7168563530        -9.7534041683    1.0000        2
   10        -0.6409934722        -8.7212289835    1.0000        1
   11        -0.6038955488        -8.2164820579    1.0000        2
   12        -0.5537755789        -7.5345597717    1.0000        1
   13        -0.4383993953        -5.9647744929    1.0000        2
   14        -0.0415483674        -0.5652987777    0.0000        1
   15        -0.0269515736        -0.3666977199    0.0000        1
   16         0.0035330488         0.0480699551    0.0000        2
   17         0.0045881187         0.0624250251    0.0000        1
   18         0.0458565427         0.6239149486    0.0000        1
   19         0.0695353821         0.9460845022    0.0000        2

 Max and min values of charge density [e/bohr^3]:   1.0574E+00   1.9476E-13

 Hartree potential time [sec]:       0.13

   Eigenvalue Energy             =         -23.58597996 [Ry]
   Hartree Energy                =         214.50172370 [Ry]
   Integral_{Vxc*rho}            =         -30.26309237 [Ry]
   Exc = Integral{eps_xc*rho}    =         -23.32457157 [Ry]
   Electron-Ion energy           =        -486.96739869 [Ry]
   Ion-Ion Energy                =         155.49355475 [Ry]
   (E(new)-E(old))/atom  =            -0.00173627 [eV]

   Total Energy =           -75.71658160 [Ry]
   Energy/atom  =           -85.84872216 [eV]

  0-  4    SRE of pot. & charge weighted pot =   0.2356676971   0.0084988435

 SCF iter #   5

 Diagonalization time [sec] :       0.04,      tdiag_sum =        2.44

 Fermi level at    -0.2200 [Ry]

   State   Eigenvalue [Ry]      Eigenvalue [eV]    Occup.     Repr.

    1        -1.8554170131       -25.2444327969    1.0000        1
    2        -1.4361823920       -19.5404103885    1.0000        1
    3        -1.2090423303       -16.4499881381    1.0000        1
    4        -1.0936055195       -14.8793779776    1.0000        1
    5        -0.8931966459       -12.1526549251    1.0000        1
    6        -0.8697362318       -11.8334572229    1.0000        2
    7        -0.7634813444       -10.3877744763    1.0000        1
    8        -0.7207621196        -9.8065452465    1.0000        1
    9        -0.7170650706        -9.7562439371    1.0000        2
   10        -0.6409901994        -8.7211844551    1.0000        1
   11        -0.6034229760        -8.2100523272    1.0000        2
   12        -0.5545589253        -7.5452178263    1.0000        1
   13        -0.4399436929        -5.9857858966    1.0000        2
   14        -0.0414244802        -0.5636131927    0.0000        1
   15        -0.0271742580        -0.3697275200    0.0000        1
   16         0.0036811861         0.0500854821    0.0000        2
   17         0.0047107090         0.0640929651    0.0000        1
   18         0.0456922725         0.6216799212    0.0000        1
   19         0.0697099907         0.9484601920    0.0000        2

 Max and min values of charge density [e/bohr^3]:   1.0567E+00   5.4607E-14

 Hartree potential time [sec]:       0.15

   Eigenvalue Energy             =         -23.59480892 [Ry]
   Hartree Energy                =         214.46180898 [Ry]
   Integral_{Vxc*rho}            =         -30.25257588 [Ry]
   Exc = Integral{eps_xc*rho}    =         -23.31646150 [Ry]
   Electron-Ion energy           =        -486.89346231 [Ry]
   Ion-Ion Energy                =         155.49355475 [Ry]
   (E(new)-E(old))/atom  =            -0.00020470 [eV]

   Total Energy =           -75.71676214 [Ry]
   Energy/atom  =           -85.84892686 [eV]

  0-  5    SRE of pot. & charge weighted pot =   0.2310863387   0.0076482299

 SCF iter #   6

 Diagonalization time [sec] :       0.05,      tdiag_sum =        2.48

 Fermi level at    -0.2200 [Ry]

   State   Eigenvalue [Ry]      Eigenvalue [eV]    Occup.     Repr.

    1        -1.8563275191       -25.2568209594    1.0000        1
    2        -1.4378015310       -19.5624400712    1.0000        1
    3        -1.2110488088       -16.4772878822    1.0000        1
    4        -1.0946757899       -14.8939398625    1.0000        1
    5        -0.8942137514       -12.1664934584    1.0000        1
    6        -0.8701622743       -11.8392538719    1.0000        2
    7        -0.7648966277       -10.4070305375    1.0000        1
    8        -0.7238809660        -9.8489796479    1.0000        1
    9        -0.7189278068        -9.7815879535    1.0000        2
   10        -0.6430760940        -8.7495647193    1.0000        1
   11        -0.6047457961        -8.2280503528    1.0000        2
   12        -0.5559310010        -7.5638860128    1.0000        1
   13        -0.4411117003        -6.0016775714    1.0000        2
   14        -0.0410328988        -0.5582854151    0.0000        1
   15        -0.0273501772        -0.3721210416    0.0000        1
   16         0.0042280259         0.0575256751    0.0000        2
   17         0.0050551461         0.0687793066    0.0000        1
   18         0.0456929498         0.6216891367    0.0000        1
   19         0.0699520960         0.9517542284    0.0000        1

 Max and min values of charge density [e/bohr^3]:   1.0578E+00   2.0823E-14

 Hartree potential time [sec]:       0.17

   Eigenvalue Energy             =         -23.63359933 [Ry]
   Hartree Energy                =         214.48635171 [Ry]
   Integral_{Vxc*rho}            =         -30.25819698 [Ry]
   Exc = Integral{eps_xc*rho}    =         -23.32081620 [Ry]
   Electron-Ion energy           =        -486.94849912 [Ry]
   Ion-Ion Energy                =         155.49355475 [Ry]
   (E(new)-E(old))/atom  =            -0.00013039 [eV]

   Total Energy =           -75.71687714 [Ry]
   Energy/atom  =           -85.84905725 [eV]

  0-  6    SRE of pot. & charge weighted pot =   0.1090725657   0.0032877203

 SCF iter #   7

 Diagonalization time [sec] :       0.04,      tdiag_sum =        2.53

 Fermi level at    -0.2204 [Ry]

   State   Eigenvalue [Ry]      Eigenvalue [eV]    Occup.     Repr.

    1        -1.8574171577       -25.2716463643    1.0000        1
    2        -1.4383852227       -19.5703816628    1.0000        1
    3        -1.2115298230       -16.4838324659    1.0000        1
    4        -1.0949119651       -14.8971532153    1.0000        1
    5        -0.8950545606       -12.1779333407    1.0000        1
    6        -0.8704552476       -11.8432400084    1.0000        2
    7        -0.7657629426       -10.4188174442    1.0000        1
    8        -0.7243916375        -9.8559277409    1.0000        1
    9        -0.7194546752        -9.7887564205    1.0000        2
   10        -0.6435382889        -8.7558532515    1.0000        1
   11        -0.6047660846        -8.2283263940    1.0000        2
   12        -0.5568879916        -7.5769066361    1.0000        1
   13        -0.4425344814        -6.0210356468    1.0000        2
   14        -0.0408165601        -0.5553419529    0.0000        1
   15        -0.0272533957        -0.3708042517    0.0000        1
   16         0.0045992860         0.0625769656    0.0000        2
   17         0.0053422328         0.0726853515    0.0000        1
   18         0.0460651844         0.6267536862    0.0000        1
   19         0.0696382892         0.9474846358    0.0000        1

 Max and min values of charge density [e/bohr^3]:   1.0580E+00   1.3382E-14

 Hartree potential time [sec]:       0.13

   Eigenvalue Energy             =         -23.65018016 [Ry]
   Hartree Energy                =         214.49895585 [Ry]
   Integral_{Vxc*rho}            =         -30.25887918 [Ry]
   Exc = Integral{eps_xc*rho}    =         -23.32131186 [Ry]
   Electron-Ion energy           =        -486.96441841 [Ry]
   Ion-Ion Energy                =         155.49355475 [Ry]
   (E(new)-E(old))/atom  =            -0.00004007 [eV]

   Total Energy =           -75.71691249 [Ry]
   Energy/atom  =           -85.84909732 [eV]

  0-  7    SRE of pot. & charge weighted pot =   0.0393179757   0.0007651817

 SCF iter #   8

 Diagonalization time [sec] :       0.04,      tdiag_sum =        2.57

 Fermi level at    -0.2212 [Ry]

   State   Eigenvalue [Ry]      Eigenvalue [eV]    Occup.     Repr.

    1        -1.8574836330       -25.2725508134    1.0000        1
    2        -1.4380799330       -19.5662279526    1.0000        1
    3        -1.2110968334       -16.4779412965    1.0000        1
    4        -1.0947399512       -14.8948128279    1.0000        1
    5        -0.8949849288       -12.1769859439    1.0000        1
    6        -0.8704739833       -11.8434949214    1.0000        2
    7        -0.7655710405       -10.4162064629    1.0000        1
    8        -0.7236159708        -9.8453741762    1.0000        1
    9        -0.7190688701        -9.7835072330    1.0000        2
   10        -0.6431016155        -8.7499119596    1.0000        1
   11        -0.6045021904        -8.2247359018    1.0000        2
   12        -0.5567250481        -7.5746896594    1.0000        1
   13        -0.4425283496        -6.0209522187    1.0000        2
   14        -0.0410039895        -0.5578920798    0.0000        1
   15        -0.0273645229        -0.3723162256    0.0000        1
   16         0.0043261060         0.0588601336    0.0000        2
   17         0.0051727166         0.0703789473    0.0000        1
   18         0.0457253756         0.6221303150    0.0000        1
   19         0.0687440435         0.9353177076    0.0000        1

 Max and min values of charge density [e/bohr^3]:   1.0577E+00   8.7051E-15

 Hartree potential time [sec]:       0.14

   Eigenvalue Energy             =         -23.64394470 [Ry]
   Hartree Energy                =         214.49176959 [Ry]
   Integral_{Vxc*rho}            =         -30.25671060 [Ry]
   Exc = Integral{eps_xc*rho}    =         -23.31963897 [Ry]
   Electron-Ion energy           =        -486.95077731 [Ry]
   Ion-Ion Energy                =         155.49355475 [Ry]
   (E(new)-E(old))/atom  =            -0.00000773 [eV]

   Total Energy =           -75.71691930 [Ry]
   Energy/atom  =           -85.84910505 [eV]

  0-  8    SRE of pot. & charge weighted pot =   0.0564869261   0.0008283802

 SCF iter #   9

 Diagonalization time [sec] :       0.04,      tdiag_sum =        2.61

 Fermi level at    -0.2216 [Ry]

   State   Eigenvalue [Ry]      Eigenvalue [eV]    Occup.     Repr.

    1        -1.8573959285       -25.2713575241    1.0000        1
    2        -1.4380076952       -19.5652450993    1.0000        1
    3        -1.2110358158       -16.4771111025    1.0000        1
    4        -1.0947169380       -14.8944997147    1.0000        1
    5        -0.8949271159       -12.1761993531    1.0000        1
    6        -0.8704634883       -11.8433521290    1.0000        2
    7        -0.7654971794       -10.4152015239    1.0000        1
    8        -0.7235245105        -9.8441297848    1.0000        1
    9        -0.7190147479        -9.7827708564    1.0000        2
   10        -0.6430337942        -8.7489891966    1.0000        1
   11        -0.6044893097        -8.2245606499    1.0000        2
   12        -0.5566469724        -7.5736273775    1.0000        1
   13        -0.4424247757        -6.0195430133    1.0000        2
   14        -0.0410111287        -0.5579892152    0.0000        1
   15        -0.0273933588        -0.3727085605    0.0000        1
   16         0.0042813805         0.0582516065    0.0000        2
   17         0.0051504202         0.0700755872    0.0000        1
   18         0.0455462043         0.6196925463    0.0000        1
   19         0.0681620865         0.9273997161    0.0000        1

 Max and min values of charge density [e/bohr^3]:   1.0577E+00   5.2393E-15

 Hartree potential time [sec]:       0.14

   Eigenvalue Energy             =         -23.64235654 [Ry]
   Hartree Energy                =         214.48702139 [Ry]
   Integral_{Vxc*rho}            =         -30.25568210 [Ry]
   Exc = Integral{eps_xc*rho}    =         -23.31885289 [Ry]
   Electron-Ion energy           =        -486.94289896 [Ry]
   Ion-Ion Energy                =         155.49355475 [Ry]
   (E(new)-E(old))/atom  =            -0.00000138 [eV]

   Total Energy =           -75.71692052 [Ry]
   Energy/atom  =           -85.84910643 [eV]

  0-  9    SRE of pot. & charge weighted pot =   0.0696150971   0.0012220356

 SCF iter #  10

 Diagonalization time [sec] :       0.04,      tdiag_sum =        2.65

 Fermi level at    -0.2220 [Ry]

   State   Eigenvalue [Ry]      Eigenvalue [eV]    Occup.     Repr.

    1        -1.8575253155       -25.2731179372    1.0000        1
    2        -1.4380479240       -19.5657924443    1.0000        1
    3        -1.2110956380       -16.4779250318    1.0000        1
    4        -1.0946994517       -14.8942617998    1.0000        1
    5        -0.8949851691       -12.1769892142    1.0000        1
    6        -0.8704065999       -11.8425781164    1.0000        2
    7        -0.7655750788       -10.4162614070    1.0000        1
    8        -0.7236550658        -9.8459060947    1.0000        1
    9        -0.7190455535        -9.7831899915    1.0000        2
   10        -0.6430815146        -8.7496384708    1.0000        1
   11        -0.6044363171        -8.2238396439    1.0000        2
   12        -0.5567511121        -7.5750442809    1.0000        1
   13        -0.4425905607        -6.0217986502    1.0000        2
   14        -0.0409950331        -0.5577702208    0.0000        1
   15        -0.0273925488        -0.3726975407    0.0000        1
   16         0.0042703735         0.0581018484    0.0000        2
   17         0.0051598968         0.0702045239    0.0000        1
   18         0.0454653744         0.6185927915    0.0000        1
   19         0.0677084426         0.9212275288    0.0000        1

 Max and min values of charge density [e/bohr^3]:   1.0578E+00   4.4346E-15

 Hartree potential time [sec]:       0.13

   Eigenvalue Energy             =         -23.64379060 [Ry]
   Hartree Energy                =         214.48916926 [Ry]
   Integral_{Vxc*rho}            =         -30.25606363 [Ry]
   Exc = Integral{eps_xc*rho}    =         -23.31914458 [Ry]
   Electron-Ion energy           =        -486.94746459 [Ry]
   Ion-Ion Energy                =         155.49355475 [Ry]
   (E(new)-E(old))/atom  =            -0.00000166 [eV]

   Total Energy =           -75.71692198 [Ry]
   Energy/atom  =           -85.84910809 [eV]

  0- 10    SRE of pot. & charge weighted pot =   0.1011052507   0.0009389369

 SCF iter #  11

 Diagonalization time [sec] :       0.04,      tdiag_sum =        2.69

 Fermi level at    -0.2223 [Ry]

   State   Eigenvalue [Ry]      Eigenvalue [eV]    Occup.     Repr.

    1        -1.8575243228       -25.2731044308    1.0000        1
    2        -1.4382269710       -19.5682285222    1.0000        1
    3        -1.2112740601       -16.4803526070    1.0000        1
    4        -1.0948581794       -14.8964214168    1.0000        1
    5        -0.8950605470       -12.1780147908    1.0000        1
    6        -0.8705430278       -11.8444343273    1.0000        2
    7        -0.7656834432       -10.4177357908    1.0000        1
    8        -0.7238825726        -9.8490015065    1.0000        1
    9        -0.7192430584        -9.7858772035    1.0000        2
   10        -0.6432969201        -8.7525692360    1.0000        1
   11        -0.6046614701        -8.2269030298    1.0000        2
   12        -0.5568187010        -7.5759638826    1.0000        1
   13        -0.4425776631        -6.0216231680    1.0000        2
   14        -0.0410018963        -0.5578636007    0.0000        1
   15        -0.0274407541        -0.3733534120    0.0000        1
   16         0.0042628344         0.0579992719    0.0000        2
   17         0.0051507889         0.0700806032    0.0000        1
   18         0.0453689933         0.6172814484    0.0000        1
   19         0.0673577955         0.9164566940    0.0000        1

 Max and min values of charge density [e/bohr^3]:   1.0579E+00   3.0542E-15

 Hartree potential time [sec]:       0.14

   Eigenvalue Energy             =         -23.64730187 [Ry]
   Hartree Energy                =         214.49039353 [Ry]
   Integral_{Vxc*rho}            =         -30.25637920 [Ry]
   Exc = Integral{eps_xc*rho}    =         -23.31939236 [Ry]
   Electron-Ion energy           =        -486.94957724 [Ry]
   Ion-Ion Energy                =         155.49355475 [Ry]
   (E(new)-E(old))/atom  =            -0.00000084 [eV]

   Total Energy =           -75.71692272 [Ry]
   Energy/atom  =           -85.84910893 [eV]

  0- 11    SRE of pot. & charge weighted pot =   0.0726979740   0.0006467580

 SCF iter #  12

 Diagonalization time [sec] :       0.04,      tdiag_sum =        2.73

 Fermi level at    -0.2226 [Ry]

   State   Eigenvalue [Ry]      Eigenvalue [eV]    Occup.     Repr.

    1        -1.8575640196       -25.2736445373    1.0000        1
    2        -1.4383808060       -19.5703215707    1.0000        1
    3        -1.2114108618       -16.4822139031    1.0000        1
    4        -1.0949921157       -14.8982437274    1.0000        1
    5        -0.8951472223       -12.1791940772    1.0000        1
    6        -0.8706766736       -11.8462526851    1.0000        2
    7        -0.7657947184       -10.4192497801    1.0000        1
    8        -0.7240380844        -9.8511173689    1.0000        1
    9        -0.7194060597        -9.7880949667    1.0000        2
   10        -0.6434715823        -8.7549456551    1.0000        1
   11        -0.6048428515        -8.2293708684    1.0000        2
   12        -0.5568979761        -7.5770424826    1.0000        1
   13        -0.4426169579        -6.0221578062    1.0000        2
   14        -0.0410341262        -0.5583021141    0.0000        1
   15        -0.0274963109        -0.3741093073    0.0000        1
   16         0.0042291627         0.0575411415    0.0000        2
   17         0.0051248376         0.0697275157    0.0000        1
   18         0.0452882248         0.6161825294    0.0000        1
   19         0.0670542404         0.9123265835    0.0000        1

 Max and min values of charge density [e/bohr^3]:   1.0579E+00   2.6065E-15

 Hartree potential time [sec]:       0.16

   Eigenvalue Energy             =         -23.65047986 [Ry]
   Hartree Energy                =         214.49191049 [Ry]
   Integral_{Vxc*rho}            =         -30.25665047 [Ry]
   Exc = Integral{eps_xc*rho}    =         -23.31960303 [Ry]
   Electron-Ion energy           =        -486.95204254 [Ry]
   Ion-Ion Energy                =         155.49355475 [Ry]
   (E(new)-E(old))/atom  =            -0.00000037 [eV]

   Total Energy =           -75.71692305 [Ry]
   Energy/atom  =           -85.84910930 [eV]

  0- 12    SRE of pot. & charge weighted pot =   0.0440838617   0.0003957279

 SCF iter #  13

 Diagonalization time [sec] :       0.04,      tdiag_sum =        2.77

 Fermi level at    -0.2228 [Ry]

   State   Eigenvalue [Ry]      Eigenvalue [eV]    Occup.     Repr.

    1        -1.8575773970       -25.2738265478    1.0000        1
    2        -1.4384024967       -19.5706166889    1.0000        1
    3        -1.2114370900       -16.4825707587    1.0000        1
    4        -1.0950131859       -14.8985304050    1.0000        1
    5        -0.8951643512       -12.1794271292    1.0000        1
    6        -0.8706928509       -11.8464727914    1.0000        2
    7        -0.7658160863       -10.4195405066    1.0000        1
    8        -0.7240747961        -9.8516168610    1.0000        1
    9        -0.7194363979        -9.7885077422    1.0000        2
   10        -0.6435020670        -8.7553604232    1.0000        1
   11        -0.6048709140        -8.2297526811    1.0000        2
   12        -0.5569171967        -7.5773039944    1.0000        1
   13        -0.4426338572        -6.0223877338    1.0000        2
   14        -0.0410383562        -0.5583596667    0.0000        1
   15        -0.0275078113        -0.3742657795    0.0000        1
   16         0.0042154101         0.0573540268    0.0000        2
   17         0.0051189486         0.0696473903    0.0000        1
   18         0.0452431399         0.6155691122    0.0000        1
   19         0.0668047736         0.9089323883    0.0000        1

 Max and min values of charge density [e/bohr^3]:   1.0579E+00   2.2783E-15

 Hartree potential time [sec]:       0.18

   Eigenvalue Energy             =         -23.65107737 [Ry]
   Hartree Energy                =         214.49233463 [Ry]
   Integral_{Vxc*rho}            =         -30.25674925 [Ry]
   Exc = Integral{eps_xc*rho}    =         -23.31967988 [Ry]
   Electron-Ion energy           =        -486.95280518 [Ry]
   Ion-Ion Energy                =         155.49355475 [Ry]
   (E(new)-E(old))/atom  =            -0.00000013 [eV]

   Total Energy =           -75.71692317 [Ry]
   Energy/atom  =           -85.84910944 [eV]

  0- 13    SRE of pot. & charge weighted pot =   0.0387004418   0.0003331274

 SCF iter #  14

 Diagonalization time [sec] :       0.04,      tdiag_sum =        2.81

 Fermi level at    -0.2229 [Ry]

   State   Eigenvalue [Ry]      Eigenvalue [eV]    Occup.     Repr.

    1        -1.8575748767       -25.2737922568    1.0000        1
    2        -1.4385030502       -19.5719848005    1.0000        1
    3        -1.2115452438       -16.4840422783    1.0000        1
    4        -1.0951157734       -14.8999261893    1.0000        1
    5        -0.8952106050       -12.1800564494    1.0000        1
    6        -0.8707803946       -11.8476638930    1.0000        2
    7        -0.7658831139       -10.4204524705    1.0000        1
    8        -0.7242212149        -9.8536090060    1.0000        1
    9        -0.7195688203        -9.7903094549    1.0000        2
   10        -0.6436405815        -8.7572450241    1.0000        1
   11        -0.6050252798        -8.2318529512    1.0000        2
   12        -0.5569603626        -7.5778913011    1.0000        1
   13        -0.4426318088        -6.0223598649    1.0000        2
   14        -0.0410638596        -0.5587066606    0.0000        1
   15        -0.0275574125        -0.3749406432    0.0000        1
   16         0.0041865710         0.0569616484    0.0000        2
   17         0.0050924697         0.0692871244    0.0000        1
   18         0.0451808869         0.6147221105    0.0000        1
   19         0.0665989456         0.9061319347    0.0000        1

 Max and min values of charge density [e/bohr^3]:   1.0580E+00   2.0290E-15

 Hartree potential time [sec]:       0.16

   Eigenvalue Energy             =         -23.65332225 [Ry]
   Hartree Energy                =         214.49306524 [Ry]
   Integral_{Vxc*rho}            =         -30.25701090 [Ry]
   Exc = Integral{eps_xc*rho}    =         -23.31988552 [Ry]
   Electron-Ion energy           =        -486.95438181 [Ry]
   Ion-Ion Energy                =         155.49355475 [Ry]
   (E(new)-E(old))/atom  =            -0.00000016 [eV]

   Total Energy =           -75.71692331 [Ry]
   Energy/atom  =           -85.84910960 [eV]

  0- 14    SRE of pot. & charge weighted pot =   0.0053622230   0.0001580351

Self-consistency convergence achieved.

Time for self-consistent field [sec] :       9.25,    tdiag_sum =        2.81
Time spent on Hartree potential [sec] :        2.08

 Initial Hamiltonian component timings [sec]
 --------------------------------------------------
 Finite-difference (-nabla^2) :     0.007499
 V_ion diagonal/local         :     0.097374
 V_ion nonlocal projectors    :     0.052600
 Initial V_xc (PBE)             :     0.181408
 Component subtotal             :     0.338882
 --------------------------------------------------

 SCF timing analysis [sec]
 --------------------------------------------------
 Initial Hartree potential      :     0.156456
 Initial exchange-correlation   :     0.181408
 Hamiltonian binding subtotal  :     0.004937
 Diagonalization subtotal       :     2.808536
 Occupation/density subtotal   :     0.014887
 Hartree potential subtotal     :     2.078510
 Exchange-correlation subtotal  :     3.732791
 Mixing/energy subtotal         :     0.226179
 SCF wall time                   :     9.231849
 --------------------------------------------------

Forces, dipoles, and MPI statistics
are not calculated by this Python single-point implementation.

 =================================================================

 Accelerated Hamiltonian statistics:
 -----------------------------------
 Backend = cupy
 H applications =         1461
 Orbital vectors applied =         7456
 Total H application time [sec] =     0.000000
 Average H application [sec] =     0.000000
 Local-potential updates =           14
 Local update time [sec] =     0.004742
 Per-H device timing = disabled (would synchronize every recurrence)
 GPU initial-eigensolver calls =            2
 GPU initial-eigensolver synchronized time [sec] =     2.268503
 GPU SUBSPACE calls =           26
 GPU SUBSPACE synchronized time [sec] =     0.508670
 GPU representation scheduler batches =           14
 GPU representation scheduler wall time [sec] =     2.779975
 Final active states by representation = 15 11
 Requested-eigenpair download [sec] =     0.001655
 GPU density builds =           14
 GPU density build/download [sec] =     0.011086
 Final wavefunction download [sec] =     0.014278
 Accelerated Hartree solves =           15
 Accelerated Hartree total [sec] =     2.229302
 Hartree boundary/RHS [sec] =     0.184412
 Hartree linear solve [sec] =     2.044786
 Host-to-device time [sec] =     0.000000
 Device kernel time [sec] =     2.777174
 Device-to-host time [sec] =     0.001655
 Pre-SCF setup/reporting wall time [sec] :    1.939965
 Post-SCF finalization/reporting [sec] :    0.000119
 Total accelerated Python wall time [sec] :       11.19
Text log: C:\Users\zigze\Desktop\parsec_python\examples\ml_initial_density\small_molecules\C3H8O\scdp\parsec.out
