
 =================================================================

  PARSEC-PYTHON - Modular real-space DFT program
  PARSEC-like report; Python real-space implementation

 starting run on 02-Sep-2026 15:44:28 -0700
 input file: C:\Users\zigze\Desktop\parsec_python\examples\ml_initial_density\small_molecules\CH3CH2CH2OH\sad\parsec.in

 =================================================================

 Initial Run - starting from atomic potentials
 Initial density method = sad
 ignoresym= F

 Grid data:
 ~~------~~

 Confined system (cluster) with zero boundary condition!
  Spherical domain shape:
 --- Radius is  17.007542 bohrs
 Grid spacing is  0.377945 bohrs
 Order of double grid is    1
 Grid points are shifted from origin!
 shift vector =   0.5000   0.5000   0.5000   [units of grid spacing]
 WAVEFUNCTIONS ARE REAL!
 The Finite-difference expansion is of order  8
 Python constructs the full active grid; the selected execution backend reports any exact symmetry reduction.

 Eigenvalue data:
 ----------------
 Number of states:           19
 Net cluster charge =    0.000      [e]
 Fermi temperature =    500.00 [K]

 Self-consistency data:
 ----------------------
 Maximum number of iterations is           50
 Performing Chebyshev subspace filtering
 Polynomial degree for First-filter is     10
 The matvec operations use block size      6
 Polynomial degree for Chebyshev filtering is     10
 Change in polynomial degree (dpm) for Chebyshev filtering is      3
 Self-consistency convergence criterion is    2.0000000000000001E-04  Ry
 Diagonalization tolerance is    1.0000000000000000E-04
 Buffer size in subspace is      6

 Mixer data:
 -----------
 solver lpole is :            9
 Anderson mixer
 Initial Jacobian:  0.300  Mixing memory is  4
 Mixing restarted after           20 iterations

 Correlation data:
 -----------------
 Exchange-Correlation functional is pbe
 GGA, Perdew-Burke-Ernzerhof parametrization

 Other input data:
 -----------------
 output level [1 - 6] =  1
 No spin effects!
 No minimization!


 Atom data:
 --~--~---

 Tot. # of atom types is     3

 Chemical element : H
 Physical element : H
 martins_new
  pseudopotential format : new Martins
  pseudopotential file   : C:\Users\zigze\Desktop\parsec_python\examples\ml_initial_density\pseudopotentials\H_POTRE.DAT
  radial points/channels : 773 / 1
  selected local channel : l=0
 There are      8 H  atoms
 and their initial coordinates are:

    x [bohr]          y [bohr]          z [bohr]
     -1.676093254     -1.749282376     -3.550545470
      0.000000000      0.761261355     -5.005202418
      1.676093254     -1.749282376     -3.550545470
     -1.667143508      2.123858369     -0.759874295
      1.667143508      2.123858369     -0.759874295
     -1.686996978     -2.123858369      1.195575393
      1.686996978     -2.123858369      1.195575393
      0.000000000     -0.559328920      5.005202418

 Chemical element : C
 Physical element : C
 martins_new
  pseudopotential format : new Martins
  pseudopotential file   : C:\Users\zigze\Desktop\parsec_python\examples\ml_initial_density\pseudopotentials\C_POTRE.DAT
  radial points/channels : 921 / 3
  selected local channel : l=1
 There are      3 C  atoms
 and their initial coordinates are:

    x [bohr]          y [bohr]          z [bohr]
      0.000000000     -0.527825283     -3.378950710
      0.000000000      0.883469992     -0.909198624
      0.000000000     -0.882081043      1.300253034

 Chemical element : O
 Physical element : O
 martins_new
  pseudopotential format : new Martins
  pseudopotential file   : C:\Users\zigze\Desktop\parsec_python\examples\ml_initial_density\pseudopotentials\O_POTRE.DAT
  radial points/channels : 945 / 3
  selected local channel : l=1
 There are      1 O  atoms
 and their initial coordinates are:

    x [bohr]          y [bohr]          z [bohr]
      0.000000000      0.558607045      3.538751684

 Tot. number of atoms =      12

 Real-space setup:
 -----------------
 Full active grid points =       382336
 Hamiltonian dimension   =       382336
 Sparse Laplacian nonzeros =     9175984
 Nonlocal projector columns =       24
 Number of electrons =    26.00000000
 Initial density integral =    26.00000000

 Setup timings [sec]
 --------------------------------------------------
 Pseudopotential loading       :     0.031856
 Grid-domain construction      :     0.038462
 Finite-difference construction:     0.081602
 Local ionic potential setup   :     0.049847
 Nonlocal ionic projector setup:     0.035636
 Initial valence-density setup :     0.020547
 Core-density setup            :     0.000054
 Ion-ion energy setup           :     0.000411
 Preparation wall time          :     0.258629
 --------------------------------------------------

 The reference setup above describes the constructed full grid.  The GPU orbital solve is decomposed into the exact symmetry representations reported below.

 Acceleration backend:
 ---------------------
 Requested backend = auto
 Selected backend  = cupy
 Numeric dtype     = float64
 Device            = CUDA:0 (NVIDIA GeForce RTX 5070 Laptop GPU)
 Implementation    = CuPy float64 device-resident stencil-major/compact-CSR Hamiltonian with fused Chebyshev recurrence, CHEBFF/CHEBDAV/SUBSPACE eigensolver, and fused orbital-density construction
 laplacian_nnz = 9175984
 projector_columns = 24
 cupy_version = 14.0.1
 gpu_finite_difference_storage = deferred_full_grid_symmetry_sectors
 gpu_finite_difference_palette_size = 0
 gpu_finite_difference_fallback = full-grid operator intentionally deferred
 gpu_chebyshev_recurrence = separate_hamiltonian_and_elementwise_kernels
 gpu_later_subspace_filter_precision = deferred_to_symmetry_sector_operators
 gpu_nonlocal_application = deferred_to_symmetry_sector_operators
 gpu_projector_reduction = deferred_to_symmetry_sector_operators
 gpu_subspace_residuals = disabled_diagnostics_only
 cuda_initialization_overlap = cuda_probe_with_cpu_reference_setup
 backend_resolution_seconds = 0.963226
 reference_preparation_seconds = 0.262299
 backend_reference_overlapped_seconds = 0.261863
 symmetry_mode = auto
 symmetry_detection = exact Cartesian axis-reflection subgroup detected
 detected_symmetry_group_order = 2
 orbital_symmetry = CuPy real one-dimensional reflection representations
 finite_difference_builder = C++17 compressed-grid CSR builder (exact stencil parity)
 ionic_setup_implementation = cached-grid C++/OpenMP radial interpolation and KB sampling
 hartree_backend = native
 hartree_implementation = orbit-summed C++/OpenMP multipoles and direct wedge RHS plus symmetry-wedge C++/OpenMP CG
 xc_implementation = vectorized NumPy discrete-variational PBE
 finite_difference_full_grid_materialization = performed
 finite_difference_provenance_key = d206bb47e3af53cfaafad42fa38b50165d964df2f9cdd469189fa8b739d7d1e7
 finite_difference_provenance_hash_seconds = 0.006622
 finite_difference_nnz_count_seconds = 0.074970
 finite_difference_nnz_cache = miss-written
 finite_difference_nnz_cache_path = C:\Users\zigze\Desktop\parsec_python\examples\ml_initial_density\small_molecules\CH3CH2CH2OH\sad\.parsec_cache\symmetry\negative-laplacian-nnz-v1-d206bb47e3af53cfaafad42fa38b50165d964df2f9cdd469189fa8b739d7d1e7.json
 finite_difference_materialization_seconds = 0.133565
 reference_static_cache = disabled
 reference_static_cache_lookup_seconds = 0.000000
 symmetry_geometry_cache = miss-written
 symmetry_geometry_cache_key = 730ec163274094e8644903f3183ff58f42e6521d4d36e77b6767128572ba2de0
 symmetry_geometry_cache_path = C:\Users\zigze\Desktop\parsec_python\examples\ml_initial_density\small_molecules\CH3CH2CH2OH\sad\.parsec_cache\symmetry\reflection-reduction-v2-730ec163274094e8644903f3183ff58f42e6521d4d36e77b6767128572ba2de0.npz
 symmetry_geometry_hash_seconds = 0.007445
 symmetry_geometry_cache_load_seconds = 0.000000
 symmetry_geometry_build_seconds = 0.092353
 symmetry_geometry_cache_write_seconds = 0.007149
 symmetry_representation_cache = miss-written
 symmetry_representation_cache_key = 78add3c689bf826d90098e18b40a7445d5ac6ea8d93c10716096405aac04ba98
 symmetry_representation_cache_path = C:\Users\zigze\Desktop\parsec_python\examples\ml_initial_density\small_molecules\CH3CH2CH2OH\sad\.parsec_cache\symmetry\reflection-representations-v3-78add3c689bf826d90098e18b40a7445d5ac6ea8d93c10716096405aac04ba98.npz
 symmetry_representation_hash_seconds = 0.002619
 symmetry_representation_cache_load_seconds = 0.000000
 symmetry_representation_build_seconds = 0.043894
 symmetry_representation_cache_write_seconds = 0.005495
 gpu_initial_random_basis = bit-exact 2048-lane skip-ahead DLARNV generator
 gpu_chebdav_ritz_scalar_source = reuse values already returned by host LAPACK
 gpu_chebdav_appended_orthogonalization = not used by the selected first eigensolver
 gpu_chebdav_prefix_projection = full C-order coefficient GEMM plus fused active-prefix CUDA update for blocks up to six
 gpu_chebdav_ritz_projection = full contiguous C-order Davidson workspace GEMM; use only the active row interval
 gpu_subspace_orthogonalization = size-adaptive per representation: audited PARSEC MGS for small bases; generalized Cholesky-whitened Rayleigh--Ritz with Householder QR fallback for large bases
 symmetry_full_grid_points = 382336
 symmetry_wedge_points = 191168
 symmetry_reduction_ratio = 2
 orbital_symmetry_representations = 2
 orbital_sector_dimensions = 191168 191168
 orbital_sector_stabilizer_handling = exact character selection on every orbit stabilizer
 orbital_sector_state_policy = floor(global_states/representations) + Subspace_Buffer_Size, then grow sectors to bracket the global cutoff
 orbital_sector_scheduler = sequential on one CUDA device
 orbital_sector_cuda_devices = 0
 orbital_sector_lanczos_scheduler = same scheduler as sector solves
 orbital_sector_finite_difference_storage = stencil_major_int32_neighbors_uint8_coefficient_palette
 orbital_sector_neighbor_storage = shared_across_representations
 orbital_sector_nonlocal_application = cuSPARSE B.T projection plus KB scatter fused into CUDA stencil
 orbital_sector_projector_reduction = none
 orbital_sector_later_filter_precision = float64
 orbital_sector_local_potential_storage = one persistent shared device buffer per CUDA device
 orbital_density_storage = normalized wedge orbitals; physical scalar orbit values remain compact through SCF
 orbital_operator_cache = miss-written
 orbital_operator_cache_key = 998196d28ec0a68c1a51d395f492d348e47eb4fcebed6c120a3f898618ccacd7
 orbital_operator_cache_path = C:\Users\zigze\Desktop\parsec_python\examples\ml_initial_density\small_molecules\CH3CH2CH2OH\sad\.parsec_cache\symmetry\reflection-v4-998196d28ec0a68c1a51d395f492d348e47eb4fcebed6c120a3f898618ccacd7.npz
 orbital_operator_hash_seconds = 0.000130
 orbital_operator_cache_load_seconds = 0.000000
 orbital_operator_build_seconds = 1.394194
 orbital_operator_build_workers = 1
 orbital_operator_cache_write_seconds = 0.031773
 scf_scalar_field_storage = one physical value per symmetry orbit with multiplicity weights
 hartree_boundary_setup = overlapped with GPU orbital setup
 hartree_boundary_setup_seconds = 0.918461
 hartree_boundary_setup_wait_seconds = 0.000016
 hartree_boundary_setup_overlapped_seconds = 0.918444
 hartree_cg_storage = int32_columns_uint8_coefficient_palette
 hartree_cg_openmp_workers = 24
 hartree_initial_guess = two-step chronological RHS predictor with previous-potential fallback
 hartree_cg_coefficient_palette_size = 11
 hartree_symmetry = normalized Cartesian axis-reflection wedge
 hartree_symmetry_group_order = 2
 hartree_full_grid_points = 382336
 hartree_wedge_points = 191168
 hartree_reduction_ratio = 2
 hartree_geometry_cache = miss-written
 hartree_geometry_cache_key = 590921311096f09bf89eafd85ad4c397fd6d9472d628babf3efef8b1facad886
 hartree_geometry_cache_path = C:\Users\zigze\Desktop\parsec_python\examples\ml_initial_density\small_molecules\CH3CH2CH2OH\sad\.parsec_cache\symmetry\native-symmetry-boundary-v2-590921311096f09bf89eafd85ad4c397fd6d9472d628babf3efef8b1facad886.npz
 hartree_geometry_hash_seconds = 0.000039
 hartree_geometry_cache_load_seconds = 0.000000
 hartree_geometry_build_seconds = 0.059437
 hartree_geometry_cache_write_seconds = 0.852944
 native_openmp_detected_processors = 32
 native_openmp_reserved_threads = 4
 native_openmp_max_threads = 28
 native_openmp_thread_source = detected_processors_minus_4
 Backend initialization [sec] =     0.068854

 SCF iter #   1

 Diagonalization time [sec] :       0.37,      tdiag_sum =        0.37

 Fermi level at     1.5109 [Ry]

   State   Eigenvalue [Ry]      Eigenvalue [eV]    Occup.     Repr.

    1         0.6519848027         8.8707748281    1.0000        1
    2         0.9485770804        12.9061500403    1.0000        1
    3         1.0917394735        14.8539889288    1.0000        1
    4         1.1357210872        15.4523939685    1.0000        2
    5         1.2488404907        16.9914739478    1.0000        2
    6         1.2596470945        17.1385064390    1.0000        1
    7         1.3029135033        17.7271805436    1.0000        1
    8         1.3757157872        18.7177138580    1.0000        1
    9         1.3926247146        18.9477733415    1.0000        1
   10         1.4635771550        19.9131380556    1.0000        2
   11         1.4764755158        20.0886305726    1.0000        1
   12         1.4977156580        20.3776196996    0.9849        1
   13         1.4999521023        20.4080483132    0.9698        2
   14         1.5207352754        20.6908200095    0.0434        2
   15         1.5308573760        20.8285392867    0.0019        2
   16         1.5435261151        21.0009076172    0.0000        1
   17         1.6137265408        21.9560405695    0.0000        1
   18         1.6411649107        22.3293615423    0.0000        1
   19         1.6605064090        22.5925180994    0.0000        1

 Max and min values of charge density [e/bohr^3]:   1.3608E-01   2.9861E-06

 Hartree potential time [sec]:       0.12

   Eigenvalue Energy             =          32.69295938 [Ry]
   Hartree Energy                =          55.02706450 [Ry]
   Integral_{Vxc*rho}            =          -8.75921721 [Ry]
   Exc = Integral{eps_xc*rho}    =          -6.81534732 [Ry]
   Electron-Ion energy           =        -167.04636480 [Ry]
   Ion-Ion Energy                =         154.68517705 [Ry]

   Total Energy =            81.74188783 [Ry]
   Energy/atom  =            92.68031479 [eV]

  0-  1    SRE of pot. & charge weighted pot = 226.0587666642   3.7275366795

 SCF iter #   2

 Diagonalization time [sec] :       0.08,      tdiag_sum =        0.45

 Fermi level at    -1.8772 [Ry]

   State   Eigenvalue [Ry]      Eigenvalue [eV]    Occup.     Repr.

    1        -5.4005383927       -73.4786452637    1.0000        1
    2        -4.5017926597       -61.2504905693    1.0000        1
    3        -4.0663247032       -55.3256006462    1.0000        2
    4        -4.0015422994       -54.4441842167    1.0000        1
    5        -3.7787782855       -51.4133015962    1.0000        1
    6        -3.5769100748       -48.6667230960    1.0000        2
    7        -3.4603159302       -47.0803664825    1.0000        1
    8        -3.3462213395       -45.5280183011    1.0000        1
    9        -3.0671260878       -41.7307041253    1.0000        1
   10        -2.9090469371       -39.5799108162    1.0000        2
   11        -2.3869771292       -32.4767334244    1.0000        1
   12        -2.1868126088       -29.7533349922    1.0000        2
   13        -2.0713241027       -28.1820214767    1.0000        1
   14        -1.6655348866       -22.6609345602    0.0000        1
   15        -1.4987172800       -20.3912475684    0.0000        1
   16        -1.3429458874       -18.2718531543    0.0000        2
   17        -0.8738507408       -11.8894384086    0.0000        1
   18        -0.8019242239       -10.9108206060    0.0000        1
   19        -0.7787774263       -10.5958899074    0.0000        2

 Max and min values of charge density [e/bohr^3]:   1.3720E+00   1.4521E-07

 Hartree potential time [sec]:       0.12

   Eigenvalue Energy             =         -89.50742110 [Ry]
   Hartree Energy                =         200.86441716 [Ry]
   Integral_{Vxc*rho}            =         -29.71017093 [Ry]
   Exc = Integral{eps_xc*rho}    =         -22.91544288 [Ry]
   Electron-Ion energy           =        -478.95112571 [Ry]
   Ion-Ion Energy                =         154.68517705 [Ry]
   (E(new)-E(old))/atom  =          -160.99901014 [eV]

   Total Energy =           -60.25550457 [Ry]
   Energy/atom  =           -68.31869534 [eV]

  0-  2    SRE of pot. & charge weighted pot =  49.9509985193   3.0213077180

 SCF iter #   3

 Diagonalization time [sec] :       0.04,      tdiag_sum =        0.49

 Fermi level at    -2.2126 [Ry]

   State   Eigenvalue [Ry]      Eigenvalue [eV]    Occup.     Repr.

    1        -4.8015496405       -65.3289240983    1.0000        1
    2        -4.1394999517       -56.3212084433    1.0000        1
    3        -3.8158865899       -51.9181897646    1.0000        1
    4        -3.5679260804       -48.5444886651    1.0000        1
    5        -3.5009910724       -47.6337843324    1.0000        1
    6        -3.4589815543       -47.0622112314    1.0000        2
    7        -3.3797486272       -45.9841838713    1.0000        1
    8        -3.2862012612       -44.7113971195    1.0000        2
    9        -3.1790014997       -43.2528586050    1.0000        1
   10        -3.1165696002       -42.4034226663    1.0000        1
   11        -2.9667136908       -40.3645131348    1.0000        2
   12        -2.7655617277       -37.6276797552    1.0000        2
   13        -2.4828475045       -33.7811265763    1.0000        1
   14        -2.0956805722       -28.5134107291    0.0000        1
   15        -1.9170345242       -26.0827883294    0.0000        1
   16        -1.6872729662       -22.9566985239    0.0000        1
   17        -1.5582048470       -21.2006235076    0.0000        2
   18        -1.4479549043       -19.7005848368    0.0000        1
   19        -1.4256215739       -19.3967220107    0.0000        2

 Max and min values of charge density [e/bohr^3]:   1.4805E+00   5.3967E-09

 Hartree potential time [sec]:       0.12

   Eigenvalue Energy             =         -88.92295760 [Ry]
   Hartree Energy                =         238.02523322 [Ry]
   Integral_{Vxc*rho}            =         -34.44405231 [Ry]
   Exc = Integral{eps_xc*rho}    =         -26.53408260 [Ry]
   Electron-Ion energy           =        -523.32580244 [Ry]
   Ion-Ion Energy                =         154.68517705 [Ry]
   (E(new)-E(old))/atom  =            -9.65106506 [eV]

   Total Energy =           -68.76752009 [Ry]
   Energy/atom  =           -77.96976040 [eV]

  0-  3    SRE of pot. & charge weighted pot =  67.5332518070   3.8293270621

 SCF iter #   4

 Diagonalization time [sec] :       0.04,      tdiag_sum =        0.53

 Fermi level at    -1.7300 [Ry]

   State   Eigenvalue [Ry]      Eigenvalue [eV]    Occup.     Repr.

    1        -3.9430888127       -53.6488777674    1.0000        1
    2        -3.3253128500       -45.2435415739    1.0000        1
    3        -3.0633105603       -41.6787908214    1.0000        1
    4        -2.8403562272       -38.6453187557    1.0000        1
    5        -2.8114845826       -38.2524969336    1.0000        1
    6        -2.6815885792       -36.4851578915    1.0000        2
    7        -2.6602287053       -36.1945397184    1.0000        1
    8        -2.5291688803       -34.4113659514    1.0000        2
    9        -2.4853876053       -33.8156866800    1.0000        1
   10        -2.4421223162       -33.2270278098    1.0000        1
   11        -2.3284069956       -31.6798399004    1.0000        2
   12        -2.2451949781       -30.5476738333    1.0000        2
   13        -2.2305701009       -30.3486906795    1.0000        1
   14        -1.5364763967       -20.9049905580    0.0000        1
   15        -1.3070175029       -17.7830187404    0.0000        1
   16        -1.2009889421       -16.3404153487    0.0000        1
   17        -1.1393292454       -15.5014858472    0.0000        2
   18        -1.0820725340       -14.7224624833    0.0000        2
   19        -1.0682513191       -14.5344137976    0.0000        1

 Max and min values of charge density [e/bohr^3]:   1.4092E+00   9.5065E-10

 Hartree potential time [sec]:       0.12

   Eigenvalue Energy             =         -71.17244239 [Ry]
   Hartree Energy                =         234.29897542 [Ry]
   Integral_{Vxc*rho}            =         -33.83206284 [Ry]
   Exc = Integral{eps_xc*rho}    =         -26.06418209 [Ry]
   Electron-Ion energy           =        -516.62028340 [Ry]
   Ion-Ion Energy                =         154.68517705 [Ry]
   (E(new)-E(old))/atom  =            -4.41484538 [eV]

   Total Energy =           -72.66131131 [Ry]
   Energy/atom  =           -82.38460579 [eV]

  0-  4    SRE of pot. & charge weighted pot =  53.8434730177   2.7976181418

 SCF iter #   5

 Diagonalization time [sec] :       0.04,      tdiag_sum =        0.57

 Fermi level at    -1.3310 [Ry]

   State   Eigenvalue [Ry]      Eigenvalue [eV]    Occup.     Repr.

    1        -3.3193511693       -45.1624281387    1.0000        1
    2        -2.8028890471       -38.1355477966    1.0000        1
    3        -2.5382758079       -34.5352729868    1.0000        1
    4        -2.3446254678       -31.9005051899    1.0000        1
    5        -2.3022207134       -31.3235545821    1.0000        1
    6        -2.1851027048       -29.7300703812    1.0000        2
    7        -2.1139192488       -28.7615625152    1.0000        1
    8        -1.9996266700       -27.2065205464    1.0000        2
    9        -1.9654829519       -26.7419679475    1.0000        1
   10        -1.9513996014       -26.5503526973    1.0000        1
   11        -1.8312965904       -24.9162551502    1.0000        1
   12        -1.8279992754       -24.8713925412    1.0000        2
   13        -1.7977105999       -24.4592908802    1.0000        2
   14        -1.0596347367       -14.4171783008    0.0000        1
   15        -0.8701574952       -11.8391888484    0.0000        1
   16        -0.8074748084       -10.9863407484    0.0000        1
   17        -0.8054677011       -10.9590324482    0.0000        2
   18        -0.7599972256       -10.3403702517    0.0000        1
   19        -0.7442292086       -10.1258337661    0.0000        2

 Max and min values of charge density [e/bohr^3]:   1.2896E+00   1.1604E-10

 Hartree potential time [sec]:       0.12

   Eigenvalue Energy             =         -57.95979970 [Ry]
   Hartree Energy                =         229.36271766 [Ry]
   Integral_{Vxc*rho}            =         -32.89490639 [Ry]
   Exc = Integral{eps_xc*rho}    =         -25.34409750 [Ry]
   Electron-Ion energy           =        -508.54689297 [Ry]
   Ion-Ion Energy                =         154.68517705 [Ry]
   (E(new)-E(old))/atom  =            -1.81541833 [eV]

   Total Energy =           -74.26246817 [Ry]
   Energy/atom  =           -84.20002412 [eV]

  0-  5    SRE of pot. & charge weighted pot =  41.7090835991   2.0099887347

 SCF iter #   6

 Diagonalization time [sec] :       0.04,      tdiag_sum =        0.61

 Fermi level at    -1.0572 [Ry]

   State   Eigenvalue [Ry]      Eigenvalue [eV]    Occup.     Repr.

    1        -2.9538420103       -40.1893836238    1.0000        1
    2        -2.4713633304       -33.6248752012    1.0000        1
    3        -2.2191209530       -30.1929158629    1.0000        1
    4        -2.0407471871       -27.7659980779    1.0000        1
    5        -1.9715997754       -26.8251922245    1.0000        1
    6        -1.8741927764       -25.4998920777    1.0000        2
    7        -1.7862375709       -24.3031911421    1.0000        1
    8        -1.6907884564       -23.0045295802    1.0000        2
    9        -1.6471721523       -22.4110948702    1.0000        1
   10        -1.6295788983       -22.1717245749    1.0000        1
   11        -1.5430089160       -20.9938707095    1.0000        1
   12        -1.5250412106       -20.7494057038    1.0000        2
   13        -1.4806175799       -20.1449866686    1.0000        2
   14        -0.7624180985       -10.3733081651    0.0000        1
   15        -0.6062095299        -8.2479656224    0.0000        1
   16        -0.5831035582        -7.9335903923    0.0000        2
   17        -0.5798240279        -7.8889697586    0.0000        1
   18        -0.5296653523        -7.2065208499    0.0000        1
   19        -0.5009931643        -6.8164127949    0.0000        2

 Max and min values of charge density [e/bohr^3]:   1.2166E+00   2.5411E-11

 Hartree potential time [sec]:       0.13

   Eigenvalue Energy             =         -49.66662163 [Ry]
   Hartree Energy                =         225.71845509 [Ry]
   Integral_{Vxc*rho}            =         -32.23976166 [Ry]
   Exc = Integral{eps_xc*rho}    =         -24.84131154 [Ry]
   Electron-Ion energy           =        -502.90883505 [Ry]
   Ion-Ion Energy                =         154.68517705 [Ry]
   (E(new)-E(old))/atom  =            -0.76454442 [eV]

   Total Energy =           -74.93677862 [Ry]
   Energy/atom  =           -84.96456854 [eV]

  0-  6    SRE of pot. & charge weighted pot =  32.9581819928   1.5142691046

 SCF iter #   7

 Diagonalization time [sec] :       0.04,      tdiag_sum =        0.65

 Fermi level at    -0.2407 [Ry]

   State   Eigenvalue [Ry]      Eigenvalue [eV]    Occup.     Repr.

    1        -1.8712904510       -25.4604036186    1.0000        1
    2        -1.4550684469       -19.7973702742    1.0000        1
    3        -1.2404548392       -16.8773804517    1.0000        1
    4        -1.0808749485       -14.7061683747    1.0000        1
    5        -0.9524353268       -12.9586445695    1.0000        1
    6        -0.9013928571       -12.2641709354    1.0000        2
    7        -0.7946783178       -10.8122342561    1.0000        1
    8        -0.7570957807       -10.3008937724    1.0000        2
    9        -0.6779762122        -9.2244087482    1.0000        1
   10        -0.6524477939        -8.8770741943    1.0000        1
   11        -0.6115107888        -8.3200934900    1.0000        2
   12        -0.5899574892        -8.0268436060    1.0000        1
   13        -0.4659189503        -6.3392000535    1.0000        2
   14         0.0111032470         0.1510685582    0.0000        1
   15         0.0858767924         1.1684224614    0.0000        1
   16         0.0980911677         1.3346088099    0.0000        2
   17         0.1599553064         2.1763199083    0.0000        1
   18         0.1863032692         2.5348050202    0.0000        2
   19         0.2268348350         3.0862693987    0.0000        2

 Max and min values of charge density [e/bohr^3]:   1.0950E+00   1.4741E-11

 Hartree potential time [sec]:       0.13

   Eigenvalue Energy             =         -24.10220440 [Ry]
   Hartree Energy                =         215.79030043 [Ry]
   Integral_{Vxc*rho}            =         -30.60781304 [Ry]
   Exc = Integral{eps_xc*rho}    =         -23.59046966 [Ry]
   Electron-Ion energy           =        -488.32039663 [Ry]
   Ion-Ion Energy                =         154.68517705 [Ry]
   (E(new)-E(old))/atom  =            -0.78160672 [eV]

   Total Energy =           -75.62613762 [Ry]
   Energy/atom  =           -85.74617527 [eV]

  0-  7    SRE of pot. & charge weighted pot =   3.6229939093   0.1133801392

 SCF iter #   8

 Diagonalization time [sec] :       0.04,      tdiag_sum =        0.69

 Fermi level at    -0.1985 [Ry]

   State   Eigenvalue [Ry]      Eigenvalue [eV]    Occup.     Repr.

    1        -1.7381831070       -23.6493717173    1.0000        1
    2        -1.3261311452       -18.0430751349    1.0000        1
    3        -1.1226842491       -15.2750173570    1.0000        1
    4        -0.9683972133       -13.1758188045    1.0000        1
    5        -0.8322695422       -11.3236929376    1.0000        1
    6        -0.7880692954       -10.7223132192    1.0000        2
    7        -0.6799792256        -9.2516613470    1.0000        1
    8        -0.6452633375        -8.7793239173    1.0000        2
    9        -0.5527509910        -7.5206194333    1.0000        1
   10        -0.5438428464        -7.3994170000    1.0000        1
   11        -0.5071424273        -6.9000784368    1.0000        2
   12        -0.4727745717        -6.4324762678    1.0000        1
   13        -0.3455224599        -4.7011094854    1.0000        2
   14         0.0492868689         0.6705872812    0.0000        1
   15         0.1082687003         1.4730822832    0.0000        1
   16         0.1351086675         1.8382615079    0.0000        2
   17         0.1779105365         2.4206151778    0.0000        1
   18         0.2121549871         2.8865383235    0.0000        2
   19         0.2387771598         3.2487542810    0.0000        2

 Max and min values of charge density [e/bohr^3]:   1.0393E+00   6.7633E-12

 Hartree potential time [sec]:       0.12

   Eigenvalue Energy             =         -21.04602082 [Ry]
   Hartree Energy                =         212.23638825 [Ry]
   Integral_{Vxc*rho}            =         -30.00439535 [Ry]
   Exc = Integral{eps_xc*rho}    =         -23.12733132 [Ry]
   Electron-Ion energy           =        -482.76108458 [Ry]
   Ion-Ion Energy                =         154.68517705 [Ry]
   (E(new)-E(old))/atom  =            -0.03355186 [eV]

   Total Energy =           -75.65572958 [Ry]
   Energy/atom  =           -85.77972712 [eV]

  0-  8    SRE of pot. & charge weighted pot =   3.0965227103   0.1896141743

 SCF iter #   9

 Diagonalization time [sec] :       0.04,      tdiag_sum =        0.72

 Fermi level at    -0.2992 [Ry]

   State   Eigenvalue [Ry]      Eigenvalue [eV]    Occup.     Repr.

    1        -1.8930548545       -25.7565257399    1.0000        1
    2        -1.4484033575       -19.7066864016    1.0000        1
    3        -1.2390220571       -16.8578863045    1.0000        1
    4        -1.0744659654       -14.6189690316    1.0000        1
    5        -0.9636497073       -13.1112251878    1.0000        1
    6        -0.8884698497       -12.0883430804    1.0000        2
    7        -0.7984583448       -10.8636645482    1.0000        1
    8        -0.7447980368       -10.1335731288    1.0000        2
    9        -0.6803605107        -9.2568490371    1.0000        1
   10        -0.6666812154        -9.0707312807    1.0000        1
   11        -0.6114205594        -8.3188658477    1.0000        2
   12        -0.5967106300        -8.1187254901    1.0000        1
   13        -0.4836571111        -6.5805419224    1.0000        2
   14        -0.0274217850        -0.3730953218    0.0000        1
   15         0.0187525085         0.2551428796    0.0000        1
   16         0.0605155073         0.8233618886    0.0000        2
   17         0.0917993129         1.2490030908    0.0000        1
   18         0.1493479187         2.0319979116    0.0000        2
   19         0.1561115500         2.1240225265    0.0000        2

 Max and min values of charge density [e/bohr^3]:   1.0709E+00   2.2836E-12

 Hartree potential time [sec]:       0.13

   Eigenvalue Energy             =         -24.17830440 [Ry]
   Hartree Energy                =         214.04279222 [Ry]
   Integral_{Vxc*rho}            =         -30.28721358 [Ry]
   Exc = Integral{eps_xc*rho}    =         -23.34363799 [Ry]
   Electron-Ion energy           =        -485.63985672 [Ry]
   Ion-Ion Energy                =         154.68517705 [Ry]
   (E(new)-E(old))/atom  =            -0.05981633 [eV]

   Total Energy =           -75.70848619 [Ry]
   Energy/atom  =           -85.83954345 [eV]

  0-  9    SRE of pot. & charge weighted pot =   1.9461008490   0.0409056842

 SCF iter #  10

 Diagonalization time [sec] :       0.04,      tdiag_sum =        0.77

 Fermi level at    -0.2808 [Ry]

   State   Eigenvalue [Ry]      Eigenvalue [eV]    Occup.     Repr.

    1        -1.8423587350       -25.0667644773    1.0000        1
    2        -1.4067975354       -19.1406059069    1.0000        1
    3        -1.1968284911       -16.2838090843    1.0000        1
    4        -1.0298699626       -14.0122047376    1.0000        1
    5        -0.9151040031       -12.4507220450    1.0000        1
    6        -0.8418572249       -11.4541410304    1.0000        2
    7        -0.7562488890       -10.2893711341    1.0000        1
    8        -0.7020606770        -9.5520971593    1.0000        2
    9        -0.6414377603        -8.7272738792    1.0000        1
   10        -0.6252881885        -8.5075460346    1.0000        1
   11        -0.5692043673        -7.7444807806    1.0000        2
   12        -0.5507026240        -7.4927497621    1.0000        1
   13        -0.4337534587        -5.9015628085    1.0000        2
   14        -0.0070102616        -0.0953802168    0.0000        1
   15         0.0305077278         0.4150820430    0.0000        1
   16         0.0736872952         1.0025746007    0.0000        2
   17         0.1004198783         1.3662927802    0.0000        1
   18         0.1553665695         2.1138864720    0.0000        2
   19         0.1637665449         2.2281748571    0.0000        2

 Max and min values of charge density [e/bohr^3]:   1.0710E+00   1.3328E-12

 Hartree potential time [sec]:       0.16

   Eigenvalue Energy             =         -23.02302383 [Ry]
   Hartree Energy                =         213.75109603 [Ry]
   Integral_{Vxc*rho}            =         -30.23135834 [Ry]
   Exc = Integral{eps_xc*rho}    =         -23.30067081 [Ry]
   Electron-Ion energy           =        -485.27928505 [Ry]
   Ion-Ion Energy                =         154.68517705 [Ry]
   (E(new)-E(old))/atom  =            -0.00679680 [eV]

   Total Energy =           -75.71448081 [Ry]
   Energy/atom  =           -85.84634025 [eV]

  0- 10    SRE of pot. & charge weighted pot =   0.6926970276   0.0252962742

 SCF iter #  11

 Diagonalization time [sec] :       0.04,      tdiag_sum =        0.81

 Fermi level at    -0.2955 [Ry]

   State   Eigenvalue [Ry]      Eigenvalue [eV]    Occup.     Repr.

    1        -1.8498968022       -25.1693259111    1.0000        1
    2        -1.4178050698       -19.2903722182    1.0000        1
    3        -1.2072979482       -16.4262544232    1.0000        1
    4        -1.0394732418       -14.1428650338    1.0000        1
    5        -0.9230823327       -12.5592736017    1.0000        1
    6        -0.8504912317       -11.5716136006    1.0000        2
    7        -0.7658322338       -10.4197602062    1.0000        1
    8        -0.7109645771        -9.6732418434    1.0000        2
    9        -0.6519551463        -8.8703713293    1.0000        1
   10        -0.6337136276        -8.6221808745    1.0000        1
   11        -0.5776455916        -7.8593303896    1.0000        2
   12        -0.5584714025        -7.5984502076    1.0000        1
   13        -0.4394755204        -5.9794160361    1.0000        2
   14        -0.0189468522        -0.2577870823    0.0000        1
   15         0.0134746474         0.1833333581    0.0000        1
   16         0.0590729453         0.8037346794    0.0000        2
   17         0.0827554027         1.1259534584    0.0000        1
   18         0.1407032368         1.9143800998    0.0000        2
   19         0.1466483210         1.9952677259    0.0000        2

 Max and min values of charge density [e/bohr^3]:   1.0720E+00   5.9617E-13

 Hartree potential time [sec]:       0.14

   Eigenvalue Energy             =         -23.25220945 [Ry]
   Hartree Energy                =         213.86479216 [Ry]
   Integral_{Vxc*rho}            =         -30.24260673 [Ry]
   Exc = Integral{eps_xc*rho}    =         -23.30923772 [Ry]
   Electron-Ion energy           =        -485.46306656 [Ry]
   Ion-Ion Energy                =         154.68517705 [Ry]
   (E(new)-E(old))/atom  =            -0.00329376 [eV]

   Total Energy =           -75.71738583 [Ry]
   Energy/atom  =           -85.84963401 [eV]

  0- 11    SRE of pot. & charge weighted pot =   0.5161105950   0.0104618789

 SCF iter #  12

 Diagonalization time [sec] :       0.04,      tdiag_sum =        0.85

 Fermi level at    -0.3044 [Ry]

   State   Eigenvalue [Ry]      Eigenvalue [eV]    Occup.     Repr.

    1        -1.8522306367       -25.2010795972    1.0000        1
    2        -1.4195679829       -19.3143580613    1.0000        1
    3        -1.2096429553       -16.4581601208    1.0000        1
    4        -1.0417890494       -14.1743734480    1.0000        1
    5        -0.9253110869       -12.5895975864    1.0000        1
    6        -0.8523516783       -11.5969264642    1.0000        2
    7        -0.7677974315       -10.4464982935    1.0000        1
    8        -0.7129581456        -9.7003659381    1.0000        2
    9        -0.6534999646        -8.8913898190    1.0000        1
   10        -0.6353029145        -8.6438043943    1.0000        1
   11        -0.5792366492        -7.8809780021    1.0000        2
   12        -0.5600152512        -7.6194555050    1.0000        1
   13        -0.4410385584        -6.0006824174    1.0000        2
   14        -0.0258282633        -0.3514141845    0.0000        1
   15         0.0038674422         0.0526196456    0.0000        1
   16         0.0499843360         0.6800768788    0.0000        2
   17         0.0715491969         0.9734840633    0.0000        1
   18         0.1308616022         1.7804767873    0.0000        2
   19         0.1355412757         1.8441474896    0.0000        2

 Max and min values of charge density [e/bohr^3]:   1.0721E+00   2.8275E-13

 Hartree potential time [sec]:       0.15

   Eigenvalue Energy             =         -23.30148461 [Ry]
   Hartree Energy                =         213.87106381 [Ry]
   Integral_{Vxc*rho}            =         -30.24118417 [Ry]
   Exc = Integral{eps_xc*rho}    =         -23.30815600 [Ry]
   Electron-Ion energy           =        -485.48178475 [Ry]
   Ion-Ion Energy                =         154.68517705 [Ry]
   (E(new)-E(old))/atom  =            -0.00115348 [eV]

   Total Energy =           -75.71840318 [Ry]
   Energy/atom  =           -85.85078749 [eV]

  0- 12    SRE of pot. & charge weighted pot =   0.3986671487   0.0081246665

 SCF iter #  13

 Diagonalization time [sec] :       0.04,      tdiag_sum =        0.89

 Fermi level at    -0.3139 [Ry]

   State   Eigenvalue [Ry]      Eigenvalue [eV]    Occup.     Repr.

    1        -1.8579835619       -25.2793527461    1.0000        1
    2        -1.4223383967       -19.3520517576    1.0000        1
    3        -1.2131851333       -16.5063542861    1.0000        1
    4        -1.0453614514       -14.2229788351    1.0000        1
    5        -0.9300869799       -12.6545774313    1.0000        1
    6        -0.8556717472       -11.6420986582    1.0000        2
    7        -0.7712465364       -10.4934261247    1.0000        1
    8        -0.7161191989        -9.7433745970    1.0000        2
    9        -0.6562525883        -8.9288414655    1.0000        1
   10        -0.6388463595        -8.6920157977    1.0000        1
   11        -0.5823114591        -7.9228132506    1.0000        2
   12        -0.5637788103        -7.6706617374    1.0000        1
   13        -0.4459205915        -6.0671063844    1.0000        2
   14        -0.0319915213        -0.4352702406    0.0000        1
   15        -0.0040403886        -0.0549727195    0.0000        1
   16         0.0420050724         0.5715126146    0.0000        2
   17         0.0618796924         0.8419227187    0.0000        1
   18         0.1220304953         1.6603225134    0.0000        2
   19         0.1247542853         1.6973818550    0.0000        1

 Max and min values of charge density [e/bohr^3]:   1.0735E+00   1.3411E-13

 Hartree potential time [sec]:       0.12

   Eigenvalue Energy             =         -23.39820563 [Ry]
   Hartree Energy                =         213.90340095 [Ry]
   Integral_{Vxc*rho}            =         -30.24682116 [Ry]
   Exc = Integral{eps_xc*rho}    =         -23.31253001 [Ry]
   Electron-Ion energy           =        -485.53744233 [Ry]
   Ion-Ion Energy                =         154.68517705 [Ry]
   (E(new)-E(old))/atom  =            -0.00053711 [eV]

   Total Energy =           -75.71887689 [Ry]
   Energy/atom  =           -85.85132460 [eV]

  0- 13    SRE of pot. & charge weighted pot =   0.2609913229   0.0025202197

 SCF iter #  14

 Diagonalization time [sec] :       0.04,      tdiag_sum =        0.92

 Fermi level at    -0.3216 [Ry]

   State   Eigenvalue [Ry]      Eigenvalue [eV]    Occup.     Repr.

    1        -1.8602416622       -25.3100760076    1.0000        1
    2        -1.4227985569       -19.3583126053    1.0000        1
    3        -1.2140498316       -16.5181191984    1.0000        1
    4        -1.0462596973       -14.2352001896    1.0000        1
    5        -0.9317445744       -12.6771303298    1.0000        1
    6        -0.8564152576       -11.6522147119    1.0000        2
    7        -0.7722416523       -10.5069654733    1.0000        1
    8        -0.7167719081        -9.7522552274    1.0000        2
    9        -0.6568726872        -8.9372784080    1.0000        1
   10        -0.6400751902        -8.7087350222    1.0000        1
   11        -0.5832088172        -7.9350225257    1.0000        2
   12        -0.5648807768        -7.6856548736    1.0000        1
   13        -0.4478514660        -6.0933774761    1.0000        2
   14        -0.0355371059        -0.4835107560    0.0000        1
   15        -0.0089576287        -0.1218757052    0.0000        1
   16         0.0364865126         0.4964281931    0.0000        2
   17         0.0550478629         0.7489702131    0.0000        1
   18         0.1148268625         1.5623113264    0.0000        1
   19         0.1152283615         1.5677740413    0.0000        2

 Max and min values of charge density [e/bohr^3]:   1.0746E+00   6.4646E-14

 Hartree potential time [sec]:       0.12

   Eigenvalue Energy             =         -23.42682416 [Ry]
   Hartree Energy                =         213.91635354 [Ry]
   Integral_{Vxc*rho}            =         -30.24992902 [Ry]
   Exc = Integral{eps_xc*rho}    =         -23.31495931 [Ry]
   Electron-Ion energy           =        -485.56054260 [Ry]
   Ion-Ion Energy                =         154.68517705 [Ry]
   (E(new)-E(old))/atom  =            -0.00023185 [eV]

   Total Energy =           -75.71908138 [Ry]
   Energy/atom  =           -85.85155645 [eV]

  0- 14    SRE of pot. & charge weighted pot =   0.1028466103   0.0014958091

 SCF iter #  15

 Diagonalization time [sec] :       0.04,      tdiag_sum =        0.96

 Fermi level at    -0.3257 [Ry]

   State   Eigenvalue [Ry]      Eigenvalue [eV]    Occup.     Repr.

    1        -1.8590647845       -25.2940636449    1.0000        1
    2        -1.4227534929       -19.3576994742    1.0000        1
    3        -1.2137024969       -16.5133934317    1.0000        1
    4        -1.0458305189       -14.2293608743    1.0000        1
    5        -0.9308863718       -12.6654537976    1.0000        1
    6        -0.8560002188       -11.6465677771    1.0000        2
    7        -0.7719442535       -10.5029191248    1.0000        1
    8        -0.7163825073        -9.7469571172    1.0000        2
    9        -0.6567967304        -8.9362449548    1.0000        1
   10        -0.6397855686        -8.7047944893    1.0000        1
   11        -0.5829914226        -7.9320646975    1.0000        2
   12        -0.5642988269        -7.6777369794    1.0000        1
   13        -0.4468789110        -6.0801450876    1.0000        2
   14        -0.0374180705        -0.5091027838    0.0000        1
   15        -0.0120866237        -0.1644481851    0.0000        1
   16         0.0319729981         0.4350182174    0.0000        2
   17         0.0498528698         0.6782881757    0.0000        1
   18         0.1063915589         1.4475422723    0.0000        1
   19         0.1094592095         1.4892801131    0.0000        2

 Max and min values of charge density [e/bohr^3]:   1.0743E+00   3.4908E-14

 Hartree potential time [sec]:       0.12

   Eigenvalue Energy             =         -23.41463221 [Ry]
   Hartree Energy                =         213.90792397 [Ry]
   Integral_{Vxc*rho}            =         -30.24779312 [Ry]
   Exc = Integral{eps_xc*rho}    =         -23.31330950 [Ry]
   Electron-Ion energy           =        -485.54760896 [Ry]
   Ion-Ion Energy                =         154.68517705 [Ry]
   (E(new)-E(old))/atom  =            -0.00011042 [eV]

   Total Energy =           -75.71917877 [Ry]
   Energy/atom  =           -85.85166687 [eV]

  0- 15    SRE of pot. & charge weighted pot =   0.1115249290   0.0007407684

 SCF iter #  16

 Diagonalization time [sec] :       0.04,      tdiag_sum =        1.00

 Fermi level at    -0.3293 [Ry]

   State   Eigenvalue [Ry]      Eigenvalue [eV]    Occup.     Repr.

    1        -1.8591224320       -25.2948479857    1.0000        1
    2        -1.4225811362       -19.3553544230    1.0000        1
    3        -1.2135939033       -16.5119159302    1.0000        1
    4        -1.0457573900       -14.2283658969    1.0000        1
    5        -0.9308996192       -12.6656340393    1.0000        1
    6        -0.8559375502       -11.6457151201    1.0000        2
    7        -0.7718484941       -10.5016162416    1.0000        1
    8        -0.7163120369        -9.7459983116    1.0000        2
    9        -0.6566394468        -8.9341049852    1.0000        1
   10        -0.6397019956        -8.7036574120    1.0000        1
   11        -0.5829206012        -7.9311011160    1.0000        2
   12        -0.5642723595        -7.6773768690    1.0000        1
   13        -0.4469554808        -6.0811868813    1.0000        2
   14        -0.0390501369        -0.5313083527    0.0000        1
   15        -0.0145452035        -0.1978991292    0.0000        1
   16         0.0282644591         0.3845605774    0.0000        2
   17         0.0454218940         0.6180012060    0.0000        1
   18         0.0983518910         1.3381561582    0.0000        1
   19         0.1046230520         1.4234803210    0.0000        2

 Max and min values of charge density [e/bohr^3]:   1.0743E+00   2.0148E-14

 Hartree potential time [sec]:       0.12

   Eigenvalue Energy             =         -23.41308489 [Ry]
   Hartree Energy                =         213.89546970 [Ry]
   Integral_{Vxc*rho}            =         -30.24551636 [Ry]
   Exc = Integral{eps_xc*rho}    =         -23.31156060 [Ry]
   Electron-Ion energy           =        -485.53073298 [Ry]
   Ion-Ion Energy                =         154.68517705 [Ry]
   (E(new)-E(old))/atom  =            -0.00005203 [eV]

   Total Energy =           -75.71922465 [Ry]
   Energy/atom  =           -85.85171890 [eV]

  0- 16    SRE of pot. & charge weighted pot =   0.1945985898   0.0013138794

 SCF iter #  17

 Diagonalization time [sec] :       0.04,      tdiag_sum =        1.03

 Fermi level at    -0.3324 [Ry]

   State   Eigenvalue [Ry]      Eigenvalue [eV]    Occup.     Repr.

    1        -1.8589018849       -25.2918472650    1.0000        1
    2        -1.4229845204       -19.3608427879    1.0000        1
    3        -1.2138426292       -16.5153000439    1.0000        1
    4        -1.0459202847       -14.2305822091    1.0000        1
    5        -0.9308253050       -12.6646229351    1.0000        1
    6        -0.8560908277       -11.6478005840    1.0000        2
    7        -0.7720510119       -10.5043716584    1.0000        1
    8        -0.7164882761        -9.7483961866    1.0000        2
    9        -0.6569874087        -8.9388392854    1.0000        1
   10        -0.6398428253        -8.7055735123    1.0000        1
   11        -0.5830829283        -7.9333097053    1.0000        2
   12        -0.5643044684        -7.6778137356    1.0000        1
   13        -0.4467295677        -6.0781131517    1.0000        2
   14        -0.0402978924        -0.5482850648    0.0000        1
   15        -0.0165062980        -0.2245813900    0.0000        1
   16         0.0251871521         0.3426913542    0.0000        2
   17         0.0414997679         0.5646375415    0.0000        1
   18         0.0903033787         1.2286497106    0.0000        1
   19         0.1004091926         1.3661473926    0.0000        2

 Max and min values of charge density [e/bohr^3]:   1.0741E+00   1.5393E-14

 Hartree potential time [sec]:       0.13

   Eigenvalue Energy             =         -23.41610388 [Ry]
   Hartree Energy                =         213.89868424 [Ry]
   Integral_{Vxc*rho}            =         -30.24535575 [Ry]
   Exc = Integral{eps_xc*rho}    =         -23.31142610 [Ry]
   Electron-Ion energy           =        -485.53442657 [Ry]
   Ion-Ion Energy                =         154.68517705 [Ry]
   (E(new)-E(old))/atom  =            -0.00002833 [eV]

   Total Energy =           -75.71924964 [Ry]
   Energy/atom  =           -85.85174723 [eV]

  0- 17    SRE of pot. & charge weighted pot =   0.1984526586   0.0011360991

 SCF iter #  18

 Diagonalization time [sec] :       0.04,      tdiag_sum =        1.07

 Fermi level at    -0.3351 [Ry]

   State   Eigenvalue [Ry]      Eigenvalue [eV]    Occup.     Repr.

    1        -1.8589779665       -25.2928824170    1.0000        1
    2        -1.4230370885       -19.3615580190    1.0000        1
    3        -1.2139044136       -16.5161406708    1.0000        1
    4        -1.0459673416       -14.2312224559    1.0000        1
    5        -0.9308825792       -12.6654021967    1.0000        1
    6        -0.8561296563       -11.6483288772    1.0000        2
    7        -0.7720961975       -10.5049864442    1.0000        1
    8        -0.7165399292        -9.7490989684    1.0000        2
    9        -0.6570409446        -8.9395676835    1.0000        1
   10        -0.6398802148        -8.7060822270    1.0000        1
   11        -0.5831103098        -7.9336822531    1.0000        2
   12        -0.5643462775        -7.6783825822    1.0000        1
   13        -0.4467779108        -6.0787708983    1.0000        2
   14        -0.0412729494        -0.5615514952    0.0000        1
   15        -0.0179983686        -0.2448822037    0.0000        1
   16         0.0227028132         0.3088899352    0.0000        2
   17         0.0379751515         0.5166823159    0.0000        1
   18         0.0825375546         1.1229894599    0.0000        1
   19         0.0968808758         1.3181418204    0.0000        2

 Max and min values of charge density [e/bohr^3]:   1.0741E+00   1.2733E-14

 Hartree potential time [sec]:       0.13

   Eigenvalue Energy             =         -23.41738166 [Ry]
   Hartree Energy                =         213.89810492 [Ry]
   Integral_{Vxc*rho}            =         -30.24496260 [Ry]
   Exc = Integral{eps_xc*rho}    =         -23.31112029 [Ry]
   Electron-Ion energy           =        -485.53409514 [Ry]
   Ion-Ion Energy                =         154.68517705 [Ry]
   (E(new)-E(old))/atom  =            -0.00001382 [eV]

   Total Energy =           -75.71926183 [Ry]
   Energy/atom  =           -85.85176105 [eV]

  0- 18    SRE of pot. & charge weighted pot =   0.2270448503   0.0012055922

 SCF iter #  19

 Diagonalization time [sec] :       0.04,      tdiag_sum =        1.11

 Fermi level at    -0.3374 [Ry]

   State   Eigenvalue [Ry]      Eigenvalue [eV]    Occup.     Repr.

    1        -1.8591166310       -25.2947690579    1.0000        1
    2        -1.4231055120       -19.3624889750    1.0000        1
    3        -1.2139942618       -16.5173631273    1.0000        1
    4        -1.0460652331       -14.2325543480    1.0000        1
    5        -0.9310036745       -12.6670497949    1.0000        1
    6        -0.8562215378       -11.6495789996    1.0000        2
    7        -0.7721848104       -10.5061920933    1.0000        1
    8        -0.7166254976        -9.7502631950    1.0000        2
    9        -0.6571068503        -8.9404643838    1.0000        1
   10        -0.6399684692        -8.7072829982    1.0000        1
   11        -0.5831947659        -7.9348313459    1.0000        2
   12        -0.5644423108        -7.6796891920    1.0000        1
   13        -0.4469022337        -6.0804624118    1.0000        2
   14        -0.0420577747        -0.5722296711    0.0000        1
   15        -0.0191884948        -0.2610748222    0.0000        1
   16         0.0206755738         0.2813077224    0.0000        2
   17         0.0346932799         0.4720298281    0.0000        1
   18         0.0755251622         1.0275802517    0.0000        1
   19         0.0938741817         1.2772333411    0.0000        2

 Max and min values of charge density [e/bohr^3]:   1.0741E+00   1.1079E-14

 Hartree potential time [sec]:       0.12

   Eigenvalue Energy             =         -23.41986358 [Ry]
   Hartree Energy                =         213.89736222 [Ry]
   Integral_{Vxc*rho}            =         -30.24470710 [Ry]
   Exc = Integral{eps_xc*rho}    =         -23.31092331 [Ry]
   Electron-Ion energy           =        -485.53299205 [Ry]
   Ion-Ion Energy                =         154.68517705 [Ry]
   (E(new)-E(old))/atom  =            -0.00000719 [eV]

   Total Energy =           -75.71926817 [Ry]
   Energy/atom  =           -85.85176824 [eV]

  0- 19    SRE of pot. & charge weighted pot =   0.2539992519   0.0011835999

 SCF iter #  20

 Diagonalization time [sec] :       0.04,      tdiag_sum =        1.15

 Fermi level at    -0.3393 [Ry]

   State   Eigenvalue [Ry]      Eigenvalue [eV]    Occup.     Repr.

    1        -1.8589806116       -25.2929184055    1.0000        1
    2        -1.4229230617       -19.3600065931    1.0000        1
    3        -1.2138152339       -16.5149273099    1.0000        1
    4        -1.0458831414       -14.2300768446    1.0000        1
    5        -0.9308451856       -12.6648934259    1.0000        1
    6        -0.8560377796       -11.6470788219    1.0000        2
    7        -0.7720172172       -10.5039118531    1.0000        1
    8        -0.7164546454        -9.7479386147    1.0000        2
    9        -0.6569469531        -8.9382888542    1.0000        1
   10        -0.6398232932        -8.7053077624    1.0000        1
   11        -0.5830373485        -7.9326895558    1.0000        2
   12        -0.5642830421        -7.6775222137    1.0000        1
   13        -0.4467758774        -6.0787432323    1.0000        2
   14        -0.0425932582        -0.5795153526    0.0000        1
   15        -0.0200534460        -0.2728431757    0.0000        1
   16         0.0190066708         0.2586009611    0.0000        2
   17         0.0316923946         0.4312003819    0.0000        1
   18         0.0697626934         0.9491772544    0.0000        1
   19         0.0912748509         1.2418673661    0.0000        2

 Max and min values of charge density [e/bohr^3]:   1.0741E+00   1.1063E-14

 Hartree potential time [sec]:       0.13

   Eigenvalue Energy             =         -23.41564678 [Ry]
   Hartree Energy                =         213.89450889 [Ry]
   Integral_{Vxc*rho}            =         -30.24416185 [Ry]
   Exc = Integral{eps_xc*rho}    =         -23.31050331 [Ry]
   Electron-Ion energy           =        -485.52916273 [Ry]
   Ion-Ion Energy                =         154.68517705 [Ry]
   (E(new)-E(old))/atom  =            -0.00000380 [eV]

   Total Energy =           -75.71927152 [Ry]
   Energy/atom  =           -85.85177204 [eV]

  0- 20    SRE of pot. & charge weighted pot =   0.2561763683   0.0013895897

 SCF iter #  21

 Diagonalization time [sec] :       0.05,      tdiag_sum =        1.20

 Fermi level at    -0.3409 [Ry]

   State   Eigenvalue [Ry]      Eigenvalue [eV]    Occup.     Repr.

    1        -1.8585051298       -25.2864490944    1.0000        1
    2        -1.4231698051       -19.3633637337    1.0000        1
    3        -1.2138415223       -16.5152849840    1.0000        1
    4        -1.0458878719       -14.2301412076    1.0000        1
    5        -0.9305969682       -12.6615162296    1.0000        1
    6        -0.8561073304       -11.6480251155    1.0000        2
    7        -0.7720647142       -10.5045580884    1.0000        1
    8        -0.7164611100        -9.7480265703    1.0000        2
    9        -0.6571013920        -8.9403901190    1.0000        1
   10        -0.6398090313        -8.7051137177    1.0000        1
   11        -0.5831038198        -7.9335939510    1.0000        2
   12        -0.5642099168        -7.6765272854    1.0000        1
   13        -0.4464284859        -6.0740166936    1.0000        2
   14        -0.0430465237        -0.5856823917    0.0000        1
   15        -0.0208095982        -0.2831312306    0.0000        1
   16         0.0175608250         0.2389290726    0.0000        2
   17         0.0288258502         0.3921987522    0.0000        1
   18         0.0651035088         0.8857853200    0.0000        1
   19         0.0889505911         1.2102439517    0.0000        2

 Max and min values of charge density [e/bohr^3]:   1.0738E+00   1.0695E-14

 Hartree potential time [sec]:       0.12

   Eigenvalue Energy             =         -23.41457419 [Ry]
   Hartree Energy                =         213.89387626 [Ry]
   Integral_{Vxc*rho}            =         -30.24354398 [Ry]
   Exc = Integral{eps_xc*rho}    =         -23.31002126 [Ry]
   Electron-Ion energy           =        -485.52530561 [Ry]
   Ion-Ion Energy                =         154.68517705 [Ry]
   (E(new)-E(old))/atom  =             0.00000060 [eV]

   Total Energy =           -75.71927099 [Ry]
   Energy/atom  =           -85.85177144 [eV]

  0- 21    SRE of pot. & charge weighted pot =   0.2684790662   0.0020286376

 SCF iter #  22

 Diagonalization time [sec] :       0.05,      tdiag_sum =        1.25

 Fermi level at    -0.3429 [Ry]

   State   Eigenvalue [Ry]      Eigenvalue [eV]    Occup.     Repr.

    1        -1.8594582622       -25.2994172238    1.0000        1
    2        -1.4231973708       -19.3637387872    1.0000        1
    3        -1.2140374123       -16.5179502249    1.0000        1
    4        -1.0461271286       -14.2333964869    1.0000        1
    5        -0.9312285949       -12.6701100165    1.0000        1
    6        -0.8563408978       -11.6512029873    1.0000        2
    7        -0.7722591319       -10.5072032971    1.0000        1
    8        -0.7166959356        -9.7512215602    1.0000        2
    9        -0.6571769169        -8.9414176962    1.0000        1
   10        -0.6400584203        -8.7085068547    1.0000        1
   11        -0.5832578575        -7.9356897570    1.0000        2
   12        -0.5646232684        -7.6821512649    1.0000        1
   13        -0.4472547274        -6.0852583696    1.0000        2
   14        -0.0437719165        -0.5955519419    0.0000        1
   15        -0.0215814856        -0.2936333772    0.0000        1
   16         0.0162255054         0.2207609813    0.0000        2
   17         0.0262064420         0.3565596092    0.0000        1
   18         0.0613837023         0.8351743769    0.0000        1
   19         0.0866327060         1.1787072706    0.0000        1

 Max and min values of charge density [e/bohr^3]:   1.0741E+00   8.1337E-15

 Hartree potential time [sec]:       0.12

   Eigenvalue Energy             =         -23.42343185 [Ry]
   Hartree Energy                =         213.89585406 [Ry]
   Integral_{Vxc*rho}            =         -30.24416913 [Ry]
   Exc = Integral{eps_xc*rho}    =         -23.31050828 [Ry]
   Electron-Ion energy           =        -485.53081759 [Ry]
   Ion-Ion Energy                =         154.68517705 [Ry]
   (E(new)-E(old))/atom  =            -0.00000399 [eV]

   Total Energy =           -75.71927451 [Ry]
   Energy/atom  =           -85.85177543 [eV]

  0- 22    SRE of pot. & charge weighted pot =   0.2016983722   0.0010425591

 SCF iter #  23

 Diagonalization time [sec] :       0.05,      tdiag_sum =        1.31

 Fermi level at    -0.3456 [Ry]

   State   Eigenvalue [Ry]      Eigenvalue [eV]    Occup.     Repr.

    1        -1.8613325736       -25.3249187298    1.0000        1
    2        -1.4234733431       -19.3674936119    1.0000        1
    3        -1.2146522926       -16.5263161625    1.0000        1
    4        -1.0468473112       -14.2431951472    1.0000        1
    5        -0.9325754296       -12.6884347806    1.0000        1
    6        -0.8570284110       -11.6605571550    1.0000        2
    7        -0.7728464983       -10.5151948866    1.0000        1
    8        -0.7174170106        -9.7610323627    1.0000        2
    9        -0.6575335482        -8.9462699501    1.0000        1
   10        -0.6407254081        -8.7175817571    1.0000        1
   11        -0.5838007020        -7.9430755913    1.0000        2
   12        -0.5655639957        -7.6949506125    1.0000        1
   13        -0.4489305139        -6.1080587856    1.0000        2
   14        -0.0449733559        -0.6118984858    0.0000        1
   15        -0.0225793344        -0.3072099075    0.0000        1
   16         0.0147775577         0.2010604942    0.0000        2
   17         0.0236570619         0.3218732525    0.0000        1
   18         0.0581737297         0.7915001316    0.0000        1
   19         0.0835972558         1.1374075435    0.0000        1

 Max and min values of charge density [e/bohr^3]:   1.0746E+00   5.4935E-15

 Hartree potential time [sec]:       0.12

   Eigenvalue Energy             =         -23.44545408 [Ry]
   Hartree Energy                =         213.89931125 [Ry]
   Integral_{Vxc*rho}            =         -30.24563534 [Ry]
   Exc = Integral{eps_xc*rho}    =         -23.31165219 [Ry]
   Electron-Ion energy           =        -485.54052617 [Ry]
   Ion-Ion Energy                =         154.68517705 [Ry]
   (E(new)-E(old))/atom  =            -0.00000074 [eV]

   Total Energy =           -75.71927517 [Ry]
   Energy/atom  =           -85.85177617 [eV]

  0- 23    SRE of pot. & charge weighted pot =   0.0281520603   0.0011601896

 SCF iter #  24

 Diagonalization time [sec] :       0.05,      tdiag_sum =        1.36

 Fermi level at    -0.3469 [Ry]

   State   Eigenvalue [Ry]      Eigenvalue [eV]    Occup.     Repr.

    1        -1.8604811665       -25.3133346546    1.0000        1
    2        -1.4236071943       -19.3693147644    1.0000        1
    3        -1.2146095964       -16.5257352465    1.0000        1
    4        -1.0467783381       -14.2422567123    1.0000        1
    5        -0.9320685226       -12.6815379052    1.0000        1
    6        -0.8569566948       -11.6595813988    1.0000        2
    7        -0.7727979728       -10.5145346577    1.0000        1
    8        -0.7173475605        -9.7600874391    1.0000        2
    9        -0.6576014598        -8.9471939419    1.0000        1
   10        -0.6406173228        -8.7161111706    1.0000        1
   11        -0.5838086916        -7.9431842967    1.0000        2
   12        -0.5652911717        -7.6912386234    1.0000        1
   13        -0.4482222770        -6.0984226566    1.0000        2
   14        -0.0449830669        -0.6120306114    0.0000        1
   15        -0.0228422081        -0.3107865151    0.0000        1
   16         0.0140143076         0.1906758669    0.0000        2
   17         0.0217633158         0.2961073225    0.0000        1
   18         0.0561902000         0.7645126231    0.0000        1
   19         0.0815828863         1.1100004344    0.0000        1

 Max and min values of charge density [e/bohr^3]:   1.0744E+00   5.3219E-15

 Hartree potential time [sec]:       0.12

   Eigenvalue Energy             =         -23.44037594 [Ry]
   Hartree Energy                =         213.89769734 [Ry]
   Integral_{Vxc*rho}            =         -30.24515701 [Ry]
   Exc = Integral{eps_xc*rho}    =         -23.31127920 [Ry]
   Electron-Ion energy           =        -485.53600452 [Ry]
   Ion-Ion Energy                =         154.68517705 [Ry]
   (E(new)-E(old))/atom  =            -0.00000152 [eV]

   Total Energy =           -75.71927651 [Ry]
   Energy/atom  =           -85.85177769 [eV]

  0- 24    SRE of pot. & charge weighted pot =   0.0206065234   0.0002745596

 SCF iter #  25

 Diagonalization time [sec] :       0.05,      tdiag_sum =        1.41

 Fermi level at    -0.3483 [Ry]

   State   Eigenvalue [Ry]      Eigenvalue [eV]    Occup.     Repr.

    1        -1.8604084918       -25.3123458583    1.0000        1
    2        -1.4236563052       -19.3699829578    1.0000        1
    3        -1.2146373909       -16.5261134138    1.0000        1
    4        -1.0468051138       -14.2426210176    1.0000        1
    5        -0.9320375037       -12.6811158684    1.0000        1
    6        -0.8569817810       -11.6599227163    1.0000        2
    7        -0.7728245705       -10.5148965409    1.0000        1
    8        -0.7173739848        -9.7604469618    1.0000        2
    9        -0.6576420631        -8.9477463816    1.0000        1
   10        -0.6406360648        -8.7163661708    1.0000        1
   11        -0.5838443686        -7.9436697100    1.0000        2
   12        -0.5652891092        -7.6912105626    1.0000        1
   13        -0.4481682725        -6.0976878826    1.0000        2
   14        -0.0451726498        -0.6146100383    0.0000        1
   15        -0.0231330989        -0.3147443171    0.0000        1
   16         0.0132995824         0.1809514580    0.0000        2
   17         0.0200933210         0.2733857065    0.0000        1
   18         0.0545745182         0.7425299793    0.0000        1
   19         0.0797827823         1.0855085792    0.0000        1

 Max and min values of charge density [e/bohr^3]:   1.0743E+00   5.4139E-15

 Hartree potential time [sec]:       0.12

   Eigenvalue Energy             =         -23.44061004 [Ry]
   Hartree Energy                =         213.89733164 [Ry]
   Integral_{Vxc*rho}            =         -30.24505790 [Ry]
   Exc = Integral{eps_xc*rho}    =         -23.31120302 [Ry]
   Electron-Ion energy           =        -485.53531532 [Ry]
   Ion-Ion Energy                =         154.68517705 [Ry]
   (E(new)-E(old))/atom  =            -0.00000030 [eV]

   Total Energy =           -75.71927678 [Ry]
   Energy/atom  =           -85.85177800 [eV]

  0- 25    SRE of pot. & charge weighted pot =   0.0193283732   0.0001286219

Self-consistency convergence achieved.

Time for self-consistent field [sec] :      11.28,    tdiag_sum =        1.41
Time spent on Hartree potential [sec] :        3.20

 Initial Hamiltonian component timings [sec]
 --------------------------------------------------
 Finite-difference (-nabla^2) :     0.081602
 V_ion diagonal/local         :     0.049847
 V_ion nonlocal projectors    :     0.035636
 Initial V_xc (PBE)             :     0.258450
 Component subtotal             :     0.425535
 --------------------------------------------------

 SCF timing analysis [sec]
 --------------------------------------------------
 Initial Hartree potential      :     0.115617
 Initial exchange-correlation   :     0.258450
 Hamiltonian binding subtotal  :     0.007205
 Diagonalization subtotal       :     1.406615
 Occupation/density subtotal   :     0.028132
 Hartree potential subtotal     :     3.201788
 Exchange-correlation subtotal  :     5.837404
 Mixing/energy subtotal         :     0.360299
 SCF wall time                   :    11.254160
 --------------------------------------------------

Forces, dipoles, and MPI statistics
are not calculated by this Python single-point implementation.

 =================================================================

 Accelerated Hamiltonian statistics:
 -----------------------------------
 Backend = cupy
 H applications =         1700
 Orbital vectors applied =         7938
 Total H application time [sec] =     0.000000
 Average H application [sec] =     0.000000
 Local-potential updates =           25
 Local update time [sec] =     0.006883
 Per-H device timing = disabled (would synchronize every recurrence)
 GPU initial-eigensolver calls =            2
 GPU initial-eigensolver synchronized time [sec] =     0.364323
 GPU SUBSPACE calls =           48
 GPU SUBSPACE synchronized time [sec] =     0.992666
 GPU representation scheduler batches =           25
 GPU representation scheduler wall time [sec] =     1.361492
 Final active states by representation = 15 11
 Requested-eigenpair download [sec] =     0.002699
 GPU density builds =           25
 GPU density build/download [sec] =     0.021924
 Final wavefunction download [sec] =     0.018629
 Accelerated Hartree solves =           26
 Accelerated Hartree total [sec] =     3.309033
 Hartree boundary/RHS [sec] =     0.312833
 Hartree linear solve [sec] =     2.996050
 Host-to-device time [sec] =     0.000000
 Device kernel time [sec] =     1.356989
 Device-to-host time [sec] =     0.002699
 Pre-SCF setup/reporting wall time [sec] :    3.675103
 Post-SCF finalization/reporting [sec] :    0.000095
 Total accelerated Python wall time [sec] :       14.95
Text log: C:\Users\zigze\Desktop\parsec_python\examples\ml_initial_density\small_molecules\CH3CH2CH2OH\sad\parsec.out
