
 =================================================================

  PARSEC-PYTHON - Modular real-space DFT program
  PARSEC-like report; Python real-space implementation

 starting run on 02-Sep-2026 15:47:45 -0700
 input file: C:\Users\zigze\Desktop\parsec_python\examples\ml_initial_density\small_molecules\CH3CN\charge3net\parsec.in

 =================================================================

 Initial Run - starting from an imported/ML density
 Initial density method = charge3net
 ignoresym= F

 Grid data:
 ~~------~~

 Confined system (cluster) with zero boundary condition!
  Spherical domain shape:
 --- Radius is  13.228088 bohrs
 Grid spacing is  0.377945 bohrs
 Order of double grid is    1
 Grid points are shifted from origin!
 shift vector =   0.5000   0.5000   0.5000   [units of grid spacing]
 WAVEFUNCTIONS ARE REAL!
 The Finite-difference expansion is of order  8
 Python constructs the full active grid; the selected execution backend reports any exact symmetry reduction.

 Eigenvalue data:
 ----------------
 Number of states:           16
 Net cluster charge =    0.000      [e]
 Fermi temperature =    500.00 [K]

 Self-consistency data:
 ----------------------
 Maximum number of iterations is           50
 Performing Chebyshev subspace filtering
 Polynomial degree for First-filter is     10
 The matvec operations use block size      6
 Polynomial degree for Chebyshev filtering is     10
 Change in polynomial degree (dpm) for Chebyshev filtering is      3
 Self-consistency convergence criterion is    2.0000000000000001E-04  Ry
 Diagonalization tolerance is    1.0000000000000000E-04
 Buffer size in subspace is      6

 Mixer data:
 -----------
 solver lpole is :            9
 Anderson mixer
 Initial Jacobian:  0.300  Mixing memory is  4
 Mixing restarted after           20 iterations

 Correlation data:
 -----------------
 Exchange-Correlation functional is pbe
 GGA, Perdew-Burke-Ernzerhof parametrization

 Other input data:
 -----------------
 output level [1 - 6] =  1
 No spin effects!
 No minimization!


 Atom data:
 --~--~---

 Tot. # of atom types is     3

 Chemical element : H
 Physical element : H
 martins_new
  pseudopotential format : new Martins
  pseudopotential file   : C:\Users\zigze\Desktop\parsec_python\examples\ml_initial_density\pseudopotentials\H_POTRE.DAT
  radial points/channels : 773 / 1
  selected local channel : l=0
 There are      3 H  atoms
 and their initial coordinates are:

    x [bohr]          y [bohr]          z [bohr]
     -1.458395773      1.684389155     -2.803868082
      1.458395773      0.000000000     -2.804130754
     -1.458395773     -1.684389155     -2.803868082

 Chemical element : C
 Physical element : C
 martins_new
  pseudopotential format : new Martins
  pseudopotential file   : C:\Users\zigze\Desktop\parsec_python\examples\ml_initial_density\pseudopotentials\C_POTRE.DAT
  radial points/channels : 921 / 3
  selected local channel : l=1
 There are      2 C  atoms
 and their initial coordinates are:

    x [bohr]          y [bohr]          z [bohr]
     -0.486235229      0.000000000     -2.075132706
     -0.486169089      0.000000000      0.627813567

 Chemical element : N
 Physical element : N
 martins_new
  pseudopotential format : new Martins
  pseudopotential file   : C:\Users\zigze\Desktop\parsec_python\examples\ml_initial_density\pseudopotentials\N_POTRE.DAT
  radial points/channels : 933 / 3
  selected local channel : l=1
 There are      1 N  atoms
 and their initial coordinates are:

    x [bohr]          y [bohr]          z [bohr]
     -0.486016021      0.000000000      2.804130754

 Tot. number of atoms =       6

 Real-space setup:
 -----------------
 Full active grid points =       179944
 Hamiltonian dimension   =       179944
 Sparse Laplacian nonzeros =     4267480
 Nonlocal projector columns =       18
 Number of electrons =    16.00000000
 Initial density integral =    16.00000000

 Setup timings [sec]
 --------------------------------------------------
 Pseudopotential loading       :     0.030837
 Grid-domain construction      :     0.016914
 Finite-difference construction:     0.038896
 Local ionic potential setup   :     0.045836
 Nonlocal ionic projector setup:     0.019638
 Initial valence-density setup :     0.036143
 Core-density setup            :     0.000030
 Ion-ion energy setup           :     0.000107
 Preparation wall time          :     0.188565
 --------------------------------------------------

 The reference setup above describes the constructed full grid.  The GPU orbital solve is decomposed into the exact symmetry representations reported below.

 Acceleration backend:
 ---------------------
 Requested backend = auto
 Selected backend  = cupy
 Numeric dtype     = float64
 Device            = CUDA:0 (NVIDIA GeForce RTX 5070 Laptop GPU)
 Implementation    = CuPy float64 device-resident stencil-major/compact-CSR Hamiltonian with fused Chebyshev recurrence, CHEBFF/CHEBDAV/SUBSPACE eigensolver, and fused orbital-density construction
 laplacian_nnz = 4267480
 projector_columns = 18
 cupy_version = 14.0.1
 gpu_finite_difference_storage = deferred_full_grid_symmetry_sectors
 gpu_finite_difference_palette_size = 0
 gpu_finite_difference_fallback = full-grid operator intentionally deferred
 gpu_chebyshev_recurrence = separate_hamiltonian_and_elementwise_kernels
 gpu_later_subspace_filter_precision = deferred_to_symmetry_sector_operators
 gpu_nonlocal_application = deferred_to_symmetry_sector_operators
 gpu_projector_reduction = deferred_to_symmetry_sector_operators
 gpu_subspace_residuals = disabled_diagnostics_only
 cuda_initialization_overlap = cuda_probe_with_cpu_reference_setup
 backend_resolution_seconds = 0.879825
 reference_preparation_seconds = 0.192129
 backend_reference_overlapped_seconds = 0.191705
 symmetry_mode = auto
 symmetry_detection = exact Cartesian axis-reflection subgroup detected
 detected_symmetry_group_order = 2
 orbital_symmetry = CuPy real one-dimensional reflection representations
 finite_difference_builder = C++17 compressed-grid CSR builder (exact stencil parity)
 ionic_setup_implementation = cached-grid C++/OpenMP radial interpolation and KB sampling
 hartree_backend = native
 hartree_implementation = orbit-summed C++/OpenMP multipoles and direct wedge RHS plus symmetry-wedge C++/OpenMP CG
 xc_implementation = vectorized NumPy discrete-variational PBE
 finite_difference_full_grid_materialization = performed
 finite_difference_provenance_key = bcf8094314385e9f47fac42b2fd64267a127992d3a3d18bd5eeaf3b74327452f
 finite_difference_provenance_hash_seconds = 0.003838
 finite_difference_nnz_count_seconds = 0.035051
 finite_difference_nnz_cache = miss-written
 finite_difference_nnz_cache_path = C:\Users\zigze\Desktop\parsec_python\examples\ml_initial_density\small_molecules\CH3CN\charge3net\.parsec_cache\symmetry\negative-laplacian-nnz-v1-bcf8094314385e9f47fac42b2fd64267a127992d3a3d18bd5eeaf3b74327452f.json
 finite_difference_materialization_seconds = 0.061019
 reference_static_cache = disabled
 reference_static_cache_lookup_seconds = 0.000000
 symmetry_geometry_cache = miss-written
 symmetry_geometry_cache_key = 47529da37a7ca8ed3c8789201c76b4cea5512ffcd3875c3cae054770d738b315
 symmetry_geometry_cache_path = C:\Users\zigze\Desktop\parsec_python\examples\ml_initial_density\small_molecules\CH3CN\charge3net\.parsec_cache\symmetry\reflection-reduction-v2-47529da37a7ca8ed3c8789201c76b4cea5512ffcd3875c3cae054770d738b315.npz
 symmetry_geometry_hash_seconds = 0.003578
 symmetry_geometry_cache_load_seconds = 0.000000
 symmetry_geometry_build_seconds = 0.043923
 symmetry_geometry_cache_write_seconds = 0.004532
 symmetry_representation_cache = miss-written
 symmetry_representation_cache_key = 948a99a9a097771c01c9be26db633450cff2f89f61297de49507ebf934257d8e
 symmetry_representation_cache_path = C:\Users\zigze\Desktop\parsec_python\examples\ml_initial_density\small_molecules\CH3CN\charge3net\.parsec_cache\symmetry\reflection-representations-v3-948a99a9a097771c01c9be26db633450cff2f89f61297de49507ebf934257d8e.npz
 symmetry_representation_hash_seconds = 0.001188
 symmetry_representation_cache_load_seconds = 0.000000
 symmetry_representation_build_seconds = 0.018414
 symmetry_representation_cache_write_seconds = 0.003808
 gpu_initial_random_basis = bit-exact 2048-lane skip-ahead DLARNV generator
 gpu_chebdav_ritz_scalar_source = reuse values already returned by host LAPACK
 gpu_chebdav_appended_orthogonalization = not used by the selected first eigensolver
 gpu_chebdav_prefix_projection = full C-order coefficient GEMM plus fused active-prefix CUDA update for blocks up to six
 gpu_chebdav_ritz_projection = full contiguous C-order Davidson workspace GEMM; use only the active row interval
 gpu_subspace_orthogonalization = size-adaptive per representation: audited PARSEC MGS for small bases; generalized Cholesky-whitened Rayleigh--Ritz with Householder QR fallback for large bases
 symmetry_full_grid_points = 179944
 symmetry_wedge_points = 89972
 symmetry_reduction_ratio = 2
 orbital_symmetry_representations = 2
 orbital_sector_dimensions = 89972 89972
 orbital_sector_stabilizer_handling = exact character selection on every orbit stabilizer
 orbital_sector_state_policy = floor(global_states/representations) + Subspace_Buffer_Size, then grow sectors to bracket the global cutoff
 orbital_sector_scheduler = sequential on one CUDA device
 orbital_sector_cuda_devices = 0
 orbital_sector_lanczos_scheduler = same scheduler as sector solves
 orbital_sector_finite_difference_storage = stencil_major_int32_neighbors_uint8_coefficient_palette
 orbital_sector_neighbor_storage = shared_across_representations
 orbital_sector_nonlocal_application = cuSPARSE B.T projection plus KB scatter fused into CUDA stencil
 orbital_sector_projector_reduction = none
 orbital_sector_later_filter_precision = float64
 orbital_sector_local_potential_storage = one persistent shared device buffer per CUDA device
 orbital_density_storage = normalized wedge orbitals; physical scalar orbit values remain compact through SCF
 orbital_operator_cache = miss-written
 orbital_operator_cache_key = bfeb774f141e88849406246d461a508547f486fd0d59b325a490a4526ff1eb13
 orbital_operator_cache_path = C:\Users\zigze\Desktop\parsec_python\examples\ml_initial_density\small_molecules\CH3CN\charge3net\.parsec_cache\symmetry\reflection-v4-bfeb774f141e88849406246d461a508547f486fd0d59b325a490a4526ff1eb13.npz
 orbital_operator_hash_seconds = 0.000104
 orbital_operator_cache_load_seconds = 0.000000
 orbital_operator_build_seconds = 0.414011
 orbital_operator_build_workers = 1
 orbital_operator_cache_write_seconds = 0.012253
 scf_scalar_field_storage = one physical value per symmetry orbit with multiplicity weights
 hartree_boundary_setup = overlapped with GPU orbital setup
 hartree_boundary_setup_seconds = 0.148486
 hartree_boundary_setup_wait_seconds = 0.000016
 hartree_boundary_setup_overlapped_seconds = 0.148470
 hartree_cg_storage = int32_columns_uint8_coefficient_palette
 hartree_cg_openmp_workers = 11
 hartree_initial_guess = two-step chronological RHS predictor with previous-potential fallback
 hartree_cg_coefficient_palette_size = 11
 hartree_symmetry = normalized Cartesian axis-reflection wedge
 hartree_symmetry_group_order = 2
 hartree_full_grid_points = 179944
 hartree_wedge_points = 89972
 hartree_reduction_ratio = 2
 hartree_geometry_cache = miss-written
 hartree_geometry_cache_key = 231356724dedc39c06f128b3f3d5a142912d20c0534894fcb8ab7bb69b85db9f
 hartree_geometry_cache_path = C:\Users\zigze\Desktop\parsec_python\examples\ml_initial_density\small_molecules\CH3CN\charge3net\.parsec_cache\symmetry\native-symmetry-boundary-v2-231356724dedc39c06f128b3f3d5a142912d20c0534894fcb8ab7bb69b85db9f.npz
 hartree_geometry_hash_seconds = 0.000035
 hartree_geometry_cache_load_seconds = 0.000000
 hartree_geometry_build_seconds = 0.029174
 hartree_geometry_cache_write_seconds = 0.116490
 native_openmp_detected_processors = 32
 native_openmp_reserved_threads = 4
 native_openmp_max_threads = 28
 native_openmp_thread_source = detected_processors_minus_4
 Backend initialization [sec] =     0.029370

 SCF iter #   1

 Diagonalization time [sec] :       0.35,      tdiag_sum =        0.35

 Fermi level at     1.4430 [Ry]

   State   Eigenvalue [Ry]      Eigenvalue [eV]    Occup.     Repr.

    1         0.4460114962         6.0683432153    1.0000        1
    2         0.8052842361        10.9565362598    1.0000        1
    3         0.9810340603        13.3477532176    1.0000        2
    4         1.1395571005        15.5045859986    1.0000        1
    5         1.2007885905        16.3376894045    1.0000        2
    6         1.2483031751        16.9841633391    1.0000        1
    7         1.3744320909        18.7002481420    1.0000        1
    8         1.4402139252        19.5952626228    0.7082        1
    9         1.4458335185        19.6717216853    0.2915        2
   10         1.4681148400        19.9748768900    0.0004        2
   11         1.5273775309        20.7811932093    0.0000        1
   12         1.5510244558        21.1029285412    0.0000        2
   13         1.5914927591        21.6535321820    0.0000        1
   14         1.6432612909        22.3578844717    0.0000        1
   15         1.6645074178        22.6469550250    0.0000        2
   16         1.6927561599        23.0313017610    0.0000        1

 Max and min values of charge density [e/bohr^3]:   1.5393E-01   1.0066E-06

 Hartree potential time [sec]:       0.06

   Eigenvalue Energy             =          17.27454557 [Ry]
   Hartree Energy                =          29.41496221 [Ry]
   Integral_{Vxc*rho}            =          -6.26221040 [Ry]
   Exc = Integral{eps_xc*rho}    =          -4.87357394 [Ry]
   Electron-Ion energy           =         -91.42851819 [Ry]
   Ion-Ion Energy                =          62.89247783 [Ry]

   Total Energy =            23.17440562 [Ry]
   Energy/atom  =            52.55105466 [eV]

  0-  1    SRE of pot. & charge weighted pot = 111.0829262272   2.9461770626

 SCF iter #   2

 Diagonalization time [sec] :       0.07,      tdiag_sum =        0.43

 Fermi level at    -1.4346 [Ry]

   State   Eigenvalue [Ry]      Eigenvalue [eV]    Occup.     Repr.

    1        -3.7250832109       -50.6827371511    1.0000        1
    2        -3.1232607739       -42.4944614380    1.0000        1
    3        -2.3814796292       -32.4019355394    1.0000        1
    4        -2.2481729577       -30.5881916277    1.0000        1
    5        -2.2296949594       -30.3367836791    1.0000        2
    6        -1.9529343699       -26.5712344505    1.0000        2
    7        -1.9110848973       -26.0018388957    1.0000        1
    8        -1.4768578190       -20.0938321143    1.0000        1
    9        -1.3923353728       -18.9438366154    0.0000        2
   10        -0.7938184601       -10.8005352042    0.0000        1
   11        -0.2489963712        -3.3877948271    0.0000        1
   12        -0.1486190994        -2.0220817426    0.0000        1
   13        -0.1317823991        -1.7930049660    0.0000        2
   14        -0.0751731195        -1.0227904289    0.0000        2
   15        -0.0265045799        -0.3606160129    0.0000        1
   16         0.1742212730         2.3704197957    0.0000        1

 Max and min values of charge density [e/bohr^3]:   7.5639E-01   2.0610E-07

 Hartree potential time [sec]:       0.06

   Eigenvalue Energy             =         -38.09713696 [Ry]
   Hartree Energy                =          85.74196501 [Ry]
   Integral_{Vxc*rho}            =         -16.43063954 [Ry]
   Exc = Integral{eps_xc*rho}    =         -12.68013960 [Ry]
   Electron-Ion energy           =        -218.73624425 [Ry]
   Ion-Ion Energy                =          62.89247783 [Ry]
   (E(new)-E(old))/atom  =          -142.15068807 [eV]

   Total Energy =           -39.51239916 [Ry]
   Energy/atom  =           -89.59963341 [eV]

  0-  2    SRE of pot. & charge weighted pot =  18.4030060377   1.3131431172

 SCF iter #   3

 Diagonalization time [sec] :       0.05,      tdiag_sum =        0.48

 Fermi level at    -1.9318 [Ry]

   State   Eigenvalue [Ry]      Eigenvalue [eV]    Occup.     Repr.

    1        -3.6449605869       -49.5926047528    1.0000        1
    2        -3.1404622768       -42.7285016457    1.0000        1
    3        -2.4976228986       -33.9821576341    1.0000        1
    4        -2.3753114829       -32.3180129746    1.0000        2
    5        -2.3473719370       -31.9378730999    1.0000        1
    6        -2.2683662942       -30.8629381254    1.0000        1
    7        -2.2296990797       -30.3368397384    1.0000        2
    8        -2.0383116571       -27.7328607443    1.0000        1
    9        -1.5131790520       -20.5880115459    0.0000        1
   10        -1.4920832711       -20.3009865705    0.0000        2
   11        -0.7453207073       -10.1406844792    0.0000        1
   12        -0.5901339157        -8.0292440301    0.0000        1
   13        -0.4762688422        -6.4800186134    0.0000        2
   14        -0.4672224949        -6.3569358206    0.0000        1
   15        -0.4018026922        -5.4668470690    0.0000        1
   16        -0.2185880259        -2.9740649628    0.0000        2

 Max and min values of charge density [e/bohr^3]:   7.9735E-01   2.1406E-08

 Hartree potential time [sec]:       0.06

   Eigenvalue Energy             =         -41.08421243 [Ry]
   Hartree Energy                =         103.46588594 [Ry]
   Integral_{Vxc*rho}            =         -19.48094850 [Ry]
   Exc = Integral{eps_xc*rho}    =         -15.01515751 [Ry]
   Electron-Ion energy           =        -243.09073354 [Ry]
   Ion-Ion Energy                =          62.89247783 [Ry]
   (E(new)-E(old))/atom  =           -10.60146654 [eV]

   Total Energy =           -44.18752295 [Ry]
   Energy/atom  =          -100.20109995 [eV]

  0-  3    SRE of pot. & charge weighted pot =  29.4468800380   2.1866760847

 SCF iter #   4

 Diagonalization time [sec] :       0.07,      tdiag_sum =        0.54

 Fermi level at    -1.6161 [Ry]

   State   Eigenvalue [Ry]      Eigenvalue [eV]    Occup.     Repr.

    1        -3.0381265630       -41.3361423912    1.0000        1
    2        -2.6558185188       -36.1345356035    1.0000        1
    3        -2.1063546378       -28.6586399313    1.0000        1
    4        -1.9624385662       -26.7005466444    1.0000        2
    5        -1.9565051949       -26.6198183802    1.0000        1
    6        -1.7867380125       -24.3100000499    1.0000        2
    7        -1.7681853327       -24.0575759994    1.0000        1
    8        -1.7193558433       -23.3932117327    1.0000        1
    9        -1.1573672317       -15.7469070812    0.0000        1
   10        -1.1048917770       -15.0329365400    0.0000        2
   11        -0.7091898298        -9.6490949867    0.0000        1
   12        -0.5330008337        -7.2519027428    0.0000        1
   13        -0.4396718425        -5.9820871547    0.0000        2
   14        -0.4047511647        -5.5069633968    0.0000        1
   15        -0.3092049699        -4.2069809794    0.0000        1
   16        -0.1940254607        -2.6398716137    0.0000        1

 Max and min values of charge density [e/bohr^3]:   7.3276E-01   5.2368E-09

 Hartree potential time [sec]:       0.06

   Eigenvalue Energy             =         -33.98704534 [Ry]
   Hartree Energy                =         105.27960786 [Ry]
   Integral_{Vxc*rho}            =         -19.63665051 [Ry]
   Exc = Integral{eps_xc*rho}    =         -15.13157268 [Ry]
   Electron-Ion energy           =        -244.22491194 [Ry]
   Ion-Ion Energy                =          62.89247783 [Ry]
   (E(new)-E(old))/atom  =            -2.36747462 [eV]

   Total Energy =           -45.23155179 [Ry]
   Energy/atom  =          -102.56857457 [eV]

  0-  4    SRE of pot. & charge weighted pot =  25.1027395250   1.7304793062

 SCF iter #   5

 Diagonalization time [sec] :       0.06,      tdiag_sum =        0.61

 Fermi level at    -1.0276 [Ry]

   State   Eigenvalue [Ry]      Eigenvalue [eV]    Occup.     Repr.

    1        -2.6229762293       -35.6876899803    1.0000        1
    2        -2.2687054564       -30.8675526988    1.0000        1
    3        -1.7580406867       -23.9195499753    1.0000        1
    4        -1.6292056145       -22.1666457501    1.0000        2
    5        -1.6197955738       -22.0386146181    1.0000        1
    6        -1.4475366439       -19.6948940698    1.0000        1
    7        -1.4438174561       -19.6442915447    1.0000        2
    8        -1.4209868395       -19.3336627408    1.0000        1
    9        -0.8272396842       -11.2552576951    0.0000        1
   10        -0.7987231517       -10.8672674575    0.0000        2
   11        -0.4785475516        -6.5110222778    0.0000        1
   12        -0.3762275815        -5.1188772281    0.0000        1
   13        -0.3026239947        -4.1174415471    0.0000        2
   14        -0.2628587533        -3.5764036253    0.0000        1
   15        -0.1900205745        -2.5853819328    0.0000        1
   16        -0.1160395034        -1.5788102755    0.0000        1

 Max and min values of charge density [e/bohr^3]:   7.1739E-01   2.2619E-09

 Hartree potential time [sec]:       0.06

   Eigenvalue Energy             =         -28.42212900 [Ry]
   Hartree Energy                =         103.97917427 [Ry]
   Integral_{Vxc*rho}            =         -19.37721954 [Ry]
   Exc = Integral{eps_xc*rho}    =         -14.93198939 [Ry]
   Electron-Ion energy           =        -241.82221908 [Ry]
   Ion-Ion Energy                =          62.89247783 [Ry]
   (E(new)-E(old))/atom  =            -1.12478427 [eV]

   Total Energy =           -45.72756861 [Ry]
   Energy/atom  =          -103.69335884 [eV]

  0-  5    SRE of pot. & charge weighted pot =  19.3667850228   1.2531306524

 SCF iter #   6

 Diagonalization time [sec] :       0.07,      tdiag_sum =        0.68

 Fermi level at    -0.9432 [Ry]

   State   Eigenvalue [Ry]      Eigenvalue [eV]    Occup.     Repr.

    1        -2.4457664586       -33.2766092821    1.0000        1
    2        -2.1222263941       -28.8745878725    1.0000        1
    3        -1.6191726891       -22.0301397732    1.0000        1
    4        -1.4951827936       -20.3431580531    1.0000        2
    5        -1.4863674027       -20.2232176078    1.0000        1
    6        -1.3016060530       -17.7093916365    1.0000        1
    7        -1.2955579920       -17.6271029282    1.0000        2
    8        -1.2857711409       -17.4939449887    1.0000        1
    9        -0.6843921744        -9.3117030464    0.0000        1
   10        -0.6687437647        -9.0987939136    0.0000        2
   11        -0.3909541387        -5.3192438205    0.0000        1
   12        -0.3005077124        -4.0886478333    0.0000        1
   13        -0.2423179413        -3.2969294454    0.0000        2
   14        -0.2122995095        -2.8885046659    0.0000        1
   15        -0.1559929004        -2.1224082044    0.0000        1
   16        -0.0873212762        -1.1880758194    0.0000        1

 Max and min values of charge density [e/bohr^3]:   6.9896E-01   5.5796E-10

 Hartree potential time [sec]:       0.06

   Eigenvalue Energy             =         -26.10330185 [Ry]
   Hartree Energy                =         103.10432587 [Ry]
   Integral_{Vxc*rho}            =         -19.18432520 [Ry]
   Exc = Integral{eps_xc*rho}    =         -14.78352112 [Ry]
   Electron-Ion energy           =        -240.25807061 [Ry]
   Ion-Ion Energy                =          62.89247783 [Ry]
   (E(new)-E(old))/atom  =            -0.41568434 [eV]

   Total Energy =           -45.91088059 [Ry]
   Energy/atom  =          -104.10904318 [eV]

  0-  6    SRE of pot. & charge weighted pot =  16.6724018817   1.0352038496

 SCF iter #   7

 Diagonalization time [sec] :       0.07,      tdiag_sum =        0.74

 Fermi level at    -0.7254 [Ry]

   State   Eigenvalue [Ry]      Eigenvalue [eV]    Occup.     Repr.

    1        -2.0744039572       -28.2239253607    1.0000        1
    2        -1.7979191428       -24.4621282732    1.0000        1
    3        -1.2965335245       -17.6403758270    1.0000        1
    4        -1.1847829994       -16.1199205334    1.0000        1
    5        -1.1836460555       -16.1044515024    1.0000        2
    6        -0.9938635234       -13.5223083269    1.0000        1
    7        -0.9682376229       -13.1736474498    1.0000        2
    8        -0.9659922080       -13.1430967833    1.0000        1
    9        -0.3659529693        -4.9790829092    0.0000        1
   10        -0.3581629842        -4.8730939298    0.0000        2
   11        -0.1926108987        -2.6206253662    0.0000        1
   12        -0.0521057252        -0.7089400755    0.0000        1
   13        -0.0514261498        -0.6996939091    0.0000        2
   14        -0.0335420304        -0.4563661565    0.0000        1
   15        -0.0185012757        -0.2517246569    0.0000        1
   16         0.0384449208         0.5230739036    0.0000        2

 Max and min values of charge density [e/bohr^3]:   6.8344E-01   9.7193E-11

 Hartree potential time [sec]:       0.06

   Eigenvalue Energy             =         -20.93075807 [Ry]
   Hartree Energy                =         101.57277017 [Ry]
   Integral_{Vxc*rho}            =         -18.89475470 [Ry]
   Exc = Integral{eps_xc*rho}    =         -14.56085718 [Ry]
   Electron-Ion energy           =        -237.85226905 [Ry]
   Ion-Ion Energy                =          62.89247783 [Ry]
   (E(new)-E(old))/atom  =            -0.34400077 [eV]

   Total Energy =           -46.06258094 [Ry]
   Energy/atom  =          -104.45304395 [eV]

  0-  7    SRE of pot. & charge weighted pot =   8.9245146974   0.6074340201

 SCF iter #   8

 Diagonalization time [sec] :       0.07,      tdiag_sum =        0.81

 Fermi level at    -0.1247 [Ry]

   State   Eigenvalue [Ry]      Eigenvalue [eV]    Occup.     Repr.

    1        -1.4324067507       -19.4890397693    1.0000        1
    2        -1.2534416331       -17.0540761713    1.0000        1
    3        -0.7765678647       -10.5658270531    1.0000        1
    4        -0.7057780793        -9.6026753917    1.0000        2
    5        -0.7041229694        -9.5801562973    1.0000        1
    6        -0.4292183503        -5.8398590303    1.0000        1
    7        -0.4174793604        -5.6801406817    1.0000        2
    8        -0.4134120248        -5.6248013267    1.0000        1
    9         0.0385409003         0.5243797809    0.0000        1
   10         0.0958736294         1.3044374264    0.0000        2
   11         0.1196328898         1.6277011721    0.0000        1
   12         0.1630768977         2.2187916540    0.0000        1
   13         0.1633416502         2.2223938237    0.0000        2
   14         0.1715117804         2.3335549818    0.0000        1
   15         0.1923923230         2.6176514678    0.0000        2
   16         0.2352210064         3.2003699696    0.0000        1

 Max and min values of charge density [e/bohr^3]:   6.1656E-01   4.0946E-10

 Hartree potential time [sec]:       0.06

   Eigenvalue Energy             =         -12.26485407 [Ry]
   Hartree Energy                =          96.83489169 [Ry]
   Integral_{Vxc*rho}            =         -17.91702166 [Ry]
   Exc = Integral{eps_xc*rho}    =         -13.81042661 [Ry]
   Electron-Ion energy           =        -229.95562643 [Ry]
   Ion-Ion Energy                =          62.89247783 [Ry]
   (E(new)-E(old))/atom  =            -0.22427804 [eV]

   Total Energy =           -46.16148495 [Ry]
   Energy/atom  =          -104.67732199 [eV]

  0-  8    SRE of pot. & charge weighted pot =   5.0854158828   0.2812273870

 SCF iter #   9

 Diagonalization time [sec] :       0.07,      tdiag_sum =        0.88

 Fermi level at    -0.2226 [Ry]

   State   Eigenvalue [Ry]      Eigenvalue [eV]    Occup.     Repr.

    1        -1.5958429936       -21.7127206017    1.0000        1
    2        -1.3935864487       -18.9608585040    1.0000        1
    3        -0.9123409103       -12.4131279575    1.0000        1
    4        -0.8283720558       -11.2706645169    1.0000        2
    5        -0.8249728042       -11.2244149792    1.0000        1
    6        -0.5773346542        -7.8550998385    1.0000        1
    7        -0.5584756049        -7.5985073851    1.0000        2
    8        -0.5562217110        -7.5678413555    1.0000        1
    9        -0.0323953216        -0.4407642668    0.0000        1
   10        -0.0029877288        -0.0406504411    0.0000        2
   11         0.0028588788         0.0388973328    0.0000        1
   12         0.0828476616         1.1272087146    0.0000        1
   13         0.0939342136         1.2780501239    0.0000        1
   14         0.0982556103         1.3368461823    0.0000        2
   15         0.1240932155         1.6883874708    0.0000        2
   16         0.1591745892         2.1656976255    0.0000        1

 Max and min values of charge density [e/bohr^3]:   6.2554E-01   9.0871E-11

 Hartree potential time [sec]:       0.06

   Eigenvalue Energy             =         -14.49429437 [Ry]
   Hartree Energy                =          97.68916093 [Ry]
   Integral_{Vxc*rho}            =         -18.07077644 [Ry]
   Exc = Integral{eps_xc*rho}    =         -13.92763768 [Ry]
   Electron-Ion energy           =        -231.28726151 [Ry]
   Ion-Ion Energy                =          62.89247783 [Ry]
   (E(new)-E(old))/atom  =            -0.09557263 [eV]

   Total Energy =           -46.20363137 [Ry]
   Energy/atom  =          -104.77289462 [eV]

  0-  9    SRE of pot. & charge weighted pot =   1.4188554951   0.0862448966

 SCF iter #  10

 Diagonalization time [sec] :       0.06,      tdiag_sum =        0.95

 Fermi level at    -0.2501 [Ry]

   State   Eigenvalue [Ry]      Eigenvalue [eV]    Occup.     Repr.

    1        -1.6484191442       -22.4280611926    1.0000        1
    2        -1.4307072105       -19.4659161647    1.0000        1
    3        -0.9475236444       -12.8918172014    1.0000        1
    4        -0.8559263773       -11.6455631044    1.0000        2
    5        -0.8522580503       -11.5956525805    1.0000        1
    6        -0.6230626690        -8.4772660625    1.0000        1
    7        -0.5978929023        -8.1348112507    1.0000        2
    8        -0.5963057699        -8.1132170443    1.0000        1
    9        -0.0491333488        -0.6684985174    0.0000        1
   10        -0.0318088561        -0.4327849348    0.0000        2
   11        -0.0291936578        -0.3972030697    0.0000        1
   12         0.0618272449         0.8412091283    0.0000        1
   13         0.0718968283         0.9782138658    0.0000        1
   14         0.0748469670         1.0183528639    0.0000        2
   15         0.1123730688         1.5289254994    0.0000        2
   16         0.1399700703         1.9044047819    0.0000        1

 Max and min values of charge density [e/bohr^3]:   6.3192E-01   3.9755E-11

 Hartree potential time [sec]:       0.06

   Eigenvalue Energy             =         -15.10419154 [Ry]
   Hartree Energy                =          98.07865800 [Ry]
   Integral_{Vxc*rho}            =         -18.14555613 [Ry]
   Exc = Integral{eps_xc*rho}    =         -13.98492486 [Ry]
   Electron-Ion energy           =        -231.96142458 [Ry]
   Ion-Ion Energy                =          62.89247783 [Ry]
   (E(new)-E(old))/atom  =            -0.02101908 [eV]

   Total Energy =           -46.21290054 [Ry]
   Energy/atom  =          -104.79391370 [eV]

  0- 10    SRE of pot. & charge weighted pot =   0.7994318763   0.0190233007

 SCF iter #  11

 Diagonalization time [sec] :       0.06,      tdiag_sum =        1.01

 Fermi level at    -0.2520 [Ry]

   State   Eigenvalue [Ry]      Eigenvalue [eV]    Occup.     Repr.

    1        -1.6530594178       -22.4911958274    1.0000        1
    2        -1.4273205688       -19.4198381952    1.0000        1
    3        -0.9447179802       -12.8536438952    1.0000        1
    4        -0.8484936841       -11.5444353665    1.0000        2
    5        -0.8450335368       -11.4973572949    1.0000        1
    6        -0.6224431558        -8.4688370890    1.0000        1
    7        -0.5953430391        -8.1001183210    1.0000        2
    8        -0.5941390732        -8.0837374018    1.0000        1
    9        -0.0471450876        -0.6414466324    0.0000        1
   10        -0.0275860874        -0.3753307873    0.0000        2
   11        -0.0254138512        -0.3457757771    0.0000        1
   12         0.0598189987         0.8138853319    0.0000        1
   13         0.0682792699         0.9289940903    0.0000        1
   14         0.0712810146         0.9698352283    0.0000        2
   15         0.1156506829         1.5735200618    0.0000        2
   16         0.1390867873         1.8923870103    0.0000        1

 Max and min values of charge density [e/bohr^3]:   6.3546E-01   1.8442E-11

 Hartree potential time [sec]:       0.06

   Eigenvalue Energy             =         -15.06110091 [Ry]
   Hartree Energy                =          98.25517942 [Ry]
   Integral_{Vxc*rho}            =         -18.17606795 [Ry]
   Exc = Integral{eps_xc*rho}    =         -14.00844340 [Ry]
   Electron-Ion energy           =        -232.29549615 [Ry]
   Ion-Ion Energy                =          62.89247783 [Ry]
   (E(new)-E(old))/atom  =            -0.00490001 [eV]

   Total Energy =           -46.21506139 [Ry]
   Energy/atom  =          -104.79881371 [eV]

  0- 11    SRE of pot. & charge weighted pot =   0.4514277364   0.0042928292

 SCF iter #  12

 Diagonalization time [sec] :       0.06,      tdiag_sum =        1.07

 Fermi level at    -0.2528 [Ry]

   State   Eigenvalue [Ry]      Eigenvalue [eV]    Occup.     Repr.

    1        -1.6477303826       -22.4186900393    1.0000        1
    2        -1.4219333642       -19.3465409664    1.0000        1
    3        -0.9395635091       -12.7835131919    1.0000        1
    4        -0.8434326062       -11.4755753540    1.0000        2
    5        -0.8408772213       -11.4408072980    1.0000        1
    6        -0.6178742207        -8.4066730722    1.0000        1
    7        -0.5902987834        -8.0314871868    1.0000        2
    8        -0.5893945785        -8.0191847556    1.0000        1
    9        -0.0477894720        -0.6502139984    0.0000        1
   10        -0.0235674842        -0.3206544765    0.0000        2
   11        -0.0218607789        -0.2974333853    0.0000        1
   12         0.0574415571         0.7815383382    0.0000        1
   13         0.0642486115         0.8741537590    0.0000        1
   14         0.0679020556         0.9238617883    0.0000        2
   15         0.1160820252         1.5793888179    0.0000        2
   16         0.1362216090         1.8534039683    0.0000        1

 Max and min values of charge density [e/bohr^3]:   6.3567E-01   6.6545E-12

 Hartree potential time [sec]:       0.06

   Eigenvalue Energy             =         -14.98220933 [Ry]
   Hartree Energy                =          98.22622335 [Ry]
   Integral_{Vxc*rho}            =         -18.17048596 [Ry]
   Exc = Integral{eps_xc*rho}    =         -14.00425628 [Ry]
   Electron-Ion energy           =        -232.26131845 [Ry]
   Ion-Ion Energy                =          62.89247783 [Ry]
   (E(new)-E(old))/atom  =            -0.00141724 [eV]

   Total Energy =           -46.21568637 [Ry]
   Energy/atom  =          -104.80023094 [eV]

  0- 12    SRE of pot. & charge weighted pot =   0.3154415068   0.0046665643

 SCF iter #  13

 Diagonalization time [sec] :       0.07,      tdiag_sum =        1.14

 Fermi level at    -0.2565 [Ry]

   State   Eigenvalue [Ry]      Eigenvalue [eV]    Occup.     Repr.

    1        -1.6486168114       -22.4307506123    1.0000        1
    2        -1.4228877172       -19.3595257026    1.0000        1
    3        -0.9404327135       -12.7953394133    1.0000        1
    4        -0.8449234593       -11.4958596024    1.0000        2
    5        -0.8430555573       -11.4704453014    1.0000        1
    6        -0.6198414073        -8.4334382194    1.0000        1
    7        -0.5917472030        -8.0511940947    1.0000        2
    8        -0.5910384119        -8.0415504243    1.0000        1
    9        -0.0506972451        -0.6897765781    0.0000        1
   10        -0.0251625818        -0.3423570549    0.0000        2
   11        -0.0239549260        -0.3259259315    0.0000        1
   12         0.0537891521         0.7318444451    0.0000        1
   13         0.0591039722         0.8041568248    0.0000        1
   14         0.0631054569         0.8586002257    0.0000        2
   15         0.1141778667         1.5534812194    0.0000        2
   16         0.1314823580         1.7889226669    0.0000        1

 Max and min values of charge density [e/bohr^3]:   6.3573E-01   2.9865E-12

 Hartree potential time [sec]:       0.06

   Eigenvalue Energy             =         -15.00508656 [Ry]
   Hartree Energy                =          98.19831766 [Ry]
   Integral_{Vxc*rho}            =         -18.16682235 [Ry]
   Exc = Integral{eps_xc*rho}    =         -14.00150772 [Ry]
   Electron-Ion energy           =        -232.22462578 [Ry]
   Ion-Ion Energy                =          62.89247783 [Ry]
   (E(new)-E(old))/atom  =            -0.00059868 [eV]

   Total Energy =           -46.21595039 [Ry]
   Energy/atom  =          -104.80082963 [eV]

  0- 13    SRE of pot. & charge weighted pot =   0.1993487784   0.0050839955

 SCF iter #  14

 Diagonalization time [sec] :       0.06,      tdiag_sum =        1.20

 Fermi level at    -0.2602 [Ry]

   State   Eigenvalue [Ry]      Eigenvalue [eV]    Occup.     Repr.

    1        -1.6508150306       -22.4606591433    1.0000        1
    2        -1.4256608549       -19.3972564600    1.0000        1
    3        -0.9431251159       -12.8319717023    1.0000        1
    4        -0.8476182452       -11.5325243201    1.0000        2
    5        -0.8455063639       -11.5037904857    1.0000        1
    6        -0.6215732808        -8.4570017434    1.0000        1
    7        -0.5938421229        -8.0796971555    1.0000        2
    8        -0.5931157928        -8.0698148538    1.0000        1
    9        -0.0531408940        -0.7230243751    0.0000        1
   10        -0.0272986377        -0.3714198048    0.0000        2
   11        -0.0262779510        -0.3575325462    0.0000        1
   12         0.0505988137         0.6884373392    0.0000        1
   13         0.0548858808         0.7467663172    0.0000        1
   14         0.0586234892         0.7976194698    0.0000        2
   15         0.1119660345         1.5233874723    0.0000        2
   16         0.1273362385         1.7325113940    0.0000        1

 Max and min values of charge density [e/bohr^3]:   6.3552E-01   1.7371E-12

 Hartree potential time [sec]:       0.06

   Eigenvalue Energy             =         -15.04251361 [Ry]
   Hartree Energy                =          98.20096462 [Ry]
   Integral_{Vxc*rho}            =         -18.16629138 [Ry]
   Exc = Integral{eps_xc*rho}    =         -14.00110464 [Ry]
   Electron-Ion energy           =        -232.22704364 [Ry]
   Ion-Ion Energy                =          62.89247783 [Ry]
   (E(new)-E(old))/atom  =            -0.00031072 [eV]

   Total Energy =           -46.21608741 [Ry]
   Energy/atom  =          -104.80114034 [eV]

  0- 14    SRE of pot. & charge weighted pot =   0.1497796132   0.0028391292

 SCF iter #  15

 Diagonalization time [sec] :       0.06,      tdiag_sum =        1.27

 Fermi level at    -0.2628 [Ry]

   State   Eigenvalue [Ry]      Eigenvalue [eV]    Occup.     Repr.

    1        -1.6528291221       -22.4880624692    1.0000        1
    2        -1.4275333930       -19.4227338383    1.0000        1
    3        -0.9447934777       -12.8546710984    1.0000        1
    4        -0.8493758147       -11.5564374595    1.0000        2
    5        -0.8476319988       -11.5327114492    1.0000        1
    6        -0.6237263855        -8.4862964552    1.0000        1
    7        -0.5957823540        -8.1060955523    1.0000        2
    8        -0.5951444004        -8.0974156826    1.0000        1
    9        -0.0545457179        -0.7421381289    0.0000        1
   10        -0.0290462048        -0.3951968526    0.0000        2
   11        -0.0282579723        -0.3844723195    0.0000        1
   12         0.0487881373         0.6638016390    0.0000        1
   13         0.0522305782         0.7106388004    0.0000        1
   14         0.0557038697         0.7578957105    0.0000        2
   15         0.1107231600         1.5064771708    0.0000        2
   16         0.1244936618         1.6938358638    0.0000        1

 Max and min values of charge density [e/bohr^3]:   6.3562E-01   1.1629E-12

 Hartree potential time [sec]:       0.06

   Eigenvalue Energy             =         -15.07363389 [Ry]
   Hartree Energy                =          98.20200502 [Ry]
   Integral_{Vxc*rho}            =         -18.16727319 [Ry]
   Exc = Integral{eps_xc*rho}    =         -14.00188105 [Ry]
   Electron-Ion energy           =        -232.23241601 [Ry]
   Ion-Ion Energy                =          62.89247783 [Ry]
   (E(new)-E(old))/atom  =            -0.00015088 [eV]

   Total Energy =           -46.21615394 [Ry]
   Energy/atom  =          -104.80129122 [eV]

  0- 15    SRE of pot. & charge weighted pot =   0.0644883671   0.0016674497

 SCF iter #  16

 Diagonalization time [sec] :       0.07,      tdiag_sum =        1.33

 Fermi level at    -0.2634 [Ry]

   State   Eigenvalue [Ry]      Eigenvalue [eV]    Occup.     Repr.

    1        -1.6520290756       -22.4771771971    1.0000        1
    2        -1.4262042999       -19.4046504640    1.0000        1
    3        -0.9434674385       -12.8366292743    1.0000        1
    4        -0.8475391922       -11.5314487418    1.0000        2
    5        -0.8456857029       -11.5062305359    1.0000        1
    6        -0.6223797693        -8.4679746646    1.0000        1
    7        -0.5944447069        -8.0878957932    1.0000        2
    8        -0.5937782352        -8.0788279127    1.0000        1
    9        -0.0540153042        -0.7349214261    0.0000        1
   10        -0.0277930361        -0.3781464911    0.0000        2
   11        -0.0270028710        -0.3673956626    0.0000        1
   12         0.0482176429         0.6560396052    0.0000        1
   13         0.0513982553         0.6993143816    0.0000        1
   14         0.0539720761         0.7343332731    0.0000        2
   15         0.1102994135         1.5007117598    0.0000        2
   16         0.1234625359         1.6798065706    0.0000        1

 Max and min values of charge density [e/bohr^3]:   6.3591E-01   6.3043E-13

 Hartree potential time [sec]:       0.06

   Eigenvalue Energy             =         -15.05105684 [Ry]
   Hartree Energy                =          98.21123090 [Ry]
   Integral_{Vxc*rho}            =         -18.16799894 [Ry]
   Exc = Integral{eps_xc*rho}    =         -14.00241605 [Ry]
   Electron-Ion energy           =        -232.24961496 [Ry]
   Ion-Ion Energy                =          62.89247783 [Ry]
   (E(new)-E(old))/atom  =            -0.00008745 [eV]

   Total Energy =           -46.21619251 [Ry]
   Energy/atom  =          -104.80137867 [eV]

  0- 16    SRE of pot. & charge weighted pot =   0.1081848379   0.0009689538

 SCF iter #  17

 Diagonalization time [sec] :       0.06,      tdiag_sum =        1.40

 Fermi level at    -0.2651 [Ry]

   State   Eigenvalue [Ry]      Eigenvalue [eV]    Occup.     Repr.

    1        -1.6524012884       -22.4822414492    1.0000        1
    2        -1.4267262601       -19.4117521498    1.0000        1
    3        -0.9439766477       -12.8435574738    1.0000        1
    4        -0.8480846012       -11.5388694676    1.0000        2
    5        -0.8462526219       -11.5139439237    1.0000        1
    6        -0.6227269219        -8.4726979546    1.0000        1
    7        -0.5948768565        -8.0937755346    1.0000        2
    8        -0.5942136454        -8.0847520170    1.0000        1
    9        -0.0546014754        -0.7428967539    0.0000        1
   10        -0.0282956523        -0.3849849867    0.0000        2
   11        -0.0275493420        -0.3748308378    0.0000        1
   12         0.0470825361         0.6405955690    0.0000        1
   13         0.0501107669         0.6817970721    0.0000        1
   14         0.0519422380         0.7067157024    0.0000        2
   15         0.1092343553         1.4862207918    0.0000        2
   16         0.1213962264         1.6516927778    0.0000        1

 Max and min values of charge density [e/bohr^3]:   6.3584E-01   4.2503E-13

 Hartree potential time [sec]:       0.06

   Eigenvalue Energy             =         -15.05851769 [Ry]
   Hartree Energy                =          98.20934910 [Ry]
   Integral_{Vxc*rho}            =         -18.16736155 [Ry]
   Exc = Integral{eps_xc*rho}    =         -14.00192850 [Ry]
   Electron-Ion energy           =        -232.24580072 [Ry]
   Ion-Ion Energy                =          62.89247783 [Ry]
   (E(new)-E(old))/atom  =            -0.00003503 [eV]

   Total Energy =           -46.21620796 [Ry]
   Energy/atom  =          -104.80141370 [eV]

  0- 17    SRE of pot. & charge weighted pot =   0.1393006276   0.0011921617

 SCF iter #  18

 Diagonalization time [sec] :       0.07,      tdiag_sum =        1.47

 Fermi level at    -0.2665 [Ry]

   State   Eigenvalue [Ry]      Eigenvalue [eV]    Occup.     Repr.

    1        -1.6523315093       -22.4812920489    1.0000        1
    2        -1.4264789334       -19.4083870722    1.0000        1
    3        -0.9437265920       -12.8401552649    1.0000        1
    4        -0.8478047118       -11.5350613472    1.0000        2
    5        -0.8459734294       -11.5101452855    1.0000        1
    6        -0.6226687909        -8.4719070352    1.0000        1
    7        -0.5946937883        -8.0912847446    1.0000        2
    8        -0.5940432665        -8.0824338754    1.0000        1
    9        -0.0545586869        -0.7423145823    0.0000        1
   10        -0.0281292378        -0.3827207832    0.0000        2
   11        -0.0273971953        -0.3727607602    0.0000        1
   12         0.0466976400         0.6353587503    0.0000        1
   13         0.0495535996         0.6742163656    0.0000        1
   14         0.0508833255         0.6923083498    0.0000        2
   15         0.1089708666         1.4826358168    0.0000        2
   16         0.1194235868         1.6248534367    0.0000        1

 Max and min values of charge density [e/bohr^3]:   6.3588E-01   3.3236E-13

 Hartree potential time [sec]:       0.06

   Eigenvalue Energy             =         -15.05544204 [Ry]
   Hartree Energy                =          98.21196661 [Ry]
   Integral_{Vxc*rho}            =         -18.16791977 [Ry]
   Exc = Integral{eps_xc*rho}    =         -14.00236270 [Ry]
   Electron-Ion energy           =        -232.25210485 [Ry]
   Ion-Ion Energy                =          62.89247783 [Ry]
   (E(new)-E(old))/atom  =            -0.00002038 [eV]

   Total Energy =           -46.21621694 [Ry]
   Energy/atom  =          -104.80143408 [eV]

  0- 18    SRE of pot. & charge weighted pot =   0.0921256622   0.0010052481

 SCF iter #  19

 Diagonalization time [sec] :       0.07,      tdiag_sum =        1.54

 Fermi level at    -0.2683 [Ry]

   State   Eigenvalue [Ry]      Eigenvalue [eV]    Occup.     Repr.

    1        -1.6523342325       -22.4813291000    1.0000        1
    2        -1.4266507592       -19.4107248995    1.0000        1
    3        -0.9438905150       -12.8423855683    1.0000        1
    4        -0.8479925528       -11.5376170745    1.0000        2
    5        -0.8462126834       -11.5134005276    1.0000        1
    6        -0.6226582776        -8.4717639939    1.0000        1
    7        -0.5947659677        -8.0922668033    1.0000        2
    8        -0.5941224191        -8.0835108101    1.0000        1
    9        -0.0547641652        -0.7451102784    0.0000        1
   10        -0.0282813622        -0.3847905572    0.0000        2
   11        -0.0275683750        -0.3750897964    0.0000        1
   12         0.0461274315         0.6276006073    0.0000        1
   13         0.0490230612         0.6669979665    0.0000        1
   14         0.0496650168         0.6757322858    0.0000        2
   15         0.1083185793         1.4737609261    0.0000        2
   16         0.1170226572         1.5921868700    0.0000        1

 Max and min values of charge density [e/bohr^3]:   6.3584E-01   3.0039E-13

 Hartree potential time [sec]:       0.06

   Eigenvalue Energy             =         -15.05725481 [Ry]
   Hartree Energy                =          98.20975519 [Ry]
   Integral_{Vxc*rho}            =         -18.16734339 [Ry]
   Exc = Integral{eps_xc*rho}    =         -14.00192008 [Ry]
   Electron-Ion energy           =        -232.24781578 [Ry]
   Ion-Ion Energy                =          62.89247783 [Ry]
   (E(new)-E(old))/atom  =            -0.00000757 [eV]

   Total Energy =           -46.21622028 [Ry]
   Energy/atom  =          -104.80144165 [eV]

  0- 19    SRE of pot. & charge weighted pot =   0.1210185276   0.0013575565

 SCF iter #  20

 Diagonalization time [sec] :       0.07,      tdiag_sum =        1.61

 Fermi level at    -0.2699 [Ry]

   State   Eigenvalue [Ry]      Eigenvalue [eV]    Occup.     Repr.

    1        -1.6521569433       -22.4789169395    1.0000        1
    2        -1.4264260562       -19.4076676355    1.0000        1
    3        -0.9437003055       -12.8397976162    1.0000        1
    4        -0.8478421259       -11.5355703963    1.0000        2
    5        -0.8459929583       -11.5104109922    1.0000        1
    6        -0.6225700626        -8.4705637574    1.0000        1
    7        -0.5946227156        -8.0903177434    1.0000        2
    8        -0.5939691003        -8.0814247851    1.0000        1
    9        -0.0548408644        -0.7461538334    0.0000        1
   10        -0.0281983659        -0.3836613273    0.0000        2
   11        -0.0274646514        -0.3736785536    0.0000        1
   12         0.0456990078         0.6217715610    0.0000        1
   13         0.0486189178         0.6614992713    0.0000        1
   14         0.0486982493         0.6625786408    0.0000        2
   15         0.1078167720         1.4669334361    0.0000        2
   16         0.1148881222         1.5631448136    0.0000        1

 Max and min values of charge density [e/bohr^3]:   6.3581E-01   2.4257E-13

 Hartree potential time [sec]:       0.06

   Eigenvalue Energy             =         -15.05456054 [Ry]
   Hartree Energy                =          98.20751936 [Ry]
   Integral_{Vxc*rho}            =         -18.16691138 [Ry]
   Exc = Integral{eps_xc*rho}    =         -14.00158935 [Ry]
   Electron-Ion energy           =        -232.24439419 [Ry]
   Ion-Ion Energy                =          62.89247783 [Ry]
   (E(new)-E(old))/atom  =            -0.00000497 [eV]

   Total Energy =           -46.21622247 [Ry]
   Energy/atom  =          -104.80144662 [eV]

  0- 20    SRE of pot. & charge weighted pot =   0.1367398410   0.0014791093

 SCF iter #  21

 Diagonalization time [sec] :       0.07,      tdiag_sum =        1.68

 Fermi level at    -0.2712 [Ry]

   State   Eigenvalue [Ry]      Eigenvalue [eV]    Occup.     Repr.

    1        -1.6526627522       -22.4857988734    1.0000        1
    2        -1.4265834278       -19.4098088018    1.0000        1
    3        -0.9438233907       -12.8414722889    1.0000        1
    4        -0.8478453750       -11.5356146026    1.0000        2
    5        -0.8460331908       -11.5109583879    1.0000        1
    6        -0.6229130482        -8.4752303505    1.0000        1
    7        -0.5949203414        -8.0943671812    1.0000        2
    8        -0.5942707186        -8.0855285427    1.0000        1
    9        -0.0547901248        -0.7454634794    0.0000        1
   10        -0.0283790309        -0.3861194180    0.0000        2
   11        -0.0276548509        -0.3762663700    0.0000        1
   12         0.0455667009         0.6199714192    0.0000        1
   13         0.0481116832         0.6545979386    0.0000        2
   14         0.0484933365         0.6597906379    0.0000        1
   15         0.1075889583         1.4638338489    0.0000        2
   16         0.1132817863         1.5412893278    0.0000        1

 Max and min values of charge density [e/bohr^3]:   6.3594E-01   1.9882E-13

 Hartree potential time [sec]:       0.06

   Eigenvalue Energy             =         -15.05810449 [Ry]
   Hartree Energy                =          98.21180310 [Ry]
   Integral_{Vxc*rho}            =         -18.16774695 [Ry]
   Exc = Integral{eps_xc*rho}    =         -14.00222823 [Ry]
   Electron-Ion energy           =        -232.25264291 [Ry]
   Ion-Ion Energy                =          62.89247783 [Ry]
   (E(new)-E(old))/atom  =            -0.00000461 [eV]

   Total Energy =           -46.21622451 [Ry]
   Energy/atom  =          -104.80145123 [eV]

  0- 21    SRE of pot. & charge weighted pot =   0.0936042342   0.0009081518

 SCF iter #  22

 Diagonalization time [sec] :       0.06,      tdiag_sum =        1.74

 Fermi level at    -0.2724 [Ry]

   State   Eigenvalue [Ry]      Eigenvalue [eV]    Occup.     Repr.

    1        -1.6528379290       -22.4881822947    1.0000        1
    2        -1.4264913888       -19.4085565375    1.0000        1
    3        -0.9437437767       -12.8403890773    1.0000        1
    4        -0.8478181196       -11.5352437719    1.0000        2
    5        -0.8460323615       -11.5109471038    1.0000        1
    6        -0.6232302303        -8.4795458677    1.0000        1
    7        -0.5950932765        -8.0967201019    1.0000        2
    8        -0.5944526607        -8.0880040112    1.0000        1
    9        -0.0548837942        -0.7467379270    0.0000        1
   10        -0.0285165506        -0.3879904837    0.0000        2
   11        -0.0277915821        -0.3781267072    0.0000        1
   12         0.0453208036         0.6166257899    0.0000        1
   13         0.0474668143         0.6458239822    0.0000        2
   14         0.0482275995         0.6561750729    0.0000        1
   15         0.1072229919         1.4588545827    0.0000        2
   16         0.1117896069         1.5209870335    0.0000        1

 Max and min values of charge density [e/bohr^3]:   6.3600E-01   1.9404E-13

 Hartree potential time [sec]:       0.06

   Eigenvalue Energy             =         -15.05939949 [Ry]
   Hartree Energy                =          98.21061408 [Ry]
   Integral_{Vxc*rho}            =         -18.16787447 [Ry]
   Exc = Integral{eps_xc*rho}    =         -14.00233147 [Ry]
   Electron-Ion energy           =        -232.25186199 [Ry]
   Ion-Ion Energy                =          62.89247783 [Ry]
   (E(new)-E(old))/atom  =            -0.00000383 [eV]

   Total Energy =           -46.21622620 [Ry]
   Energy/atom  =          -104.80145506 [eV]

  0- 22    SRE of pot. & charge weighted pot =   0.0697084481   0.0003725189

 SCF iter #  23

 Diagonalization time [sec] :       0.07,      tdiag_sum =        1.81

 Fermi level at    -0.2734 [Ry]

   State   Eigenvalue [Ry]      Eigenvalue [eV]    Occup.     Repr.

    1        -1.6530323076       -22.4908269709    1.0000        1
    2        -1.4267509606       -19.4120882201    1.0000        1
    3        -0.9440451322       -12.8444892592    1.0000        1
    4        -0.8481728213       -11.5400697720    1.0000        2
    5        -0.8464392542       -11.5164832049    1.0000        1
    6        -0.6233747179        -8.4815117372    1.0000        1
    7        -0.5953396892        -8.1000727428    1.0000        2
    8        -0.5947158129        -8.0915844070    1.0000        1
    9        -0.0551833650        -0.7508138279    0.0000        1
   10        -0.0288255743        -0.3921949985    0.0000        2
   11        -0.0281083254        -0.3824362542    0.0000        1
   12         0.0450175599         0.6124999163    0.0000        1
   13         0.0468184741         0.6370027949    0.0000        2
   14         0.0478141801         0.6505501722    0.0000        1
   15         0.1067656169         1.4526316307    0.0000        2
   16         0.1104122815         1.5022474192    0.0000        1

 Max and min values of charge density [e/bohr^3]:   6.3595E-01   1.9528E-13

 Hartree potential time [sec]:       0.06

   Eigenvalue Energy             =         -15.06374139 [Ry]
   Hartree Energy                =          98.20747216 [Ry]
   Integral_{Vxc*rho}            =         -18.16728595 [Ry]
   Exc = Integral{eps_xc*rho}    =         -14.00188552 [Ry]
   Electron-Ion energy           =        -232.24628437 [Ry]
   Ion-Ion Energy                =          62.89247783 [Ry]
   (E(new)-E(old))/atom  =            -0.00000087 [eV]

   Total Energy =           -46.21622658 [Ry]
   Energy/atom  =          -104.80145593 [eV]

  0- 23    SRE of pot. & charge weighted pot =   0.0069877726   0.0003783278

 SCF iter #  24

 Diagonalization time [sec] :       0.07,      tdiag_sum =        1.88

 Fermi level at    -0.2742 [Ry]

   State   Eigenvalue [Ry]      Eigenvalue [eV]    Occup.     Repr.

    1        -1.6531128701       -22.4919230882    1.0000        1
    2        -1.4267918149       -19.4126440756    1.0000        1
    3        -0.9440671919       -12.8447893995    1.0000        1
    4        -0.8482014333       -11.5404590616    1.0000        2
    5        -0.8464611938       -11.5167817108    1.0000        1
    6        -0.6235131721        -8.4833955174    1.0000        1
    7        -0.5954120320        -8.1010570255    1.0000        2
    8        -0.5947875933        -8.0925610371    1.0000        1
    9        -0.0551979273        -0.7510119591    0.0000        1
   10        -0.0288783871        -0.3929135593    0.0000        2
   11        -0.0281538261        -0.3830553269    0.0000        1
   12         0.0449072896         0.6109996010    0.0000        1
   13         0.0464146826         0.6315088890    0.0000        2
   14         0.0477195416         0.6492625395    0.0000        1
   15         0.1065438827         1.4496147595    0.0000        2
   16         0.1094927126         1.4897359496    0.0000        1

 Max and min values of charge density [e/bohr^3]:   6.3598E-01   1.7388E-13

 Hartree potential time [sec]:       0.06

   Eigenvalue Energy             =         -15.06469460 [Ry]
   Hartree Energy                =          98.20786228 [Ry]
   Integral_{Vxc*rho}            =         -18.16750667 [Ry]
   Exc = Integral{eps_xc*rho}    =         -14.00205541 [Ry]
   Electron-Ion energy           =        -232.24743000 [Ry]
   Ion-Ion Energy                =          62.89247783 [Ry]
   (E(new)-E(old))/atom  =            -0.00000085 [eV]

   Total Energy =           -46.21622696 [Ry]
   Energy/atom  =          -104.80145679 [eV]

  0- 24    SRE of pot. & charge weighted pot =   0.0042738965   0.0001998338

Self-consistency convergence achieved.

Time for self-consistent field [sec] :       6.19,    tdiag_sum =        1.88
Time spent on Hartree potential [sec] :        1.40

 Initial Hamiltonian component timings [sec]
 --------------------------------------------------
 Finite-difference (-nabla^2) :     0.038896
 V_ion diagonal/local         :     0.045836
 V_ion nonlocal projectors    :     0.019638
 Initial V_xc (PBE)             :     0.067542
 Component subtotal             :     0.171912
 --------------------------------------------------

 SCF timing analysis [sec]
 --------------------------------------------------
 Initial Hartree potential      :     0.048678
 Initial exchange-correlation   :     0.067542
 Hamiltonian binding subtotal  :     0.001713
 Diagonalization subtotal       :     1.876591
 Occupation/density subtotal   :     0.010678
 Hartree potential subtotal     :     1.401824
 Exchange-correlation subtotal  :     2.629869
 Mixing/energy subtotal         :     0.126972
 SCF wall time                   :     6.178279
 --------------------------------------------------

Forces, dipoles, and MPI statistics
are not calculated by this Python single-point implementation.

 =================================================================

 Accelerated Hamiltonian statistics:
 -----------------------------------
 Backend = cupy
 H applications =         1635
 Orbital vectors applied =         6976
 Total H application time [sec] =     0.000000
 Average H application [sec] =     0.000000
 Local-potential updates =           24
 Local update time [sec] =     0.001429
 Per-H device timing = disabled (would synchronize every recurrence)
 GPU initial-eigensolver calls =            2
 GPU initial-eigensolver synchronized time [sec] =     0.347237
 GPU SUBSPACE calls =           46
 GPU SUBSPACE synchronized time [sec] =     1.489737
 GPU representation scheduler batches =           24
 GPU representation scheduler wall time [sec] =     1.841405
 Final active states by representation = 14 10
 Requested-eigenpair download [sec] =     0.002564
 GPU density builds =           24
 GPU density build/download [sec] =     0.006774
 Final wavefunction download [sec] =     0.008292
 Accelerated Hartree solves =           25
 Accelerated Hartree total [sec] =     1.449934
 Hartree boundary/RHS [sec] =     0.191580
 Hartree linear solve [sec] =     1.258235
 Host-to-device time [sec] =     0.000000
 Device kernel time [sec] =     1.836974
 Device-to-host time [sec] =     0.002564
 Pre-SCF setup/reporting wall time [sec] :    2.093104
 Post-SCF finalization/reporting [sec] :    0.000088
 Total accelerated Python wall time [sec] :        8.28
Text log: C:\Users\zigze\Desktop\parsec_python\examples\ml_initial_density\small_molecules\CH3CN\charge3net\parsec.out
