
 =================================================================

  PARSEC-PYTHON - Modular real-space DFT program
  PARSEC-like report; Python real-space implementation

 starting run on 02-Sep-2026 17:31:38 -0700
 input file: C:\Users\zigze\Desktop\parsec_python\examples\ml_initial_density\small_molecules\H2O\scdp\parsec.in

 =================================================================

 Initial Run - starting from an imported/ML density
 Initial density method = scdp
 ignoresym= F

 Grid data:
 ~~------~~

 Confined system (cluster) with zero boundary condition!
  Spherical domain shape:
 --- Radius is  13.228088 bohrs
 Grid spacing is  0.377945 bohrs
 Order of double grid is    1
 Grid points are shifted from origin!
 shift vector =   0.5000   0.5000   0.5000   [units of grid spacing]
 WAVEFUNCTIONS ARE REAL!
 The Finite-difference expansion is of order  8
 Python constructs the full active grid; the selected execution backend reports any exact symmetry reduction.

 Eigenvalue data:
 ----------------
 Number of states:           16
 Net cluster charge =    0.000      [e]
 Fermi temperature =    500.00 [K]

 Self-consistency data:
 ----------------------
 Maximum number of iterations is           50
 Performing Chebyshev-Davidson diagonalization
 Polynomial degree for Chebyshev-Davidson is     15
 The matvec operations use block size      6
 Polynomial degree for Chebyshev filtering is     10
 Change in polynomial degree (dpm) for Chebyshev filtering is      3
 Self-consistency convergence criterion is    2.0000000000000001E-04  Ry
 Diagonalization tolerance is    1.0000000000000000E-04
 Buffer size in subspace is      6

 Mixer data:
 -----------
 solver lpole is :            9
 Anderson mixer
 Initial Jacobian:  0.300  Mixing memory is  4
 Mixing restarted after           20 iterations

 Correlation data:
 -----------------
 Exchange-Correlation functional is pbe
 GGA, Perdew-Burke-Ernzerhof parametrization

 Other input data:
 -----------------
 output level [1 - 6] =  1
 No spin effects!
 No minimization!


 Atom data:
 --~--~---

 Tot. # of atom types is     2

 Chemical element : H
 Physical element : H
 martins_new
  pseudopotential format : new Martins
  pseudopotential file   : C:\Users\zigze\Desktop\parsec_python\examples\ml_initial_density\pseudopotentials\H_POTRE.DAT
  radial points/channels : 773 / 1
  selected local channel : l=0
 There are      2 H  atoms
 and their initial coordinates are:

    x [bohr]          y [bohr]          z [bohr]
      0.000000000     -0.519674891      1.795240534
      0.000000000     -0.519674891     -1.795240534

 Chemical element : O
 Physical element : O
 martins_new
  pseudopotential format : new Martins
  pseudopotential file   : C:\Users\zigze\Desktop\parsec_python\examples\ml_initial_density\pseudopotentials\O_POTRE.DAT
  radial points/channels : 945 / 3
  selected local channel : l=1
 There are      1 O  atoms
 and their initial coordinates are:

    x [bohr]          y [bohr]          z [bohr]
      0.000000000      0.519674891      0.000000000

 Tot. number of atoms =       3

 Real-space setup:
 -----------------
 Full active grid points =       179944
 Hamiltonian dimension   =       179944
 Sparse Laplacian nonzeros =     4267480
 Nonlocal projector columns =        6
 Number of electrons =     8.00000000
 Initial density integral =     8.00000000

 Setup timings [sec]
 --------------------------------------------------
 Pseudopotential loading       :     0.019234
 Grid-domain construction      :     0.017272
 Finite-difference construction:     0.004327
 Local ionic potential setup   :     0.010608
 Nonlocal ionic projector setup:     0.007563
 Initial valence-density setup :     0.032236
 Core-density setup            :     0.000023
 Ion-ion energy setup           :     0.000037
 Preparation wall time          :     0.091450
 --------------------------------------------------

 The reference setup above describes the constructed full grid.  The GPU orbital solve is decomposed into the exact symmetry representations reported below.

 Acceleration backend:
 ---------------------
 Requested backend = auto
 Selected backend  = cupy
 Numeric dtype     = float64
 Device            = CUDA:0 (NVIDIA GeForce RTX 5070 Laptop GPU)
 Implementation    = CuPy float64 device-resident stencil-major/compact-CSR Hamiltonian with fused Chebyshev recurrence, CHEBFF/CHEBDAV/SUBSPACE eigensolver, and fused orbital-density construction
 laplacian_nnz = 4267480
 projector_columns = 6
 cupy_version = 14.0.1
 gpu_finite_difference_storage = deferred_full_grid_symmetry_sectors
 gpu_finite_difference_palette_size = 0
 gpu_finite_difference_fallback = full-grid operator intentionally deferred
 gpu_chebyshev_recurrence = separate_hamiltonian_and_elementwise_kernels
 gpu_later_subspace_filter_precision = deferred_to_symmetry_sector_operators
 gpu_nonlocal_application = deferred_to_symmetry_sector_operators
 gpu_projector_reduction = deferred_to_symmetry_sector_operators
 gpu_subspace_residuals = disabled_diagnostics_only
 cuda_initialization_overlap = cuda_probe_with_cpu_reference_setup
 backend_resolution_seconds = 0.866484
 reference_preparation_seconds = 0.094850
 backend_reference_overlapped_seconds = 0.094439
 symmetry_mode = auto
 symmetry_detection = exact Cartesian axis-reflection subgroup detected
 detected_symmetry_group_order = 4
 orbital_symmetry = CuPy real one-dimensional reflection representations
 finite_difference_builder = C++17 compressed-grid CSR builder (exact stencil parity)
 ionic_setup_implementation = cached-grid C++/OpenMP radial interpolation and KB sampling
 hartree_backend = native
 hartree_implementation = orbit-summed C++/OpenMP multipoles and direct wedge RHS plus symmetry-wedge C++/OpenMP CG
 xc_implementation = vectorized NumPy discrete-variational PBE
 finite_difference_full_grid_materialization = skipped_by_exact_reduced_operator_cache
 finite_difference_provenance_key = bcf8094314385e9f47fac42b2fd64267a127992d3a3d18bd5eeaf3b74327452f
 finite_difference_provenance_hash_seconds = 0.003645
 finite_difference_nnz_count_seconds = 0.000672
 finite_difference_nnz_cache = disk-hit
 finite_difference_nnz_cache_path = C:\Users\zigze\Desktop\parsec_python\examples\ml_initial_density\small_molecules\H2O\scdp\.parsec_cache\symmetry\negative-laplacian-nnz-v1-bcf8094314385e9f47fac42b2fd64267a127992d3a3d18bd5eeaf3b74327452f.json
 finite_difference_materialization_seconds = 0.000000
 reference_static_cache = disabled
 reference_static_cache_lookup_seconds = 0.000000
 symmetry_geometry_cache = hit
 symmetry_geometry_cache_key = 5d80682febdbe28726c5e6787f633a2ae9ce3527e6de63264bbdd597985249b0
 symmetry_geometry_cache_path = C:\Users\zigze\Desktop\parsec_python\examples\ml_initial_density\small_molecules\H2O\scdp\.parsec_cache\symmetry\reflection-reduction-v2-5d80682febdbe28726c5e6787f633a2ae9ce3527e6de63264bbdd597985249b0.npz
 symmetry_geometry_hash_seconds = 0.004245
 symmetry_geometry_cache_load_seconds = 0.004379
 symmetry_geometry_build_seconds = 0.000000
 symmetry_geometry_cache_write_seconds = 0.000000
 symmetry_representation_cache = hit
 symmetry_representation_cache_key = a555faca3bb4d0a5e560db542b7c498eb588f28f21d827433442ded73bb29101
 symmetry_representation_cache_path = C:\Users\zigze\Desktop\parsec_python\examples\ml_initial_density\small_molecules\H2O\scdp\.parsec_cache\symmetry\reflection-representations-v3-a555faca3bb4d0a5e560db542b7c498eb588f28f21d827433442ded73bb29101.npz
 symmetry_representation_hash_seconds = 0.000919
 symmetry_representation_cache_load_seconds = 0.005960
 symmetry_representation_build_seconds = 0.000000
 symmetry_representation_cache_write_seconds = 0.000000
 gpu_initial_random_basis = bit-exact 2048-lane skip-ahead DLARNV generator
 gpu_chebdav_ritz_scalar_source = reuse values already returned by host LAPACK
 gpu_chebdav_appended_orthogonalization = PARSEC selective MGS
 gpu_chebdav_prefix_projection = full C-order coefficient GEMM plus fused active-prefix CUDA update for blocks up to six
 gpu_chebdav_ritz_projection = full contiguous C-order Davidson workspace GEMM; use only the active row interval
 gpu_subspace_orthogonalization = size-adaptive per representation: audited PARSEC MGS for small bases; generalized Cholesky-whitened Rayleigh--Ritz with Householder QR fallback for large bases
 symmetry_full_grid_points = 179944
 symmetry_wedge_points = 44986
 symmetry_reduction_ratio = 4
 orbital_symmetry_representations = 4
 orbital_sector_dimensions = 44986 44986 44986 44986
 orbital_sector_stabilizer_handling = exact character selection on every orbit stabilizer
 orbital_sector_state_policy = floor(global_states/representations) + Subspace_Buffer_Size, then grow sectors to bracket the global cutoff
 orbital_sector_scheduler = sequential on one CUDA device
 orbital_sector_cuda_devices = 0
 orbital_sector_lanczos_scheduler = same scheduler as sector solves
 orbital_sector_finite_difference_storage = stencil_major_int32_neighbors_uint8_coefficient_palette
 orbital_sector_neighbor_storage = shared_across_representations
 orbital_sector_nonlocal_application = cuSPARSE B.T projection plus KB scatter fused into CUDA stencil
 orbital_sector_projector_reduction = none
 orbital_sector_later_filter_precision = float64
 orbital_sector_local_potential_storage = one persistent shared device buffer per CUDA device
 orbital_density_storage = normalized wedge orbitals; physical scalar orbit values remain compact through SCF
 orbital_operator_cache = hit
 orbital_operator_cache_key = ba342c18b7c348160394f21147c5da09ed1fc641781caddc10a037467c0e6b96
 orbital_operator_cache_path = C:\Users\zigze\Desktop\parsec_python\examples\ml_initial_density\small_molecules\H2O\scdp\.parsec_cache\symmetry\reflection-v4-ba342c18b7c348160394f21147c5da09ed1fc641781caddc10a037467c0e6b96.npz
 orbital_operator_hash_seconds = 0.000114
 orbital_operator_cache_load_seconds = 0.013510
 orbital_operator_build_seconds = 0.000000
 orbital_operator_build_workers = 4
 orbital_operator_cache_write_seconds = 0.000000
 scf_scalar_field_storage = one physical value per symmetry orbit with multiplicity weights
 hartree_boundary_setup = overlapped with GPU orbital setup
 hartree_boundary_setup_seconds = 0.063105
 hartree_boundary_setup_wait_seconds = 0.000013
 hartree_boundary_setup_overlapped_seconds = 0.063092
 hartree_cg_storage = int32_columns_uint8_coefficient_palette
 hartree_cg_openmp_workers = 6
 hartree_initial_guess = two-step chronological RHS predictor with previous-potential fallback
 hartree_cg_coefficient_palette_size = 15
 hartree_symmetry = normalized Cartesian axis-reflection wedge
 hartree_symmetry_group_order = 4
 hartree_full_grid_points = 179944
 hartree_wedge_points = 44986
 hartree_reduction_ratio = 4
 hartree_geometry_cache = hit
 hartree_geometry_cache_key = 15a55a8a4e5c4ead9aa0bc6f86a37c091bbca8f70f0da9ac480e3c4e6a7dbe22
 hartree_geometry_cache_path = C:\Users\zigze\Desktop\parsec_python\examples\ml_initial_density\small_molecules\H2O\scdp\.parsec_cache\symmetry\native-symmetry-boundary-v2-15a55a8a4e5c4ead9aa0bc6f86a37c091bbca8f70f0da9ac480e3c4e6a7dbe22.npz
 hartree_geometry_hash_seconds = 0.000033
 hartree_geometry_cache_load_seconds = 0.059198
 hartree_geometry_build_seconds = 0.000000
 hartree_geometry_cache_write_seconds = 0.000000
 native_openmp_detected_processors = 32
 native_openmp_reserved_threads = 4
 native_openmp_max_threads = 28
 native_openmp_thread_source = detected_processors_minus_4
 Backend initialization [sec] =     0.037643

 SCF iter #   1

 Diagonalization time [sec] :       1.54,      tdiag_sum =        1.54

 Fermi level at    -0.1995 [Ry]

   State   Eigenvalue [Ry]      Eigenvalue [eV]    Occup.     Repr.

    1        -1.7533108252       -23.8551964254    1.0000        1
    2        -0.9130737191       -12.4230984070    1.0000        2
    3        -0.6656908808        -9.0572569855    1.0000        1
    4        -0.5306947745        -7.2205269626    1.0000        4
    5        -0.1080053262        -1.4694988676    0.0000        1
    6         0.0010219089         0.0139038876    0.0000        2
    7         0.0684809719         0.9317384080    0.0000        4
    8         0.0712605623         0.9695569583    0.0000        1
    9         0.0948622095         1.2906762501    0.0000        1
   10         0.1341749209         1.8255571386    0.0000        2
   11         0.1381593901         1.8797690300    0.0000        3
   12         0.1450799699         1.9739290547    0.0000        1
   13         0.1565047863         2.1293728219    0.0000        4
   14         0.1582058150         2.1525166782    0.0000        1
   15         0.1789847955         2.4352313306    0.0000        2
   16         0.2424781769         3.2991095788    0.0000        4

 Max and min values of charge density [e/bohr^3]:   1.1100E+00   2.5339E-14

 Hartree potential time [sec]:       0.03

   Eigenvalue Energy             =          -7.72554040 [Ry]
   Hartree Energy                =          41.90251245 [Ry]
   Integral_{Vxc*rho}            =         -10.79209089 [Ry]
   Exc = Integral{eps_xc*rho}    =          -8.32266411 [Ry]
   Electron-Ion energy           =        -108.64255109 [Ry]
   Ion-Ion Energy                =          12.12663732 [Ry]

   Total Energy =           -34.30675174 [Ry]
   Energy/atom  =          -155.59026763 [eV]

  0-  1    SRE of pot. & charge weighted pot =   1.3956741328   0.1562380015

 SCF iter #   2

 Diagonalization time [sec] :       0.06,      tdiag_sum =        1.61

 Fermi level at    -0.3291 [Ry]

   State   Eigenvalue [Ry]      Eigenvalue [eV]    Occup.     Repr.

    1        -1.7286772750       -23.5200372677    1.0000        1
    2        -0.9003285101       -12.2496896421    1.0000        2
    3        -0.6285680253        -8.5521708387    1.0000        1
    4        -0.4977217590        -6.7719027090    1.0000        4
    5        -0.1070034375        -1.4558673697    0.0000        1
    6         0.0070746947         0.0962568813    0.0000        2
    7         0.0697501063         0.9490059966    0.0000        4
    8         0.0720926087         0.9808776158    0.0000        1
    9         0.0959814258         1.3059040828    0.0000        1
   10         0.1360275823         1.8507640790    0.0000        2
   11         0.1405649221         1.9124982169    0.0000        3
   12         0.1470532176         2.0007766680    0.0000        1
   13         0.1573976513         2.1415209644    0.0000        4
   14         0.1588065891         2.1606906904    0.0000        1
   15         0.1834462338         2.4959327682    0.0000        2
   16         0.2448814871         3.3318085370    0.0000        4

 Max and min values of charge density [e/bohr^3]:   1.0729E+00   1.5204E-13

 Hartree potential time [sec]:       0.03

   Eigenvalue Energy             =          -7.51059114 [Ry]
   Hartree Energy                =          41.39373600 [Ry]
   Integral_{Vxc*rho}            =         -10.67309948 [Ry]
   Exc = Integral{eps_xc*rho}    =          -8.23129940 [Ry]
   Electron-Ion energy           =        -107.69793217 [Ry]
   Ion-Ion Energy                =          12.12663732 [Ry]
   (E(new)-E(old))/atom  =            -0.05040402 [eV]

   Total Energy =           -34.31786554 [Ry]
   Energy/atom  =          -155.64067164 [eV]

  0-  2    SRE of pot. & charge weighted pot =   0.8725418823   0.0566112989

 SCF iter #   3

 Diagonalization time [sec] :       0.06,      tdiag_sum =        1.67

 Fermi level at    -0.3290 [Ry]

   State   Eigenvalue [Ry]      Eigenvalue [eV]    Occup.     Repr.

    1        -1.7324713690       -23.5716589522    1.0000        1
    2        -0.9069903094       -12.3403287519    1.0000        2
    3        -0.6189826434        -8.4217540501    1.0000        1
    4        -0.4932063991        -6.7104676247    1.0000        4
    5        -0.1108607299        -1.5083489194    0.0000        1
    6         0.0089424324         0.1216689471    0.0000        2
    7         0.0687905616         0.9359506224    0.0000        4
    8         0.0707953593         0.9632275001    0.0000        1
    9         0.0945056785         1.2858253603    0.0000        1
   10         0.1358153302         1.8478762198    0.0000        2
   11         0.1420316410         1.9324541005    0.0000        3
   12         0.1480158183         2.0138736208    0.0000        1
   13         0.1567521952         2.1327390172    0.0000        4
   14         0.1577650718         2.1465200145    0.0000        1
   15         0.1845378692         2.5107853403    0.0000        2
   16         0.2467022832         3.3565819244    0.0000        4

 Max and min values of charge density [e/bohr^3]:   1.0611E+00   9.4696E-14

 Hartree potential time [sec]:       0.03

   Eigenvalue Energy             =          -7.50330144 [Ry]
   Hartree Energy                =          41.30090978 [Ry]
   Integral_{Vxc*rho}            =         -10.64972074 [Ry]
   Exc = Integral{eps_xc*rho}    =          -8.21337106 [Ry]
   Electron-Ion energy           =        -107.54732290 [Ry]
   Ion-Ion Energy                =          12.12663732 [Ry]
   (E(new)-E(old))/atom  =            -0.00874477 [eV]

   Total Energy =           -34.31979371 [Ry]
   Energy/atom  =          -155.64941641 [eV]

  0-  3    SRE of pot. & charge weighted pot =   0.4840318908   0.0244742793

 SCF iter #   4

 Diagonalization time [sec] :       0.06,      tdiag_sum =        1.73

 Fermi level at    -0.3312 [Ry]

   State   Eigenvalue [Ry]      Eigenvalue [eV]    Occup.     Repr.

    1        -1.7429573819       -23.7143295464    1.0000        1
    2        -0.9181202370       -12.4917603202    1.0000        2
    3        -0.6186119259        -8.4167101418    1.0000        1
    4        -0.4967480930        -6.7586552037    1.0000        4
    5        -0.1152047782        -1.5674531706    0.0000        1
    6         0.0100217376         0.1363537580    0.0000        2
    7         0.0670990843         0.9129367215    0.0000        4
    8         0.0688375850         0.9365904135    0.0000        1
    9         0.0925345709         1.2590068648    0.0000        1
   10         0.1350372460         1.8372897615    0.0000        2
   11         0.1432899808         1.9495748203    0.0000        3
   12         0.1488545887         2.0252857630    0.0000        1
   13         0.1556256300         2.1174111968    0.0000        4
   14         0.1562406333         2.1257788086    0.0000        1
   15         0.1848275102         2.5147261387    0.0000        2
   16         0.2483515446         3.3790214451    0.0000        4

 Max and min values of charge density [e/bohr^3]:   1.0529E+00   1.5127E-13

 Hartree potential time [sec]:       0.03

   Eigenvalue Energy             =          -7.55287528 [Ry]
   Hartree Energy                =          41.33230295 [Ry]
   Integral_{Vxc*rho}            =         -10.65411333 [Ry]
   Exc = Integral{eps_xc*rho}    =          -8.21668640 [Ry]
   Electron-Ion energy           =        -107.59981048 [Ry]
   Ion-Ion Energy                =          12.12663732 [Ry]
   (E(new)-E(old))/atom  =            -0.00181134 [eV]

   Total Energy =           -34.32019310 [Ry]
   Energy/atom  =          -155.65122776 [eV]

  0-  4    SRE of pot. & charge weighted pot =   0.1332098633   0.0082381386

 SCF iter #   5

 Diagonalization time [sec] :       0.06,      tdiag_sum =        1.79

 Fermi level at    -0.3308 [Ry]

   State   Eigenvalue [Ry]      Eigenvalue [eV]    Occup.     Repr.

    1        -1.7424601464       -23.7075642605    1.0000        1
    2        -0.9183568988       -12.4949802937    1.0000        2
    3        -0.6197624695        -8.4323642072    1.0000        1
    4        -0.4968774217        -6.7604148241    1.0000        4
    5        -0.1148164329        -1.5621694224    0.0000        1
    6         0.0105762851         0.1438988195    0.0000        2
    7         0.0668867501         0.9100477438    0.0000        4
    8         0.0685320095         0.9324328150    0.0000        1
    9         0.0925298624         1.2589428016    0.0000        1
   10         0.1349812863         1.8365283858    0.0000        2
   11         0.1435502733         1.9531163087    0.0000        3
   12         0.1490896633         2.0284841413    0.0000        1
   13         0.1554693567         2.1152849735    0.0000        4
   14         0.1560201859         2.1227794459    0.0000        1
   15         0.1850533412         2.5177987504    0.0000        2
   16         0.2486170182         3.3826334263    0.0000        4

 Max and min values of charge density [e/bohr^3]:   1.0543E+00   1.9074E-13

 Hartree potential time [sec]:       0.03

   Eigenvalue Energy             =          -7.55491387 [Ry]
   Hartree Energy                =          41.32065981 [Ry]
   Integral_{Vxc*rho}            =         -10.65153895 [Ry]
   Exc = Integral{eps_xc*rho}    =          -8.21472289 [Ry]
   Electron-Ion energy           =        -107.57936106 [Ry]
   Ion-Ion Energy                =          12.12663732 [Ry]
   (E(new)-E(old))/atom  =            -0.00042510 [eV]

   Total Energy =           -34.32028683 [Ry]
   Energy/atom  =          -155.65165286 [eV]

  0-  5    SRE of pot. & charge weighted pot =   0.1124413257   0.0042199827

 SCF iter #   6

 Diagonalization time [sec] :       0.06,      tdiag_sum =        1.85

 Fermi level at    -0.3307 [Ry]

   State   Eigenvalue [Ry]      Eigenvalue [eV]    Occup.     Repr.

    1        -1.7422240837       -23.7043524381    1.0000        1
    2        -0.9182467577       -12.4934817355    1.0000        2
    3        -0.6203280561        -8.4400594658    1.0000        1
    4        -0.4970663327        -6.7629851100    1.0000        4
    5        -0.1145999343        -1.5592237865    0.0000        1
    6         0.0107086968         0.1457003863    0.0000        2
    7         0.0668947669         0.9101568194    0.0000        4
    8         0.0685437964         0.9325931854    0.0000        1
    9         0.0925881407         1.2597357252    0.0000        1
   10         0.1350163668         1.8370056839    0.0000        2
   11         0.1436153426         1.9540016277    0.0000        3
   12         0.1491441048         2.0292248609    0.0000        1
   13         0.1554940108         2.1156204124    0.0000        4
   14         0.1560340806         2.1229684938    0.0000        1
   15         0.1851092836         2.5185598902    0.0000        2
   16         0.2486655088         3.3832931800    0.0000        4

 Max and min values of charge density [e/bohr^3]:   1.0535E+00   3.1945E-14

 Hartree potential time [sec]:       0.03

   Eigenvalue Energy             =          -7.55573046 [Ry]
   Hartree Energy                =          41.31674344 [Ry]
   Integral_{Vxc*rho}            =         -10.65047182 [Ry]
   Exc = Integral{eps_xc*rho}    =          -8.21390824 [Ry]
   Electron-Ion energy           =        -107.57272373 [Ry]
   Ion-Ion Energy                =          12.12663732 [Ry]
   (E(new)-E(old))/atom  =            -0.00001654 [eV]

   Total Energy =           -34.32029048 [Ry]
   Energy/atom  =          -155.65166939 [eV]

  0-  6    SRE of pot. & charge weighted pot =   0.1057371917   0.0037520728

 SCF iter #   7

 Diagonalization time [sec] :       0.06,      tdiag_sum =        1.91

 Fermi level at    -0.3308 [Ry]

   State   Eigenvalue [Ry]      Eigenvalue [eV]    Occup.     Repr.

    1        -1.7424663762       -23.7076490212    1.0000        1
    2        -0.9184229234       -12.4958786110    1.0000        2
    3        -0.6208715667        -8.4474543621    1.0000        1
    4        -0.4974743374        -6.7685363395    1.0000        4
    5        -0.1145773532        -1.5589165517    0.0000        1
    6         0.0107194115         0.1458461694    0.0000        2
    7         0.0669149088         0.9104308656    0.0000        4
    8         0.0685783086         0.9330627513    0.0000        1
    9         0.0925962907         1.2598466115    0.0000        1
   10         0.1350386887         1.8373093914    0.0000        2
   11         0.1436486730         1.9544551154    0.0000        3
   12         0.1491672052         2.0295391607    0.0000        1
   13         0.1555240153         2.1160286475    0.0000        4
   14         0.1560606862         2.1233304840    0.0000        1
   15         0.1850868605         2.5182548066    0.0000        2
   16         0.2486766167         3.3834443109    0.0000        4

 Max and min values of charge density [e/bohr^3]:   1.0542E+00   3.9989E-14

 Hartree potential time [sec]:       0.03

   Eigenvalue Energy             =          -7.55847041 [Ry]
   Hartree Energy                =          41.31955918 [Ry]
   Integral_{Vxc*rho}            =         -10.65118462 [Ry]
   Exc = Integral{eps_xc*rho}    =          -8.21446012 [Ry]
   Electron-Ion energy           =        -107.57838457 [Ry]
   Ion-Ion Energy                =          12.12663732 [Ry]
   (E(new)-E(old))/atom  =            -0.00004121 [eV]

   Total Energy =           -34.32029956 [Ry]
   Energy/atom  =          -155.65171060 [eV]

  0-  7    SRE of pot. & charge weighted pot =   0.0834950491   0.0025067057

 SCF iter #   8

 Diagonalization time [sec] :       0.06,      tdiag_sum =        1.97

 Fermi level at    -0.3309 [Ry]

   State   Eigenvalue [Ry]      Eigenvalue [eV]    Occup.     Repr.

    1        -1.7428913077       -23.7134305545    1.0000        1
    2        -0.9188604512       -12.5018315270    1.0000        2
    3        -0.6212881835        -8.4531227672    1.0000        1
    4        -0.4978997985        -6.7743250784    1.0000        4
    5        -0.1146108362        -1.5593721147    0.0000        1
    6         0.0108777023         0.1479998421    0.0000        2
    7         0.0669620376         0.9110720918    0.0000        4
    8         0.0686421475         0.9339313301    0.0000        1
    9         0.0926052173         1.2599680649    0.0000        1
   10         0.1351092896         1.8382699728    0.0000        2
   11         0.1437867027         1.9563331196    0.0000        3
   12         0.1492949169         2.0312767805    0.0000        1
   13         0.1555807640         2.1168007582    0.0000        4
   14         0.1561053663         2.1239383924    0.0000        1
   15         0.1850936371         2.5183470075    0.0000        2
   16         0.2487575550         3.3845455424    0.0000        4

 Max and min values of charge density [e/bohr^3]:   1.0541E+00   1.0315E-13

 Hartree potential time [sec]:       0.03

   Eigenvalue Energy             =          -7.56187948 [Ry]
   Hartree Energy                =          41.32401516 [Ry]
   Integral_{Vxc*rho}            =         -10.65214411 [Ry]
   Exc = Integral{eps_xc*rho}    =          -8.21519880 [Ry]
   Electron-Ion energy           =        -107.58712292 [Ry]
   Ion-Ion Energy                =          12.12663732 [Ry]
   (E(new)-E(old))/atom  =             0.00000408 [eV]

   Total Energy =           -34.32029866 [Ry]
   Energy/atom  =          -155.65170652 [eV]

  0-  8    SRE of pot. & charge weighted pot =   0.0504504267   0.0023909083

 SCF iter #   9

 Diagonalization time [sec] :       0.06,      tdiag_sum =        2.03

 Fermi level at    -0.3307 [Ry]

   State   Eigenvalue [Ry]      Eigenvalue [eV]    Occup.     Repr.

    1        -1.7426831390       -23.7105982527    1.0000        1
    2        -0.9188416323       -12.5015754809    1.0000        2
    3        -0.6218969170        -8.4614050739    1.0000        1
    4        -0.4981293301        -6.7774480392    1.0000        4
    5        -0.1143299227        -1.5555500616    0.0000        1
    6         0.0112015308         0.1524057879    0.0000        2
    7         0.0671012296         0.9129659094    0.0000        4
    8         0.0687988817         0.9360638246    0.0000        1
    9         0.0927550815         1.2620070873    0.0000        1
   10         0.1352597848         1.8403175802    0.0000        2
   11         0.1439934815         1.9591465107    0.0000        3
   12         0.1495150204         2.0342714650    0.0000        1
   13         0.1557058704         2.1185029321    0.0000        4
   14         0.1562266285         2.1255882614    0.0000        1
   15         0.1851764674         2.5194739806    0.0000        2
   16         0.2488668072         3.3860320055    0.0000        4

 Max and min values of charge density [e/bohr^3]:   1.0550E+00   7.4107E-14

 Hartree potential time [sec]:       0.03

   Eigenvalue Energy             =          -7.56310204 [Ry]
   Hartree Energy                =          41.32518631 [Ry]
   Integral_{Vxc*rho}            =         -10.65256249 [Ry]
   Exc = Integral{eps_xc*rho}    =          -8.21552742 [Ry]
   Electron-Ion energy           =        -107.59017420 [Ry]
   Ion-Ion Energy                =          12.12663732 [Ry]
   (E(new)-E(old))/atom  =            -0.00002065 [eV]

   Total Energy =           -34.32030322 [Ry]
   Energy/atom  =          -155.65172717 [eV]

  0-  9    SRE of pot. & charge weighted pot =   0.0198949490   0.0008041046

 SCF iter #  10

 Diagonalization time [sec] :       0.06,      tdiag_sum =        2.09

 Fermi level at    -0.3307 [Ry]

   State   Eigenvalue [Ry]      Eigenvalue [eV]    Occup.     Repr.

    1        -1.7423858831       -23.7065538481    1.0000        1
    2        -0.9185834582       -12.4980628161    1.0000        2
    3        -0.6219973166        -8.4627710909    1.0000        1
    4        -0.4980684697        -6.7766199852    1.0000        4
    5        -0.1141850934        -1.5535795440    0.0000        1
    6         0.0112409002         0.1529414400    0.0000        2
    7         0.0671271443         0.9133184994    0.0000        4
    8         0.0688321094         0.9365159147    0.0000        1
    9         0.0928067684         1.2627103301    0.0000        1
   10         0.1352866404         1.8406829713    0.0000        2
   11         0.1439985303         1.9592152039    0.0000        3
   12         0.1495214366         2.0343587619    0.0000        1
   13         0.1557308272         2.1188424891    0.0000        4
   14         0.1562580111         2.1260152473    0.0000        1
   15         0.1852111323         2.5199456234    0.0000        2
   16         0.2488664306         3.3860268809    0.0000        4

 Max and min values of charge density [e/bohr^3]:   1.0550E+00   7.9430E-14

 Hartree potential time [sec]:       0.03

   Eigenvalue Energy             =          -7.56207026 [Ry]
   Hartree Energy                =          41.32365430 [Ry]
   Integral_{Vxc*rho}            =         -10.65224110 [Ry]
   Exc = Integral{eps_xc*rho}    =          -8.21528220 [Ry]
   Electron-Ion energy           =        -107.58720503 [Ry]
   Ion-Ion Energy                =          12.12663732 [Ry]
   (E(new)-E(old))/atom  =            -0.00000209 [eV]

   Total Energy =           -34.32030368 [Ry]
   Energy/atom  =          -155.65172926 [eV]

  0- 10    SRE of pot. & charge weighted pot =   0.0132774851   0.0003660552

 SCF iter #  11

 Diagonalization time [sec] :       0.06,      tdiag_sum =        2.15

 Fermi level at    -0.3306 [Ry]

   State   Eigenvalue [Ry]      Eigenvalue [eV]    Occup.     Repr.

    1        -1.7422029046       -23.7040642792    1.0000        1
    2        -0.9184037226       -12.4956173696    1.0000        2
    3        -0.6218838491        -8.4612272747    1.0000        1
    4        -0.4979400697        -6.7748730007    1.0000        4
    5        -0.1141492592        -1.5530919905    0.0000        1
    6         0.0112195719         0.1526512510    0.0000        2
    7         0.0671130906         0.9131272882    0.0000        4
    8         0.0688209244         0.9363637332    0.0000        1
    9         0.0928098261         1.2627519325    0.0000        1
   10         0.1352787915         1.8405761818    0.0000        2
   11         0.1439698570         1.9588250806    0.0000        3
   12         0.1494842702         2.0338530841    0.0000        1
   13         0.1557255281         2.1187703908    0.0000        4
   14         0.1562563925         2.1259932254    0.0000        1
   15         0.1852308305         2.5202136342    0.0000        2
   16         0.2488537334         3.3858541252    0.0000        4

 Max and min values of charge density [e/bohr^3]:   1.0551E+00   9.2861E-14

 Hartree potential time [sec]:       0.03

   Eigenvalue Energy             =          -7.56086109 [Ry]
   Hartree Energy                =          41.32156458 [Ry]
   Integral_{Vxc*rho}            =         -10.65179770 [Ry]
   Exc = Integral{eps_xc*rho}    =          -8.21494331 [Ry]
   Electron-Ion energy           =        -107.58350559 [Ry]
   Ion-Ion Energy                =          12.12663732 [Ry]
   (E(new)-E(old))/atom  =             0.00000022 [eV]

   Total Energy =           -34.32030363 [Ry]
   Energy/atom  =          -155.65172904 [eV]

  0- 11    SRE of pot. & charge weighted pot =   0.0086601554   0.0004344377

 SCF iter #  12

 Diagonalization time [sec] :       0.06,      tdiag_sum =        2.21

 Fermi level at    -0.3306 [Ry]

   State   Eigenvalue [Ry]      Eigenvalue [eV]    Occup.     Repr.

    1        -1.7423676821       -23.7063062097    1.0000        1
    2        -0.9185459544       -12.4975525460    1.0000        2
    3        -0.6218255523        -8.4604340995    1.0000        1
    4        -0.4979951784        -6.7756227990    1.0000        4
    5        -0.1142214730        -1.5540745167    0.0000        1
    6         0.0112295600         0.1527871473    0.0000        2
    7         0.0671070732         0.9130454172    0.0000        4
    8         0.0688178826         0.9363223467    0.0000        1
    9         0.0927843486         1.2624052901    0.0000        1
   10         0.1352822435         1.8406231488    0.0000        2
   11         0.1439867513         1.9590549406    0.0000        3
   12         0.1494888751         2.0339157371    0.0000        1
   13         0.1557274702         2.1187968141    0.0000        4
   14         0.1562548877         2.1259727514    0.0000        1
   15         0.1852248653         2.5201324727    0.0000        2
   16         0.2488639981         3.3859937857    0.0000        4

 Max and min values of charge density [e/bohr^3]:   1.0549E+00   1.0544E-13

 Hartree potential time [sec]:       0.03

   Eigenvalue Energy             =          -7.56146873 [Ry]
   Hartree Energy                =          41.32208713 [Ry]
   Integral_{Vxc*rho}            =         -10.65187927 [Ry]
   Exc = Integral{eps_xc*rho}    =          -8.21500538 [Ry]
   Electron-Ion energy           =        -107.58447471 [Ry]
   Ion-Ion Energy                =          12.12663732 [Ry]
   (E(new)-E(old))/atom  =            -0.00000050 [eV]

   Total Energy =           -34.32030374 [Ry]
   Energy/atom  =          -155.65172953 [eV]

  0- 12    SRE of pot. & charge weighted pot =   0.0030225644   0.0001354620

Self-consistency convergence achieved.

Time for self-consistent field [sec] :       4.01,    tdiag_sum =        2.21
Time spent on Hartree potential [sec] :        0.35

 Initial Hamiltonian component timings [sec]
 --------------------------------------------------
 Finite-difference (-nabla^2) :     0.004327
 V_ion diagonal/local         :     0.010608
 V_ion nonlocal projectors    :     0.007563
 Initial V_xc (PBE)             :     0.058294
 Component subtotal             :     0.080793
 --------------------------------------------------

 SCF timing analysis [sec]
 --------------------------------------------------
 Initial Hartree potential      :     0.030607
 Initial exchange-correlation   :     0.058294
 Hamiltonian binding subtotal  :     0.000605
 Diagonalization subtotal       :     2.212263
 Occupation/density subtotal   :     0.003598
 Hartree potential subtotal     :     0.348726
 Exchange-correlation subtotal  :     1.311621
 Mixing/energy subtotal         :     0.033582
 SCF wall time                   :     4.004140
 --------------------------------------------------

Forces, dipoles, and MPI statistics
are not calculated by this Python single-point implementation.

 =================================================================

 Accelerated Hamiltonian statistics:
 -----------------------------------
 Backend = cupy
 H applications =         2396
 Orbital vectors applied =        11368
 Total H application time [sec] =     0.000000
 Average H application [sec] =     0.000000
 Local-potential updates =           12
 Local update time [sec] =     0.000468
 Per-H device timing = disabled (would synchronize every recurrence)
 GPU initial-eigensolver calls =            4
 GPU initial-eigensolver synchronized time [sec] =     1.538836
 GPU SUBSPACE calls =           44
 GPU SUBSPACE synchronized time [sec] =     0.645676
 GPU representation scheduler batches =           12
 GPU representation scheduler wall time [sec] =     2.188405
 Final active states by representation = 10 10 7 9
 Requested-eigenpair download [sec] =     0.002343
 GPU density builds =           12
 GPU density build/download [sec] =     0.002093
 Final wavefunction download [sec] =     0.007023
 Accelerated Hartree solves =           13
 Accelerated Hartree total [sec] =     0.379095
 Hartree boundary/RHS [sec] =     0.060932
 Hartree linear solve [sec] =     0.318113
 Host-to-device time [sec] =     0.000000
 Device kernel time [sec] =     2.184512
 Device-to-host time [sec] =     0.002343
 Pre-SCF setup/reporting wall time [sec] :    1.637535
 Post-SCF finalization/reporting [sec] :    0.000087
 Total accelerated Python wall time [sec] :        5.65
Text log: C:\Users\zigze\Desktop\parsec_python\examples\ml_initial_density\small_molecules\H2O\scdp\parsec.out
