
 =================================================================

  PARSEC-PYTHON - Modular real-space DFT program
  PARSEC-like report; Python real-space implementation

 starting run on 02-Sep-2026 17:31:26 -0700
 input file: C:\Users\zigze\Desktop\parsec_python\examples\ml_initial_density\small_molecules\CO2\charge3net\parsec.in

 =================================================================

 Initial Run - starting from an imported/ML density
 Initial density method = charge3net
 ignoresym= F

 Grid data:
 ~~------~~

 Confined system (cluster) with zero boundary condition!
  Spherical domain shape:
 --- Radius is  13.228088 bohrs
 Grid spacing is  0.377945 bohrs
 Order of double grid is    1
 Grid points are shifted from origin!
 shift vector =   0.5000   0.5000   0.5000   [units of grid spacing]
 WAVEFUNCTIONS ARE REAL!
 The Finite-difference expansion is of order  8
 Python constructs the full active grid; the selected execution backend reports any exact symmetry reduction.

 Eigenvalue data:
 ----------------
 Number of states:           16
 Net cluster charge =    0.000      [e]
 Fermi temperature =    500.00 [K]

 Self-consistency data:
 ----------------------
 Maximum number of iterations is           50
 Performing Chebyshev-Davidson diagonalization
 Polynomial degree for Chebyshev-Davidson is     15
 The matvec operations use block size      6
 Polynomial degree for Chebyshev filtering is     10
 Change in polynomial degree (dpm) for Chebyshev filtering is      3
 Self-consistency convergence criterion is    2.0000000000000001E-04  Ry
 Diagonalization tolerance is    1.0000000000000000E-04
 Buffer size in subspace is      6

 Mixer data:
 -----------
 solver lpole is :            9
 Anderson mixer
 Initial Jacobian:  0.300  Mixing memory is  4
 Mixing restarted after           20 iterations

 Correlation data:
 -----------------
 Exchange-Correlation functional is pbe
 GGA, Perdew-Burke-Ernzerhof parametrization

 Other input data:
 -----------------
 output level [1 - 6] =  1
 No spin effects!
 No minimization!


 Atom data:
 --~--~---

 Tot. # of atom types is     2

 Chemical element : C
 Physical element : C
 martins_new
  pseudopotential format : new Martins
  pseudopotential file   : C:\Users\zigze\Desktop\parsec_python\examples\ml_initial_density\pseudopotentials\C_POTRE.DAT
  radial points/channels : 921 / 3
  selected local channel : l=1
 There are      1 C  atoms
 and their initial coordinates are:

    x [bohr]          y [bohr]          z [bohr]
      0.000000000      0.000000000      0.000000000

 Chemical element : O
 Physical element : O
 martins_new
  pseudopotential format : new Martins
  pseudopotential file   : C:\Users\zigze\Desktop\parsec_python\examples\ml_initial_density\pseudopotentials\O_POTRE.DAT
  radial points/channels : 945 / 3
  selected local channel : l=1
 There are      2 O  atoms
 and their initial coordinates are:

    x [bohr]          y [bohr]          z [bohr]
      0.000000000      0.000000000      2.645617629
      0.000000000      0.000000000     -2.645617629

 Tot. number of atoms =       3

 Real-space setup:
 -----------------
 Full active grid points =       179944
 Hamiltonian dimension   =       179944
 Sparse Laplacian nonzeros =     4267480
 Nonlocal projector columns =       18
 Number of electrons =    16.00000000
 Initial density integral =    16.00000000

 Setup timings [sec]
 --------------------------------------------------
 Pseudopotential loading       :     0.027411
 Grid-domain construction      :     0.019486
 Finite-difference construction:     0.006172
 Local ionic potential setup   :     0.013195
 Nonlocal ionic projector setup:     0.023466
 Initial valence-density setup :     0.039476
 Core-density setup            :     0.000026
 Ion-ion energy setup           :     0.000051
 Preparation wall time          :     0.129453
 --------------------------------------------------

 The reference setup above describes the constructed full grid.  The GPU orbital solve is decomposed into the exact symmetry representations reported below.

 Acceleration backend:
 ---------------------
 Requested backend = auto
 Selected backend  = cupy
 Numeric dtype     = float64
 Device            = CUDA:0 (NVIDIA GeForce RTX 5070 Laptop GPU)
 Implementation    = CuPy float64 device-resident stencil-major/compact-CSR Hamiltonian with fused Chebyshev recurrence, CHEBFF/CHEBDAV/SUBSPACE eigensolver, and fused orbital-density construction
 laplacian_nnz = 4267480
 projector_columns = 18
 cupy_version = 14.0.1
 gpu_finite_difference_storage = deferred_full_grid_symmetry_sectors
 gpu_finite_difference_palette_size = 0
 gpu_finite_difference_fallback = full-grid operator intentionally deferred
 gpu_chebyshev_recurrence = separate_hamiltonian_and_elementwise_kernels
 gpu_later_subspace_filter_precision = deferred_to_symmetry_sector_operators
 gpu_nonlocal_application = deferred_to_symmetry_sector_operators
 gpu_projector_reduction = deferred_to_symmetry_sector_operators
 gpu_subspace_residuals = disabled_diagnostics_only
 cuda_initialization_overlap = cuda_probe_with_cpu_reference_setup
 backend_resolution_seconds = 0.917072
 reference_preparation_seconds = 0.133092
 backend_reference_overlapped_seconds = 0.132647
 symmetry_mode = auto
 symmetry_detection = exact Cartesian axis-reflection subgroup detected
 detected_symmetry_group_order = 8
 orbital_symmetry = CuPy real one-dimensional reflection representations
 finite_difference_builder = C++17 compressed-grid CSR builder (exact stencil parity)
 ionic_setup_implementation = cached-grid C++/OpenMP radial interpolation and KB sampling
 hartree_backend = native
 hartree_implementation = orbit-summed C++/OpenMP multipoles and direct wedge RHS plus symmetry-wedge C++/OpenMP CG
 xc_implementation = vectorized NumPy discrete-variational PBE
 finite_difference_full_grid_materialization = skipped_by_exact_reduced_operator_cache
 finite_difference_provenance_key = bcf8094314385e9f47fac42b2fd64267a127992d3a3d18bd5eeaf3b74327452f
 finite_difference_provenance_hash_seconds = 0.005394
 finite_difference_nnz_count_seconds = 0.000773
 finite_difference_nnz_cache = disk-hit
 finite_difference_nnz_cache_path = C:\Users\zigze\Desktop\parsec_python\examples\ml_initial_density\small_molecules\CO2\charge3net\.parsec_cache\symmetry\negative-laplacian-nnz-v1-bcf8094314385e9f47fac42b2fd64267a127992d3a3d18bd5eeaf3b74327452f.json
 finite_difference_materialization_seconds = 0.000000
 reference_static_cache = disabled
 reference_static_cache_lookup_seconds = 0.000000
 symmetry_geometry_cache = hit
 symmetry_geometry_cache_key = bb8f4186097b3ab436b25289dd0f9a9fe1e2060e32f70025e391bfa77afed475
 symmetry_geometry_cache_path = C:\Users\zigze\Desktop\parsec_python\examples\ml_initial_density\small_molecules\CO2\charge3net\.parsec_cache\symmetry\reflection-reduction-v2-bb8f4186097b3ab436b25289dd0f9a9fe1e2060e32f70025e391bfa77afed475.npz
 symmetry_geometry_hash_seconds = 0.004011
 symmetry_geometry_cache_load_seconds = 0.004646
 symmetry_geometry_build_seconds = 0.000000
 symmetry_geometry_cache_write_seconds = 0.000000
 symmetry_representation_cache = hit
 symmetry_representation_cache_key = 5b9671e1a152673ce4e3e6e5620f56b735df54a117fc62247679ca467bf3439a
 symmetry_representation_cache_path = C:\Users\zigze\Desktop\parsec_python\examples\ml_initial_density\small_molecules\CO2\charge3net\.parsec_cache\symmetry\reflection-representations-v3-5b9671e1a152673ce4e3e6e5620f56b735df54a117fc62247679ca467bf3439a.npz
 symmetry_representation_hash_seconds = 0.000836
 symmetry_representation_cache_load_seconds = 0.008540
 symmetry_representation_build_seconds = 0.000000
 symmetry_representation_cache_write_seconds = 0.000000
 gpu_initial_random_basis = bit-exact 2048-lane skip-ahead DLARNV generator
 gpu_chebdav_ritz_scalar_source = reuse values already returned by host LAPACK
 gpu_chebdav_appended_orthogonalization = PARSEC selective MGS
 gpu_chebdav_prefix_projection = full C-order coefficient GEMM plus fused active-prefix CUDA update for blocks up to six
 gpu_chebdav_ritz_projection = full contiguous C-order Davidson workspace GEMM; use only the active row interval
 gpu_subspace_orthogonalization = size-adaptive per representation: audited PARSEC MGS for small bases; generalized Cholesky-whitened Rayleigh--Ritz with Householder QR fallback for large bases
 symmetry_full_grid_points = 179944
 symmetry_wedge_points = 22493
 symmetry_reduction_ratio = 8
 orbital_symmetry_representations = 8
 orbital_sector_dimensions = 22493 22493 22493 22493 22493 22493 22493 22493
 orbital_sector_stabilizer_handling = exact character selection on every orbit stabilizer
 orbital_sector_state_policy = floor(global_states/representations) + Subspace_Buffer_Size, then grow sectors to bracket the global cutoff
 orbital_sector_scheduler = sequential on one CUDA device
 orbital_sector_cuda_devices = 0
 orbital_sector_lanczos_scheduler = same scheduler as sector solves
 orbital_sector_finite_difference_storage = stencil_major_int32_neighbors_uint8_coefficient_palette
 orbital_sector_neighbor_storage = shared_across_representations
 orbital_sector_nonlocal_application = cuSPARSE B.T projection plus KB scatter fused into CUDA stencil
 orbital_sector_projector_reduction = none
 orbital_sector_later_filter_precision = float64
 orbital_sector_local_potential_storage = one persistent shared device buffer per CUDA device
 orbital_density_storage = normalized wedge orbitals; physical scalar orbit values remain compact through SCF
 orbital_operator_cache = hit
 orbital_operator_cache_key = 49b69cfd0922f774df998f2319abb703068494139d97a5b89907856535c97c5a
 orbital_operator_cache_path = C:\Users\zigze\Desktop\parsec_python\examples\ml_initial_density\small_molecules\CO2\charge3net\.parsec_cache\symmetry\reflection-v4-49b69cfd0922f774df998f2319abb703068494139d97a5b89907856535c97c5a.npz
 orbital_operator_hash_seconds = 0.000118
 orbital_operator_cache_load_seconds = 0.014780
 orbital_operator_build_seconds = 0.000000
 orbital_operator_build_workers = 4
 orbital_operator_cache_write_seconds = 0.000000
 scf_scalar_field_storage = one physical value per symmetry orbit with multiplicity weights
 hartree_boundary_setup = overlapped with GPU orbital setup
 hartree_boundary_setup_seconds = 0.039245
 hartree_boundary_setup_wait_seconds = 0.000010
 hartree_boundary_setup_overlapped_seconds = 0.039235
 hartree_cg_storage = int32_columns_uint8_coefficient_palette
 hartree_cg_openmp_workers = 3
 hartree_initial_guess = two-step chronological RHS predictor with previous-potential fallback
 hartree_cg_coefficient_palette_size = 21
 hartree_symmetry = normalized Cartesian axis-reflection wedge
 hartree_symmetry_group_order = 8
 hartree_full_grid_points = 179944
 hartree_wedge_points = 22493
 hartree_reduction_ratio = 8
 hartree_geometry_cache = hit
 hartree_geometry_cache_key = da429fd2f3ac0169912fb94a2151956984752818d8e97f832dc74e545de3d250
 hartree_geometry_cache_path = C:\Users\zigze\Desktop\parsec_python\examples\ml_initial_density\small_molecules\CO2\charge3net\.parsec_cache\symmetry\native-symmetry-boundary-v2-da429fd2f3ac0169912fb94a2151956984752818d8e97f832dc74e545de3d250.npz
 hartree_geometry_hash_seconds = 0.000042
 hartree_geometry_cache_load_seconds = 0.036950
 hartree_geometry_build_seconds = 0.000000
 hartree_geometry_cache_write_seconds = 0.000000
 native_openmp_detected_processors = 32
 native_openmp_reserved_threads = 4
 native_openmp_max_threads = 28
 native_openmp_thread_source = detected_processors_minus_4
 Backend initialization [sec] =     0.064503

 SCF iter #   1

 Diagonalization time [sec] :       1.22,      tdiag_sum =        1.22

 Fermi level at    -0.6786 [Ry]

   State   Eigenvalue [Ry]      Eigenvalue [eV]    Occup.     Repr.

    1        -2.1094248589       -28.7004127456    1.0000        1
    2        -2.0556214958       -27.9683749477    1.0000        8
    3        -1.1929910145       -16.2315971457    1.0000        1
    4        -1.0308093265       -14.0249855340    1.0000        8
    5        -0.9209255675       -12.5299290870    1.0000        6
    6        -0.9209255204       -12.5299284455    1.0000        7
    7        -0.7752566761       -10.5479872832    1.0000        2
    8        -0.7752566504       -10.5479869343    1.0000        3
    9        -0.3661631068        -4.9819419987    0.0000        6
   10        -0.3661630192        -4.9819408063    0.0000        7
   11        -0.3418417452        -4.6510304167    0.0000        1
   12         0.0134440690         0.1829173136    0.0000        1
   13         0.0545595553         0.7423263971    0.0000        8
   14         0.0585494260         0.7966117798    0.0000        7
   15         0.0585500474         0.7966202354    0.0000        6
   16         0.1342592974         1.8267051487    0.0000        1

 Max and min values of charge density [e/bohr^3]:   9.5570E-01   4.8096E-14

 Hartree potential time [sec]:       0.02

   Eigenvalue Energy             =         -19.56242222 [Ry]
   Hartree Energy                =         114.66342508 [Ry]
   Integral_{Vxc*rho}            =         -22.11725919 [Ry]
   Exc = Integral{eps_xc*rho}    =         -17.04307410 [Ry]
   Electron-Ion energy           =        -284.65928208 [Ry]
   Ion-Ion Energy                =          49.89383143 [Ry]

   Total Energy =           -75.04982329 [Ry]
   Energy/atom  =          -340.37096191 [eV]

  0-  1    SRE of pot. & charge weighted pot =   2.2121869608   0.3059153908

 SCF iter #   2

 Diagonalization time [sec] :       0.07,      tdiag_sum =        1.30

 Fermi level at    -0.4936 [Ry]

   State   Eigenvalue [Ry]      Eigenvalue [eV]    Occup.     Repr.

    1        -2.0195418800       -27.4774829103    1.0000        1
    2        -1.9591380897       -26.6556410213    1.0000        8
    3        -1.1314688181       -15.3945384455    1.0000        1
    4        -0.9577648956       -13.0311576160    1.0000        8
    5        -0.8554812288       -11.6395065024    1.0000        6
    6        -0.8554804260       -11.6394955803    1.0000        7
    7        -0.6895516198        -9.3819014289    1.0000        3
    8        -0.6895505250        -9.3818865325    1.0000        2
    9        -0.3100318992        -4.2182320147    0.0000        6
   10        -0.3100311837        -4.2182222794    0.0000        7
   11        -0.2757300915        -3.7515284786    0.0000        1
   12         0.0232846376         0.3168061224    0.0000        1
   13         0.0598686970         0.8145615172    0.0000        8
   14         0.0620786946         0.8446303036    0.0000        7
   15         0.0620803368         0.8446526467    0.0000        6
   16         0.1378661634         1.8757794456    0.0000        1

 Max and min values of charge density [e/bohr^3]:   9.1052E-01   3.2611E-11

 Hartree potential time [sec]:       0.02

   Eigenvalue Energy             =         -18.31595497 [Ry]
   Hartree Energy                =         113.10384719 [Ry]
   Integral_{Vxc*rho}            =         -21.68947782 [Ry]
   Exc = Integral{eps_xc*rho}    =         -16.71338210 [Ry]
   Electron-Ion energy           =        -281.44885668 [Ry]
   Ion-Ion Energy                =          49.89383143 [Ry]
   (E(new)-E(old))/atom  =            -0.22385575 [eV]

   Total Energy =           -75.09918219 [Ry]
   Energy/atom  =          -340.59481766 [eV]

  0-  2    SRE of pot. & charge weighted pot =   1.3893338148   0.1181016996

 SCF iter #   3

 Diagonalization time [sec] :       0.07,      tdiag_sum =        1.37

 Fermi level at    -0.4814 [Ry]

   State   Eigenvalue [Ry]      Eigenvalue [eV]    Occup.     Repr.

    1        -1.9804754752       -26.9459532209    1.0000        1
    2        -1.9227362082       -26.1603643012    1.0000        8
    3        -1.1050522139       -15.0351194120    1.0000        1
    4        -0.9347595006       -12.7181508128    1.0000        8
    5        -0.8228870564       -11.1960367115    1.0000        6
    6        -0.8228858875       -11.1960208083    1.0000        7
    7        -0.6678093622        -9.0860806195    1.0000        3
    8        -0.6678084760        -9.0860685631    1.0000        2
    9        -0.2728558823        -3.7124225634    0.0000        6
   10        -0.2728546250        -3.7124054569    0.0000        7
   11        -0.2440481600        -3.3204704557    0.0000        1
   12         0.0283204607         0.3853225242    0.0000        1
   13         0.0596108624         0.8110534718    0.0000        8
   14         0.0635375235         0.8644788378    0.0000        7
   15         0.0635473189         0.8646121118    0.0000        6
   16         0.1378523671         1.8755917359    0.0000        1

 Max and min values of charge density [e/bohr^3]:   9.1832E-01   1.8387E-11

 Hartree potential time [sec]:       0.02

   Eigenvalue Energy             =         -17.84882836 [Ry]
   Hartree Energy                =         112.83618592 [Ry]
   Integral_{Vxc*rho}            =         -21.67147579 [Ry]
   Exc = Integral{eps_xc*rho}    =         -16.69970299 [Ry]
   Electron-Ion energy           =        -281.07796458 [Ry]
   Ion-Ion Energy                =          49.89383143 [Ry]
   (E(new)-E(old))/atom  =            -0.05216115 [eV]

   Total Energy =           -75.11068342 [Ry]
   Energy/atom  =          -340.64697881 [eV]

  0-  3    SRE of pot. & charge weighted pot =   0.5511349924   0.0551211603

 SCF iter #   4

 Diagonalization time [sec] :       0.07,      tdiag_sum =        1.44

 Fermi level at    -0.4739 [Ry]

   State   Eigenvalue [Ry]      Eigenvalue [eV]    Occup.     Repr.

    1        -1.9559551345       -26.6123343685    1.0000        1
    2        -1.8971870885       -25.8127480884    1.0000        8
    3        -1.0887730381       -14.8136282021    1.0000        1
    4        -0.9165291589       -12.4701124297    1.0000        8
    5        -0.8052305694       -10.9558060817    1.0000        6
    6        -0.8052296108       -10.9557930390    1.0000        7
    7        -0.6473384498        -8.8075574797    1.0000        3
    8        -0.6473380672        -8.8075522749    1.0000        2
    9        -0.2565069266        -3.4899819417    0.0000        6
   10        -0.2565054082        -3.4899612835    0.0000        7
   11        -0.2270397197        -3.0890570190    0.0000        1
   12         0.0302095964         0.4110257267    0.0000        1
   13         0.0595061440         0.8096286939    0.0000        8
   14         0.0629408248         0.8563602745    0.0000        7
   15         0.0629811970         0.8569095707    0.0000        6
   16         0.1375494775         1.8714706813    0.0000        1

 Max and min values of charge density [e/bohr^3]:   9.0777E-01   1.4418E-11

 Hartree potential time [sec]:       0.02

   Eigenvalue Energy             =         -17.52716223 [Ry]
   Hartree Energy                =         112.37123099 [Ry]
   Integral_{Vxc*rho}            =         -21.55655983 [Ry]
   Exc = Integral{eps_xc*rho}    =         -16.61116548 [Ry]
   Electron-Ion energy           =        -280.14259198 [Ry]
   Ion-Ion Energy                =          49.89383143 [Ry]
   (E(new)-E(old))/atom  =            -0.01345167 [eV]

   Total Energy =           -75.11364943 [Ry]
   Energy/atom  =          -340.66043048 [eV]

  0-  4    SRE of pot. & charge weighted pot =   0.2950193730   0.0113333083

 SCF iter #   5

 Diagonalization time [sec] :       0.07,      tdiag_sum =        1.51

 Fermi level at    -0.4751 [Ry]

   State   Eigenvalue [Ry]      Eigenvalue [eV]    Occup.     Repr.

    1        -1.9582603054       -26.6436980636    1.0000        1
    2        -1.8995899450       -25.8454408738    1.0000        8
    3        -1.0910444066       -14.8445319871    1.0000        1
    4        -0.9191062232       -12.5051754522    1.0000        8
    5        -0.8076403942       -10.9885936748    1.0000        6
    6        -0.8076397054       -10.9885843038    1.0000        7
    7        -0.6500236489        -8.8440917622    1.0000        3
    8        -0.6500234862        -8.8440895490    1.0000        2
    9        -0.2589636660        -3.5234078472    0.0000        6
   10        -0.2589624936        -3.5233918959    0.0000        7
   11        -0.2293605716        -3.1206340655    0.0000        1
   12         0.0288215717         0.3921405397    0.0000        1
   13         0.0585979428         0.7972718898    0.0000        8
   14         0.0617718808         0.8404558554    0.0000        7
   15         0.0618114995         0.8409948993    0.0000        6
   16         0.1368405030         1.8618245154    0.0000        1

 Max and min values of charge density [e/bohr^3]:   9.0853E-01   2.6595E-12

 Hartree potential time [sec]:       0.02

   Eigenvalue Energy             =         -17.56665623 [Ry]
   Hartree Energy                =         112.34956361 [Ry]
   Integral_{Vxc*rho}            =         -21.55289084 [Ry]
   Exc = Integral{eps_xc*rho}    =         -16.60848044 [Ry]
   Electron-Ion energy           =        -280.13964892 [Ry]
   Ion-Ion Energy                =          49.89383143 [Ry]
   (E(new)-E(old))/atom  =            -0.00098612 [eV]

   Total Energy =           -75.11386687 [Ry]
   Energy/atom  =          -340.66141661 [eV]

  0-  5    SRE of pot. & charge weighted pot =   0.2157361167   0.0075690871

 SCF iter #   6

 Diagonalization time [sec] :       0.07,      tdiag_sum =        1.58

 Fermi level at    -0.4754 [Ry]

   State   Eigenvalue [Ry]      Eigenvalue [eV]    Occup.     Repr.

    1        -1.9587265172       -26.6500412481    1.0000        1
    2        -1.9001155370       -25.8525919730    1.0000        8
    3        -1.0917541236       -14.8541882554    1.0000        1
    4        -0.9199643727       -12.5168512617    1.0000        8
    5        -0.8083021722       -10.9975976941    1.0000        6
    6        -0.8083016289       -10.9975903031    1.0000        7
    7        -0.6508852853        -8.8558150146    1.0000        3
    8        -0.6508851815        -8.8558136027    1.0000        2
    9        -0.2596055567        -3.5321412831    0.0000        6
   10        -0.2596045912        -3.5321281464    0.0000        7
   11        -0.2299486927        -3.1286359233    0.0000        1
   12         0.0284396058         0.3869435890    0.0000        1
   13         0.0583506284         0.7939069797    0.0000        8
   14         0.0614629798         0.8362530102    0.0000        7
   15         0.0614959025         0.8367009502    0.0000        6
   16         0.1367262475         1.8602699781    0.0000        1

 Max and min values of charge density [e/bohr^3]:   9.0817E-01   3.4461E-13

 Hartree potential time [sec]:       0.02

   Eigenvalue Energy             =         -17.57786964 [Ry]
   Hartree Energy                =         112.32486329 [Ry]
   Integral_{Vxc*rho}            =         -21.54800964 [Ry]
   Exc = Integral{eps_xc*rho}    =         -16.60472280 [Ry]
   Electron-Ion energy           =        -280.08601108 [Ry]
   Ion-Ion Energy                =          49.89383143 [Ry]
   (E(new)-E(old))/atom  =            -0.00018948 [eV]

   Total Energy =           -75.11390865 [Ry]
   Energy/atom  =          -340.66160609 [eV]

  0-  6    SRE of pot. & charge weighted pot =   0.1925920629   0.0063475754

 SCF iter #   7

 Diagonalization time [sec] :       0.07,      tdiag_sum =        1.65

 Fermi level at    -0.4756 [Ry]

   State   Eigenvalue [Ry]      Eigenvalue [eV]    Occup.     Repr.

    1        -1.9596645809       -26.6628043554    1.0000        1
    2        -1.9010759521       -25.8656591890    1.0000        8
    3        -1.0926191168       -14.8659571787    1.0000        1
    4        -0.9209138370       -12.5297694838    1.0000        8
    5        -0.8092208331       -11.0100968115    1.0000        6
    6        -0.8092203993       -11.0100909084    1.0000        7
    7        -0.6518571666        -8.8690382376    1.0000        3
    8        -0.6518570729        -8.8690369619    1.0000        2
    9        -0.2605413432        -3.5448734067    0.0000        6
   10        -0.2605405826        -3.5448630581    0.0000        7
   11        -0.2307936719        -3.1401325416    0.0000        1
   12         0.0282098215         0.3838171888    0.0000        1
   13         0.0582884478         0.7930609634    0.0000        8
   14         0.0613579830         0.8348244453    0.0000        7
   15         0.0613836720         0.8351739651    0.0000        6
   16         0.1367695791         1.8608595395    0.0000        1

 Max and min values of charge density [e/bohr^3]:   9.0849E-01   2.1904E-15

 Hartree potential time [sec]:       0.02

   Eigenvalue Energy             =         -17.59285792 [Ry]
   Hartree Energy                =         112.32773674 [Ry]
   Integral_{Vxc*rho}            =         -21.54901710 [Ry]
   Exc = Integral{eps_xc*rho}    =         -16.60553440 [Ry]
   Electron-Ion energy           =        -280.10041690 [Ry]
   Ion-Ion Energy                =          49.89383143 [Ry]
   (E(new)-E(old))/atom  =            -0.00007312 [eV]

   Total Energy =           -75.11392477 [Ry]
   Energy/atom  =          -340.66167920 [eV]

  0-  7    SRE of pot. & charge weighted pot =   0.1567995875   0.0050354523

 SCF iter #   8

 Diagonalization time [sec] :       0.07,      tdiag_sum =        1.72

 Fermi level at    -0.4758 [Ry]

   State   Eigenvalue [Ry]      Eigenvalue [eV]    Occup.     Repr.

    1        -1.9605122282       -26.6743372750    1.0000        1
    2        -1.9019175547       -25.8771098653    1.0000        8
    3        -1.0936751743       -14.8803256869    1.0000        1
    4        -0.9220434110       -12.5451382415    1.0000        8
    5        -0.8103253679       -11.0251248903    1.0000        6
    6        -0.8103251360       -11.0251217352    1.0000        7
    7        -0.6529265768        -8.8835884182    1.0000        3
    8        -0.6529264907        -8.8835872468    1.0000        2
    9        -0.2617261027        -3.5609930086    0.0000        6
   10        -0.2617257156        -3.5609877406    0.0000        7
   11        -0.2317502560        -3.1531476333    0.0000        1
   12         0.0278688209         0.3791776030    0.0000        1
   13         0.0581837295         0.7916361871    0.0000        8
   14         0.0611452062         0.8319294466    0.0000        7
   15         0.0611566344         0.8320849360    0.0000        6
   16         0.1368878641         1.8624689011    0.0000        1

 Max and min values of charge density [e/bohr^3]:   9.0856E-01   1.0279E-14

 Hartree potential time [sec]:       0.02

   Eigenvalue Energy             =         -17.60930388 [Ry]
   Hartree Energy                =         112.32477575 [Ry]
   Integral_{Vxc*rho}            =         -21.54847469 [Ry]
   Exc = Integral{eps_xc*rho}    =         -16.60514129 [Ry]
   Electron-Ion energy           =        -280.09781718 [Ry]
   Ion-Ion Energy                =          49.89383143 [Ry]
   (E(new)-E(old))/atom  =            -0.00004977 [eV]

   Total Energy =           -75.11393574 [Ry]
   Energy/atom  =          -340.66172897 [eV]

  0-  8    SRE of pot. & charge weighted pot =   0.0742459620   0.0028868784

 SCF iter #   9

 Diagonalization time [sec] :       0.07,      tdiag_sum =        1.80

 Fermi level at    -0.4761 [Ry]

   State   Eigenvalue [Ry]      Eigenvalue [eV]    Occup.     Repr.

    1        -1.9615689424       -26.6887147159    1.0000        1
    2        -1.9029962310       -25.8917861191    1.0000        8
    3        -1.0948603896       -14.8964514886    1.0000        1
    4        -0.9233626761       -12.5630878987    1.0000        8
    5        -0.8116072555       -11.0425659966    1.0000        6
    6        -0.8116072461       -11.0425658696    1.0000        7
    7        -0.6542638456        -8.9017830302    1.0000        3
    8        -0.6542638094        -8.9017825380    1.0000        2
    9        -0.2630352091        -3.5788044478    0.0000        6
   10        -0.2630351935        -3.5788042358    0.0000        7
   11        -0.2328744436        -3.1684431051    0.0000        1
   12         0.0274315323         0.3732279415    0.0000        1
   13         0.0580120789         0.7893007427    0.0000        8
   14         0.0608421697         0.8278063919    0.0000        6
   15         0.0608439788         0.8278310061    0.0000        7
   16         0.1369581174         1.8634247542    0.0000        1

 Max and min values of charge density [e/bohr^3]:   9.0891E-01   8.3078E-14

 Hartree potential time [sec]:       0.02

   Eigenvalue Energy             =         -17.62906079 [Ry]
   Hartree Energy                =         112.32922491 [Ry]
   Integral_{Vxc*rho}            =         -21.54994472 [Ry]
   Exc = Integral{eps_xc*rho}    =         -16.60630792 [Ry]
   Electron-Ion energy           =        -280.11320074 [Ry]
   Ion-Ion Energy                =          49.89383143 [Ry]
   (E(new)-E(old))/atom  =            -0.00002236 [eV]

   Total Energy =           -75.11394067 [Ry]
   Energy/atom  =          -340.66175133 [eV]

  0-  9    SRE of pot. & charge weighted pot =   0.0274042305   0.0006736246

 SCF iter #  10

 Diagonalization time [sec] :       0.08,      tdiag_sum =        1.88

 Fermi level at    -0.4760 [Ry]

   State   Eigenvalue [Ry]      Eigenvalue [eV]    Occup.     Repr.

    1        -1.9613878317       -26.6862505612    1.0000        1
    2        -1.9027929342       -25.8890201040    1.0000        8
    3        -1.0946945669       -14.8941953386    1.0000        1
    4        -0.9231720974       -12.5604949232    1.0000        8
    5        -0.8114998999       -11.0411053386    1.0000        6
    6        -0.8114998986       -11.0411053207    1.0000        7
    7        -0.6540854770        -8.8993561834    1.0000        2
    8        -0.6540854611        -8.8993559668    1.0000        3
    9        -0.2629361035        -3.5774560365    0.0000        6
   10        -0.2629360650        -3.5774555127    0.0000        7
   11        -0.2327640984        -3.1669417705    0.0000        1
   12         0.0274002600         0.3728024573    0.0000        1
   13         0.0579852040         0.7889350884    0.0000        8
   14         0.0607825250         0.8269948784    0.0000        7
   15         0.0607826167         0.8269961265    0.0000        6
   16         0.1369243514         1.8629653408    0.0000        1

 Max and min values of charge density [e/bohr^3]:   9.0869E-01   1.0618E-13

 Hartree potential time [sec]:       0.02

   Eigenvalue Energy             =         -17.62643633 [Ry]
   Hartree Energy                =         112.32299966 [Ry]
   Integral_{Vxc*rho}            =         -21.54821745 [Ry]
   Exc = Integral{eps_xc*rho}    =         -16.60497576 [Ry]
   Electron-Ion energy           =        -280.09801219 [Ry]
   Ion-Ion Energy                =          49.89383143 [Ry]
   (E(new)-E(old))/atom  =            -0.00000312 [eV]

   Total Energy =           -75.11394136 [Ry]
   Energy/atom  =          -340.66175445 [eV]

  0- 10    SRE of pot. & charge weighted pot =   0.0155525702   0.0004128836

 SCF iter #  11

 Diagonalization time [sec] :       0.08,      tdiag_sum =        1.95

 Fermi level at    -0.4760 [Ry]

   State   Eigenvalue [Ry]      Eigenvalue [eV]    Occup.     Repr.

    1        -1.9613541438       -26.6857922096    1.0000        1
    2        -1.9027755667       -25.8887838055    1.0000        8
    3        -1.0946630293       -14.8937662447    1.0000        1
    4        -0.9231700150       -12.5604665907    1.0000        8
    5        -0.8114769109       -11.0407925549    1.0000        6
    6        -0.8114769087       -11.0407925242    1.0000        7
    7        -0.6541199172        -8.8998247689    1.0000        2
    8        -0.6541198901        -8.8998244007    1.0000        3
    9        -0.2628789678        -3.5766786596    0.0000        6
   10        -0.2628789235        -3.5766780570    0.0000        7
   11        -0.2327364868        -3.1665660925    0.0000        1
   12         0.0273804627         0.3725330992    0.0000        1
   13         0.0579641829         0.7886490803    0.0000        8
   14         0.0607530714         0.8265941382    0.0000        7
   15         0.0607539181         0.8266056589    0.0000        6
   16         0.1369101735         1.8627724386    0.0000        1

 Max and min values of charge density [e/bohr^3]:   9.0880E-01   1.2587E-13

 Hartree potential time [sec]:       0.02

   Eigenvalue Energy             =         -17.62631276 [Ry]
   Hartree Energy                =         112.32344708 [Ry]
   Integral_{Vxc*rho}            =         -21.54857123 [Ry]
   Exc = Integral{eps_xc*rho}    =         -16.60525458 [Ry]
   Electron-Ion energy           =        -280.10069359 [Ry]
   Ion-Ion Energy                =          49.89383143 [Ry]
   (E(new)-E(old))/atom  =            -0.00000213 [eV]

   Total Energy =           -75.11394183 [Ry]
   Energy/atom  =          -340.66175659 [eV]

  0- 11    SRE of pot. & charge weighted pot =   0.0121531732   0.0001277139

Self-consistency convergence achieved.

Time for self-consistent field [sec] :       3.48,    tdiag_sum =        1.95
Time spent on Hartree potential [sec] :        0.24

 Initial Hamiltonian component timings [sec]
 --------------------------------------------------
 Finite-difference (-nabla^2) :     0.006172
 V_ion diagonal/local         :     0.013195
 V_ion nonlocal projectors    :     0.023466
 Initial V_xc (PBE)             :     0.052461
 Component subtotal             :     0.095294
 --------------------------------------------------

 SCF timing analysis [sec]
 --------------------------------------------------
 Initial Hartree potential      :     0.022540
 Initial exchange-correlation   :     0.052461
 Hamiltonian binding subtotal  :     0.000352
 Diagonalization subtotal       :     1.954121
 Occupation/density subtotal   :     0.003389
 Hartree potential subtotal     :     0.238739
 Exchange-correlation subtotal  :     1.173540
 Mixing/energy subtotal         :     0.021063
 SCF wall time                   :     3.470079
 --------------------------------------------------

Forces, dipoles, and MPI statistics
are not calculated by this Python single-point implementation.

 =================================================================

 Accelerated Hamiltonian statistics:
 -----------------------------------
 Backend = cupy
 H applications =         3940
 Orbital vectors applied =        17856
 Total H application time [sec] =     0.000000
 Average H application [sec] =     0.000000
 Local-potential updates =           11
 Local update time [sec] =     0.000237
 Per-H device timing = disabled (would synchronize every recurrence)
 GPU initial-eigensolver calls =            8
 GPU initial-eigensolver synchronized time [sec] =     1.215499
 GPU SUBSPACE calls =           80
 GPU SUBSPACE synchronized time [sec] =     0.702733
 GPU representation scheduler batches =           11
 GPU representation scheduler wall time [sec] =     1.925024
 Final active states by representation = 8 7 7 6 6 8 8 8
 Requested-eigenpair download [sec] =     0.004290
 GPU density builds =           11
 GPU density build/download [sec] =     0.001976
 Final wavefunction download [sec] =     0.009145
 Accelerated Hartree solves =           12
 Accelerated Hartree total [sec] =     0.261053
 Hartree boundary/RHS [sec] =     0.042757
 Hartree linear solve [sec] =     0.218250
 Host-to-device time [sec] =     0.000000
 Device kernel time [sec] =     1.918232
 Device-to-host time [sec] =     0.004290
 Pre-SCF setup/reporting wall time [sec] :    1.699722
 Post-SCF finalization/reporting [sec] :    0.000088
 Total accelerated Python wall time [sec] :        5.18
Text log: C:\Users\zigze\Desktop\parsec_python\examples\ml_initial_density\small_molecules\CO2\charge3net\parsec.out
