
 =================================================================

  PARSEC-PYTHON - Modular real-space DFT program
  PARSEC-like report; Python real-space implementation

 starting run on 02-Sep-2026 17:31:45 -0700
 input file: C:\Users\zigze\Desktop\parsec_python\examples\ml_initial_density\small_molecules\H2O\charge3net\parsec.in

 =================================================================

 Initial Run - starting from an imported/ML density
 Initial density method = charge3net
 ignoresym= F

 Grid data:
 ~~------~~

 Confined system (cluster) with zero boundary condition!
  Spherical domain shape:
 --- Radius is  13.228088 bohrs
 Grid spacing is  0.377945 bohrs
 Order of double grid is    1
 Grid points are shifted from origin!
 shift vector =   0.5000   0.5000   0.5000   [units of grid spacing]
 WAVEFUNCTIONS ARE REAL!
 The Finite-difference expansion is of order  8
 Python constructs the full active grid; the selected execution backend reports any exact symmetry reduction.

 Eigenvalue data:
 ----------------
 Number of states:           16
 Net cluster charge =    0.000      [e]
 Fermi temperature =    500.00 [K]

 Self-consistency data:
 ----------------------
 Maximum number of iterations is           50
 Performing Chebyshev-Davidson diagonalization
 Polynomial degree for Chebyshev-Davidson is     15
 The matvec operations use block size      6
 Polynomial degree for Chebyshev filtering is     10
 Change in polynomial degree (dpm) for Chebyshev filtering is      3
 Self-consistency convergence criterion is    2.0000000000000001E-04  Ry
 Diagonalization tolerance is    1.0000000000000000E-04
 Buffer size in subspace is      6

 Mixer data:
 -----------
 solver lpole is :            9
 Anderson mixer
 Initial Jacobian:  0.300  Mixing memory is  4
 Mixing restarted after           20 iterations

 Correlation data:
 -----------------
 Exchange-Correlation functional is pbe
 GGA, Perdew-Burke-Ernzerhof parametrization

 Other input data:
 -----------------
 output level [1 - 6] =  1
 No spin effects!
 No minimization!


 Atom data:
 --~--~---

 Tot. # of atom types is     2

 Chemical element : H
 Physical element : H
 martins_new
  pseudopotential format : new Martins
  pseudopotential file   : C:\Users\zigze\Desktop\parsec_python\examples\ml_initial_density\pseudopotentials\H_POTRE.DAT
  radial points/channels : 773 / 1
  selected local channel : l=0
 There are      2 H  atoms
 and their initial coordinates are:

    x [bohr]          y [bohr]          z [bohr]
      0.000000000     -0.519674891      1.795240534
      0.000000000     -0.519674891     -1.795240534

 Chemical element : O
 Physical element : O
 martins_new
  pseudopotential format : new Martins
  pseudopotential file   : C:\Users\zigze\Desktop\parsec_python\examples\ml_initial_density\pseudopotentials\O_POTRE.DAT
  radial points/channels : 945 / 3
  selected local channel : l=1
 There are      1 O  atoms
 and their initial coordinates are:

    x [bohr]          y [bohr]          z [bohr]
      0.000000000      0.519674891      0.000000000

 Tot. number of atoms =       3

 Real-space setup:
 -----------------
 Full active grid points =       179944
 Hamiltonian dimension   =       179944
 Sparse Laplacian nonzeros =     4267480
 Nonlocal projector columns =        6
 Number of electrons =     8.00000000
 Initial density integral =     8.00000000

 Setup timings [sec]
 --------------------------------------------------
 Pseudopotential loading       :     0.018981
 Grid-domain construction      :     0.016211
 Finite-difference construction:     0.005186
 Local ionic potential setup   :     0.011862
 Nonlocal ionic projector setup:     0.005357
 Initial valence-density setup :     0.031917
 Core-density setup            :     0.000027
 Ion-ion energy setup           :     0.000037
 Preparation wall time          :     0.089730
 --------------------------------------------------

 The reference setup above describes the constructed full grid.  The GPU orbital solve is decomposed into the exact symmetry representations reported below.

 Acceleration backend:
 ---------------------
 Requested backend = auto
 Selected backend  = cupy
 Numeric dtype     = float64
 Device            = CUDA:0 (NVIDIA GeForce RTX 5070 Laptop GPU)
 Implementation    = CuPy float64 device-resident stencil-major/compact-CSR Hamiltonian with fused Chebyshev recurrence, CHEBFF/CHEBDAV/SUBSPACE eigensolver, and fused orbital-density construction
 laplacian_nnz = 4267480
 projector_columns = 6
 cupy_version = 14.0.1
 gpu_finite_difference_storage = deferred_full_grid_symmetry_sectors
 gpu_finite_difference_palette_size = 0
 gpu_finite_difference_fallback = full-grid operator intentionally deferred
 gpu_chebyshev_recurrence = separate_hamiltonian_and_elementwise_kernels
 gpu_later_subspace_filter_precision = deferred_to_symmetry_sector_operators
 gpu_nonlocal_application = deferred_to_symmetry_sector_operators
 gpu_projector_reduction = deferred_to_symmetry_sector_operators
 gpu_subspace_residuals = disabled_diagnostics_only
 cuda_initialization_overlap = cuda_probe_with_cpu_reference_setup
 backend_resolution_seconds = 0.870525
 reference_preparation_seconds = 0.093255
 backend_reference_overlapped_seconds = 0.092827
 symmetry_mode = auto
 symmetry_detection = exact Cartesian axis-reflection subgroup detected
 detected_symmetry_group_order = 4
 orbital_symmetry = CuPy real one-dimensional reflection representations
 finite_difference_builder = C++17 compressed-grid CSR builder (exact stencil parity)
 ionic_setup_implementation = cached-grid C++/OpenMP radial interpolation and KB sampling
 hartree_backend = native
 hartree_implementation = orbit-summed C++/OpenMP multipoles and direct wedge RHS plus symmetry-wedge C++/OpenMP CG
 xc_implementation = vectorized NumPy discrete-variational PBE
 finite_difference_full_grid_materialization = skipped_by_exact_reduced_operator_cache
 finite_difference_provenance_key = bcf8094314385e9f47fac42b2fd64267a127992d3a3d18bd5eeaf3b74327452f
 finite_difference_provenance_hash_seconds = 0.003958
 finite_difference_nnz_count_seconds = 0.001221
 finite_difference_nnz_cache = disk-hit
 finite_difference_nnz_cache_path = C:\Users\zigze\Desktop\parsec_python\examples\ml_initial_density\small_molecules\H2O\charge3net\.parsec_cache\symmetry\negative-laplacian-nnz-v1-bcf8094314385e9f47fac42b2fd64267a127992d3a3d18bd5eeaf3b74327452f.json
 finite_difference_materialization_seconds = 0.000000
 reference_static_cache = disabled
 reference_static_cache_lookup_seconds = 0.000000
 symmetry_geometry_cache = hit
 symmetry_geometry_cache_key = 5d80682febdbe28726c5e6787f633a2ae9ce3527e6de63264bbdd597985249b0
 symmetry_geometry_cache_path = C:\Users\zigze\Desktop\parsec_python\examples\ml_initial_density\small_molecules\H2O\charge3net\.parsec_cache\symmetry\reflection-reduction-v2-5d80682febdbe28726c5e6787f633a2ae9ce3527e6de63264bbdd597985249b0.npz
 symmetry_geometry_hash_seconds = 0.003678
 symmetry_geometry_cache_load_seconds = 0.004478
 symmetry_geometry_build_seconds = 0.000000
 symmetry_geometry_cache_write_seconds = 0.000000
 symmetry_representation_cache = hit
 symmetry_representation_cache_key = a555faca3bb4d0a5e560db542b7c498eb588f28f21d827433442ded73bb29101
 symmetry_representation_cache_path = C:\Users\zigze\Desktop\parsec_python\examples\ml_initial_density\small_molecules\H2O\charge3net\.parsec_cache\symmetry\reflection-representations-v3-a555faca3bb4d0a5e560db542b7c498eb588f28f21d827433442ded73bb29101.npz
 symmetry_representation_hash_seconds = 0.000983
 symmetry_representation_cache_load_seconds = 0.006308
 symmetry_representation_build_seconds = 0.000000
 symmetry_representation_cache_write_seconds = 0.000000
 gpu_initial_random_basis = bit-exact 2048-lane skip-ahead DLARNV generator
 gpu_chebdav_ritz_scalar_source = reuse values already returned by host LAPACK
 gpu_chebdav_appended_orthogonalization = PARSEC selective MGS
 gpu_chebdav_prefix_projection = full C-order coefficient GEMM plus fused active-prefix CUDA update for blocks up to six
 gpu_chebdav_ritz_projection = full contiguous C-order Davidson workspace GEMM; use only the active row interval
 gpu_subspace_orthogonalization = size-adaptive per representation: audited PARSEC MGS for small bases; generalized Cholesky-whitened Rayleigh--Ritz with Householder QR fallback for large bases
 symmetry_full_grid_points = 179944
 symmetry_wedge_points = 44986
 symmetry_reduction_ratio = 4
 orbital_symmetry_representations = 4
 orbital_sector_dimensions = 44986 44986 44986 44986
 orbital_sector_stabilizer_handling = exact character selection on every orbit stabilizer
 orbital_sector_state_policy = floor(global_states/representations) + Subspace_Buffer_Size, then grow sectors to bracket the global cutoff
 orbital_sector_scheduler = sequential on one CUDA device
 orbital_sector_cuda_devices = 0
 orbital_sector_lanczos_scheduler = same scheduler as sector solves
 orbital_sector_finite_difference_storage = stencil_major_int32_neighbors_uint8_coefficient_palette
 orbital_sector_neighbor_storage = shared_across_representations
 orbital_sector_nonlocal_application = cuSPARSE B.T projection plus KB scatter fused into CUDA stencil
 orbital_sector_projector_reduction = none
 orbital_sector_later_filter_precision = float64
 orbital_sector_local_potential_storage = one persistent shared device buffer per CUDA device
 orbital_density_storage = normalized wedge orbitals; physical scalar orbit values remain compact through SCF
 orbital_operator_cache = hit
 orbital_operator_cache_key = ba342c18b7c348160394f21147c5da09ed1fc641781caddc10a037467c0e6b96
 orbital_operator_cache_path = C:\Users\zigze\Desktop\parsec_python\examples\ml_initial_density\small_molecules\H2O\charge3net\.parsec_cache\symmetry\reflection-v4-ba342c18b7c348160394f21147c5da09ed1fc641781caddc10a037467c0e6b96.npz
 orbital_operator_hash_seconds = 0.000091
 orbital_operator_cache_load_seconds = 0.018966
 orbital_operator_build_seconds = 0.000000
 orbital_operator_build_workers = 4
 orbital_operator_cache_write_seconds = 0.000000
 scf_scalar_field_storage = one physical value per symmetry orbit with multiplicity weights
 hartree_boundary_setup = overlapped with GPU orbital setup
 hartree_boundary_setup_seconds = 0.060295
 hartree_boundary_setup_wait_seconds = 0.000014
 hartree_boundary_setup_overlapped_seconds = 0.060281
 hartree_cg_storage = int32_columns_uint8_coefficient_palette
 hartree_cg_openmp_workers = 6
 hartree_initial_guess = two-step chronological RHS predictor with previous-potential fallback
 hartree_cg_coefficient_palette_size = 15
 hartree_symmetry = normalized Cartesian axis-reflection wedge
 hartree_symmetry_group_order = 4
 hartree_full_grid_points = 179944
 hartree_wedge_points = 44986
 hartree_reduction_ratio = 4
 hartree_geometry_cache = hit
 hartree_geometry_cache_key = 15a55a8a4e5c4ead9aa0bc6f86a37c091bbca8f70f0da9ac480e3c4e6a7dbe22
 hartree_geometry_cache_path = C:\Users\zigze\Desktop\parsec_python\examples\ml_initial_density\small_molecules\H2O\charge3net\.parsec_cache\symmetry\native-symmetry-boundary-v2-15a55a8a4e5c4ead9aa0bc6f86a37c091bbca8f70f0da9ac480e3c4e6a7dbe22.npz
 hartree_geometry_hash_seconds = 0.000029
 hartree_geometry_cache_load_seconds = 0.056375
 hartree_geometry_build_seconds = 0.000000
 hartree_geometry_cache_write_seconds = 0.000000
 native_openmp_detected_processors = 32
 native_openmp_reserved_threads = 4
 native_openmp_max_threads = 28
 native_openmp_thread_source = detected_processors_minus_4
 Backend initialization [sec] =     0.037563

 SCF iter #   1

 Diagonalization time [sec] :       1.62,      tdiag_sum =        1.62

 Fermi level at    -0.2340 [Ry]

   State   Eigenvalue [Ry]      Eigenvalue [eV]    Occup.     Repr.

    1        -1.9113287676       -26.0051569467    1.0000        1
    2        -1.0287592495       -13.9970925970    1.0000        2
    3        -0.7852443421       -10.6838774702    1.0000        1
    4        -0.6750719443        -9.1848938600    1.0000        4
    5        -0.1404784583        -1.9113218076    0.0000        1
    6        -0.0169237583        -0.2302612711    0.0000        2
    7         0.0664711472         0.9043931343    0.0000        1
    8         0.0666025837         0.9061814335    0.0000        4
    9         0.0891226723         1.2125852545    0.0000        1
   10         0.1288946775         1.7537152025    0.0000        2
   11         0.1433358979         1.9501995602    0.0000        1
   12         0.1439275784         1.9582498468    0.0000        3
   13         0.1603061084         2.1810928492    0.0000        4
   14         0.1607511633         2.1871481776    0.0000        1
   15         0.1701269919         2.3147138257    0.0000        2
   16         0.2490457455         3.3884666036    0.0000        2

 Max and min values of charge density [e/bohr^3]:   1.1824E+00   8.3720E-15

 Hartree potential time [sec]:       0.03

   Eigenvalue Energy             =          -8.80080861 [Ry]
   Hartree Energy                =          44.19000510 [Ry]
   Integral_{Vxc*rho}            =         -11.30818132 [Ry]
   Exc = Integral{eps_xc*rho}    =          -8.71822680 [Ry]
   Electron-Ion energy           =        -112.71293039 [Ry]
   Ion-Ion Energy                =          12.12663732 [Ry]

   Total Energy =           -34.17316627 [Ry]
   Energy/atom  =          -154.98442187 [eV]

  0-  1    SRE of pot. & charge weighted pot =   3.0077624350   0.6070362786

 SCF iter #   2

 Diagonalization time [sec] :       0.06,      tdiag_sum =        1.68

 Fermi level at    -0.3311 [Ry]

   State   Eigenvalue [Ry]      Eigenvalue [eV]    Occup.     Repr.

    1        -1.7490518903       -23.7972502092    1.0000        1
    2        -0.9148150839       -12.4467910681    1.0000        2
    3        -0.6302591020        -8.5751792899    1.0000        1
    4        -0.5102096289        -6.9418101685    1.0000        4
    5        -0.1112177600        -1.5132065986    0.0000        1
    6         0.0095134153         0.1294376258    0.0000        2
    7         0.0728462771         0.9911318763    0.0000        1
    8         0.0735463038         1.0006563004    0.0000        4
    9         0.1000688005         1.3615160859    0.0000        1
   10         0.1376993722         1.8735101178    0.0000        2
   11         0.1469606300         1.9995169396    0.0000        3
   12         0.1491176014         2.0288642618    0.0000        1
   13         0.1627631603         2.2145230061    0.0000        4
   14         0.1631921905         2.2203603051    0.0000        1
   15         0.1867569283         2.5409774151    0.0000        2
   16         0.2511974592         3.4177423898    0.0000        2

 Max and min values of charge density [e/bohr^3]:   1.0709E+00   7.0255E-12

 Hartree potential time [sec]:       0.03

   Eigenvalue Energy             =          -7.60867141 [Ry]
   Hartree Energy                =          41.73495715 [Ry]
   Integral_{Vxc*rho}            =         -10.74728300 [Ry]
   Exc = Integral{eps_xc*rho}    =          -8.28783192 [Ry]
   Electron-Ion energy           =        -108.23226205 [Ry]
   Ion-Ion Energy                =          12.12663732 [Ry]
   (E(new)-E(old))/atom  =            -0.64088375 [eV]

   Total Energy =           -34.31447742 [Ry]
   Energy/atom  =          -155.62530562 [eV]

  0-  2    SRE of pot. & charge weighted pot =   1.0390734136   0.0734600411

 SCF iter #   3

 Diagonalization time [sec] :       0.06,      tdiag_sum =        1.74

 Fermi level at    -0.3265 [Ry]

   State   Eigenvalue [Ry]      Eigenvalue [eV]    Occup.     Repr.

    1        -1.7312919526       -23.5556120491    1.0000        1
    2        -0.9051701589       -12.3155641483    1.0000        2
    3        -0.6124719573        -8.3331709563    1.0000        1
    4        -0.4904700292        -6.6732371234    1.0000        4
    5        -0.1097794390        -1.4936370909    0.0000        1
    6         0.0113633633         0.1546076490    0.0000        2
    7         0.0711616855         0.9682116611    0.0000        1
    8         0.0713741681         0.9711026567    0.0000        4
    9         0.0981679534         1.3356535408    0.0000        1
   10         0.1367562940         1.8606787844    0.0000        2
   11         0.1453683872         1.9778532019    0.0000        3
   12         0.1489837486         2.0270430868    0.0000        1
   13         0.1597543681         2.1735859819    0.0000        4
   14         0.1601717671         2.1792650293    0.0000        1
   15         0.1874688644         2.5506638748    0.0000        2
   16         0.2499108306         3.4002367792    0.0000        2

 Max and min values of charge density [e/bohr^3]:   1.0610E+00   2.7481E-12

 Hartree potential time [sec]:       0.03

   Eigenvalue Energy             =          -7.47880820 [Ry]
   Hartree Energy                =          41.34380231 [Ry]
   Integral_{Vxc*rho}            =         -10.65896822 [Ry]
   Exc = Integral{eps_xc*rho}    =          -8.22040123 [Ry]
   Electron-Ion energy           =        -107.62811767 [Ry]
   Ion-Ion Energy                =          12.12663732 [Ry]
   (E(new)-E(old))/atom  =            -0.02277129 [eV]

   Total Energy =           -34.31949836 [Ry]
   Energy/atom  =          -155.64807691 [eV]

  0-  3    SRE of pot. & charge weighted pot =   0.6016790466   0.0221103289

 SCF iter #   4

 Diagonalization time [sec] :       0.06,      tdiag_sum =        1.81

 Fermi level at    -0.3290 [Ry]

   State   Eigenvalue [Ry]      Eigenvalue [eV]    Occup.     Repr.

    1        -1.7370929660       -23.6345394767    1.0000        1
    2        -0.9116224696       -12.4033529973    1.0000        2
    3        -0.6169004730        -8.3934244551    1.0000        1
    4        -0.4943967922        -6.7266638757    1.0000        4
    5        -0.1123608572        -1.5287593513    0.0000        1
    6         0.0103757642         0.1411705720    0.0000        2
    7         0.0687512271         0.9354154450    0.0000        4
    8         0.0692925135         0.9427800799    0.0000        1
    9         0.0950415360         1.2931161301    0.0000        1
   10         0.1352561242         1.8402677751    0.0000        2
   11         0.1439872585         1.9590618412    0.0000        3
   12         0.1485315842         2.0208910288    0.0000        1
   13         0.1570901909         2.1373377195    0.0000        4
   14         0.1575337986         2.1433733570    0.0000        1
   15         0.1860078370         2.5307854281    0.0000        2
   16         0.2488557071         3.3858809792    0.0000        4

 Max and min values of charge density [e/bohr^3]:   1.0538E+00   8.6939E-13

 Hartree potential time [sec]:       0.03

   Eigenvalue Energy             =          -7.52002540 [Ry]
   Hartree Energy                =          41.31203470 [Ry]
   Integral_{Vxc*rho}            =         -10.64951132 [Ry]
   Exc = Integral{eps_xc*rho}    =          -8.21306313 [Ry]
   Electron-Ion energy           =        -107.53549810 [Ry]
   Ion-Ion Energy                =          12.12663732 [Ry]
   (E(new)-E(old))/atom  =            -0.00246684 [eV]

   Total Energy =           -34.32004228 [Ry]
   Energy/atom  =          -155.65054375 [eV]

  0-  4    SRE of pot. & charge weighted pot =   0.2918838543   0.0148448457

 SCF iter #   5

 Diagonalization time [sec] :       0.06,      tdiag_sum =        1.86

 Fermi level at    -0.3302 [Ry]

   State   Eigenvalue [Ry]      Eigenvalue [eV]    Occup.     Repr.

    1        -1.7402725895       -23.6778007982    1.0000        1
    2        -0.9150590308       -12.4501101607    1.0000        2
    3        -0.6196133930        -8.4303359031    1.0000        1
    4        -0.4967112979        -6.7581545768    1.0000        4
    5        -0.1134998504        -1.5442562641    0.0000        1
    6         0.0101413725         0.1379814860    0.0000        2
    7         0.0677155584         0.9213243448    0.0000        4
    8         0.0686898450         0.9345802933    0.0000        1
    9         0.0937512454         1.2755606949    0.0000        1
   10         0.1348230903         1.8343760020    0.0000        2
   11         0.1436356996         1.9542786015    0.0000        3
   12         0.1485981720         2.0217970083    0.0000        1
   13         0.1561202921         2.1241414699    0.0000        4
   14         0.1565871771         2.1304938135    0.0000        1
   15         0.1854867975         2.5236962691    0.0000        2
   16         0.2485986694         3.3823837758    0.0000        4

 Max and min values of charge density [e/bohr^3]:   1.0561E+00   1.4338E-13

 Hartree potential time [sec]:       0.03

   Eigenvalue Energy             =          -7.54331262 [Ry]
   Hartree Energy                =          41.32994522 [Ry]
   Integral_{Vxc*rho}            =         -10.65376736 [Ry]
   Exc = Integral{eps_xc*rho}    =          -8.21640087 [Ry]
   Electron-Ion energy           =        -107.59272671 [Ry]
   Ion-Ion Energy                =          12.12663732 [Ry]
   (E(new)-E(old))/atom  =            -0.00087182 [eV]

   Total Energy =           -34.32023451 [Ry]
   Energy/atom  =          -155.65141557 [eV]

  0-  5    SRE of pot. & charge weighted pot =   0.2308768979   0.0082962710

 SCF iter #   6

 Diagonalization time [sec] :       0.06,      tdiag_sum =        1.93

 Fermi level at    -0.3300 [Ry]

   State   Eigenvalue [Ry]      Eigenvalue [eV]    Occup.     Repr.

    1        -1.7400941461       -23.6753729326    1.0000        1
    2        -0.9154537704       -12.4554809089    1.0000        2
    3        -0.6194915271        -8.4286778194    1.0000        1
    4        -0.4963016119        -6.7525804710    1.0000        4
    5        -0.1135589434        -1.5450602728    0.0000        1
    6         0.0104790613         0.1425760123    0.0000        2
    7         0.0676134281         0.9199347806    0.0000        4
    8         0.0687654467         0.9356089144    0.0000        1
    9         0.0935719816         1.2731216678    0.0000        1
   10         0.1349491176         1.8360907039    0.0000        2
   11         0.1437581915         1.9559452021    0.0000        3
   12         0.1488336115         2.0250003515    0.0000        1
   13         0.1560565455         2.1232741464    0.0000        4
   14         0.1565386804         2.1298339784    0.0000        1
   15         0.1855962590         2.5251855811    0.0000        2
   16         0.2487496949         3.3844385985    0.0000        4

 Max and min values of charge density [e/bohr^3]:   1.0537E+00   2.9481E-14

 Hartree potential time [sec]:       0.03

   Eigenvalue Energy             =          -7.54268211 [Ry]
   Hartree Energy                =          41.30596897 [Ry]
   Integral_{Vxc*rho}            =         -10.64794844 [Ry]
   Exc = Integral{eps_xc*rho}    =          -8.21192660 [Ry]
   Electron-Ion energy           =        -107.54041475 [Ry]
   Ion-Ion Energy                =          12.12663732 [Ry]
   (E(new)-E(old))/atom  =            -0.00011647 [eV]

   Total Energy =           -34.32026019 [Ry]
   Energy/atom  =          -155.65153204 [eV]

  0-  6    SRE of pot. & charge weighted pot =   0.2018812489   0.0081070170

 SCF iter #   7

 Diagonalization time [sec] :       0.07,      tdiag_sum =        1.99

 Fermi level at    -0.3303 [Ry]

   State   Eigenvalue [Ry]      Eigenvalue [eV]    Occup.     Repr.

    1        -1.7415024207       -23.6945336362    1.0000        1
    2        -0.9168815063       -12.4749063978    1.0000        2
    3        -0.6209461914        -8.4484696913    1.0000        1
    4        -0.4975376752        -6.7693981007    1.0000        4
    5        -0.1138298923        -1.5487467491    0.0000        1
    6         0.0106847997         0.1453752478    0.0000        2
    7         0.0675990562         0.9197392391    0.0000        4
    8         0.0689451876         0.9380544331    0.0000        1
    9         0.0934505321         1.2714692497    0.0000        1
   10         0.1351469583         1.8387824856    0.0000        2
   11         0.1439824243         1.9589960685    0.0000        3
   12         0.1491143617         2.0288201825    0.0000        1
   13         0.1561621774         2.1247113528    0.0000        4
   14         0.1566613559         2.1315030763    0.0000        1
   15         0.1855438603         2.5244726543    0.0000        2
   16         0.2489883666         3.3876859183    0.0000        4

 Max and min values of charge density [e/bohr^3]:   1.0553E+00   3.2592E-14

 Hartree potential time [sec]:       0.03

   Eigenvalue Energy             =          -7.55373559 [Ry]
   Hartree Energy                =          41.32420898 [Ry]
   Integral_{Vxc*rho}            =         -10.65235585 [Ry]
   Exc = Integral{eps_xc*rho}    =          -8.21534573 [Ry]
   Electron-Ion energy           =        -107.58554459 [Ry]
   Ion-Ion Energy                =          12.12663732 [Ry]
   (E(new)-E(old))/atom  =            -0.00014623 [eV]

   Total Energy =           -34.32029244 [Ry]
   Energy/atom  =          -155.65167827 [eV]

  0-  7    SRE of pot. & charge weighted pot =   0.1234563272   0.0042788929

 SCF iter #   8

 Diagonalization time [sec] :       0.06,      tdiag_sum =        2.06

 Fermi level at    -0.3304 [Ry]

   State   Eigenvalue [Ry]      Eigenvalue [eV]    Occup.     Repr.

    1        -1.7421169579       -23.7028949054    1.0000        1
    2        -0.9179487085       -12.4894265377    1.0000        2
    3        -0.6215472351        -8.4566473719    1.0000        1
    4        -0.4978582337        -6.7737595563    1.0000        4
    5        -0.1140596400        -1.5518726501    0.0000        1
    6         0.0110031832         0.1497071106    0.0000        2
    7         0.0674076430         0.9171349095    0.0000        4
    8         0.0689836083         0.9385771773    0.0000        1
    9         0.0931671050         1.2676129974    0.0000        1
   10         0.1352661293         1.8404039014    0.0000        2
   11         0.1440691259         1.9601757131    0.0000        3
   12         0.1493808957         2.0324465912    0.0000        1
   13         0.1560309724         2.1229262043    0.0000        4
   14         0.1565510626         2.1300024477    0.0000        1
   15         0.1854649290         2.5233987312    0.0000        2
   16         0.2490571518         3.3886217954    0.0000        4

 Max and min values of charge density [e/bohr^3]:   1.0550E+00   1.6564E-14

 Hartree potential time [sec]:       0.04

   Eigenvalue Energy             =          -7.55894227 [Ry]
   Hartree Energy                =          41.32596886 [Ry]
   Integral_{Vxc*rho}            =         -10.65271950 [Ry]
   Exc = Integral{eps_xc*rho}    =          -8.21563330 [Ry]
   Electron-Ion energy           =        -107.58875677 [Ry]
   Ion-Ion Energy                =          12.12663732 [Ry]
   (E(new)-E(old))/atom  =            -0.00003612 [eV]

   Total Energy =           -34.32030040 [Ry]
   Energy/atom  =          -155.65171439 [eV]

  0-  8    SRE of pot. & charge weighted pot =   0.0539514624   0.0017136147

 SCF iter #   9

 Diagonalization time [sec] :       0.06,      tdiag_sum =        2.12

 Fermi level at    -0.3306 [Ry]

   State   Eigenvalue [Ry]      Eigenvalue [eV]    Occup.     Repr.

    1        -1.7423709579       -23.7063507793    1.0000        1
    2        -0.9184888327       -12.4967753603    1.0000        2
    3        -0.6217743441        -8.4597373703    1.0000        1
    4        -0.4979411370        -6.7748875222    1.0000        4
    5        -0.1142257854        -1.5541331910    0.0000        1
    6         0.0111123668         0.1511926406    0.0000        2
    7         0.0671580551         0.9137390660    0.0000        4
    8         0.0688597406         0.9368918588    0.0000        1
    9         0.0928743795         1.2636302325    0.0000        1
   10         0.1352237444         1.8398272212    0.0000        2
   11         0.1439967211         1.9591905879    0.0000        3
   12         0.1494524885         2.0334206685    0.0000        1
   13         0.1557863914         2.1195984848    0.0000        4
   14         0.1563166232         2.1268127115    0.0000        1
   15         0.1853555917         2.5219111094    0.0000        2
   16         0.2489672024         3.3873979619    0.0000        4

 Max and min values of charge density [e/bohr^3]:   1.0552E+00   6.7649E-14

 Hartree potential time [sec]:       0.03

   Eigenvalue Energy             =          -7.56115054 [Ry]
   Hartree Energy                =          41.32638257 [Ry]
   Integral_{Vxc*rho}            =         -10.65288805 [Ry]
   Exc = Integral{eps_xc*rho}    =          -8.21577639 [Ry]
   Electron-Ion energy           =        -107.59305838 [Ry]
   Ion-Ion Energy                =          12.12663732 [Ry]
   (E(new)-E(old))/atom  =            -0.00001045 [eV]

   Total Energy =           -34.32030270 [Ry]
   Energy/atom  =          -155.65172484 [eV]

  0-  9    SRE of pot. & charge weighted pot =   0.0362698786   0.0006819702

 SCF iter #  10

 Diagonalization time [sec] :       0.06,      tdiag_sum =        2.18

 Fermi level at    -0.3306 [Ry]

   State   Eigenvalue [Ry]      Eigenvalue [eV]    Occup.     Repr.

    1        -1.7421585388       -23.7034606476    1.0000        1
    2        -0.9183952939       -12.4955026898    1.0000        2
    3        -0.6215752298        -8.4570282611    1.0000        1
    4        -0.4977336598        -6.7720646284    1.0000        4
    5        -0.1142357419        -1.5542686569    0.0000        1
    6         0.0111263433         0.1513828012    0.0000        2
    7         0.0670232824         0.9119053761    0.0000        4
    8         0.0687378288         0.9352331514    0.0000        1
    9         0.0927362561         1.2617509529    0.0000        1
   10         0.1351577114         1.8389287901    0.0000        2
   11         0.1438964446         1.9578262466    0.0000        3
   12         0.1494090324         2.0328294133    0.0000        1
   13         0.1556237623         2.1173857856    0.0000        4
   14         0.1561536466         2.1245952842    0.0000        1
   15         0.1852860195         2.5209645238    0.0000        2
   16         0.2488383437         3.3856447372    0.0000        4

 Max and min values of charge density [e/bohr^3]:   1.0547E+00   9.8357E-14

 Hartree potential time [sec]:       0.03

   Eigenvalue Energy             =          -7.55972544 [Ry]
   Hartree Energy                =          41.31970039 [Ry]
   Integral_{Vxc*rho}            =         -10.65130848 [Ry]
   Exc = Integral{eps_xc*rho}    =          -8.21456205 [Ry]
   Electron-Ion energy           =        -107.57898468 [Ry]
   Ion-Ion Energy                =          12.12663732 [Ry]
   (E(new)-E(old))/atom  =            -0.00000266 [eV]

   Total Energy =           -34.32030329 [Ry]
   Energy/atom  =          -155.65172750 [eV]

  0- 10    SRE of pot. & charge weighted pot =   0.0231235480   0.0007116036

 SCF iter #  11

 Diagonalization time [sec] :       0.06,      tdiag_sum =        2.24

 Fermi level at    -0.3307 [Ry]

   State   Eigenvalue [Ry]      Eigenvalue [eV]    Occup.     Repr.

    1        -1.7424178749       -23.7069891217    1.0000        1
    2        -0.9186148889       -12.4984904558    1.0000        2
    3        -0.6218612757        -8.4609201447    1.0000        1
    4        -0.4980084389        -6.7758032184    1.0000        4
    5        -0.1142777282        -1.5548399140    0.0000        1
    6         0.0111493734         0.1516961450    0.0000        2
    7         0.0670081338         0.9116992670    0.0000        4
    8         0.0687421937         0.9352925384    0.0000        1
    9         0.0927018332         1.2612826021    0.0000        1
   10         0.1351845890         1.8392944809    0.0000        2
   11         0.1439091010         1.9579984461    0.0000        3
   12         0.1494322478         2.0331452766    0.0000        1
   13         0.1556221287         2.1173635592    0.0000        4
   14         0.1561530464         2.1245871185    0.0000        1
   15         0.1852256824         2.5201435894    0.0000        2
   16         0.2488265334         3.3854840478    0.0000        4

 Max and min values of charge density [e/bohr^3]:   1.0550E+00   1.0637E-13

 Hartree potential time [sec]:       0.03

   Eigenvalue Energy             =          -7.56180496 [Ry]
   Hartree Energy                =          41.32337343 [Ry]
   Integral_{Vxc*rho}            =         -10.65219181 [Ry]
   Exc = Integral{eps_xc*rho}    =          -8.21524579 [Ry]
   Electron-Ion energy           =        -107.58748742 [Ry]
   Ion-Ion Energy                =          12.12663732 [Ry]
   (E(new)-E(old))/atom  =            -0.00000161 [eV]

   Total Energy =           -34.32030364 [Ry]
   Energy/atom  =          -155.65172911 [eV]

  0- 11    SRE of pot. & charge weighted pot =   0.0160426388   0.0002347432

 SCF iter #  12

 Diagonalization time [sec] :       0.06,      tdiag_sum =        2.30

 Fermi level at    -0.3307 [Ry]

   State   Eigenvalue [Ry]      Eigenvalue [eV]    Occup.     Repr.

    1        -1.7424333743       -23.7072000034    1.0000        1
    2        -0.9185504830       -12.4976141609    1.0000        2
    3        -0.6219457063        -8.4620688910    1.0000        1
    4        -0.4981207722        -6.7773316019    1.0000        4
    5        -0.1142192935        -1.5540448630    0.0000        1
    6         0.0111996904         0.1523807475    0.0000        2
    7         0.0670986568         0.9129309046    0.0000        4
    8         0.0688096151         0.9362098618    0.0000        1
    9         0.0927837304         1.2623968790    0.0000        1
   10         0.1352665222         1.8404092482    0.0000        2
   11         0.1439641159         1.9587469679    0.0000        3
   12         0.1494592508         2.0335126739    0.0000        1
   13         0.1557191177         2.1186831714    0.0000        4
   14         0.1562475767         2.1258732789    0.0000        1
   15         0.1851961664         2.5197420014    0.0000        2
   16         0.2488381007         3.3856414304    0.0000        4

 Max and min values of charge density [e/bohr^3]:   1.0550E+00   1.0877E-13

 Hartree potential time [sec]:       0.03

   Eigenvalue Energy             =          -7.56210067 [Ry]
   Hartree Energy                =          41.32368530 [Ry]
   Integral_{Vxc*rho}            =         -10.65224531 [Ry]
   Exc = Integral{eps_xc*rho}    =          -8.21528424 [Ry]
   Electron-Ion energy           =        -107.58680762 [Ry]
   Ion-Ion Energy                =          12.12663732 [Ry]
   (E(new)-E(old))/atom  =            -0.00000026 [eV]

   Total Energy =           -34.32030370 [Ry]
   Energy/atom  =          -155.65172937 [eV]

  0- 12    SRE of pot. & charge weighted pot =   0.0065119512   0.0002980069

 SCF iter #  13

 Diagonalization time [sec] :       0.06,      tdiag_sum =        2.36

 Fermi level at    -0.3306 [Ry]

   State   Eigenvalue [Ry]      Eigenvalue [eV]    Occup.     Repr.

    1        -1.7423360410       -23.7058757060    1.0000        1
    2        -0.9184998972       -12.4969259019    1.0000        2
    3        -0.6218291254        -8.4604827145    1.0000        1
    4        -0.4979919962        -6.7755795013    1.0000        4
    5        -0.1142051973        -1.5538530732    0.0000        1
    6         0.0112174046         0.1526217632    0.0000        2
    7         0.0671148357         0.9131510316    0.0000        4
    8         0.0688271235         0.9364480776    0.0000        1
    9         0.0927943003         1.2625406914    0.0000        1
   10         0.1352758590         1.8405362829    0.0000        2
   11         0.1439796924         1.9589588989    0.0000        3
   12         0.1494641367         2.0335791507    0.0000        1
   13         0.1557343226         2.1188900459    0.0000        4
   14         0.1562635638         2.1260907967    0.0000        1
   15         0.1852289156         2.5201875802    0.0000        2
   16         0.2488599351         3.3859385051    0.0000        4

 Max and min values of charge density [e/bohr^3]:   1.0550E+00   1.0730E-13

 Hartree potential time [sec]:       0.03

   Eigenvalue Energy             =          -7.56131412 [Ry]
   Hartree Energy                =          41.32238974 [Ry]
   Integral_{Vxc*rho}            =         -10.65196841 [Ry]
   Exc = Integral{eps_xc*rho}    =          -8.21507407 [Ry]
   Electron-Ion energy           =        -107.58518178 [Ry]
   Ion-Ion Energy                =          12.12663732 [Ry]
   (E(new)-E(old))/atom  =            -0.00000031 [eV]

   Total Energy =           -34.32030377 [Ry]
   Energy/atom  =          -155.65172968 [eV]

  0- 13    SRE of pot. & charge weighted pot =   0.0064095084   0.0000469439

Self-consistency convergence achieved.

Time for self-consistent field [sec] :       4.16,    tdiag_sum =        2.36
Time spent on Hartree potential [sec] :        0.39

 Initial Hamiltonian component timings [sec]
 --------------------------------------------------
 Finite-difference (-nabla^2) :     0.005186
 V_ion diagonal/local         :     0.011862
 V_ion nonlocal projectors    :     0.005357
 Initial V_xc (PBE)             :     0.052888
 Component subtotal             :     0.075294
 --------------------------------------------------

 SCF timing analysis [sec]
 --------------------------------------------------
 Initial Hartree potential      :     0.027219
 Initial exchange-correlation   :     0.052888
 Hamiltonian binding subtotal  :     0.000637
 Diagonalization subtotal       :     2.358003
 Occupation/density subtotal   :     0.004003
 Hartree potential subtotal     :     0.389462
 Exchange-correlation subtotal  :     1.268088
 Mixing/energy subtotal         :     0.040258
 SCF wall time                   :     4.146641
 --------------------------------------------------

Forces, dipoles, and MPI statistics
are not calculated by this Python single-point implementation.

 =================================================================

 Accelerated Hamiltonian statistics:
 -----------------------------------
 Backend = cupy
 H applications =         2532
 Orbital vectors applied =        12020
 Total H application time [sec] =     0.000000
 Average H application [sec] =     0.000000
 Local-potential updates =           13
 Local update time [sec] =     0.000498
 Per-H device timing = disabled (would synchronize every recurrence)
 GPU initial-eigensolver calls =            4
 GPU initial-eigensolver synchronized time [sec] =     1.613399
 GPU SUBSPACE calls =           48
 GPU SUBSPACE synchronized time [sec] =     0.713894
 GPU representation scheduler batches =           13
 GPU representation scheduler wall time [sec] =     2.331533
 Final active states by representation = 10 10 7 9
 Requested-eigenpair download [sec] =     0.002591
 GPU density builds =           13
 GPU density build/download [sec] =     0.002371
 Final wavefunction download [sec] =     0.008205
 Accelerated Hartree solves =           14
 Accelerated Hartree total [sec] =     0.416437
 Hartree boundary/RHS [sec] =     0.066792
 Hartree linear solve [sec] =     0.349598
 Host-to-device time [sec] =     0.000000
 Device kernel time [sec] =     2.327293
 Device-to-host time [sec] =     0.002591
 Pre-SCF setup/reporting wall time [sec] :    1.157145
 Post-SCF finalization/reporting [sec] :    0.000085
 Total accelerated Python wall time [sec] :        5.31
Text log: C:\Users\zigze\Desktop\parsec_python\examples\ml_initial_density\small_molecules\H2O\charge3net\parsec.out
