
 =================================================================

  PARSEC-PYTHON - Modular real-space DFT program
  PARSEC-like report; Python real-space implementation

 starting run on 02-Sep-2026 15:47:35 -0700
 input file: C:\Users\zigze\Desktop\parsec_python\examples\ml_initial_density\small_molecules\CH3CN\scdp\parsec.in

 =================================================================

 Initial Run - starting from an imported/ML density
 Initial density method = scdp
 ignoresym= F

 Grid data:
 ~~------~~

 Confined system (cluster) with zero boundary condition!
  Spherical domain shape:
 --- Radius is  13.228088 bohrs
 Grid spacing is  0.377945 bohrs
 Order of double grid is    1
 Grid points are shifted from origin!
 shift vector =   0.5000   0.5000   0.5000   [units of grid spacing]
 WAVEFUNCTIONS ARE REAL!
 The Finite-difference expansion is of order  8
 Python constructs the full active grid; the selected execution backend reports any exact symmetry reduction.

 Eigenvalue data:
 ----------------
 Number of states:           16
 Net cluster charge =    0.000      [e]
 Fermi temperature =    500.00 [K]

 Self-consistency data:
 ----------------------
 Maximum number of iterations is           50
 Performing Chebyshev subspace filtering
 Polynomial degree for First-filter is     10
 The matvec operations use block size      6
 Polynomial degree for Chebyshev filtering is     10
 Change in polynomial degree (dpm) for Chebyshev filtering is      3
 Self-consistency convergence criterion is    2.0000000000000001E-04  Ry
 Diagonalization tolerance is    1.0000000000000000E-04
 Buffer size in subspace is      6

 Mixer data:
 -----------
 solver lpole is :            9
 Anderson mixer
 Initial Jacobian:  0.300  Mixing memory is  4
 Mixing restarted after           20 iterations

 Correlation data:
 -----------------
 Exchange-Correlation functional is pbe
 GGA, Perdew-Burke-Ernzerhof parametrization

 Other input data:
 -----------------
 output level [1 - 6] =  1
 No spin effects!
 No minimization!


 Atom data:
 --~--~---

 Tot. # of atom types is     3

 Chemical element : H
 Physical element : H
 martins_new
  pseudopotential format : new Martins
  pseudopotential file   : C:\Users\zigze\Desktop\parsec_python\examples\ml_initial_density\pseudopotentials\H_POTRE.DAT
  radial points/channels : 773 / 1
  selected local channel : l=0
 There are      3 H  atoms
 and their initial coordinates are:

    x [bohr]          y [bohr]          z [bohr]
     -1.458395773      1.684389155     -2.803868082
      1.458395773      0.000000000     -2.804130754
     -1.458395773     -1.684389155     -2.803868082

 Chemical element : C
 Physical element : C
 martins_new
  pseudopotential format : new Martins
  pseudopotential file   : C:\Users\zigze\Desktop\parsec_python\examples\ml_initial_density\pseudopotentials\C_POTRE.DAT
  radial points/channels : 921 / 3
  selected local channel : l=1
 There are      2 C  atoms
 and their initial coordinates are:

    x [bohr]          y [bohr]          z [bohr]
     -0.486235229      0.000000000     -2.075132706
     -0.486169089      0.000000000      0.627813567

 Chemical element : N
 Physical element : N
 martins_new
  pseudopotential format : new Martins
  pseudopotential file   : C:\Users\zigze\Desktop\parsec_python\examples\ml_initial_density\pseudopotentials\N_POTRE.DAT
  radial points/channels : 933 / 3
  selected local channel : l=1
 There are      1 N  atoms
 and their initial coordinates are:

    x [bohr]          y [bohr]          z [bohr]
     -0.486016021      0.000000000      2.804130754

 Tot. number of atoms =       6

 Real-space setup:
 -----------------
 Full active grid points =       179944
 Hamiltonian dimension   =       179944
 Sparse Laplacian nonzeros =     4267480
 Nonlocal projector columns =       18
 Number of electrons =    16.00000000
 Initial density integral =    16.00000000

 Setup timings [sec]
 --------------------------------------------------
 Pseudopotential loading       :     0.032279
 Grid-domain construction      :     0.016283
 Finite-difference construction:     0.039600
 Local ionic potential setup   :     0.047259
 Nonlocal ionic projector setup:     0.020031
 Initial valence-density setup :     0.035389
 Core-density setup            :     0.000030
 Ion-ion energy setup           :     0.000103
 Preparation wall time          :     0.191161
 --------------------------------------------------

 The reference setup above describes the constructed full grid.  The GPU orbital solve is decomposed into the exact symmetry representations reported below.

 Acceleration backend:
 ---------------------
 Requested backend = auto
 Selected backend  = cupy
 Numeric dtype     = float64
 Device            = CUDA:0 (NVIDIA GeForce RTX 5070 Laptop GPU)
 Implementation    = CuPy float64 device-resident stencil-major/compact-CSR Hamiltonian with fused Chebyshev recurrence, CHEBFF/CHEBDAV/SUBSPACE eigensolver, and fused orbital-density construction
 laplacian_nnz = 4267480
 projector_columns = 18
 cupy_version = 14.0.1
 gpu_finite_difference_storage = deferred_full_grid_symmetry_sectors
 gpu_finite_difference_palette_size = 0
 gpu_finite_difference_fallback = full-grid operator intentionally deferred
 gpu_chebyshev_recurrence = separate_hamiltonian_and_elementwise_kernels
 gpu_later_subspace_filter_precision = deferred_to_symmetry_sector_operators
 gpu_nonlocal_application = deferred_to_symmetry_sector_operators
 gpu_projector_reduction = deferred_to_symmetry_sector_operators
 gpu_subspace_residuals = disabled_diagnostics_only
 cuda_initialization_overlap = cuda_probe_with_cpu_reference_setup
 backend_resolution_seconds = 0.925184
 reference_preparation_seconds = 0.194758
 backend_reference_overlapped_seconds = 0.194348
 symmetry_mode = auto
 symmetry_detection = exact Cartesian axis-reflection subgroup detected
 detected_symmetry_group_order = 2
 orbital_symmetry = CuPy real one-dimensional reflection representations
 finite_difference_builder = C++17 compressed-grid CSR builder (exact stencil parity)
 ionic_setup_implementation = cached-grid C++/OpenMP radial interpolation and KB sampling
 hartree_backend = native
 hartree_implementation = orbit-summed C++/OpenMP multipoles and direct wedge RHS plus symmetry-wedge C++/OpenMP CG
 xc_implementation = vectorized NumPy discrete-variational PBE
 finite_difference_full_grid_materialization = performed
 finite_difference_provenance_key = bcf8094314385e9f47fac42b2fd64267a127992d3a3d18bd5eeaf3b74327452f
 finite_difference_provenance_hash_seconds = 0.003221
 finite_difference_nnz_count_seconds = 0.036374
 finite_difference_nnz_cache = miss-written
 finite_difference_nnz_cache_path = C:\Users\zigze\Desktop\parsec_python\examples\ml_initial_density\small_molecules\CH3CN\scdp\.parsec_cache\symmetry\negative-laplacian-nnz-v1-bcf8094314385e9f47fac42b2fd64267a127992d3a3d18bd5eeaf3b74327452f.json
 finite_difference_materialization_seconds = 0.061484
 reference_static_cache = disabled
 reference_static_cache_lookup_seconds = 0.000000
 symmetry_geometry_cache = miss-written
 symmetry_geometry_cache_key = 47529da37a7ca8ed3c8789201c76b4cea5512ffcd3875c3cae054770d738b315
 symmetry_geometry_cache_path = C:\Users\zigze\Desktop\parsec_python\examples\ml_initial_density\small_molecules\CH3CN\scdp\.parsec_cache\symmetry\reflection-reduction-v2-47529da37a7ca8ed3c8789201c76b4cea5512ffcd3875c3cae054770d738b315.npz
 symmetry_geometry_hash_seconds = 0.003601
 symmetry_geometry_cache_load_seconds = 0.000000
 symmetry_geometry_build_seconds = 0.043104
 symmetry_geometry_cache_write_seconds = 0.004972
 symmetry_representation_cache = miss-written
 symmetry_representation_cache_key = 948a99a9a097771c01c9be26db633450cff2f89f61297de49507ebf934257d8e
 symmetry_representation_cache_path = C:\Users\zigze\Desktop\parsec_python\examples\ml_initial_density\small_molecules\CH3CN\scdp\.parsec_cache\symmetry\reflection-representations-v3-948a99a9a097771c01c9be26db633450cff2f89f61297de49507ebf934257d8e.npz
 symmetry_representation_hash_seconds = 0.001201
 symmetry_representation_cache_load_seconds = 0.000000
 symmetry_representation_build_seconds = 0.017726
 symmetry_representation_cache_write_seconds = 0.003800
 gpu_initial_random_basis = bit-exact 2048-lane skip-ahead DLARNV generator
 gpu_chebdav_ritz_scalar_source = reuse values already returned by host LAPACK
 gpu_chebdav_appended_orthogonalization = not used by the selected first eigensolver
 gpu_chebdav_prefix_projection = full C-order coefficient GEMM plus fused active-prefix CUDA update for blocks up to six
 gpu_chebdav_ritz_projection = full contiguous C-order Davidson workspace GEMM; use only the active row interval
 gpu_subspace_orthogonalization = size-adaptive per representation: audited PARSEC MGS for small bases; generalized Cholesky-whitened Rayleigh--Ritz with Householder QR fallback for large bases
 symmetry_full_grid_points = 179944
 symmetry_wedge_points = 89972
 symmetry_reduction_ratio = 2
 orbital_symmetry_representations = 2
 orbital_sector_dimensions = 89972 89972
 orbital_sector_stabilizer_handling = exact character selection on every orbit stabilizer
 orbital_sector_state_policy = floor(global_states/representations) + Subspace_Buffer_Size, then grow sectors to bracket the global cutoff
 orbital_sector_scheduler = sequential on one CUDA device
 orbital_sector_cuda_devices = 0
 orbital_sector_lanczos_scheduler = same scheduler as sector solves
 orbital_sector_finite_difference_storage = stencil_major_int32_neighbors_uint8_coefficient_palette
 orbital_sector_neighbor_storage = shared_across_representations
 orbital_sector_nonlocal_application = cuSPARSE B.T projection plus KB scatter fused into CUDA stencil
 orbital_sector_projector_reduction = none
 orbital_sector_later_filter_precision = float64
 orbital_sector_local_potential_storage = one persistent shared device buffer per CUDA device
 orbital_density_storage = normalized wedge orbitals; physical scalar orbit values remain compact through SCF
 orbital_operator_cache = miss-written
 orbital_operator_cache_key = bfeb774f141e88849406246d461a508547f486fd0d59b325a490a4526ff1eb13
 orbital_operator_cache_path = C:\Users\zigze\Desktop\parsec_python\examples\ml_initial_density\small_molecules\CH3CN\scdp\.parsec_cache\symmetry\reflection-v4-bfeb774f141e88849406246d461a508547f486fd0d59b325a490a4526ff1eb13.npz
 orbital_operator_hash_seconds = 0.000095
 orbital_operator_cache_load_seconds = 0.000000
 orbital_operator_build_seconds = 0.485692
 orbital_operator_build_workers = 1
 orbital_operator_cache_write_seconds = 0.012749
 scf_scalar_field_storage = one physical value per symmetry orbit with multiplicity weights
 hartree_boundary_setup = overlapped with GPU orbital setup
 hartree_boundary_setup_seconds = 0.146124
 hartree_boundary_setup_wait_seconds = 0.000016
 hartree_boundary_setup_overlapped_seconds = 0.146108
 hartree_cg_storage = int32_columns_uint8_coefficient_palette
 hartree_cg_openmp_workers = 11
 hartree_initial_guess = two-step chronological RHS predictor with previous-potential fallback
 hartree_cg_coefficient_palette_size = 11
 hartree_symmetry = normalized Cartesian axis-reflection wedge
 hartree_symmetry_group_order = 2
 hartree_full_grid_points = 179944
 hartree_wedge_points = 89972
 hartree_reduction_ratio = 2
 hartree_geometry_cache = miss-written
 hartree_geometry_cache_key = 231356724dedc39c06f128b3f3d5a142912d20c0534894fcb8ab7bb69b85db9f
 hartree_geometry_cache_path = C:\Users\zigze\Desktop\parsec_python\examples\ml_initial_density\small_molecules\CH3CN\scdp\.parsec_cache\symmetry\native-symmetry-boundary-v2-231356724dedc39c06f128b3f3d5a142912d20c0534894fcb8ab7bb69b85db9f.npz
 hartree_geometry_hash_seconds = 0.000033
 hartree_geometry_cache_load_seconds = 0.000000
 hartree_geometry_build_seconds = 0.030054
 hartree_geometry_cache_write_seconds = 0.112743
 native_openmp_detected_processors = 32
 native_openmp_reserved_threads = 4
 native_openmp_max_threads = 28
 native_openmp_thread_source = detected_processors_minus_4
 Backend initialization [sec] =     0.029737

 SCF iter #   1

 Diagonalization time [sec] :       0.35,      tdiag_sum =        0.35

 Fermi level at     1.4367 [Ry]

   State   Eigenvalue [Ry]      Eigenvalue [eV]    Occup.     Repr.

    1         0.4462409639         6.0714653070    1.0000        1
    2         0.8113369494        11.0388882667    1.0000        1
    3         0.9826969044        13.3703775420    1.0000        2
    4         1.1376903270        15.4791870510    1.0000        1
    5         1.1975911644        16.2941858652    1.0000        2
    6         1.2430270269        16.9123771223    1.0000        1
    7         1.3698327005        18.6376697563    1.0000        1
    8         1.4338048290        19.5080617418    0.7126        1
    9         1.4395746167        19.5865643198    0.2862        2
   10         1.4580503449        19.8379413824    0.0012        2
   11         1.5237287251        20.7315482883    0.0000        1
   12         1.5445053903        21.0142314389    0.0000        2
   13         1.5853705507        21.5702346391    0.0000        1
   14         1.6372275653        22.2757908077    0.0000        1
   15         1.6579088659        22.5571764470    0.0000        2
   16         1.6891303862        22.9819702091    0.0000        1

 Max and min values of charge density [e/bohr^3]:   1.5471E-01   9.4817E-07

 Hartree potential time [sec]:       0.06

   Eigenvalue Energy             =          17.24780121 [Ry]
   Hartree Energy                =          29.33989524 [Ry]
   Integral_{Vxc*rho}            =          -6.24682508 [Ry]
   Exc = Integral{eps_xc*rho}    =          -4.86172632 [Ry]
   Electron-Ion energy           =         -91.03352203 [Ry]
   Ion-Ion Energy                =          62.89247783 [Ry]

   Total Energy =            23.43373623 [Ry]
   Energy/atom  =            53.13912140 [eV]

  0-  1    SRE of pot. & charge weighted pot = 111.1262713795   2.9393567685

 SCF iter #   2

 Diagonalization time [sec] :       0.07,      tdiag_sum =        0.42

 Fermi level at    -1.4377 [Ry]

   State   Eigenvalue [Ry]      Eigenvalue [eV]    Occup.     Repr.

    1        -3.7347139708       -50.8137713441    1.0000        1
    2        -3.0915436891       -42.0629251255    1.0000        1
    3        -2.3883669696       -32.4956433146    1.0000        1
    4        -2.2357634829       -30.4193507957    1.0000        2
    5        -2.2342918437       -30.3993279669    1.0000        1
    6        -1.9343551937       -26.3184498940    1.0000        2
    7        -1.8984238866       -25.8295757157    1.0000        1
    8        -1.4783353638       -20.1139352927    1.0000        1
    9        -1.3970649192       -19.0081858775    0.0000        2
   10        -0.7954152695       -10.8222610736    0.0000        1
   11        -0.2439059192        -3.3185351548    0.0000        1
   12        -0.1456886859        -1.9822111221    0.0000        1
   13        -0.1320891850        -1.7971790328    0.0000        2
   14        -0.0756125633        -1.0287694142    0.0000        2
   15        -0.0238124298        -0.3239871577    0.0000        1
   16         0.1748135387         2.3784780451    0.0000        1

 Max and min values of charge density [e/bohr^3]:   7.6360E-01   2.0296E-07

 Hartree potential time [sec]:       0.06

   Eigenvalue Energy             =         -37.99158837 [Ry]
   Hartree Energy                =          85.47400306 [Ry]
   Integral_{Vxc*rho}            =         -16.39123526 [Ry]
   Exc = Integral{eps_xc*rho}    =         -12.64994332 [Ry]
   Electron-Ion energy           =        -218.34620672 [Ry]
   Ion-Ion Energy                =          62.89247783 [Ry]
   (E(new)-E(old))/atom  =          -142.61125831 [eV]

   Total Energy =           -39.45617468 [Ry]
   Energy/atom  =           -89.47213690 [eV]

  0-  2    SRE of pot. & charge weighted pot =  18.1650891923   1.2990664753

 SCF iter #   3

 Diagonalization time [sec] :       0.06,      tdiag_sum =        0.47

 Fermi level at    -1.9334 [Ry]

   State   Eigenvalue [Ry]      Eigenvalue [eV]    Occup.     Repr.

    1        -3.6466202883       -49.6151863190    1.0000        1
    2        -3.1393038881       -42.7127408406    1.0000        1
    3        -2.5004678026       -34.0208648290    1.0000        1
    4        -2.3770403801       -32.3415360035    1.0000        2
    5        -2.3488115150       -31.9574597110    1.0000        1
    6        -2.2703823450       -30.8903681100    1.0000        1
    7        -2.2328170351       -30.3792620162    1.0000        2
    8        -2.0412668099       -27.7730679615    1.0000        1
    9        -1.5150208232       -20.6130703163    0.0000        1
   10        -1.4960432073       -20.3548646699    0.0000        2
   11        -0.7361961370       -10.0165374008    0.0000        1
   12        -0.5900927070        -8.0286833526    0.0000        1
   13        -0.4791277773        -6.5189167119    0.0000        2
   14        -0.4683621803        -6.3724421521    0.0000        1
   15        -0.3962688840        -5.3915551815    0.0000        1
   16        -0.2201167755        -2.9948648244    0.0000        2

 Max and min values of charge density [e/bohr^3]:   7.9584E-01   1.9982E-08

 Hartree potential time [sec]:       0.06

   Eigenvalue Energy             =         -41.11342013 [Ry]
   Hartree Energy                =         103.30517918 [Ry]
   Integral_{Vxc*rho}            =         -19.45321326 [Ry]
   Exc = Integral{eps_xc*rho}    =         -14.99401052 [Ry]
   Electron-Ion energy           =        -242.85665202 [Ry]
   Ion-Ion Energy                =          62.89247783 [Ry]
   (E(new)-E(old))/atom  =           -10.77554247 [eV]

   Total Energy =           -44.20806393 [Ry]
   Energy/atom  =          -100.24767937 [eV]

  0-  3    SRE of pot. & charge weighted pot =  29.5347842112   2.1766898507

 SCF iter #   4

 Diagonalization time [sec] :       0.07,      tdiag_sum =        0.54

 Fermi level at    -1.6286 [Ry]

   State   Eigenvalue [Ry]      Eigenvalue [eV]    Occup.     Repr.

    1        -3.0576178051       -41.6013363329    1.0000        1
    2        -2.6700039437       -36.3275396570    1.0000        1
    3        -2.1207853798       -28.8549817202    1.0000        1
    4        -1.9778236879       -26.9098735328    1.0000        2
    5        -1.9718655045       -26.8288076814    1.0000        1
    6        -1.8040398308       -24.5454051296    1.0000        2
    7        -1.7863227894       -24.3043506085    1.0000        1
    8        -1.7375294565       -23.6404782795    1.0000        1
    9        -1.1738216274       -15.9707822985    0.0000        1
   10        -1.1221434265       -15.2676590318    0.0000        2
   11        -0.7175262012        -9.7625179888    0.0000        1
   12        -0.5421101633        -7.3758424596    0.0000        1
   13        -0.4489786559        -6.1087137971    0.0000        2
   14        -0.4113463143        -5.5966956836    0.0000        1
   15        -0.3171831425        -4.3155304009    0.0000        1
   16        -0.1996159756        -2.7159350408    0.0000        1

 Max and min values of charge density [e/bohr^3]:   7.3455E-01   5.1475E-09

 Hartree potential time [sec]:       0.06

   Eigenvalue Energy             =         -34.25197680 [Ry]
   Hartree Energy                =         105.29448580 [Ry]
   Integral_{Vxc*rho}            =         -19.64567671 [Ry]
   Exc = Integral{eps_xc*rho}    =         -15.13858600 [Ry]
   Electron-Ion energy           =        -244.27295252 [Ry]
   Ion-Ion Energy                =          62.89247783 [Ry]
   (E(new)-E(old))/atom  =            -2.31515001 [eV]

   Total Energy =           -45.22901824 [Ry]
   Energy/atom  =          -102.56282939 [eV]

  0-  4    SRE of pot. & charge weighted pot =  25.4661687186   1.7482355234

 SCF iter #   5

 Diagonalization time [sec] :       0.07,      tdiag_sum =        0.61

 Fermi level at    -1.0501 [Ry]

   State   Eigenvalue [Ry]      Eigenvalue [eV]    Occup.     Repr.

    1        -2.6632368808       -36.2354683530    1.0000        1
    2        -2.3000511988       -31.2940366001    1.0000        1
    3        -1.7877054724       -24.3231631167    1.0000        1
    4        -1.6592438038       -22.5753393453    1.0000        2
    5        -1.6505553256       -22.4571256489    1.0000        1
    6        -1.4826835291       -20.1730955607    1.0000        1
    7        -1.4776107809       -20.1040767630    1.0000        2
    8        -1.4552530661       -19.7998821674    1.0000        1
    9        -0.8602431054       -11.7042956438    0.0000        1
   10        -0.8318647143       -11.3181849301    0.0000        2
   11        -0.5045822764        -6.8652455359    0.0000        1
   12        -0.3957917277        -5.3850630881    0.0000        1
   13        -0.3211445859        -4.3694290074    0.0000        2
   14        -0.2819488674        -3.8361399003    0.0000        1
   15        -0.2043720499        -2.7806452370    0.0000        1
   16        -0.1277821379        -1.7385782112    0.0000        1

 Max and min values of charge density [e/bohr^3]:   7.2155E-01   2.1704E-09

 Hartree potential time [sec]:       0.06

   Eigenvalue Energy             =         -28.95268012 [Ry]
   Hartree Energy                =         104.15862296 [Ry]
   Integral_{Vxc*rho}            =         -19.41748497 [Ry]
   Exc = Integral{eps_xc*rho}    =         -14.96293235 [Ry]
   Electron-Ion energy           =        -242.12935411 [Ry]
   Ion-Ion Energy                =          62.89247783 [Ry]
   (E(new)-E(old))/atom  =            -1.07463893 [eV]

   Total Energy =           -45.70292154 [Ry]
   Energy/atom  =          -103.63746831 [eV]

  0-  5    SRE of pot. & charge weighted pot =  20.0778986174   1.3008052566

 SCF iter #   6

 Diagonalization time [sec] :       0.07,      tdiag_sum =        0.67

 Fermi level at    -0.9747 [Ry]

   State   Eigenvalue [Ry]      Eigenvalue [eV]    Occup.     Repr.

    1        -2.5004845919       -34.0210932606    1.0000        1
    2        -2.1655907506       -29.4645946348    1.0000        1
    3        -1.6605873745       -22.5936197001    1.0000        1
    4        -1.5359872020       -20.8983346734    1.0000        2
    5        -1.5279588723       -20.7891028244    1.0000        1
    6        -1.3485587468       -18.3482205977    1.0000        1
    7        -1.3417800857       -18.2559914906    1.0000        2
    8        -1.3321380041       -18.1248032557    1.0000        1
    9        -0.7293165796        -9.9229355182    0.0000        1
   10        -0.7136186413        -9.7093525092    0.0000        2
   11        -0.4238116471        -5.7662965085    0.0000        1
   12        -0.3314945197        -4.5102481366    0.0000        1
   13        -0.2684216401        -3.6520911515    0.0000        2
   14        -0.2397618971        -3.2621524190    0.0000        1
   15        -0.1748123630        -2.3784620489    0.0000        1
   16        -0.1047836656        -1.4256655973    0.0000        1

 Max and min values of charge density [e/bohr^3]:   7.0429E-01   5.1053E-10

 Hartree potential time [sec]:       0.06

   Eigenvalue Energy             =         -26.82617126 [Ry]
   Hartree Energy                =         103.37353413 [Ry]
   Integral_{Vxc*rho}            =         -19.24157824 [Ry]
   Exc = Integral{eps_xc*rho}    =         -14.82751101 [Ry]
   Electron-Ion energy           =        -240.70975247 [Ry]
   Ion-Ion Energy                =          62.89247783 [Ry]
   (E(new)-E(old))/atom  =            -0.40211717 [eV]

   Total Energy =           -45.88025054 [Ry]
   Energy/atom  =          -104.03958548 [eV]

  0-  6    SRE of pot. & charge weighted pot =  17.6750250613   1.1011980171

 SCF iter #   7

 Diagonalization time [sec] :       0.07,      tdiag_sum =        0.74

 Fermi level at    -0.7588 [Ry]

   State   Eigenvalue [Ry]      Eigenvalue [eV]    Occup.     Repr.

    1        -2.1380453356       -29.0898172265    1.0000        1
    2        -1.8467097537       -25.1259635674    1.0000        1
    3        -1.3434724924       -18.2790180370    1.0000        1
    4        -1.2310742747       -16.7497503670    1.0000        1
    5        -1.2287516639       -16.7181493884    1.0000        2
    6        -1.0486289277       -14.2674354645    1.0000        1
    7        -1.0222836217       -13.9089864996    1.0000        2
    8        -1.0205426074       -13.8852986084    1.0000        1
    9        -0.4169310356        -5.6726802846    0.0000        1
   10        -0.4085002622        -5.5579728677    0.0000        2
   11        -0.2204476538        -2.9993666876    0.0000        1
   12        -0.0865229515        -1.1772139736    0.0000        1
   13        -0.0778295278        -1.0589329894    0.0000        2
   14        -0.0616618249        -0.8389584577    0.0000        1
   15        -0.0394344736        -0.5365375609    0.0000        1
   16         0.0231293908         0.3146938657    0.0000        2

 Max and min values of charge density [e/bohr^3]:   6.9041E-01   8.2244E-11

 Hartree potential time [sec]:       0.06

   Eigenvalue Energy             =         -21.75901735 [Ry]
   Hartree Energy                =         101.91197331 [Ry]
   Integral_{Vxc*rho}            =         -18.96842606 [Ry]
   Exc = Integral{eps_xc*rho}    =         -14.61749339 [Ry]
   Electron-Ion energy           =        -238.42156952 [Ry]
   Ion-Ion Energy                =          62.89247783 [Ry]
   (E(new)-E(old))/atom  =            -0.34558210 [eV]

   Total Energy =           -46.03264824 [Ry]
   Energy/atom  =          -104.38516758 [eV]

  0-  7    SRE of pot. & charge weighted pot =  10.0562011225   0.6862422075

 SCF iter #   8

 Diagonalization time [sec] :       0.07,      tdiag_sum =        0.81

 Fermi level at    -0.1066 [Ry]

   State   Eigenvalue [Ry]      Eigenvalue [eV]    Occup.     Repr.

    1        -1.4006413794       -19.0568464802    1.0000        1
    2        -1.2234627166       -16.6461890289    1.0000        1
    3        -0.7476481656       -10.1723514117    1.0000        1
    4        -0.6800145808        -9.2521423831    1.0000        2
    5        -0.6797974688        -9.2491884009    1.0000        1
    6        -0.4003681962        -5.4473296033    1.0000        1
    7        -0.3905278912        -5.3134443815    1.0000        2
    8        -0.3859825345        -5.2516011679    1.0000        1
    9         0.0512829155         0.6977450919    0.0000        1
   10         0.1123957761         1.5292344503    0.0000        2
   11         0.1385708660         1.8853674881    0.0000        1
   12         0.1722458379         2.3435424215    0.0000        2
   13         0.1774390819         2.4142006602    0.0000        1
   14         0.1888846665         2.5699269960    0.0000        1
   15         0.2086500455         2.8388507892    0.0000        2
   16         0.2488050452         3.3851916845    0.0000        1

 Max and min values of charge density [e/bohr^3]:   6.1425E-01   4.6121E-10

 Hartree potential time [sec]:       0.06

   Eigenvalue Energy             =         -11.81688587 [Ry]
   Hartree Energy                =          96.51286790 [Ry]
   Integral_{Vxc*rho}            =         -17.85611637 [Ry]
   Exc = Integral{eps_xc*rho}    =         -13.76381303 [Ry]
   Electron-Ion energy           =        -229.43040422 [Ry]
   Ion-Ion Energy                =          62.89247783 [Ry]
   (E(new)-E(old))/atom  =            -0.25415686 [eV]

   Total Energy =           -46.14472847 [Ry]
   Energy/atom  =          -104.63932444 [eV]

  0-  8    SRE of pot. & charge weighted pot =   6.0810942610   0.3309603373

 SCF iter #   9

 Diagonalization time [sec] :       0.07,      tdiag_sum =        0.87

 Fermi level at    -0.2228 [Ry]

   State   Eigenvalue [Ry]      Eigenvalue [eV]    Occup.     Repr.

    1        -1.5973314830       -21.7329726916    1.0000        1
    2        -1.3937814330       -18.9635114208    1.0000        1
    3        -0.9126059294       -12.4167337538    1.0000        1
    4        -0.8290688316       -11.2801447092    1.0000        2
    5        -0.8262717230       -11.2420878092    1.0000        1
    6        -0.5783189944        -7.8684925744    1.0000        1
    7        -0.5602120436        -7.6221330226    1.0000        2
    8        -0.5579380513        -7.5911935385    1.0000        1
    9        -0.0323354031        -0.4399490277    0.0000        1
   10        -0.0040650169        -0.0553078074    0.0000        2
   11         0.0015100962         0.0205460675    0.0000        1
   12         0.0836264566         1.1378048428    0.0000        1
   13         0.0949428472         1.2917733902    0.0000        1
   14         0.0982284221         1.3364762652    0.0000        2
   15         0.1243693207         1.6921441035    0.0000        2
   16         0.1593330371         2.1678534357    0.0000        1

 Max and min values of charge density [e/bohr^3]:   6.2540E-01   8.7508E-11

 Hartree potential time [sec]:       0.06

   Eigenvalue Energy             =         -14.51105698 [Ry]
   Hartree Energy                =          97.65659243 [Ry]
   Integral_{Vxc*rho}            =         -18.06515157 [Ry]
   Exc = Integral{eps_xc*rho}    =         -13.92333249 [Ry]
   Electron-Ion energy           =        -231.22900737 [Ry]
   Ion-Ion Energy                =          62.89247783 [Ry]
   (E(new)-E(old))/atom  =            -0.13106364 [eV]

   Total Energy =           -46.20252601 [Ry]
   Energy/atom  =          -104.77038807 [eV]

  0-  9    SRE of pot. & charge weighted pot =   1.5348975140   0.0881037892

 SCF iter #  10

 Diagonalization time [sec] :       0.07,      tdiag_sum =        0.94

 Fermi level at    -0.2500 [Ry]

   State   Eigenvalue [Ry]      Eigenvalue [eV]    Occup.     Repr.

    1        -1.6485169599       -22.4293920531    1.0000        1
    2        -1.4308695340       -19.4681247058    1.0000        1
    3        -0.9476775396       -12.8939110684    1.0000        1
    4        -0.8564670313       -11.6529191344    1.0000        2
    5        -0.8527590367       -11.6024689013    1.0000        1
    6        -0.6234271052        -8.4822245081    1.0000        1
    7        -0.5983318062        -8.1407828894    1.0000        2
    8        -0.5967072836        -8.1186799590    1.0000        1
    9        -0.0489100622        -0.6654605244    0.0000        1
   10        -0.0321144551        -0.4369428536    0.0000        2
   11        -0.0294556687        -0.4007679368    0.0000        1
   12         0.0624374567         0.8495115481    0.0000        1
   13         0.0727827592         0.9902676647    0.0000        1
   14         0.0748610303         1.0185442059    0.0000        2
   15         0.1126254388         1.5323591959    0.0000        2
   16         0.1401804690         1.9072674248    0.0000        1

 Max and min values of charge density [e/bohr^3]:   6.3171E-01   3.6328E-11

 Hartree potential time [sec]:       0.06

   Eigenvalue Energy             =         -15.10951259 [Ry]
   Hartree Energy                =          98.06470886 [Ry]
   Integral_{Vxc*rho}            =         -18.14351091 [Ry]
   Exc = Integral{eps_xc*rho}    =         -13.98335441 [Ry]
   Electron-Ion energy           =        -231.93553810 [Ry]
   Ion-Ion Energy                =          62.89247783 [Ry]
   (E(new)-E(old))/atom  =            -0.02304486 [eV]

   Total Energy =           -46.21268853 [Ry]
   Energy/atom  =          -104.79343294 [eV]

  0- 10    SRE of pot. & charge weighted pot =   0.8048733897   0.0201216866

 SCF iter #  11

 Diagonalization time [sec] :       0.07,      tdiag_sum =        1.01

 Fermi level at    -0.2528 [Ry]

   State   Eigenvalue [Ry]      Eigenvalue [eV]    Occup.     Repr.

    1        -1.6548151793       -22.5150843664    1.0000        1
    2        -1.4295368849       -19.4499929488    1.0000        1
    3        -0.9468482441       -12.8826278401    1.0000        1
    4        -0.8505894373       -11.5729497655    1.0000        2
    5        -0.8468021620       -11.5214208551    1.0000        1
    6        -0.6242160857        -8.4929592188    1.0000        1
    7        -0.5970482084        -8.1233185143    1.0000        2
    8        -0.5957763082        -8.1060132940    1.0000        1
    9        -0.0476967520        -0.6489524681    0.0000        1
   10        -0.0290818765        -0.3956821954    0.0000        2
   11        -0.0268111141        -0.3647866557    0.0000        1
   12         0.0595116155         0.8097031378    0.0000        1
   13         0.0681365971         0.9270529122    0.0000        1
   14         0.0704108053         0.9579953352    0.0000        2
   15         0.1151849983         1.5671840504    0.0000        2
   16         0.1385302589         1.8848149960    0.0000        1

 Max and min values of charge density [e/bohr^3]:   6.3541E-01   1.6832E-11

 Hartree potential time [sec]:       0.06

   Eigenvalue Energy             =         -15.09126502 [Ry]
   Hartree Energy                =          98.26776923 [Ry]
   Integral_{Vxc*rho}            =         -18.17852098 [Ry]
   Exc = Integral{eps_xc*rho}    =         -14.01031626 [Ry]
   Electron-Ion energy           =        -232.31413098 [Ry]
   Ion-Ion Energy                =          62.89247783 [Ry]
   (E(new)-E(old))/atom  =            -0.00529870 [eV]

   Total Energy =           -46.21502520 [Ry]
   Energy/atom  =          -104.79873164 [eV]

  0- 11    SRE of pot. & charge weighted pot =   0.4936593334   0.0066305755

 SCF iter #  12

 Diagonalization time [sec] :       0.07,      tdiag_sum =        1.07

 Fermi level at    -0.2529 [Ry]

   State   Eigenvalue [Ry]      Eigenvalue [eV]    Occup.     Repr.

    1        -1.6482216237       -22.4253737684    1.0000        1
    2        -1.4225634242       -19.3551134376    1.0000        1
    3        -0.9401415985       -12.7913785604    1.0000        1
    4        -0.8438967727       -11.4818907102    1.0000        2
    5        -0.8412316243       -11.4456292337    1.0000        1
    6        -0.6182863759        -8.4122807734    1.0000        1
    7        -0.5907154955        -8.0371568887    1.0000        2
    8        -0.5897851704        -8.0244990710    1.0000        1
    9        -0.0476775027        -0.6486905668    0.0000        1
   10        -0.0239220473        -0.3254785910    0.0000        2
   11        -0.0221352654        -0.3011679939    0.0000        1
   12         0.0576590424         0.7844973986    0.0000        1
   13         0.0645266157         0.8779362285    0.0000        1
   14         0.0677039852         0.9211668824    0.0000        2
   15         0.1161591040         1.5804375370    0.0000        2
   16         0.1362539050         1.8538433807    0.0000        1

 Max and min values of charge density [e/bohr^3]:   6.3566E-01   6.1298E-12

 Hartree potential time [sec]:       0.06

   Eigenvalue Energy             =         -14.98968417 [Ry]
   Hartree Energy                =          98.23355174 [Ry]
   Integral_{Vxc*rho}            =         -18.17168372 [Ry]
   Exc = Integral{eps_xc*rho}    =         -14.00516807 [Ry]
   Electron-Ion energy           =        -232.27222419 [Ry]
   Ion-Ion Energy                =          62.89247783 [Ry]
   (E(new)-E(old))/atom  =            -0.00148091 [eV]

   Total Energy =           -46.21567826 [Ry]
   Energy/atom  =          -104.80021255 [eV]

  0- 12    SRE of pot. & charge weighted pot =   0.3233700552   0.0040785480

 SCF iter #  13

 Diagonalization time [sec] :       0.07,      tdiag_sum =        1.14

 Fermi level at    -0.2565 [Ry]

   State   Eigenvalue [Ry]      Eigenvalue [eV]    Occup.     Repr.

    1        -1.6487892460       -22.4330967231    1.0000        1
    2        -1.4227789086       -19.3580452747    1.0000        1
    3        -0.9403192026       -12.7937950061    1.0000        1
    4        -0.8447188360       -11.4930755391    1.0000        2
    5        -0.8428983610       -11.4683065203    1.0000        1
    6        -0.6198712574        -8.4338443539    1.0000        1
    7        -0.5918222059        -8.0522145691    1.0000        2
    8        -0.5911167784        -8.0426166634    1.0000        1
    9        -0.0504516152        -0.6864345867    0.0000        1
   10        -0.0251874717        -0.3426957018    0.0000        2
   11        -0.0239410103        -0.3257365979    0.0000        1
   12         0.0540790722         0.7357890411    0.0000        1
   13         0.0594269672         0.8085514299    0.0000        1
   14         0.0630889677         0.8583758766    0.0000        2
   15         0.1143364541         1.5556389269    0.0000        2
   16         0.1316210033         1.7908090463    0.0000        1

 Max and min values of charge density [e/bohr^3]:   6.3578E-01   2.9259E-12

 Hartree potential time [sec]:       0.06

   Eigenvalue Energy             =         -15.00462959 [Ry]
   Hartree Energy                =          98.19947008 [Ry]
   Integral_{Vxc*rho}            =         -18.16691473 [Ry]
   Exc = Integral{eps_xc*rho}    =         -14.00157527 [Ry]
   Electron-Ion energy           =        -232.22614810 [Ry]
   Ion-Ion Energy                =          62.89247783 [Ry]
   (E(new)-E(old))/atom  =            -0.00060948 [eV]

   Total Energy =           -46.21594704 [Ry]
   Energy/atom  =          -104.80082203 [eV]

  0- 13    SRE of pot. & charge weighted pot =   0.2090732642   0.0050889233

 SCF iter #  14

 Diagonalization time [sec] :       0.07,      tdiag_sum =        1.21

 Fermi level at    -0.2604 [Ry]

   State   Eigenvalue [Ry]      Eigenvalue [eV]    Occup.     Repr.

    1        -1.6512171010       -22.4661296327    1.0000        1
    2        -1.4259781892       -19.4015740464    1.0000        1
    3        -0.9434615080       -12.8365485850    1.0000        1
    4        -0.8480109857       -11.5378678694    1.0000        2
    5        -0.8460102324       -11.5106460198    1.0000        1
    6        -0.6219848181        -8.4626010376    1.0000        1
    7        -0.5942736576        -8.0855685305    1.0000        2
    8        -0.5935714488        -8.0760144181    1.0000        1
    9        -0.0532586206        -0.7246261404    0.0000        1
   10        -0.0276890809        -0.3767320973    0.0000        2
   11        -0.0266641680        -0.3627873366    0.0000        1
   12         0.0506370226         0.6889572019    0.0000        1
   13         0.0549112420         0.7471113768    0.0000        1
   14         0.0584646296         0.7954580572    0.0000        2
   15         0.1119404225         1.5230390000    0.0000        2
   16         0.1271418007         1.7298659124    0.0000        1

 Max and min values of charge density [e/bohr^3]:   6.3552E-01   1.8312E-12

 Hartree potential time [sec]:       0.06

   Eigenvalue Energy             =         -15.04901588 [Ry]
   Hartree Energy                =          98.19903585 [Ry]
   Integral_{Vxc*rho}            =         -18.16619220 [Ry]
   Exc = Integral{eps_xc*rho}    =         -14.00103639 [Ry]
   Electron-Ion energy           =        -232.22393689 [Ry]
   Ion-Ion Energy                =          62.89247783 [Ry]
   (E(new)-E(old))/atom  =            -0.00030908 [eV]

   Total Energy =           -46.21608334 [Ry]
   Energy/atom  =          -104.80113111 [eV]

  0- 14    SRE of pot. & charge weighted pot =   0.1353367383   0.0027100041

 SCF iter #  15

 Diagonalization time [sec] :       0.07,      tdiag_sum =        1.28

 Fermi level at    -0.2628 [Ry]

   State   Eigenvalue [Ry]      Eigenvalue [eV]    Occup.     Repr.

    1        -1.6526310730       -22.4853678528    1.0000        1
    2        -1.4272475293       -19.4188444339    1.0000        1
    3        -0.9445349936       -12.8511542162    1.0000        1
    4        -0.8491314377       -11.5531125146    1.0000        2
    5        -0.8473934293       -11.5294655203    1.0000        1
    6        -0.6235165486        -8.4834414568    1.0000        1
    7        -0.5955905297        -8.1034856295    1.0000        2
    8        -0.5949538684        -8.0948233423    1.0000        1
    9        -0.0544301477        -0.7405657039    0.0000        1
   10        -0.0288805873        -0.3929434953    0.0000        2
   11        -0.0280633042        -0.3818237049    0.0000        1
   12         0.0489135066         0.6655073884    0.0000        1
   13         0.0523782412         0.7126478745    0.0000        1
   14         0.0556424605         0.7570601891    0.0000        2
   15         0.1107712696         1.5071317405    0.0000        2
   16         0.1244956189         1.6938624914    0.0000        1

 Max and min values of charge density [e/bohr^3]:   6.3565E-01   1.0368E-12

 Hartree potential time [sec]:       0.06

   Eigenvalue Energy             =         -15.06999882 [Ry]
   Hartree Energy                =          98.19975707 [Ry]
   Integral_{Vxc*rho}            =         -18.16690657 [Ry]
   Exc = Integral{eps_xc*rho}    =         -14.00159999 [Ry]
   Electron-Ion energy           =        -232.22883067 [Ry]
   Ion-Ion Energy                =          62.89247783 [Ry]
   (E(new)-E(old))/atom  =            -0.00015396 [eV]

   Total Energy =           -46.21615123 [Ry]
   Energy/atom  =          -104.80128507 [eV]

  0- 15    SRE of pot. & charge weighted pot =   0.0645965395   0.0018083091

 SCF iter #  16

 Diagonalization time [sec] :       0.07,      tdiag_sum =        1.34

 Fermi level at    -0.2636 [Ry]

   State   Eigenvalue [Ry]      Eigenvalue [eV]    Occup.     Repr.

    1        -1.6521970911       -22.4794631816    1.0000        1
    2        -1.4264703505       -19.4082702948    1.0000        1
    3        -0.9436873898       -12.8396218880    1.0000        1
    4        -0.8477670315       -11.5345486776    1.0000        2
    5        -0.8458913865       -11.5090290259    1.0000        1
    6        -0.6225682433        -8.4705390052    1.0000        1
    7        -0.5946167755        -8.0902369245    1.0000        2
    8        -0.5939474686        -8.0811304682    1.0000        1
    9        -0.0540274768        -0.7350870438    0.0000        1
   10        -0.0279450599        -0.3802148965    0.0000        2
   11        -0.0271362041        -0.3692097663    0.0000        1
   12         0.0482992815         0.6571503647    0.0000        1
   13         0.0514386236         0.6998636249    0.0000        1
   14         0.0539405687         0.7339045901    0.0000        2
   15         0.1103756646         1.5017492180    0.0000        2
   16         0.1233084517         1.6777101327    0.0000        1

 Max and min values of charge density [e/bohr^3]:   6.3589E-01   5.9122E-13

 Hartree potential time [sec]:       0.06

   Eigenvalue Energy             =         -15.05429147 [Ry]
   Hartree Energy                =          98.21319521 [Ry]
   Integral_{Vxc*rho}            =         -18.16841476 [Ry]
   Exc = Integral{eps_xc*rho}    =         -14.00273483 [Ry]
   Electron-Ion energy           =        -232.25281578 [Ry]
   Ion-Ion Energy                =          62.89247783 [Ry]
   (E(new)-E(old))/atom  =            -0.00009289 [eV]

   Total Energy =           -46.21619220 [Ry]
   Energy/atom  =          -104.80137796 [eV]

  0- 16    SRE of pot. & charge weighted pot =   0.0720895478   0.0007553300

 SCF iter #  17

 Diagonalization time [sec] :       0.06,      tdiag_sum =        1.41

 Fermi level at    -0.2652 [Ry]

   State   Eigenvalue [Ry]      Eigenvalue [eV]    Occup.     Repr.

    1        -1.6526941145       -22.4862255826    1.0000        1
    2        -1.4269680802       -19.4150423056    1.0000        1
    3        -0.9441641941       -12.8461091926    1.0000        1
    4        -0.8482494414       -11.5411122494    1.0000        2
    5        -0.8464065505       -11.5160382447    1.0000        1
    6        -0.6230086519        -8.4765311159    1.0000        1
    7        -0.5950985711        -8.0967921391    1.0000        2
    8        -0.5944361491        -8.0877793570    1.0000        1
    9        -0.0545584016        -0.7423106998    0.0000        1
   10        -0.0284470779        -0.3870452531    0.0000        2
   11        -0.0276903886        -0.3767498893    0.0000        1
   12         0.0472356221         0.6426784274    0.0000        1
   13         0.0501834624         0.6827861529    0.0000        1
   14         0.0520202684         0.7077773679    0.0000        2
   15         0.1094087185         1.4885931418    0.0000        2
   16         0.1212817032         1.6501345968    0.0000        1

 Max and min values of charge density [e/bohr^3]:   6.3588E-01   4.2571E-13

 Hartree potential time [sec]:       0.06

   Eigenvalue Energy             =         -15.06205151 [Ry]
   Hartree Energy                =          98.21378237 [Ry]
   Integral_{Vxc*rho}            =         -18.16832093 [Ry]
   Exc = Integral{eps_xc*rho}    =         -14.00266546 [Ry]
   Electron-Ion energy           =        -232.25378822 [Ry]
   Ion-Ion Energy                =          62.89247783 [Ry]
   (E(new)-E(old))/atom  =            -0.00003691 [eV]

   Total Energy =           -46.21620847 [Ry]
   Energy/atom  =          -104.80141488 [eV]

  0- 17    SRE of pot. & charge weighted pot =   0.0769665807   0.0008906909

 SCF iter #  18

 Diagonalization time [sec] :       0.07,      tdiag_sum =        1.47

 Fermi level at    -0.2666 [Ry]

   State   Eigenvalue [Ry]      Eigenvalue [eV]    Occup.     Repr.

    1        -1.6523926267       -22.4821236002    1.0000        1
    2        -1.4266789540       -19.4111085121    1.0000        1
    3        -0.9438775334       -12.8422089441    1.0000        1
    4        -0.8479470768       -11.5369983372    1.0000        2
    5        -0.8461117627       -11.5120274215    1.0000        1
    6        -0.6227351683        -8.4728101535    1.0000        1
    7        -0.5947613494        -8.0922039681    1.0000        2
    8        -0.5941096462        -8.0833370249    1.0000        1
    9        -0.0545433270        -0.7421055982    0.0000        1
   10        -0.0281939584        -0.3836013598    0.0000        2
   11        -0.0274517180        -0.3735025850    0.0000        1
   12         0.0467717523         0.6363671078    0.0000        1
   13         0.0496035052         0.6748953710    0.0000        1
   14         0.0508641240         0.6920470981    0.0000        2
   15         0.1090233895         1.4833504335    0.0000        2
   16         0.1193005159         1.6231789595    0.0000        1

 Max and min values of charge density [e/bohr^3]:   6.3589E-01   3.6741E-13

 Hartree potential time [sec]:       0.06

   Eigenvalue Energy             =         -15.05722824 [Ry]
   Hartree Energy                =          98.21484322 [Ry]
   Integral_{Vxc*rho}            =         -18.16845335 [Ry]
   Exc = Integral{eps_xc*rho}    =         -14.00277035 [Ry]
   Electron-Ion energy           =        -232.25679940 [Ry]
   Ion-Ion Energy                =          62.89247783 [Ry]
   (E(new)-E(old))/atom  =            -0.00001792 [eV]

   Total Energy =           -46.21621638 [Ry]
   Energy/atom  =          -104.80143279 [eV]

  0- 18    SRE of pot. & charge weighted pot =   0.0833384463   0.0010780591

 SCF iter #  19

 Diagonalization time [sec] :       0.06,      tdiag_sum =        1.54

 Fermi level at    -0.2685 [Ry]

   State   Eigenvalue [Ry]      Eigenvalue [eV]    Occup.     Repr.

    1        -1.6526197718       -22.4852140917    1.0000        1
    2        -1.4269836594       -19.4152542733    1.0000        1
    3        -0.9441668585       -12.8461454434    1.0000        1
    4        -0.8482507505       -11.5411300611    1.0000        2
    5        -0.8464661883       -11.5168496647    1.0000        1
    6        -0.6229104159        -8.4751945370    1.0000        1
    7        -0.5950266590        -8.0958137170    1.0000        2
    8        -0.5943795738        -8.0870096056    1.0000        1
    9        -0.0548157590        -0.7458122538    0.0000        1
   10        -0.0284965209        -0.3877179644    0.0000        2
   11        -0.0277797358        -0.3779655293    0.0000        1
   12         0.0461491145         0.6278956225    0.0000        1
   13         0.0490149766         0.6668879686    0.0000        1
   14         0.0496080540         0.6749572616    0.0000        2
   15         0.1083132802         1.4736888277    0.0000        2
   16         0.1168880742         1.5903557594    0.0000        1

 Max and min values of charge density [e/bohr^3]:   6.3586E-01   2.7866E-13

 Hartree potential time [sec]:       0.06

   Eigenvalue Energy             =         -15.06160775 [Ry]
   Hartree Energy                =          98.21301041 [Ry]
   Integral_{Vxc*rho}            =         -18.16793509 [Ry]
   Exc = Integral{eps_xc*rho}    =         -14.00237077 [Ry]
   Electron-Ion energy           =        -232.25313064 [Ry]
   Ion-Ion Energy                =          62.89247783 [Ry]
   (E(new)-E(old))/atom  =            -0.00000822 [eV]

   Total Energy =           -46.21622000 [Ry]
   Energy/atom  =          -104.80144102 [eV]

  0- 19    SRE of pot. & charge weighted pot =   0.0951794645   0.0013110889

 SCF iter #  20

 Diagonalization time [sec] :       0.06,      tdiag_sum =        1.60

 Fermi level at    -0.2702 [Ry]

   State   Eigenvalue [Ry]      Eigenvalue [eV]    Occup.     Repr.

    1        -1.6525660245       -22.4844828166    1.0000        1
    2        -1.4267665615       -19.4123004819    1.0000        1
    3        -0.9440303830       -12.8442885849    1.0000        1
    4        -0.8481886111       -11.5402846054    1.0000        2
    5        -0.8463102210       -11.5147276053    1.0000        1
    6        -0.6229996703        -8.4764089137    1.0000        1
    7        -0.5950131293        -8.0956296350    1.0000        2
    8        -0.5943551324        -8.0866770600    1.0000        1
    9        -0.0549955800        -0.7482588619    0.0000        1
   10        -0.0285267849        -0.3881297306    0.0000        2
   11        -0.0277785556        -0.3779494722    0.0000        1
   12         0.0456052443         0.6204958328    0.0000        1
   13         0.0484828653         0.6596481682    0.0000        1
   14         0.0485391905         0.6604145186    0.0000        2
   15         0.1077136248         1.4655300357    0.0000        2
   16         0.1146551991         1.5599757082    0.0000        1

 Max and min values of charge density [e/bohr^3]:   6.3583E-01   2.3538E-13

 Hartree potential time [sec]:       0.06

   Eigenvalue Energy             =         -15.06045947 [Ry]
   Hartree Energy                =          98.20971143 [Ry]
   Integral_{Vxc*rho}            =         -18.16744773 [Ry]
   Exc = Integral{eps_xc*rho}    =         -14.00200176 [Ry]
   Electron-Ion energy           =        -232.24812957 [Ry]
   Ion-Ion Energy                =          62.89247783 [Ry]
   (E(new)-E(old))/atom  =            -0.00000691 [eV]

   Total Energy =           -46.21622305 [Ry]
   Energy/atom  =          -104.80144793 [eV]

  0- 20    SRE of pot. & charge weighted pot =   0.1185733275   0.0011037411

 SCF iter #  21

 Diagonalization time [sec] :       0.07,      tdiag_sum =        1.67

 Fermi level at    -0.2712 [Ry]

   State   Eigenvalue [Ry]      Eigenvalue [eV]    Occup.     Repr.

    1        -1.6525519407       -22.4842911953    1.0000        1
    2        -1.4266106486       -19.4101791632    1.0000        1
    3        -0.9438208438       -12.8414376360    1.0000        1
    4        -0.8478545294       -11.5357391563    1.0000        2
    5        -0.8460110206       -11.5106567446    1.0000        1
    6        -0.6228401963        -8.4742391427    1.0000        1
    7        -0.5948502395        -8.0934133887    1.0000        2
    8        -0.5941932310        -8.0844742625    1.0000        1
    9        -0.0547593898        -0.7450453051    0.0000        1
   10        -0.0283334585        -0.3854993692    0.0000        2
   11        -0.0275969532        -0.3754786259    0.0000        1
   12         0.0456146969         0.6206244427    0.0000        1
   13         0.0480981030         0.6544131698    0.0000        2
   14         0.0485217931         0.6601778132    0.0000        1
   15         0.1076139900         1.4641744255    0.0000        2
   16         0.1132453154         1.5407931121    0.0000        1

 Max and min values of charge density [e/bohr^3]:   6.3592E-01   2.0105E-13

 Hartree potential time [sec]:       0.06

   Eigenvalue Energy             =         -15.05746530 [Ry]
   Hartree Energy                =          98.21287370 [Ry]
   Integral_{Vxc*rho}            =         -18.16789068 [Ry]
   Exc = Integral{eps_xc*rho}    =         -14.00233548 [Ry]
   Electron-Ion energy           =        -232.25414055 [Ry]
   Ion-Ion Energy                =          62.89247783 [Ry]
   (E(new)-E(old))/atom  =            -0.00000182 [eV]

   Total Energy =           -46.21622385 [Ry]
   Energy/atom  =          -104.80144975 [eV]

  0- 21    SRE of pot. & charge weighted pot =   0.0946769416   0.0010833258

 SCF iter #  22

 Diagonalization time [sec] :       0.07,      tdiag_sum =        1.74

 Fermi level at    -0.2724 [Ry]

   State   Eigenvalue [Ry]      Eigenvalue [eV]    Occup.     Repr.

    1        -1.6527658851       -22.4872020793    1.0000        1
    2        -1.4264647351       -19.4081938926    1.0000        1
    3        -0.9437050345       -12.8398619583    1.0000        1
    4        -0.8477851397       -11.5347950533    1.0000        2
    5        -0.8459833400       -11.5102801279    1.0000        1
    6        -0.6231782038        -8.4788380048    1.0000        1
    7        -0.5950416299        -8.0960174077    1.0000        2
    8        -0.5943968865        -8.0872451581    1.0000        1
    9        -0.0548563079        -0.7463639539    0.0000        1
   10        -0.0284782003        -0.3874686972    0.0000        2
   11        -0.0277452040        -0.3774956967    0.0000        1
   12         0.0453586421         0.6171406128    0.0000        1
   13         0.0474550749         0.6456642576    0.0000        2
   14         0.0482463978         0.6564308394    0.0000        1
   15         0.1072417574         1.4591099022    0.0000        2
   16         0.1117631660         1.5206272838    0.0000        1

 Max and min values of charge density [e/bohr^3]:   6.3599E-01   2.0081E-13

 Hartree potential time [sec]:       0.06

   Eigenvalue Energy             =         -15.05864171 [Ry]
   Hartree Energy                =          98.21092815 [Ry]
   Integral_{Vxc*rho}            =         -18.16788636 [Ry]
   Exc = Integral{eps_xc*rho}    =         -14.00233860 [Ry]
   Electron-Ion energy           =        -232.25219720 [Ry]
   Ion-Ion Energy                =          62.89247783 [Ry]
   (E(new)-E(old))/atom  =            -0.00000481 [eV]

   Total Energy =           -46.21622597 [Ry]
   Energy/atom  =          -104.80145456 [eV]

  0- 22    SRE of pot. & charge weighted pot =   0.0706746586   0.0004449391

 SCF iter #  23

 Diagonalization time [sec] :       0.07,      tdiag_sum =        1.80

 Fermi level at    -0.2735 [Ry]

   State   Eigenvalue [Ry]      Eigenvalue [eV]    Occup.     Repr.

    1        -1.6530626438       -22.4912397184    1.0000        1
    2        -1.4266785758       -19.4111033663    1.0000        1
    3        -0.9439894132       -12.8437311578    1.0000        1
    4        -0.8481071275       -11.5391759556    1.0000        2
    5        -0.8463869818       -11.5157719971    1.0000        1
    6        -0.6233844891        -8.4816446824    1.0000        1
    7        -0.5953475966        -8.1001803295    1.0000        2
    8        -0.5947262238        -8.0917260554    1.0000        1
    9        -0.0551739307        -0.7506854664    0.0000        1
   10        -0.0288238033        -0.3921709036    0.0000        2
   11        -0.0281063915        -0.3824099412    0.0000        1
   12         0.0450285738         0.6126497690    0.0000        1
   13         0.0467951501         0.6366854534    0.0000        2
   14         0.0478148345         0.6505590748    0.0000        1
   15         0.1067658139         1.4526343106    0.0000        2
   16         0.1103805500         1.5018156878    0.0000        1

 Max and min values of charge density [e/bohr^3]:   6.3595E-01   2.0852E-13

 Hartree potential time [sec]:       0.06

   Eigenvalue Energy             =         -15.06336610 [Ry]
   Hartree Energy                =          98.20721623 [Ry]
   Integral_{Vxc*rho}            =         -18.16724475 [Ry]
   Exc = Integral{eps_xc*rho}    =         -14.00185422 [Ry]
   Electron-Ion energy           =        -232.24593649 [Ry]
   Ion-Ion Energy                =          62.89247783 [Ry]
   (E(new)-E(old))/atom  =            -0.00000127 [eV]

   Total Energy =           -46.21622653 [Ry]
   Energy/atom  =          -104.80145583 [eV]

  0- 23    SRE of pot. & charge weighted pot =   0.0074863644   0.0004077384

 SCF iter #  24

 Diagonalization time [sec] :       0.07,      tdiag_sum =        1.87

 Fermi level at    -0.2742 [Ry]

   State   Eigenvalue [Ry]      Eigenvalue [eV]    Occup.     Repr.

    1        -1.6531389525       -22.4922779594    1.0000        1
    2        -1.4267565170       -19.4121638184    1.0000        1
    3        -0.9440428968       -12.8444588456    1.0000        1
    4        -0.8481700719       -11.5400323647    1.0000        2
    5        -0.8464403858       -11.5164986011    1.0000        1
    6        -0.6235250770        -8.4835574922    1.0000        1
    7        -0.5954234651        -8.1012125813    1.0000        2
    8        -0.5948012043        -8.0927462249    1.0000        1
    9        -0.0551987514        -0.7510231712    0.0000        1
   10        -0.0288840462        -0.3929905564    0.0000        2
   11        -0.0281597875        -0.3831364372    0.0000        1
   12         0.0449090761         0.6110239075    0.0000        1
   13         0.0463884469         0.6311519308    0.0000        2
   14         0.0477139436         0.6491863733    0.0000        1
   15         0.1065376350         1.4495297537    0.0000        2
   16         0.1094611036         1.4893058838    0.0000        1

 Max and min values of charge density [e/bohr^3]:   6.3598E-01   1.8189E-13

 Hartree potential time [sec]:       0.06

   Eigenvalue Energy             =         -15.06459714 [Ry]
   Hartree Energy                =          98.20768379 [Ry]
   Integral_{Vxc*rho}            =         -18.16748488 [Ry]
   Exc = Integral{eps_xc*rho}    =         -14.00203914 [Ry]
   Electron-Ion energy           =        -232.24718187 [Ry]
   Ion-Ion Energy                =          62.89247783 [Ry]
   (E(new)-E(old))/atom  =            -0.00000083 [eV]

   Total Energy =           -46.21622690 [Ry]
   Energy/atom  =          -104.80145666 [eV]

  0- 24    SRE of pot. & charge weighted pot =   0.0047692745   0.0002765356

 SCF iter #  25

 Diagonalization time [sec] :       0.07,      tdiag_sum =        1.94

 Fermi level at    -0.2747 [Ry]

   State   Eigenvalue [Ry]      Eigenvalue [eV]    Occup.     Repr.

    1        -1.6531407721       -22.4923027166    1.0000        1
    2        -1.4268486541       -19.4134174184    1.0000        1
    3        -0.9441178903       -12.8454791914    1.0000        1
    4        -0.8482439277       -11.5410372321    1.0000        2
    5        -0.8465009784       -11.5173230123    1.0000        1
    6        -0.6235303573        -8.4836293347    1.0000        1
    7        -0.5954343136        -8.1013601841    1.0000        2
    8        -0.5948094067        -8.0928578263    1.0000        1
    9        -0.0552123277        -0.7512078877    0.0000        1
   10        -0.0289072769        -0.3933066276    0.0000        2
   11        -0.0281755725        -0.3833512045    0.0000        1
   12         0.0448323132         0.6099794876    0.0000        1
   13         0.0460655842         0.6267591259    0.0000        2
   14         0.0476520665         0.6483444861    0.0000        1
   15         0.1063510797         1.4469915200    0.0000        2
   16         0.1087350716         1.4794276374    0.0000        1

 Max and min values of charge density [e/bohr^3]:   6.3598E-01   1.6873E-13

 Hartree potential time [sec]:       0.06

   Eigenvalue Energy             =         -15.06525260 [Ry]
   Hartree Energy                =          98.20833414 [Ry]
   Integral_{Vxc*rho}            =         -18.16760318 [Ry]
   Exc = Integral{eps_xc*rho}    =         -14.00212951 [Ry]
   Electron-Ion energy           =        -232.24822191 [Ry]
   Ion-Ion Energy                =          62.89247783 [Ry]
   (E(new)-E(old))/atom  =            -0.00000038 [eV]

   Total Energy =           -46.21622707 [Ry]
   Energy/atom  =          -104.80145705 [eV]

  0- 25    SRE of pot. & charge weighted pot =   0.0049668821   0.0001376048

Self-consistency convergence achieved.

Time for self-consistent field [sec] :       6.26,    tdiag_sum =        1.94
Time spent on Hartree potential [sec] :        1.48

 Initial Hamiltonian component timings [sec]
 --------------------------------------------------
 Finite-difference (-nabla^2) :     0.039600
 V_ion diagonal/local         :     0.047259
 V_ion nonlocal projectors    :     0.020031
 Initial V_xc (PBE)             :     0.068234
 Component subtotal             :     0.175124
 --------------------------------------------------

 SCF timing analysis [sec]
 --------------------------------------------------
 Initial Hartree potential      :     0.049854
 Initial exchange-correlation   :     0.068234
 Hamiltonian binding subtotal  :     0.001609
 Diagonalization subtotal       :     1.942553
 Occupation/density subtotal   :     0.011904
 Hartree potential subtotal     :     1.478332
 Exchange-correlation subtotal  :     2.557024
 Mixing/energy subtotal         :     0.121018
 SCF wall time                   :     6.243917
 --------------------------------------------------

Forces, dipoles, and MPI statistics
are not calculated by this Python single-point implementation.

 =================================================================

 Accelerated Hamiltonian statistics:
 -----------------------------------
 Backend = cupy
 H applications =         1700
 Orbital vectors applied =         7250
 Total H application time [sec] =     0.000000
 Average H application [sec] =     0.000000
 Local-potential updates =           25
 Local update time [sec] =     0.001320
 Per-H device timing = disabled (would synchronize every recurrence)
 GPU initial-eigensolver calls =            2
 GPU initial-eigensolver synchronized time [sec] =     0.343860
 GPU SUBSPACE calls =           48
 GPU SUBSPACE synchronized time [sec] =     1.557890
 GPU representation scheduler batches =           25
 GPU representation scheduler wall time [sec] =     1.906214
 Final active states by representation = 14 10
 Requested-eigenpair download [sec] =     0.002694
 GPU density builds =           25
 GPU density build/download [sec] =     0.008008
 Final wavefunction download [sec] =     0.008933
 Accelerated Hartree solves =           26
 Accelerated Hartree total [sec] =     1.527641
 Hartree boundary/RHS [sec] =     0.198780
 Hartree linear solve [sec] =     1.328755
 Host-to-device time [sec] =     0.000000
 Device kernel time [sec] =     1.901750
 Device-to-host time [sec] =     0.002694
 Pre-SCF setup/reporting wall time [sec] :    2.280954
 Post-SCF finalization/reporting [sec] :    0.000109
 Total accelerated Python wall time [sec] :        8.54
Text log: C:\Users\zigze\Desktop\parsec_python\examples\ml_initial_density\small_molecules\CH3CN\scdp\parsec.out
