
 =================================================================

  PARSEC 1.4_DEV - Real-space DFT Program
  under development - use at your own risk !!
  
  begin BUILD_DETAILS 
   git commit  : f432777
  config file  : ubuntu_openmpi_qchem
  end BUILD_DETAILS 
  parallel run - using            8  PEs 

 starting run on 28-JUL-2026 20:45:41 -0700 UTC

 =================================================================

 Initial Run - starting from atomic potentials
 ignoresym= F

 Grid data:
 ~~------~~

 WARNING: Cluster Calculation Domain Shape Unspecified
  Assuming Spherical Shape
 Confined system (cluster) with zero boundary condition!
  Spherical domain shape:
 --- Radius is  16.000000 bohrs
 Grid spacing is  0.400000 bohrs
 Grid points are shifted from origin! 
 shift vector =   0.5000  0.5000  0.5000   [units of grid spacing]
 WAVEFUNCTIONS ARE REAL!
 The Finite-difference expansion is of order 12

 Eigenvalue data: 
 ---------------- 
 Number of states:           20
 Net cluster charge =    0.000      [e] 

 Fermi temperature =     80.00 [K]

 Self-consistency data: 
 ----------------------
 Maximum number of iterations is           50
 Using first-filter solver
 Polynomial degree for First-filter is     20
 The matvec operations are (mostly) called to with... 
 ... block size:            6
 Maximum number of communication buffers in matvec:           2
 Maximum iteration number for First-filter is      2


 Performing Chebyshev subspace filtering
 Polynomial degree for Chebyshev filtering is     15
 Change in polynomial degree (dpm) for Chebyshev filtering is      3
 Performing Rayleigh-Ritz rotation on all SCF iterations

  Self-consistency convergence criterion is    2.0000000000000001E-004  Ry
  Self-consistency convergence indicator is at   2.0000000000000000E-002  Ry
 If applicable, Chebyshev polynomial order will decrease to 
 10 after SRE becomes less than the self-consistency 
 convergence indicator.
  Diagonalization tolerance is    1.0000000000000000E-004
 Buffer size in subspace is      6


 Mixer data:
 -----------
 solver lpole is :            9
 Anderson mixer
 Initial Jacobian:  0.300  Mixing memory is  4
 Mixing restarted after           20  iterations

 Atom data:
 --~--~--~-

 Tot. # of atom types is     2

 Atom coordinates input in Bohr radii


 Chemical element : C
 martins_new                                                 
  pseudopotential format : new Martins
 There are      6 C  atoms
 and their initial coordinates are:

    x [bohr]          y [bohr]          z [bohr]     movable?
    2.607822060       0.000000000       0.000000000      1
    1.303911030       2.258440160       0.000000000      1
   -1.303911030       2.258440160       0.000000000      1
   -2.607822060       0.000000000       0.000000000      1
   -1.303911030      -2.258440160       0.000000000      1
    1.303911030      -2.258440160       0.000000000      1

 Chemical element : H
 martins_new                                                 
  pseudopotential format : new Martins
 There are      6 H  atoms
 and their initial coordinates are:

    x [bohr]          y [bohr]          z [bohr]     movable?
    4.667623550       0.000000000       0.000000000      1
    2.333811770       4.042280570       0.000000000      1
   -2.333811770       4.042280570       0.000000000      1
   -4.667623550       0.000000000       0.000000000      1
   -2.333811770      -4.042280570       0.000000000      1
    2.333811770      -4.042280570       0.000000000      1

 Tot. number of atoms =      12

 Correlation data:
 -----------------
 Exchange-Correlation functional is ca
 LDA, Ceperley-Alder, Perdew-Zunger parametrization

 Other input data:
 -----------------
 Writing only wave functions of occupied levels to parsec.dat file

 No spin effects!


 Using new (r*V_ps) interpolation of pseudopot. !

 output level [1 - 6] =  0

 No eigenvalue output File!
 outevflag =            0

 No minimization!

 No molecular dynamics!
 No polarizability!



 Pseudopotential messages
 ------------------------

 Pseudopotential file for atom type  1 is C_POTRE.DAT
New Martins generator


C   ca  nrl  nc  
  ATM3      26-JUN- 4 Troullier-Martins
 2s 2.00  r= 1.60/2p 2.00  r= 1.60/

 ion charge =   4.000    

 logarithmic parameters of pseudopot. radial grid
 r(i) = a*Exp(b(i-1)) - c
 C :   a [bohr] =  0.413125E-03  b =  0.100000E-01  c [bohr] =  0.413125E-03

 NOTICE: No Core-Correction !

 Occupancy of orbitals : 
   2.000   2.000
 # of pseudopot= 2, Local component is l = 1, Core radius [bohr] =  1.61

 Pseudopotential file for atom type  2 is H_POTRE.DAT
New Martins generator


H   ca  nrl  nc  
  ATM3      16-JUL- 4 Troullier-Martins
 1s 1.00  r= 1.39/

 ion charge =   1.000    

 logarithmic parameters of pseudopot. radial grid
 r(i) = a*Exp(b(i-1)) - c
 H :   a [bohr] =  0.247875E-02  b =  0.100000E-01  c [bohr] =  0.247875E-02

 NOTICE: No Core-Correction !

 Occupancy of orbitals : 
   1.000
 # of pseudopot= 1, Local component is l = 0, Core radius [bohr] =  1.39

 Using order          18 for calculating dV/dr in pseudo

 Normalization check and Kleinman-Bylander Integral

                                 s                 p                 d
  C    Normalization        1.00001667        1.00001676
  C    K-B Int. [Ry]        1.03259921        0.00000000

  H    Normalization        1.00001670
  H    K-B Int. [Ry]        0.00000000

 K-B Energy Integrals renormalized to unity


 Symmetry Properties:
 --------------------

 The crystallographic system is cubic with operations: 
       1  2  3  4  5  6  7  8  9 10 11 12 13 14 15 16
      17 18 19 20 21 22 23 24 25 26 27 28 29 30 31 32
      33 34 35 36 37 38 39 40 41 42 43 44 45 46 47 48


 The space group of the crystal is symmorphic
 (this usually means that symmetry operations do not
 involve rotations and translations simultaneously)

 Operation number: 
       1  2  3  4 25 26 27 28


    Rotation matrices (r-lattice) and fractional translations (r-lattice)

    1     1  0  0     0  1  0     0  0  1     -0.00000 -0.00000 -0.00000   E  
    2     1  0  0     0 -1  0     0  0 -1     -0.00000 -0.00000 -0.00000   C2 
    3    -1  0  0     0  1  0     0  0 -1     -0.00000 -0.00000 -0.00000   C2 
    4    -1  0  0     0 -1  0     0  0  1     -0.00000 -0.00000 -0.00000   C2 
    5    -1  0  0     0 -1  0     0  0 -1     -0.00000 -0.00000 -0.00000   IE 
    6    -1  0  0     0  1  0     0  0  1     -0.00000 -0.00000 -0.00000   IC2
    7     1  0  0     0 -1  0     0  0  1     -0.00000 -0.00000 -0.00000   IC2
    8     1  0  0     0  1  0     0  0 -1     -0.00000 -0.00000 -0.00000   IC2

  Found Abelian subgroup D_2h  with            8  symmetry operations

  Character table : character = exp(i*Pi*x/3)
----------------------------------------------------------
 Representation |    E   C2   C2   C2   IE  IC2  IC2  IC2
   Ag      1   |     0    0    0    0    0    0    0    0
   B1g     2   |     0    0    3    3    0    0    3    3
   B2g     3   |     0    3    0    3    0    3    0    3
   B3g     4   |     0    3    3    0    0    3    3    0
   Au      5   |     0    0    0    0    3    3    3    3
   B1u     6   |     0    0    3    3    3    3    0    0
   B2u     7   |     0    3    0    3    3    0    3    0
   B3u     8   |     0    3    3    0    3    0    0    3
----------------------------------------------------------
 Operation number:   1    2    3    4    5    6    7    8

                     ********************                    

  Distributing            8  processors among            8  groups.
  Each group contains            1  processors.

                     ********************                    

 Setup messages:
 ---------------
 The Hamiltonian matrix size is      268096
  reduced size is        33512
  maximum distance between grid points and their images is
    0.000      [bohr]

 There are 36 laplacian-related non-diagonal elements per row
  GROUP COMMUNICATOR FOR MATVEC IS THE NEIGHBORHOOD GRAPH COMMUNICATOR!
  WARNING: MATVEC NEIGHBORHOOD COLLECTIVES ARE ACTIVATED 
  WARNING: MATVEC NON-BLOCKING ALLREDUCE IS ACTIVATED 

  Maximum number of matrix-vector operations =        83782


  Calculating the non-local contribution to the Hamiltonian...


 Non-local pseudopotential messages:
 -----------------------------------
 Max # of nonlocal points for one atom =          276

 Sizes of all non-local blocks 
   268   276   276   268   276   276   168   170   170   168   170   170


 Memory usage:
 -------------
 estimated memory usage per PE    :    52.35 MB
 additional memory in master PE   :    12.27 MB
 maximum estimated memory per PE  :    64.62 MB

 Tot. electron charge from atomic density [e] =       30.003    
 Renormalizing charge density

 Charge init time [sec]:       0.02

 Tot. electron charge from atomic density [e] =       30.000    

 Max and min values of charge density [e/bohr^3]:   0.2585E+00   0.3850E-10     

 Hartree potential time [sec]:       0.30


Setup time [sec] :       0.50

 -----------------------------------------------------------------


  Starting SCF... 

  CHEBFF: upperb=    160.089724  lowerb=     53.377049  lowb0=      0.020712
  CHEBFF: true bnds used:  upperb=    160.089724  lowerb=     53.377049
CHEBFF Loop time [sec]:       0.36
  CHEBFF: true bnds used:  upperb=    160.089724  lowerb=      3.624715
CHEBFF Loop time [sec]:       0.36
 Number of converged eigen-pairs per representation:           8           8           8           8           8           8           8           8
 Number of matrix-vector multiplications:          346         346         346         346         346         346         346         346
 Cumulated number of matrix-vector mult. =         2768

 Diagonalization time [sec] :       0.79,      tdiag_sum =        0.79

 Fermi level at    -0.1518 [Ry]

   State   Eigenvalue [Ry]      Eigenvalue [eV]    Occup.     Repr.

    1        -1.8125928552       -24.6617758699    1.0000        1
    2        -1.5977030271       -21.7380278456    1.0000        7
    3        -1.5397101833       -20.9489888114    1.0000        6
    4        -1.1968524856       -16.2841355484    1.0000        4
    5        -1.1455791946       -15.5865214062    1.0000        1
    6        -0.9785354258       -13.3137572961    1.0000        7
    7        -0.7866173121       -10.7025578256    1.0000        8
    8        -0.7837636775       -10.6637318430    1.0000        1
    9        -0.7654862101       -10.4150522777    1.0000        6
   10        -0.5596682664        -7.6147344993    1.0000        7
   11        -0.5469982958        -7.4423494135    1.0000        2
   12        -0.5181396092        -7.0497038945    1.0000        6
   13        -0.5041052601        -6.8587553475    1.0000        3
   14        -0.4964283353        -6.7543046447    1.0000        1
   15        -0.4953151429        -6.7391587708    1.0000        4
   16        -0.0876550479        -1.1926170502    0.0000        5
   17         0.3047575928         4.1464708566    0.0000        8
   18         0.3632276976         4.9420034085    0.0000        7
   19         0.3700342175         5.0346115561    0.0000        2
   20         0.4017623415         5.4662980659    0.0000        8


 Max and min values of charge density [e/bohr^3]:   0.3453E+00   0.3812E-06     

 Hartree potential time [sec]:       0.27


   Eigenvalue Energy             =         -27.45499056 [Ry]
   Hartree Energy                =         203.23521776 [Ry]
   Integral_{Vxc*rho}            =         -25.83696141 [Ry]
   Exc = Integral{eps_xc*rho}    =         -19.77911942 [Ry]
   Electron-Ion energy           =        -509.09170945 [Ry]
   Ion-Ion Energy                =         207.86811275 [Ry]

   Total Energy =           -61.19568964 [Ry]
   Energy/atom  =           -69.38469284 [eV]


  0-  1    SRE of pot. & charge weighted pot =  18.1298747937    1.6206458466

 Number of converged eigen-pairs per representation:           8           8           7           8           7           8           8           8
 Number of matrix-vector multiplications:          121         121         102         121         102         121         121         121
 Cumulated number of matrix-vector mult. =         3698

 Diagonalization time [sec] :       0.27,      tdiag_sum =        1.06

 Fermi level at    -1.1454 [Ry]

   State   Eigenvalue [Ry]      Eigenvalue [eV]    Occup.     Repr.

    1        -2.6143382432       -35.5701632690    1.0000        1
    2        -2.3759342315       -32.3264859668    1.0000        6
    3        -2.3568880935       -32.0673480221    1.0000        7
    4        -2.0755757176       -28.2398680981    1.0000        4
    5        -2.0551076986       -27.9613843255    1.0000        1
    6        -1.8623488277       -25.3387456800    1.0000        7
    7        -1.8391227068       -25.0227357239    1.0000        1
    8        -1.6708054970       -22.7326454317    1.0000        6
    9        -1.6563532799       -22.5360114554    1.0000        7
   10        -1.6227974370       -22.0794573685    1.0000        6
   11        -1.5888858308       -21.6180628368    1.0000        8
   12        -1.5105481131       -20.5522155174    1.0000        4
   13        -1.4952895193       -20.3446101415    1.0000        1
   14        -1.3825130213       -18.8101956646    1.0000        3
   15        -1.3651739387       -18.5742835746    1.0000        2
   16        -0.9484417596       -12.9043088933    0.0000        5
   17        -0.8677564622       -11.8065208730    0.0000        8
   18        -0.5259964677        -7.1566027407    0.0000        3
   19        -0.2737761581        -3.7249436522    0.0000        7
   20        -0.2641045663        -3.5933539087    0.0000        1


 Max and min values of charge density [e/bohr^3]:   0.3942E+00   0.1364E-07     

 Hartree potential time [sec]:       0.35


   Eigenvalue Energy             =         -54.94336431 [Ry]
   Hartree Energy                =         276.08493130 [Ry]
   Integral_{Vxc*rho}            =         -34.19225298 [Ry]
   Exc = Integral{eps_xc*rho}    =         -26.14439147 [Ry]
   Electron-Ion energy           =        -605.16981112 [Ry]
   Ion-Ion Energy                =         207.86811275 [Ry]
   (E(new)-E(old))/atom  =           -14.75976202 [eV]

   Total Energy =           -74.21345738 [Ry]
   Energy/atom  =           -84.14445487 [eV]


  0-  2    SRE of pot. & charge weighted pot =   9.1646200175    1.4346869911

 Number of converged eigen-pairs per representation:           8           7           7           8           7           8           8           8
 Number of matrix-vector multiplications:          121         102         102         121         102         121         121         121
 Cumulated number of matrix-vector mult. =         4609

 Diagonalization time [sec] :       0.28,      tdiag_sum =        1.34

 Fermi level at    -0.7406 [Ry]

   State   Eigenvalue [Ry]      Eigenvalue [eV]    Occup.     Repr.

    1        -2.2938085874       -31.2091008787    1.0000        1
    2        -2.0693566248       -28.1552523656    1.0000        6
    3        -2.0563080964       -27.9777166975    1.0000        7
    4        -1.7866589145       -24.3089238595    1.0000        4
    5        -1.7786053289       -24.1993483839    1.0000        1
    6        -1.6094539564       -21.8979086404    1.0000        1
    7        -1.5622451021       -21.2555944100    1.0000        7
    8        -1.4288909666       -19.4412047130    1.0000        6
    9        -1.4221126886       -19.3489808190    1.0000        6
   10        -1.4161466555       -19.2678081652    1.0000        7
   11        -1.3294463711       -18.0881814366    1.0000        8
   12        -1.2781131310       -17.3897516372    1.0000        4
   13        -1.2691313003       -17.2675466462    1.0000        1
   14        -1.1265300450       -15.3273424862    1.0000        3
   15        -1.1164460221       -15.1901412880    1.0000        2
   16        -0.7176985339        -9.7648627127    0.0000        5
   17        -0.7112356778        -9.6769303856    0.0000        8
   18        -0.4075034799        -5.5444108466    0.0000        3
   19        -0.2706139568        -3.6819193733    0.0000        1
   20        -0.2227980211        -3.0313453158    0.0000        7


 Max and min values of charge density [e/bohr^3]:   0.3800E+00   0.7036E-09     

 Hartree potential time [sec]:       0.29


   Eigenvalue Energy             =         -47.08650758 [Ry]
   Hartree Energy                =         276.15166437 [Ry]
   Integral_{Vxc*rho}            =         -34.15404362 [Ry]
   Exc = Integral{eps_xc*rho}    =         -26.11702545 [Ry]
   Electron-Ion energy           =        -604.38255779 [Ry]
   Ion-Ion Energy                =         207.86811275 [Ry]
   (E(new)-E(old))/atom  =            -0.55858432 [eV]

   Total Energy =           -74.70611579 [Ry]
   Energy/atom  =           -84.70303919 [eV]


  0-  3    SRE of pot. & charge weighted pot =   7.9474258314    1.1335161171

 Number of converged eigen-pairs per representation:           8           7           7           8           7           8           8           8
 Number of matrix-vector multiplications:          121         102         102         121         102         121         121         121
 Cumulated number of matrix-vector mult. =         5520

 Diagonalization time [sec] :       0.26,      tdiag_sum =        1.59

 Fermi level at    -0.5864 [Ry]

   State   Eigenvalue [Ry]      Eigenvalue [eV]    Occup.     Repr.

    1        -1.9792222619       -26.9289022504    1.0000        1
    2        -1.7650352171       -24.0147161575    1.0000        6
    3        -1.7619395935       -23.9725977208    1.0000        7
    4        -1.5000446564       -20.4093075866    1.0000        4
    5        -1.4957696458       -20.3511426471    1.0000        1
    6        -1.3520420320       -18.3956134793    1.0000        1
    7        -1.2506842246       -17.0165594228    1.0000        7
    8        -1.1961029936       -16.2739381108    1.0000        6
    9        -1.1544526361       -15.7072516762    1.0000        6
   10        -1.1531616487       -15.6896867605    1.0000        7
   11        -1.0598775788       -14.4204823612    1.0000        8
   12        -1.0135976355       -13.7908067094    1.0000        4
   13        -1.0077094467       -13.7106931901    1.0000        1
   14        -0.8546087836       -11.6276361880    1.0000        3
   15        -0.8528508543       -11.6037181529    1.0000        2
   16        -0.4611201567        -6.2739086286    0.0000        5
   17        -0.4576429075        -6.2265978707    0.0000        8
   18        -0.1946549980        -2.6484369719    0.0000        1
   19        -0.1636625792        -2.2267603199    0.0000        3
   20        -0.1221709532        -1.6622335551    0.0000        6


 Max and min values of charge density [e/bohr^3]:   0.3644E+00   0.5047E-10     

 Hartree potential time [sec]:       0.28


   Eigenvalue Energy             =         -38.79419842 [Ry]
   Hartree Energy                =         271.04798050 [Ry]
   Integral_{Vxc*rho}            =         -33.45814306 [Ry]
   Exc = Integral{eps_xc*rho}    =         -25.58908683 [Ry]
   Electron-Ion energy           =        -597.07604094 [Ry]
   Ion-Ion Energy                =         207.86811275 [Ry]
   (E(new)-E(old))/atom  =            -0.52495931 [eV]

   Total Energy =           -75.16911773 [Ry]
   Energy/atom  =           -85.22799850 [eV]


  0-  4    SRE of pot. & charge weighted pot =   5.0471314956    0.6516079328

 Number of converged eigen-pairs per representation:           8           7           7           8           7           8           8           8
 Number of matrix-vector multiplications:          121         102         102         121         102         121         121         121
 Cumulated number of matrix-vector mult. =         6431

 Diagonalization time [sec] :       0.27,      tdiag_sum =        1.87

 Fermi level at    -0.5168 [Ry]

   State   Eigenvalue [Ry]      Eigenvalue [eV]    Occup.     Repr.

    1        -1.8435268518       -25.0826576409    1.0000        1
    2        -1.6303328322       -22.1819824488    1.0000        6
    3        -1.6283742861       -22.1553348612    1.0000        7
    4        -1.3673755049       -18.6042376452    1.0000        4
    5        -1.3641562998       -18.5604377835    1.0000        1
    6        -1.2276970689       -16.7038007795    1.0000        1
    7        -1.1102773401       -15.1062114333    1.0000        7
    8        -1.0751438435       -14.6281921063    1.0000        6
    9        -1.0278201925       -13.9843159757    1.0000        6
   10        -1.0269331795       -13.9722474535    1.0000        7
   11        -0.9397303752       -12.7857835386    1.0000        8
   12        -0.8842112274       -12.0304011180    1.0000        4
   13        -0.8803747680       -11.9782030180    1.0000        1
   14        -0.7338592579        -9.9847422916    1.0000        3
   15        -0.7325300034        -9.9666567208    1.0000        2
   16        -0.3429647949        -4.6663104062    0.0000        5
   17        -0.3411327872        -4.6413844758    0.0000        8
   18        -0.1451833472        -1.9753355853    0.0000        1
   19        -0.0831166359        -1.1308683246    0.0000        6
   20        -0.0745567833        -1.0144046829    0.0000        7


 Max and min values of charge density [e/bohr^3]:   0.3578E+00   0.1148E-10     

 Hartree potential time [sec]:       0.28


   Eigenvalue Energy             =         -34.94468606 [Ry]
   Hartree Energy                =         268.59206788 [Ry]
   Integral_{Vxc*rho}            =         -33.10034405 [Ry]
   Exc = Integral{eps_xc*rho}    =         -25.31744946 [Ry]
   Electron-Ion energy           =        -593.53393038 [Ry]
   Ion-Ion Energy                =         207.86811275 [Ry]
   (E(new)-E(old))/atom  =            -0.14504396 [eV]

   Total Energy =           -75.29704314 [Ry]
   Energy/atom  =           -85.37304246 [eV]


  0-  5    SRE of pot. & charge weighted pot =   3.4882402972    0.4317311737

 Number of converged eigen-pairs per representation:           8           7           7           8           7           8           8           8
 Number of matrix-vector multiplications:          121         102         102         121         102         121         121         121
 Cumulated number of matrix-vector mult. =         7342

 Diagonalization time [sec] :       0.32,      tdiag_sum =        2.19

 Fermi level at    -0.4477 [Ry]

   State   Eigenvalue [Ry]      Eigenvalue [eV]    Occup.     Repr.

    1        -1.7140113283       -23.3204953309    1.0000        1
    2        -1.4982358438       -20.3846972439    1.0000        6
    3        -1.4969503041       -20.3672064479    1.0000        7
    4        -1.2335487184       -16.7834171526    1.0000        4
    5        -1.2317993258       -16.7596152669    1.0000        1
    6        -1.0995440653       -14.9601766430    1.0000        1
    7        -0.9735677071       -13.2461675095    1.0000        7
    8        -0.9446499574       -12.8527183898    1.0000        6
    9        -0.8987100995       -12.2276698712    1.0000        6
   10        -0.8982263892       -12.2210886057    1.0000        7
   11        -0.8226064686       -11.1922190902    1.0000        8
   12        -0.7513845253       -10.2231875740    1.0000        4
   13        -0.7491733410       -10.1931026428    1.0000        1
   14        -0.6157151352        -8.3772969868    1.0000        3
   15        -0.6143097839        -8.3581760582    1.0000        2
   16        -0.2261363175        -3.0767655093    0.0000        5
   17        -0.2255457305        -3.0687301003    0.0000        8
   18        -0.0848595626        -1.1545822373    0.0000        1
   19        -0.0333488438        -0.4537376985    0.0000        6
   20        -0.0256330717        -0.3487584474    0.0000        7


 Max and min values of charge density [e/bohr^3]:   0.3532E+00   0.1177E-10     

 Hartree potential time [sec]:       0.28


   Eigenvalue Energy             =         -31.08486599 [Ry]
   Hartree Energy                =         266.67504260 [Ry]
   Integral_{Vxc*rho}            =         -32.79158707 [Ry]
   Exc = Integral{eps_xc*rho}    =         -25.08292944 [Ry]
   Electron-Ion energy           =        -590.71903908 [Ry]
   Ion-Ion Energy                =         207.86811275 [Ry]
   (E(new)-E(old))/atom  =            -0.07033349 [eV]

   Total Energy =           -75.35907565 [Ry]
   Energy/atom  =           -85.44337595 [eV]


  0-  6    SRE of pot. & charge weighted pot =   1.8439126324    0.2350358417

 Number of converged eigen-pairs per representation:           8           7           7           8           7           8           8           8
 Number of matrix-vector multiplications:          121         102         102         121         102         121         121         121
 Cumulated number of matrix-vector mult. =         8253

 Diagonalization time [sec] :       0.26,      tdiag_sum =        2.45

 Fermi level at    -0.3663 [Ry]

   State   Eigenvalue [Ry]      Eigenvalue [eV]    Occup.     Repr.

    1        -1.5421691151       -20.9824445464    1.0000        1
    2        -1.3292913479       -18.0860722212    1.0000        7
    3        -1.3277469536       -18.0650595020    1.0000        6
    4        -1.0668073246       -14.5147670971    1.0000        1
    5        -1.0665720357       -14.5115658034    1.0000        4
    6        -0.9411020243       -12.8044459219    1.0000        1
    7        -0.7979509864       -10.8567615312    1.0000        7
    8        -0.7907047339       -10.7581704683    1.0000        6
    9        -0.7382516008       -10.0445036308    1.0000        7
   10        -0.7366613631       -10.0228671737    1.0000        6
   11        -0.6713204700        -9.1338520510    1.0000        8
   12        -0.5874688495        -7.9929836726    1.0000        4
   13        -0.5872070780        -7.9894220612    1.0000        1
   14        -0.4643250985        -6.3175144247    1.0000        2
   15        -0.4636503603        -6.3083340720    1.0000        3
   16        -0.0813672672        -1.1070667637    0.0000        5
   17        -0.0802435718        -1.0917779890    0.0000        8
   18        -0.0165926453        -0.2257562135    0.0000        1
   19         0.0200619772         0.2729592499    0.0000        6
   20         0.0255909488         0.3481853311    0.0000        7


 Max and min values of charge density [e/bohr^3]:   0.3451E+00   0.1990E-10     

 Hartree potential time [sec]:       0.28


   Eigenvalue Energy             =         -26.22245868 [Ry]
   Hartree Energy                =         263.61847237 [Ry]
   Integral_{Vxc*rho}            =         -32.33948482 [Ry]
   Exc = Integral{eps_xc*rho}    =         -24.73944051 [Ry]
   Electron-Ion energy           =        -586.29306304 [Ry]
   Ion-Ion Energy                =         207.86811275 [Ry]
   (E(new)-E(old))/atom  =            -0.03146629 [eV]

   Total Energy =           -75.38682818 [Ry]
   Energy/atom  =           -85.47484224 [eV]


  0-  7    SRE of pot. & charge weighted pot =   0.3690802411    0.0374133642

 Number of converged eigen-pairs per representation:           8           7           7           8           7           8           8           8
 Number of matrix-vector multiplications:          121         102         102         121         102         121         121         121
 Cumulated number of matrix-vector mult. =         9164

 Diagonalization time [sec] :       0.32,      tdiag_sum =        2.78

 Fermi level at    -0.3717 [Ry]

   State   Eigenvalue [Ry]      Eigenvalue [eV]    Occup.     Repr.

    1        -1.5466399820       -21.0432742665    1.0000        1
    2        -1.3334552082       -18.1427248714    1.0000        7
    3        -1.3321087240       -18.1244048770    1.0000        6
    4        -1.0708423273       -14.5696665369    1.0000        1
    5        -1.0707543787       -14.5684699256    1.0000        4
    6        -0.9452199946       -12.8604742029    1.0000        1
    7        -0.8022400636       -10.9151178567    1.0000        7
    8        -0.7946010773       -10.8111833381    1.0000        6
    9        -0.7424627444       -10.1017996082    1.0000        7
   10        -0.7409207917       -10.0808201071    1.0000        6
   11        -0.6753192453        -9.1882585882    1.0000        8
   12        -0.5917084109        -8.0506662971    1.0000        4
   13        -0.5913731269        -8.0461044903    1.0000        1
   14        -0.4681617037        -6.3697145088    1.0000        2
   15        -0.4677355304        -6.3639160799    1.0000        3
   16        -0.0850993515        -1.1578447562    0.0000        5
   17        -0.0844121952        -1.1484954454    0.0000        8
   18        -0.0224074207        -0.3048708847    0.0000        1
   19         0.0166660097         0.2267543949    0.0000        6
   20         0.0199404166         0.2713053207    0.0000        7


 Max and min values of charge density [e/bohr^3]:   0.3448E+00   0.3342E-11     

 Hartree potential time [sec]:       0.27


   Eigenvalue Energy             =         -26.34708662 [Ry]
   Hartree Energy                =         263.45312682 [Ry]
   Integral_{Vxc*rho}            =         -32.31687073 [Ry]
   Exc = Integral{eps_xc*rho}    =         -24.72225514 [Ry]
   Electron-Ion energy           =        -586.06157563 [Ry]
   Ion-Ion Energy                =         207.86811275 [Ry]
   (E(new)-E(old))/atom  =             0.00016913 [eV]

   Total Energy =           -75.38667901 [Ry]
   Energy/atom  =           -85.47467311 [eV]


  0-  8    SRE of pot. & charge weighted pot =   0.2961106270    0.0395457594

 Number of converged eigen-pairs per representation:           8           7           7           8           7           8           8           8
 Number of matrix-vector multiplications:          121         102         102         121         102         121         121         121
 Cumulated number of matrix-vector mult. =        10075

 Diagonalization time [sec] :       0.26,      tdiag_sum =        3.03

 Fermi level at    -0.3832 [Ry]

   State   Eigenvalue [Ry]      Eigenvalue [eV]    Occup.     Repr.

    1        -1.5694211023       -21.3532296343    1.0000        1
    2        -1.3548364060       -18.4336331730    1.0000        7
    3        -1.3538852678       -18.4206921766    1.0000        6
    4        -1.0912417012       -14.8472163382    1.0000        1
    5        -1.0910599856       -14.8447439518    1.0000        4
    6        -0.9637634359       -13.1127725565    1.0000        1
    7        -0.8252331022       -11.2279565421    1.0000        7
    8        -0.8112049566       -11.0370923984    1.0000        6
    9        -0.7612972615       -10.3580582806    1.0000        7
   10        -0.7603676134       -10.3454096749    1.0000        6
   11        -0.6944898464        -9.4490899527    1.0000        8
   12        -0.6110287358        -8.3135347729    1.0000        4
   13        -0.6106847543        -8.3088546296    1.0000        1
   14        -0.4869696422        -6.6256115579    1.0000        2
   15        -0.4868906250        -6.6245364658    1.0000        3
   16        -0.1026472579        -1.3965980617    0.0000        5
   17        -0.1023714306        -1.3928452099    0.0000        8
   18        -0.0315482328        -0.4292389458    0.0000        1
   19         0.0104263108         0.1418582999    0.0000        6
   20         0.0122369201         0.1664930874    0.0000        7


 Max and min values of charge density [e/bohr^3]:   0.3462E+00   0.2828E-12     

 Hartree potential time [sec]:       0.35


   Eigenvalue Energy             =         -26.94474887 [Ry]
   Hartree Energy                =         263.94706891 [Ry]
   Integral_{Vxc*rho}            =         -32.38333332 [Ry]
   Exc = Integral{eps_xc*rho}    =         -24.77274148 [Ry]
   Electron-Ion energy           =        -586.78127418 [Ry]
   Ion-Ion Energy                =         207.86811275 [Ry]
   (E(new)-E(old))/atom  =            -0.00204761 [eV]

   Total Energy =           -75.38848495 [Ry]
   Energy/atom  =           -85.47672072 [eV]


  0-  9    SRE of pot. & charge weighted pot =   0.0970031350    0.0042854082

 Number of converged eigen-pairs per representation:           8           7           7           8           7           8           8           8
 Number of matrix-vector multiplications:          113          95          95         113          95         113         113         113
 Cumulated number of matrix-vector mult. =        10925

 Diagonalization time [sec] :       0.36,      tdiag_sum =        3.39

 Fermi level at    -0.3836 [Ry]

   State   Eigenvalue [Ry]      Eigenvalue [eV]    Occup.     Repr.

    1        -1.5672294278       -21.3234101488    1.0000        1
    2        -1.3533222216       -18.4130314821    1.0000        7
    3        -1.3521923013       -18.3976580128    1.0000        6
    4        -1.0902055955       -14.8331192918    1.0000        1
    5        -1.0896154237       -14.8250895319    1.0000        4
    6        -0.9618961629       -13.0873668135    1.0000        1
    7        -0.8241301105       -11.2129494578    1.0000        7
    8        -0.8098472831       -11.0186201646    1.0000        6
    9        -0.7590632323       -10.3276625263    1.0000        7
   10        -0.7584509094       -10.3193313838    1.0000        6
   11        -0.6923782686        -9.4203602468    1.0000        8
   12        -0.6092349157        -8.2891284163    1.0000        1
   13        -0.6092264691        -8.2890134929    1.0000        4
   14        -0.4852067042        -6.6016253762    1.0000        2
   15        -0.4849067862        -6.5975447512    1.0000        3
   16        -0.1009753950        -1.3738510297    0.0000        5
   17        -0.1007167955        -1.3703325759    0.0000        8
   18        -0.0321696673        -0.4376940598    0.0000        1
   19         0.0099272334         0.1350679521    0.0000        6
   20         0.0109590418         0.1491065308    0.0000        7


 Max and min values of charge density [e/bohr^3]:   0.3464E+00   0.2716E-12     

 Hartree potential time [sec]:       0.36


   Eigenvalue Energy             =         -26.89381162 [Ry]
   Hartree Energy                =         264.03537030 [Ry]
   Integral_{Vxc*rho}            =         -32.39690493 [Ry]
   Exc = Integral{eps_xc*rho}    =         -24.78303982 [Ry]
   Electron-Ion energy           =        -586.92486585 [Ry]
   Ion-Ion Energy                =         207.86811275 [Ry]
   (E(new)-E(old))/atom  =            -0.00014594 [eV]

   Total Energy =           -75.38861367 [Ry]
   Energy/atom  =           -85.47686666 [eV]


  0- 10    SRE of pot. & charge weighted pot =   0.0745636343    0.0024896481

 Number of converged eigen-pairs per representation:           8           7           7           8           7           8           8           8
 Number of matrix-vector multiplications:          105          88          88         105          88         105         105         105
 Cumulated number of matrix-vector mult. =        11714

 Diagonalization time [sec] :       0.34,      tdiag_sum =        3.73

 Fermi level at    -0.3824 [Ry]

   State   Eigenvalue [Ry]      Eigenvalue [eV]    Occup.     Repr.

    1        -1.5625674679       -21.2599804542    1.0000        1
    2        -1.3489220808       -18.3531640464    1.0000        7
    3        -1.3478369041       -18.3383993493    1.0000        6
    4        -1.0861273915       -14.7776320637    1.0000        1
    5        -1.0854051012       -14.7678047260    1.0000        4
    6        -0.9577981691       -13.0316103291    1.0000        1
    7        -0.8197225141       -11.1529805830    1.0000        7
    8        -0.8060884340       -10.9674780159    1.0000        6
    9        -0.7547277010       -10.2686741539    1.0000        7
   10        -0.7543105673       -10.2629987159    1.0000        6
   11        -0.6881671359        -9.3630644172    1.0000        8
   12        -0.6051589327        -8.2336714066    1.0000        1
   13        -0.6050149017        -8.2317117493    1.0000        4
   14        -0.4810862534        -6.5455633467    1.0000        2
   15        -0.4807991490        -6.5416570616    1.0000        3
   16        -0.0970905264        -1.3209942841    0.0000        5
   17        -0.0968949169        -1.3183328606    0.0000        8
   18        -0.0317174872        -0.4315417869    0.0000        1
   19         0.0103260443         0.1404940936    0.0000        6
   20         0.0109839184         0.1494449966    0.0000        7


 Max and min values of charge density [e/bohr^3]:   0.3463E+00   0.1177E-12     

 Hartree potential time [sec]:       0.32


   Eigenvalue Energy             =         -26.76746541 [Ry]
   Hartree Energy                =         264.00357372 [Ry]
   Integral_{Vxc*rho}            =         -32.39272098 [Ry]
   Exc = Integral{eps_xc*rho}    =         -24.77985417 [Ry]
   Electron-Ion energy           =        -586.88492471 [Ry]
   Ion-Ion Energy                =         207.86811275 [Ry]
   (E(new)-E(old))/atom  =             0.00000658 [eV]

   Total Energy =           -75.38860787 [Ry]
   Energy/atom  =           -85.47686008 [eV]


  0- 11    SRE of pot. & charge weighted pot =   0.0837876872    0.0040998646

 Number of converged eigen-pairs per representation:           8           7           7           8           7           8           8           8
 Number of matrix-vector multiplications:           97          81          81          97          81          97          97          97
 Cumulated number of matrix-vector mult. =        12442

 Diagonalization time [sec] :       0.22,      tdiag_sum =        3.95

 Fermi level at    -0.3824 [Ry]

   State   Eigenvalue [Ry]      Eigenvalue [eV]    Occup.     Repr.

    1        -1.5619952634       -21.2521951551    1.0000        1
    2        -1.3482264450       -18.3436993654    1.0000        7
    3        -1.3471743111       -18.3293842416    1.0000        6
    4        -1.0853611465       -14.7672066870    1.0000        1
    5        -1.0846573955       -14.7576315913    1.0000        4
    6        -0.9570761244       -13.0217863336    1.0000        1
    7        -0.8190125674       -11.1433211902    1.0000        7
    8        -0.8052373832       -10.9558987889    1.0000        6
    9        -0.7540282691       -10.2591578239    1.0000        7
   10        -0.7536218816       -10.2536285971    1.0000        6
   11        -0.6875710594        -9.3549543199    1.0000        8
   12        -0.6043965048        -8.2232979657    1.0000        1
   13        -0.6042715862        -8.2215983478    1.0000        4
   14        -0.4804480774        -6.5368804518    1.0000        2
   15        -0.4801922347        -6.5333995063    1.0000        3
   16        -0.0964538479        -1.3123317641    0.0000        5
   17        -0.0962807684        -1.3099768788    0.0000        8
   18        -0.0320293175        -0.4357844885    0.0000        1
   19         0.0103437343         0.1407347806    0.0000        6
   20         0.0108497192         0.1476191089    0.0000        7


 Max and min values of charge density [e/bohr^3]:   0.3463E+00   0.5336E-13     

 Hartree potential time [sec]:       0.29


   Eigenvalue Energy             =         -26.74654050 [Ry]
   Hartree Energy                =         264.00157473 [Ry]
   Integral_{Vxc*rho}            =         -32.39188220 [Ry]
   Exc = Integral{eps_xc*rho}    =         -24.77921496 [Ry]
   Electron-Ion energy           =        -586.88190460 [Ry]
   Ion-Ion Energy                =         207.86811275 [Ry]
   (E(new)-E(old))/atom  =            -0.00000294 [eV]

   Total Energy =           -75.38861046 [Ry]
   Energy/atom  =           -85.47686301 [eV]


  0- 12    SRE of pot. & charge weighted pot =   0.0879061218    0.0046168388

 Number of converged eigen-pairs per representation:           8           7           7           8           7           8           8           8
 Number of matrix-vector multiplications:           89          74          74          89          74          89          89          89
 Cumulated number of matrix-vector mult. =        13109

 Diagonalization time [sec] :       0.19,      tdiag_sum =        4.13

 Fermi level at    -0.3831 [Ry]

   State   Eigenvalue [Ry]      Eigenvalue [eV]    Occup.     Repr.

    1        -1.5649190293       -21.2919753295    1.0000        1
    2        -1.3512592312       -18.3849628475    1.0000        7
    3        -1.3500883833       -18.3690325257    1.0000        6
    4        -1.0883590547       -14.8079956258    1.0000        1
    5        -1.0875725757       -14.7972949506    1.0000        4
    6        -0.9597432330       -13.0580744792    1.0000        1
    7        -0.8221972540       -11.1866513982    1.0000        7
    8        -0.8078890296       -10.9919765594    1.0000        6
    9        -0.7567568981       -10.2962830038    1.0000        7
   10        -0.7562753193       -10.2897307399    1.0000        6
   11        -0.6902938034        -9.3919994309    1.0000        8
   12        -0.6072197489        -8.2617104599    1.0000        1
   13        -0.6070695779        -8.2596672629    1.0000        4
   14        -0.4832228611        -6.5746336031    1.0000        2
   15        -0.4828960024        -6.5701864296    1.0000        3
   16        -0.0990597820        -1.3477875826    0.0000        5
   17        -0.0988871269        -1.3454384707    0.0000        8
   18        -0.0326793555        -0.4446287746    0.0000        1
   19         0.0104450499         0.1421132599    0.0000        6
   20         0.0108864409         0.1481187373    0.0000        7


 Max and min values of charge density [e/bohr^3]:   0.3464E+00   0.7347E-13     

 Hartree potential time [sec]:       0.28


   Eigenvalue Energy             =         -26.83152400 [Ry]
   Hartree Energy                =         264.04740385 [Ry]
   Integral_{Vxc*rho}            =         -32.39849283 [Ry]
   Exc = Integral{eps_xc*rho}    =         -24.78423990 [Ry]
   Electron-Ion energy           =        -586.94786722 [Ry]
   Ion-Ion Energy                =         207.86811275 [Ry]
   (E(new)-E(old))/atom  =            -0.00001576 [eV]

   Total Energy =           -75.38862436 [Ry]
   Energy/atom  =           -85.47687878 [eV]


  0- 13    SRE of pot. & charge weighted pot =   0.0583209894    0.0014781654

 Number of converged eigen-pairs per representation:           8           7           7           8           7           8           8           8
 Number of matrix-vector multiplications:           81          67          67          81          67          81          81          81
 Cumulated number of matrix-vector mult. =        13715

 Diagonalization time [sec] :       0.18,      tdiag_sum =        4.31

 Fermi level at    -0.3830 [Ry]

   State   Eigenvalue [Ry]      Eigenvalue [eV]    Occup.     Repr.

    1        -1.5653962570       -21.2984683933    1.0000        1
    2        -1.3515581300       -18.3890296048    1.0000        7
    3        -1.3505113595       -18.3747874545    1.0000        6
    4        -1.0886260449       -14.8116282415    1.0000        1
    5        -1.0878519745       -14.8010963945    1.0000        4
    6        -0.9600338373       -13.0620283833    1.0000        1
    7        -0.8225387781       -11.1912981075    1.0000        7
    8        -0.8080466831       -10.9941215609    1.0000        6
    9        -0.7570507639       -10.3002812837    1.0000        7
   10        -0.7566452035       -10.2947633095    1.0000        6
   11        -0.6906482560        -9.3968220412    1.0000        8
   12        -0.6074748753        -8.2651816589    1.0000        1
   13        -0.6073706214        -8.2637632005    1.0000        4
   14        -0.4834792214        -6.5781215908    1.0000        2
   15        -0.4832842215        -6.5754684612    1.0000        3
   16        -0.0992766352        -1.3507380425    0.0000        5
   17        -0.0992032210        -1.3497391846    0.0000        8
   18        -0.0327256361        -0.4452584600    0.0000        1
   19         0.0107224782         0.1458878938    0.0000        6
   20         0.0110722018         0.1506461627    0.0000        7


 Max and min values of charge density [e/bohr^3]:   0.3465E+00   0.5318E-13     

 Hartree potential time [sec]:       0.28


   Eigenvalue Energy             =         -26.84103245 [Ry]
   Hartree Energy                =         264.05958368 [Ry]
   Integral_{Vxc*rho}            =         -32.39992205 [Ry]
   Exc = Integral{eps_xc*rho}    =         -24.78532593 [Ry]
   Electron-Ion energy           =        -586.96388963 [Ry]
   Ion-Ion Energy                =         207.86811275 [Ry]
   (E(new)-E(old))/atom  =            -0.00000452 [eV]

   Total Energy =           -75.38862835 [Ry]
   Energy/atom  =           -85.47688330 [eV]


  0- 14    SRE of pot. & charge weighted pot =   0.0392850245    0.0013834100

 Number of converged eigen-pairs per representation:           8           7           7           8           7           8           8           8
 Number of matrix-vector multiplications:           81          67          67          81          67          81          81          81
 Cumulated number of matrix-vector mult. =        14321

 Diagonalization time [sec] :       0.23,      tdiag_sum =        4.54

 Fermi level at    -0.3832 [Ry]

   State   Eigenvalue [Ry]      Eigenvalue [eV]    Occup.     Repr.

    1        -1.5650984236       -21.2944161323    1.0000        1
    2        -1.3507038961       -18.3774070692    1.0000        7
    3        -1.3498287605       -18.3655001500    1.0000        6
    4        -1.0874494433       -14.7956196356    1.0000        1
    5        -1.0868825320       -14.7879063546    1.0000        4
    6        -0.9592857596       -13.0518501881    1.0000        1
    7        -0.8215224308       -11.1774698891    1.0000        7
    8        -0.8068252512       -10.9775030032    1.0000        6
    9        -0.7564521273       -10.2921363543    1.0000        7
   10        -0.7560227231       -10.2862939664    1.0000        6
   11        -0.6900550989        -9.3887516651    1.0000        8
   12        -0.6065649896        -8.2528019354    1.0000        4
   13        -0.6064590237        -8.2513601851    1.0000        1
   14        -0.4826807646        -6.5672579466    1.0000        2
   15        -0.4826289015        -6.5665523084    1.0000        3
   16        -0.0984569369        -1.3395853916    0.0000        5
   17        -0.0984107733        -1.3389572998    0.0000        8
   18        -0.0330082169        -0.4491031978    0.0000        1
   19         0.0105473438         0.1435050501    0.0000        6
   20         0.0107430774         0.1461681625    0.0000        7


 Max and min values of charge density [e/bohr^3]:   0.3465E+00   0.3433E-13     

 Hartree potential time [sec]:       0.27


   Eigenvalue Energy             =         -26.81692025 [Ry]
   Hartree Energy                =         264.05410930 [Ry]
   Integral_{Vxc*rho}            =         -32.39793315 [Ry]
   Exc = Integral{eps_xc*rho}    =         -24.78381296 [Ry]
   Electron-Ion energy           =        -586.95184181 [Ry]
   Ion-Ion Energy                =         207.86811275 [Ry]
   (E(new)-E(old))/atom  =            -0.00000243 [eV]

   Total Energy =           -75.38863049 [Ry]
   Energy/atom  =           -85.47688573 [eV]


  0- 15    SRE of pot. & charge weighted pot =   0.0157796621    0.0006588275

 Number of converged eigen-pairs per representation:           8           7           7           8           7           8           8           8
 Number of matrix-vector multiplications:           81          67          67          81          67          81          81          81
 Cumulated number of matrix-vector mult. =        14927

 Diagonalization time [sec] :       0.18,      tdiag_sum =        4.71

 Fermi level at    -0.3833 [Ry]

   State   Eigenvalue [Ry]      Eigenvalue [eV]    Occup.     Repr.

    1        -1.5649567778       -21.2924889268    1.0000        1
    2        -1.3505541094       -18.3753691013    1.0000        7
    3        -1.3496156331       -18.3626003807    1.0000        6
    4        -1.0872270469       -14.7925937547    1.0000        1
    5        -1.0866832556       -14.7851950390    1.0000        4
    6        -0.9590743454       -13.0489737285    1.0000        1
    7        -0.8213455083       -11.1750627167    1.0000        7
    8        -0.8065650247       -10.9739624134    1.0000        6
    9        -0.7562916544       -10.2899529912    1.0000        7
   10        -0.7557898366       -10.2831253585    1.0000        6
   11        -0.6898577253        -9.3860662391    1.0000        8
   12        -0.6063733258        -8.2501941966    1.0000        4
   13        -0.6062280694        -8.2482178672    1.0000        1
   14        -0.4825113347        -6.5649527175    1.0000        2
   15        -0.4823959509        -6.5633828290    1.0000        3
   16        -0.0982824773        -1.3372117298    0.0000        5
   17        -0.0981874345        -1.3359185962    0.0000        8
   18        -0.0332336084        -0.4521698296    0.0000        1
   19         0.0104383355         0.1420219056    0.0000        6
   20         0.0105335026         0.1433167298    0.0000        7


 Max and min values of charge density [e/bohr^3]:   0.3466E+00   0.2405E-13     

 Hartree potential time [sec]:       0.27


   Eigenvalue Energy             =         -26.81093920 [Ry]
   Hartree Energy                =         264.05972604 [Ry]
   Integral_{Vxc*rho}            =         -32.39835749 [Ry]
   Exc = Integral{eps_xc*rho}    =         -24.78413375 [Ry]
   Electron-Ion energy           =        -586.96036960 [Ry]
   Ion-Ion Energy                =         207.86811275 [Ry]
   (E(new)-E(old))/atom  =            -0.00000094 [eV]

   Total Energy =           -75.38863132 [Ry]
   Energy/atom  =           -85.47688667 [eV]


  0- 16    SRE of pot. & charge weighted pot =   0.0060682039    0.0006351660

 Number of converged eigen-pairs per representation:           8           7           7           8           7           8           8           8
 Number of matrix-vector multiplications:           81          67          67          81          67          81          81          81
 Cumulated number of matrix-vector mult. =        15533

 Diagonalization time [sec] :       0.17,      tdiag_sum =        4.89

 Fermi level at    -0.3832 [Ry]

   State   Eigenvalue [Ry]      Eigenvalue [eV]    Occup.     Repr.

    1        -1.5646034207       -21.2876812208    1.0000        1
    2        -1.3504438975       -18.3738695804    1.0000        7
    3        -1.3494171446       -18.3598997863    1.0000        6
    4        -1.0872422412       -14.7928004847    1.0000        1
    5        -1.0866150519       -14.7842670734    1.0000        4
    6        -0.9588960941       -13.0465484772    1.0000        1
    7        -0.8213131036       -11.1746218250    1.0000        7
    8        -0.8065787800       -10.9741495643    1.0000        6
    9        -0.7560586014       -10.2867821194    1.0000        7
   10        -0.7555517057       -10.2798853978    1.0000        6
   11        -0.6896194982        -9.3828249685    1.0000        8
   12        -0.6062349476        -8.2483114498    1.0000        4
   13        -0.6061599902        -8.2472915941    1.0000        1
   14        -0.4823775224        -6.5631320940    1.0000        2
   15        -0.4821855251        -6.5605198170    1.0000        3
   16        -0.0981788182        -1.3358013641    0.0000        5
   17        -0.0980634399        -1.3342315512    0.0000        8
   18        -0.0332738098        -0.4527168010    0.0000        1
   19         0.0104771645         0.1425502052    0.0000        6
   20         0.0105392250         0.1433945879    0.0000        7


 Max and min values of charge density [e/bohr^3]:   0.3466E+00   0.3462E-13     

 Hartree potential time [sec]:       0.27


   Eigenvalue Energy             =         -26.80659505 [Ry]
   Hartree Energy                =         264.06624712 [Ry]
   Integral_{Vxc*rho}            =         -32.39957539 [Ry]
   Exc = Integral{eps_xc*rho}    =         -24.78505779 [Ry]
   Electron-Ion energy           =        -586.97255581 [Ry]
   Ion-Ion Energy                =         207.86811275 [Ry]
   (E(new)-E(old))/atom  =            -0.00000206 [eV]

   Total Energy =           -75.38863314 [Ry]
   Energy/atom  =           -85.47688873 [eV]


  0- 17    SRE of pot. & charge weighted pot =   0.0026821908    0.0001465128


Time for self-consistent field [sec] :       9.92,    tdiag_sum =        4.89

 Tot. charge (user input) [e] =   0.00000000
 Tot. charge (computed) [e] =  -0.00000000
 Dipole components [Debye]:
 x-component =   0.00000000
 y-component =   0.00000000
 z-component =   0.00000000

Time for local forces [sec] :       0.19,    tforce_sum =        0.19


 Coordinates, forces, torque
 ============================

  symmetrizing forces according to symmetry operations 
             tot.  (net) force [Ry/bohr]:      0.000000    0.000000   -0.000000

 coordinates and tot. forces (after setting net force to zero)
-atom-  ----x----   ----y----   ----z-----   ----Fx----  ----Fy----   ----Fz---
                       [bohr]                             [Ry/bohr]            

   1     2.607822    0.000000    0.000000      0.015742    0.000000    0.000000
   2     1.303911    2.258440    0.000000     -0.011001    0.012945   -0.000000
   3    -1.303911    2.258440    0.000000      0.011001    0.012945    0.000000
   4    -2.607822    0.000000    0.000000     -0.015742    0.000000    0.000000
   5    -1.303911   -2.258440    0.000000      0.011001   -0.012945    0.000000
   6     1.303911   -2.258440    0.000000     -0.011001   -0.012945   -0.000000
   7     4.667624    0.000000    0.000000     -0.019052    0.000000    0.000000
   8     2.333812    4.042281    0.000000      0.001370    0.025951    0.000000
   9    -2.333812    4.042281    0.000000     -0.001370    0.025951    0.000000
  10    -4.667624    0.000000    0.000000      0.019052    0.000000    0.000000
  11    -2.333812   -4.042281    0.000000     -0.001370   -0.025951    0.000000
  12     2.333812   -4.042281    0.000000      0.001370   -0.025951    0.000000

 tot. torque [Ry/radian] :     0.000000    0.000000    0.000000


Time for non-local forces [sec] :       0.00,    tforce_sum =        0.19


Time for movement    0 is [sec]:      10.13

 =================================================================


 =================================================================
 Setup time [sec] :        0.50
 Time spent on Hartree potential [sec] :        5.29
 Time spent on diagonalization [sec] :        4.89
 Time spent on force calc. [sec] :        0.19

 CPU time [sec] :      10.63
 Wall-clock time [sec] :      10.63
 Current date/time: 28-JUL-2026 20:45:52 -0700 UTC

 =================================================================

