
 =================================================================

  PARSEC-PYTHON - Modular real-space DFT program
  PARSEC-like report; Python full-grid implementation

 starting run on 28-Jul-2026 22:48:12 -0700
 input file: C:\Users\zigze\Desktop\parsec_python\src\new_architecture\benchmarks\h2_canonical_nodg\parsec.in

 =================================================================

 Initial Run - starting from atomic potentials
 ignoresym= T  (Python always uses the full grid)

 Grid data:
 ~~------~~

 Confined system (cluster) with zero boundary condition!
  Spherical domain shape:
 --- Radius is  13.228088 bohrs
 Grid spacing is  0.377945 bohrs
 Order of double grid is    1
 Grid points are shifted from origin!
 shift vector =   0.5000   0.5000   0.5000   [units of grid spacing]
 WAVEFUNCTIONS ARE REAL!
 The Finite-difference expansion is of order  8
 Python retains the full active grid without symmetry reduction.

 Eigenvalue data:
 ----------------
 Number of states:           16
 Net cluster charge =    0.000      [e]
 Fermi temperature =    500.00 [K]

 Self-consistency data:
 ----------------------
 Maximum number of iterations is           50
 Performing Chebyshev subspace filtering
 Polynomial degree for Chebyshev filtering is     10
 Change in polynomial degree (dpm) for Chebyshev filtering is      0
 Self-consistency convergence criterion is    2.0000000000000001E-04  Ry
 Diagonalization tolerance is    1.0000000000000000E-04
 Buffer size in subspace is      6

 Mixer data:
 -----------
 solver lpole is :            9
 Anderson mixer
 Initial Jacobian:  0.150  Mixing memory is  4
 Mixing restarted after           20 iterations

 Correlation data:
 -----------------
 Exchange-Correlation functional is ca
 LDA, Ceperley-Alder, Perdew-Zunger parametrization

 Other input data:
 -----------------
 output level [1 - 6] =  4
 No spin effects!
 No minimization!


 Atom data:
 --~--~---

 Tot. # of atom types is     1

 Chemical element : H
 martins_new
  pseudopotential format : new Martins
  pseudopotential file   : C:\Users\zigze\Desktop\parsec_python\src\new_architecture\benchmarks\h2_canonical_nodg\H_POTRE.DAT
  radial points/channels : 863 / 1
  selected local channel : l=0
 There are      2 H  atoms
 and their initial coordinates are:

    x [bohr]          y [bohr]          z [bohr]
      0.000000000      0.000000000     -0.708647579
      0.000000000      0.000000000      0.708647579

 Tot. number of atoms =       2

 Real-space setup:
 -----------------
 Full active grid points =       179944
 Hamiltonian dimension   =       179944
 Sparse Laplacian nonzeros =     4267480
 Nonlocal projector columns =        0
 Number of electrons =     2.00000000
 Initial density integral =     2.00000000

 SCF iter #   1

 Diagonalization time [sec] :       2.69,      tdiag_sum =        2.69

 Fermi level at     1.2174 [Ry]

   State   Eigenvalue [Ry]      Eigenvalue [eV]    Occup.     Repr.

    1         1.1307231203        15.3843926300    1.0000        1
    2         1.3069738403        17.7824246769    0.0000        1
    3         1.3938855882        18.9649285364    0.0000        1
    4         1.4367849352        19.5486084719    0.0000        1
    5         1.4987318859        20.3914462930    0.0000        1
    6         1.5270095030        20.7761858953    0.0000        1
    7         1.5663936844        21.3120391915    0.0000        1
    8         1.6018917483        21.7950187488    0.0000        1
    9         1.6489871489        22.4357893505    0.0000        1
   10         1.6788740752        22.8424248930    0.0000        1
   11         1.7191536156        23.3904602636    0.0000        1
   12         1.7243945972        23.4617680109    0.0000        1
   13         1.7739317207        24.1357602049    0.0000        1
   14         1.7855642527        24.2940301100    0.0000        1
   15         1.8205962711        24.7706687453    0.0000        1
   16         1.8540754336        25.2261795342    0.0000        1

 Max and min values of charge density [e/bohr^3]:   4.4410E-02   5.8069E-17

 Hartree potential time [sec]:      10.15

   Eigenvalue Energy             =           2.26144624 [Ry]
   Hartree Energy                =           0.48859584 [Ry]
   Integral_{Vxc*rho}            =          -0.50278469 [Ry]
   Exc = Integral{eps_xc*rho}    =          -0.38673667 [Ry]
   Electron-Ion energy           =          -1.89063228 [Ry]
   Ion-Ion Energy                =           1.41113867 [Ry]

   Total Energy =             2.53342342 [Ry]
   Energy/atom  =            17.23462620 [eV]

  0-  1    SRE of pot. & charge weighted pot =  18.5544830582   0.5241577737

 SCF iter #   2

 Diagonalization time [sec] :       1.08,      tdiag_sum =        3.77

 Fermi level at     0.0782 [Ry]

   State   Eigenvalue [Ry]      Eigenvalue [eV]    Occup.     Repr.

    1        -0.6370391675        -8.6674275047    1.0000        1
    2         0.3514827269         4.7822036863    0.0000        1
    3         0.4389342737         5.9720519410    0.0000        1
    4         0.4668292429         6.3515853137    0.0000        1
    5         0.5066731814         6.8936939708    0.0000        1
    6         0.5370128435         7.3064893467    0.0000        1
    7         0.5722143250         7.7854336629    0.0000        1
    8         0.5925938408         8.0627132790    0.0000        1
    9         0.6440751639         8.7631578644    0.0000        1
   10         0.6616033441         9.0016427792    0.0000        1
   11         0.6636402529         9.0293565534    0.0000        1
   12         0.6903500359         9.3927645189    0.0000        1
   13         0.7045704543         9.5862446871    0.0000        1
   14         0.7587608212        10.3235479806    0.0000        1
   15         0.7715774632        10.4979286494    0.0000        1
   16         0.7934532920        10.7955667999    0.0000        1

 Max and min values of charge density [e/bohr^3]:   2.0126E-01   1.3368E-17

 Hartree potential time [sec]:      10.19

   Eigenvalue Energy             =          -1.27407833 [Ry]
   Hartree Energy                =           1.68664644 [Ry]
   Integral_{Vxc*rho}            =          -1.25355419 [Ry]
   Exc = Integral{eps_xc*rho}    =          -0.96094208 [Ry]
   Electron-Ion energy           =          -5.47702966 [Ry]
   Ion-Ion Energy                =           1.41113867 [Ry]
   (E(new)-E(old))/atom  =           -26.35034357 [eV]

   Total Energy =            -1.33997521 [Ry]
   Energy/atom  =            -9.11571737 [eV]

  0-  2    SRE of pot. & charge weighted pot =   6.1963414929   0.0628870767

 SCF iter #   3

 Diagonalization time [sec] :       1.06,      tdiag_sum =        4.82

 Fermi level at    -0.2366 [Ry]

   State   Eigenvalue [Ry]      Eigenvalue [eV]    Occup.     Repr.

    1        -1.0131368459       -13.7845372977    1.0000        1
    2         0.1217121711         1.6559914577    0.0000        1
    3         0.1728257235         2.3514322291    0.0000        1
    4         0.2264639811         3.0812236341    0.0000        1
    5         0.2784458019         3.7884778915    0.0000        1
    6         0.2909891921         3.9591407500    0.0000        1
    7         0.3532434022         4.8061590817    0.0000        1
    8         0.3593131290         4.8887425712    0.0000        1
    9         0.3912943195         5.3238722526    0.0000        1
   10         0.4162442806         5.6633364331    0.0000        1
   11         0.4366616440         5.9411309963    0.0000        1
   12         0.4583309734         6.2359595574    0.0000        1
   13         0.4895738079         6.6610433154    0.0000        1
   14         0.5157494650         7.0171840715    0.0000        1
   15         0.5274837348         7.1768381991    0.0000        1
   16         0.5399396988         7.3463115535    0.0000        1

 Max and min values of charge density [e/bohr^3]:   2.5763E-01   8.6554E-17

 Hartree potential time [sec]:      10.17

   Eigenvalue Energy             =          -2.02627369 [Ry]
   Hartree Energy                =           2.45177811 [Ry]
   Integral_{Vxc*rho}            =          -1.64264010 [Ry]
   Exc = Integral{eps_xc*rho}    =          -1.25818178 [Ry]
   Electron-Ion energy           =          -6.78292750 [Ry]
   Ion-Ion Energy                =           1.41113867 [Ry]
   (E(new)-E(old))/atom  =            -4.40510428 [eV]

   Total Energy =            -1.98750851 [Ry]
   Energy/atom  =           -13.52082165 [eV]

  0-  3    SRE of pot. & charge weighted pot =   4.1494636520   0.3845522221

 SCF iter #   4

 Diagonalization time [sec] :       1.05,      tdiag_sum =        5.88

 Fermi level at    -0.2887 [Ry]

   State   Eigenvalue [Ry]      Eigenvalue [eV]    Occup.     Repr.

    1        -1.0165561452       -13.8310596007    1.0000        1
    2         0.0501995408         0.6830049129    0.0000        1
    3         0.0729588438         0.9926634374    0.0000        1
    4         0.1285535684         1.7490741407    0.0000        1
    5         0.1740082774         2.3675218206    0.0000        1
    6         0.2134928391         2.9047408708    0.0000        1
    7         0.2567902594         3.4938369114    0.0000        1
    8         0.2682813820         3.6501828279    0.0000        1
    9         0.2857964467         3.8884892942    0.0000        1
   10         0.3247037500         4.4178542811    0.0000        1
   11         0.3536559046         4.8117715070    0.0000        1
   12         0.3795595392         5.1642111780    0.0000        1
   13         0.4097264919         5.5746567037    0.0000        1
   14         0.4219551228         5.7410370101    0.0000        1
   15         0.4293804703         5.8420648034    0.0000        1
   16         0.4392369627         5.9761702665    0.0000        1

 Max and min values of charge density [e/bohr^3]:   2.6498E-01   1.8001E-17

 Hartree potential time [sec]:      10.22

   Eigenvalue Energy             =          -2.03311229 [Ry]
   Hartree Energy                =           2.62524413 [Ry]
   Integral_{Vxc*rho}            =          -1.72627598 [Ry]
   Exc = Integral{eps_xc*rho}    =          -1.32210586 [Ry]
   Electron-Ion energy           =          -7.03305364 [Ry]
   Ion-Ion Energy                =           1.41113867 [Ry]
   (E(new)-E(old))/atom  =            -0.70510571 [eV]

   Total Energy =            -2.09115632 [Ry]
   Energy/atom  =           -14.22592736 [eV]

  0-  4    SRE of pot. & charge weighted pot =   4.1463567722   0.4041627096

 SCF iter #   5

 Diagonalization time [sec] :       1.07,      tdiag_sum =        6.95

 Fermi level at    -0.2785 [Ry]

   State   Eigenvalue [Ry]      Eigenvalue [eV]    Occup.     Repr.

    1        -0.9557122357       -13.0032295371    1.0000        1
    2         0.0254672961         0.3465029375    0.0000        1
    3         0.0363951975         0.4951857775    0.0000        1
    4         0.0873111578         1.1879381507    0.0000        1
    5         0.1267728397         1.7248459018    0.0000        1
    6         0.1846777428         2.5126884329    0.0000        1
    7         0.2131297799         2.8998011594    0.0000        1
    8         0.2234057628         3.0396141270    0.0000        1
    9         0.2397910979         3.2625497199    0.0000        1
   10         0.2799126943         3.8084361362    0.0000        1
   11         0.3115314747         4.2386349386    0.0000        1
   12         0.3357774841         4.5685212926    0.0000        1
   13         0.3511789817         4.7780709897    0.0000        1
   14         0.3731205320         5.0766033342    0.0000        1
   15         0.3872756534         5.2691950851    0.0000        1
   16         0.3987222475         5.4249351547    0.0000        1

 Max and min values of charge density [e/bohr^3]:   2.6058E-01   1.9831E-17

 Hartree potential time [sec]:      10.15

   Eigenvalue Energy             =          -1.91142447 [Ry]
   Hartree Energy                =           2.63826400 [Ry]
   Integral_{Vxc*rho}            =          -1.72938728 [Ry]
   Exc = Integral{eps_xc*rho}    =          -1.32454406 [Ry]
   Electron-Ion energy           =          -7.03639437 [Ry]
   Ion-Ion Energy                =           1.41113867 [Ry]
   (E(new)-E(old))/atom  =            -0.17649418 [eV]

   Total Energy =            -2.11710029 [Ry]
   Energy/atom  =           -14.40242154 [eV]

  0-  5    SRE of pot. & charge weighted pot =   3.6270574551   0.3300846808

 SCF iter #   6

 Diagonalization time [sec] :       1.08,      tdiag_sum =        8.03

 Fermi level at    -0.2684 [Ry]

   State   Eigenvalue [Ry]      Eigenvalue [eV]    Occup.     Repr.

    1        -0.9036195438       -12.2944667896    1.0000        1
    2         0.0099593070         0.1355043389    0.0000        1
    3         0.0285487037         0.3884279531    0.0000        1
    4         0.0696753087         0.9479883146    0.0000        1
    5         0.1031244757         1.4030909909    0.0000        1
    6         0.1734043218         2.3593045209    0.0000        1
    7         0.1929284376         2.6249457366    0.0000        1
    8         0.2007020914         2.7307125155    0.0000        1
    9         0.2155721566         2.9330316479    0.0000        1
   10         0.2513557838         3.4198965233    0.0000        1
   11         0.2889090958         3.9308393756    0.0000        1
   12         0.3011121755         4.0968720379    0.0000        1
   13         0.3190169806         4.3404812347    0.0000        1
   14         0.3428720301         4.6650482671    0.0000        1
   15         0.3623863631         4.9305563789    0.0000        1
   16         0.3668062798         4.9906928824    0.0000        1

 Max and min values of charge density [e/bohr^3]:   2.5579E-01   2.0993E-19

 Hartree potential time [sec]:      10.21

   Eigenvalue Energy             =          -1.80723909 [Ry]
   Hartree Energy                =           2.61974978 [Ry]
   Integral_{Vxc*rho}            =          -1.71706726 [Ry]
   Exc = Integral{eps_xc*rho}    =          -1.31518549 [Ry]
   Electron-Ion energy           =          -6.99522502 [Ry]
   Ion-Ion Energy                =           1.41113867 [Ry]
   (E(new)-E(old))/atom  =            -0.06354752 [eV]

   Total Energy =            -2.12644153 [Ry]
   Energy/atom  =           -14.46596906 [eV]

  0-  6    SRE of pot. & charge weighted pot =   3.0014806350   0.2610201891

 SCF iter #   7

 Diagonalization time [sec] :       1.07,      tdiag_sum =        9.10

 Fermi level at    -0.2514 [Ry]

   State   Eigenvalue [Ry]      Eigenvalue [eV]    Occup.     Repr.

    1        -0.8512500397       -11.5819377904    1.0000        1
    2         0.0090024885         0.1224860583    0.0000        1
    3         0.0315484005         0.4292412277    0.0000        1
    4         0.0658182222         0.8955095673    0.0000        1
    5         0.0936825923         1.2746266140    0.0000        1
    6         0.1733143691         2.3580806437    0.0000        1
    7         0.1863436152         2.5353539593    0.0000        1
    8         0.1915939025         2.6067883185    0.0000        1
    9         0.2042773975         2.7793574149    0.0000        1
   10         0.2354198286         3.2030751038    0.0000        1
   11         0.2789291941         3.7950548292    0.0000        1
   12         0.2818170165         3.8343459631    0.0000        1
   13         0.2984293387         4.0603698969    0.0000        1
   14         0.3260315169         4.4359196125    0.0000        1
   15         0.3458841201         4.7060301609    0.0000        1
   16         0.3483757403         4.7399306477    0.0000        1

 Max and min values of charge density [e/bohr^3]:   2.5051E-01   2.4253E-19

 Hartree potential time [sec]:      10.09

   Eigenvalue Energy             =          -1.70250008 [Ry]
   Hartree Energy                =           2.59141603 [Ry]
   Integral_{Vxc*rho}            =          -1.69966975 [Ry]
   Exc = Integral{eps_xc*rho}    =          -1.30194739 [Ry]
   Electron-Ion energy           =          -6.93909425 [Ry]
   Ion-Ion Energy                =           1.41113867 [Ry]
   (E(new)-E(old))/atom  =            -0.03391700 [eV]

   Total Energy =            -2.13142719 [Ry]
   Energy/atom  =           -14.49988606 [eV]

  0-  7    SRE of pot. & charge weighted pot =   2.1357203635   0.1896152063

 SCF iter #   8

 Diagonalization time [sec] :       1.07,      tdiag_sum =       10.17

 Fermi level at    -0.1952 [Ry]

   State   Eigenvalue [Ry]      Eigenvalue [eV]    Occup.     Repr.

    1        -0.7423561863       -10.1003497991    1.0000        1
    2         0.0377473794         0.5135832953    0.0000        1
    3         0.0533611626         0.7260213066    0.0000        1
    4         0.0834693056         1.1356666786    0.0000        1
    5         0.1056751258         1.4377946264    0.0000        1
    6         0.1917861789         2.6094043931    0.0000        1
    7         0.1960383070         2.6672579980    0.0000        1
    8         0.2001867226         2.7237005109    0.0000        1
    9         0.2096080499         2.8518852050    0.0000        1
   10         0.2391262494         3.2535039243    0.0000        1
   11         0.2830023744         3.8504737055    0.0000        1
   12         0.2859690078         3.8908371263    0.0000        1
   13         0.2958813815         4.0257029011    0.0000        1
   14         0.3242409700         4.4115577899    0.0000        1
   15         0.3437092292         4.6764390303    0.0000        1
   16         0.3519515337         4.7885821769    0.0000        1

 Max and min values of charge density [e/bohr^3]:   2.4002E-01   1.0772E-19

 Hartree potential time [sec]:      10.07

   Eigenvalue Energy             =          -1.48471237 [Ry]
   Hartree Energy                =           2.52820141 [Ry]
   Integral_{Vxc*rho}            =          -1.66148953 [Ry]
   Exc = Integral{eps_xc*rho}    =          -1.27287743 [Ry]
   Electron-Ion energy           =          -6.81566017 [Ry]
   Ion-Ion Energy                =           1.41113867 [Ry]
   (E(new)-E(old))/atom  =            -0.03136660 [eV]

   Total Energy =            -2.13603796 [Ry]
   Energy/atom  =           -14.53125266 [eV]

  0-  8    SRE of pot. & charge weighted pot =   0.8159086280   0.0419699019

 SCF iter #   9

 Diagonalization time [sec] :       1.07,      tdiag_sum =       11.24

 Fermi level at    -0.1900 [Ry]

   State   Eigenvalue [Ry]      Eigenvalue [eV]    Occup.     Repr.

    1        -0.7180422911        -9.7695398046    1.0000        1
    2         0.0374989858         0.5102037010    0.0000        1
    3         0.0516672624         0.7029744383    0.0000        1
    4         0.0802223744         1.0914895814    0.0000        1
    5         0.0985882362         1.3413718244    0.0000        1
    6         0.1877453809         2.5544261038    0.0000        1
    7         0.1897268812         2.5813860001    0.0000        1
    8         0.1927670772         2.6227502988    0.0000        1
    9         0.1986018499         2.7021370494    0.0000        1
   10         0.2262504196         3.0783179588    0.0000        1
   11         0.2700112049         3.6737184514    0.0000        1
   12         0.2730490661         3.7150509829    0.0000        1
   13         0.2833656160         3.8554158980    0.0000        1
   14         0.3085129882         4.1975660149    0.0000        1
   15         0.3255059212         4.4287684630    0.0000        1
   16         0.3381284923         4.6005086411    0.0000        1

 Max and min values of charge density [e/bohr^3]:   2.3583E-01   2.7124E-19

 Hartree potential time [sec]:      10.09

   Eigenvalue Energy             =          -1.43608458 [Ry]
   Hartree Energy                =           2.50362785 [Ry]
   Integral_{Vxc*rho}            =          -1.64660492 [Ry]
   Exc = Integral{eps_xc*rho}    =          -1.26154256 [Ry]
   Electron-Ion energy           =          -6.76742006 [Ry]
   Ion-Ion Energy                =           1.41113867 [Ry]
   (E(new)-E(old))/atom  =            -0.00568285 [eV]

   Total Energy =            -2.13687332 [Ry]
   Energy/atom  =           -14.53693551 [eV]

  0-  9    SRE of pot. & charge weighted pot =   0.6782345621   0.0060577450

 SCF iter #  10

 Diagonalization time [sec] :       1.06,      tdiag_sum =       12.30

 Fermi level at    -0.2045 [Ry]

   State   Eigenvalue [Ry]      Eigenvalue [eV]    Occup.     Repr.

    1        -0.7287140042        -9.9147369982    1.0000        1
    2         0.0270628024         0.3682110774    0.0000        1
    3         0.0417559271         0.5681227936    0.0000        1
    4         0.0696886918         0.9481704024    0.0000        1
    5         0.0846893500         1.1522663581    0.0000        1
    6         0.1766266854         2.4031473562    0.0000        1
    7         0.1784311908         2.4276990963    0.0000        1
    8         0.1805612246         2.4566799097    0.0000        1
    9         0.1837606459         2.5002105959    0.0000        1
   10         0.2080310453         2.8304287967    0.0000        1
   11         0.2526528062         3.4375435503    0.0000        1
   12         0.2547382656         3.4659178945    0.0000        1
   13         0.2699022156         3.6722355649    0.0000        1
   14         0.2909265020         3.9582878007    0.0000        1
   15         0.3038535995         4.1341713045    0.0000        1
   16         0.3197548560         4.3505206204    0.0000        1

 Max and min values of charge density [e/bohr^3]:   2.3532E-01   5.0903E-20

 Hartree potential time [sec]:      10.11

   Eigenvalue Energy             =          -1.45742801 [Ry]
   Hartree Energy                =           2.50274672 [Ry]
   Integral_{Vxc*rho}            =          -1.64603174 [Ry]
   Exc = Integral{eps_xc*rho}    =          -1.26110636 [Ry]
   Electron-Ion energy           =          -6.76573465 [Ry]
   Ion-Ion Energy                =           1.41113867 [Ry]
   (E(new)-E(old))/atom  =            -0.00104268 [eV]

   Total Energy =            -2.13702659 [Ry]
   Energy/atom  =           -14.53797820 [eV]

  0- 10    SRE of pot. & charge weighted pot =   0.5737364816   0.0143804386

 SCF iter #  11

 Diagonalization time [sec] :       1.07,      tdiag_sum =       13.38

 Fermi level at    -0.2057 [Ry]

   State   Eigenvalue [Ry]      Eigenvalue [eV]    Occup.     Repr.

    1        -0.7214463586        -9.8158548657    1.0000        1
    2         0.0262830771         0.3576022907    0.0000        1
    3         0.0406767714         0.5534400167    0.0000        1
    4         0.0675925555         0.9196507918    0.0000        1
    5         0.0795176347         1.0819010337    0.0000        1
    6         0.1751063098         2.3824614298    0.0000        1
    7         0.1758851837         2.3930586325    0.0000        1
    8         0.1776273821         2.4167626357    0.0000        1
    9         0.1791444540         2.4374036121    0.0000        1
   10         0.1991608321         2.7097424498    0.0000        1
   11         0.2438572292         3.3178726884    0.0000        1
   12         0.2476243007         3.3691267109    0.0000        1
   13         0.2659658308         3.6186779007    0.0000        1
   14         0.2839213989         3.8629777697    0.0000        1
   15         0.2927692206         3.9833594611    0.0000        1
   16         0.3100133864         4.2179801328    0.0000        1

 Max and min values of charge density [e/bohr^3]:   2.3427E-01   5.0687E-20

 Hartree potential time [sec]:      10.08

   Eigenvalue Energy             =          -1.44289272 [Ry]
   Hartree Energy                =           2.49637470 [Ry]
   Integral_{Vxc*rho}            =          -1.64218865 [Ry]
   Exc = Integral{eps_xc*rho}    =          -1.25817819 [Ry]
   Electron-Ion energy           =          -6.75338740 [Ry]
   Ion-Ion Energy                =           1.41113867 [Ry]
   (E(new)-E(old))/atom  =            -0.00051950 [eV]

   Total Energy =            -2.13710296 [Ry]
   Energy/atom  =           -14.53849769 [eV]

  0- 11    SRE of pot. & charge weighted pot =   0.4421684951   0.0038205412

 SCF iter #  12

 Diagonalization time [sec] :       1.08,      tdiag_sum =       14.46

 Fermi level at    -0.2099 [Ry]

   State   Eigenvalue [Ry]      Eigenvalue [eV]    Occup.     Repr.

    1        -0.7210929001        -9.8110457801    1.0000        1
    2         0.0249367324         0.3392841943    0.0000        1
    3         0.0400511150         0.5449274599    0.0000        1
    4         0.0659657952         0.8975174160    0.0000        1
    5         0.0751606302         1.0226205018    0.0000        1
    6         0.1742801254         2.3712205296    0.0000        1
    7         0.1757477298         2.3911884617    0.0000        1
    8         0.1766587872         2.4035841275    0.0000        1
    9         0.1774630308         2.4145265050    0.0000        1
   10         0.1929589004         2.6253602068    0.0000        1
   11         0.2365626242         3.2186237526    0.0000        1
   12         0.2433745693         3.3113057147    0.0000        1
   13         0.2638093372         3.5893370797    0.0000        1
   14         0.2796942926         3.8054646064    0.0000        1
   15         0.2856323029         3.8862559867    0.0000        1
   16         0.3012988496         4.0994118884    0.0000        1

 Max and min values of charge density [e/bohr^3]:   2.3411E-01   4.0812E-21

 Hartree potential time [sec]:      10.13

   Eigenvalue Energy             =          -1.44218580 [Ry]
   Hartree Energy                =           2.49489286 [Ry]
   Integral_{Vxc*rho}            =          -1.64129597 [Ry]
   Exc = Integral{eps_xc*rho}    =          -1.25749755 [Ry]
   Electron-Ion energy           =          -6.75070998 [Ry]
   Ion-Ion Energy                =           1.41113867 [Ry]
   (E(new)-E(old))/atom  =            -0.00013793 [eV]

   Total Energy =            -2.13712323 [Ry]
   Energy/atom  =           -14.53863562 [eV]

  0- 12    SRE of pot. & charge weighted pot =   0.2391217722   0.0027042376

 SCF iter #  13

 Diagonalization time [sec] :       1.07,      tdiag_sum =       15.53

 Fermi level at    -0.2149 [Ry]

   State   Eigenvalue [Ry]      Eigenvalue [eV]    Occup.     Repr.

    1        -0.7227546650        -9.8336554209    1.0000        1
    2         0.0230335425         0.3133897722    0.0000        1
    3         0.0385921917         0.5250776413    0.0000        1
    4         0.0640834114         0.8719060782    0.0000        1
    5         0.0709874859         0.9658415357    0.0000        1
    6         0.1720558206         2.3409570833    0.0000        1
    7         0.1739607240         2.3668748184    0.0000        1
    8         0.1743445150         2.3720966021    0.0000        1
    9         0.1753730652         2.3860908511    0.0000        1
   10         0.1866172285         2.5390766879    0.0000        1
   11         0.2281492134         3.1041525682    0.0000        1
   12         0.2391375941         3.2536582777    0.0000        1
   13         0.2598319302         3.5352212759    0.0000        1
   14         0.2735288686         3.7215790810    0.0000        1
   15         0.2799876748         3.8094563056    0.0000        1
   16         0.2928557547         3.9845368280    0.0000        1

 Max and min values of charge density [e/bohr^3]:   2.3421E-01   2.5647E-20

 Hartree potential time [sec]:      10.24

   Eigenvalue Energy             =          -1.44550933 [Ry]
   Hartree Energy                =           2.49514509 [Ry]
   Integral_{Vxc*rho}            =          -1.64144730 [Ry]
   Exc = Integral{eps_xc*rho}    =          -1.25761256 [Ry]
   Electron-Ion energy           =          -6.75131109 [Ry]
   Ion-Ion Energy                =           1.41113867 [Ry]
   (E(new)-E(old))/atom  =            -0.00003224 [eV]

   Total Energy =            -2.13712797 [Ry]
   Energy/atom  =           -14.53866786 [eV]

  0- 13    SRE of pot. & charge weighted pot =   0.2269386439   0.0045712410

 SCF iter #  14

 Diagonalization time [sec] :       1.06,      tdiag_sum =       16.59

 Fermi level at    -0.2183 [Ry]

   State   Eigenvalue [Ry]      Eigenvalue [eV]    Occup.     Repr.

    1        -0.7227685525        -9.8338443719    1.0000        1
    2         0.0220155570         0.2995392658    0.0000        1
    3         0.0376368384         0.5120792962    0.0000        1
    4         0.0629320806         0.8562413016    0.0000        1
    5         0.0680550524         0.9259434323    0.0000        1
    6         0.1702930290         2.3169728945    0.0000        1
    7         0.1722314061         2.3433460657    0.0000        1
    8         0.1726331742         2.3488124419    0.0000        1
    9         0.1738787165         2.3657590409    0.0000        1
   10         0.1816863490         2.4719881275    0.0000        1
   11         0.2203789707         2.9984321996    0.0000        1
   12         0.2360734693         3.2119684085    0.0000        1
   13         0.2559254539         3.4820705413    0.0000        1
   14         0.2680149596         3.6465579377    0.0000        1
   15         0.2762563444         3.7586885709    0.0000        1
   16         0.2862354644         3.8944624818    0.0000        1

 Max and min values of charge density [e/bohr^3]:   2.3418E-01   1.2825E-20

 Hartree potential time [sec]:      10.16

   Eigenvalue Energy             =          -1.44553711 [Ry]
   Hartree Energy                =           2.49488874 [Ry]
   Integral_{Vxc*rho}            =          -1.64129314 [Ry]
   Exc = Integral{eps_xc*rho}    =          -1.25749495 [Ry]
   Electron-Ion energy           =          -6.75085695 [Ry]
   Ion-Ion Energy                =           1.41113867 [Ry]
   (E(new)-E(old))/atom  =            -0.00001459 [eV]

   Total Energy =            -2.13713011 [Ry]
   Energy/atom  =           -14.53868245 [eV]

  0- 14    SRE of pot. & charge weighted pot =   0.2260142475   0.0044777575

 SCF iter #  15

 Diagonalization time [sec] :       1.05,      tdiag_sum =       17.64

 Fermi level at    -0.2208 [Ry]

   State   Eigenvalue [Ry]      Eigenvalue [eV]    Occup.     Repr.

    1        -0.7226841605        -9.8326961510    1.0000        1
    2         0.0213251031         0.2901450881    0.0000        1
    3         0.0369349130         0.5025290397    0.0000        1
    4         0.0621177774         0.8451620555    0.0000        1
    5         0.0658962198         0.8965707878    0.0000        1
    6         0.1689558937         2.2987800989    0.0000        1
    7         0.1707597572         2.3233231046    0.0000        1
    8         0.1714096751         2.3321657568    0.0000        1
    9         0.1727563262         2.3504880231    0.0000        1
   10         0.1779789201         2.4215455909    0.0000        1
   11         0.2132941290         2.9020372604    0.0000        1
   12         0.2337868528         3.1808571623    0.0000        1
   13         0.2521625981         3.4308738771    0.0000        1
   14         0.2637182342         3.5880975508    0.0000        1
   15         0.2735607409         3.7220127282    0.0000        1
   16         0.2811249383         3.8249296855    0.0000        1

 Max and min values of charge density [e/bohr^3]:   2.3416E-01   9.3229E-21

 Hartree potential time [sec]:      10.10

   Eigenvalue Energy             =          -1.44536832 [Ry]
   Hartree Energy                =           2.49468702 [Ry]
   Integral_{Vxc*rho}            =          -1.64117163 [Ry]
   Exc = Integral{eps_xc*rho}    =          -1.25740229 [Ry]
   Electron-Ion energy           =          -6.75048589 [Ry]
   Ion-Ion Energy                =           1.41113867 [Ry]
   (E(new)-E(old))/atom  =            -0.00000661 [eV]

   Total Energy =            -2.13713109 [Ry]
   Energy/atom  =           -14.53868906 [eV]

  0- 15    SRE of pot. & charge weighted pot =   0.2234980503   0.0042983507

 SCF iter #  16

 Diagonalization time [sec] :       1.05,      tdiag_sum =       18.69

 Fermi level at    -0.2221 [Ry]

   State   Eigenvalue [Ry]      Eigenvalue [eV]    Occup.     Repr.

    1        -0.7215014863        -9.8166049229    1.0000        1
    2         0.0211859237         0.2882514405    0.0000        1
    3         0.0365773417         0.4976639954    0.0000        1
    4         0.0617131877         0.8396572896    0.0000        1
    5         0.0644814477         0.8773216809    0.0000        1
    6         0.1680503381         2.2864592899    0.0000        1
    7         0.1697466857         2.3095394559    0.0000        1
    8         0.1705810776         2.3208920256    0.0000        1
    9         0.1720348363         2.3406715758    0.0000        1
   10         0.1753349556         2.3855723394    0.0000        1
   11         0.2071712323         2.8187303520    0.0000        1
   12         0.2323119355         3.1607897316    0.0000        1
   13         0.2489309589         3.3869048408    0.0000        1
   14         0.2605716399         3.5452856179    0.0000        1
   15         0.2716477082         3.6959843878    0.0000        1
   16         0.2773252321         3.7732316427    0.0000        1

 Max and min values of charge density [e/bohr^3]:   2.3401E-01   1.1687E-21

 Hartree potential time [sec]:      10.09

   Eigenvalue Energy             =          -1.44300297 [Ry]
   Hartree Energy                =           2.49392117 [Ry]
   Integral_{Vxc*rho}            =          -1.64071076 [Ry]
   Exc = Integral{eps_xc*rho}    =          -1.25705113 [Ry]
   Electron-Ion energy           =          -6.74899892 [Ry]
   Ion-Ion Energy                =           1.41113867 [Ry]
   (E(new)-E(old))/atom  =            -0.00001099 [eV]

   Total Energy =            -2.13713270 [Ry]
   Energy/atom  =           -14.53870005 [eV]

  0- 16    SRE of pot. & charge weighted pot =   0.1971275571   0.0026903338

 SCF iter #  17

 Diagonalization time [sec] :       1.06,      tdiag_sum =       19.75

 Fermi level at    -0.2205 [Ry]

   State   Eigenvalue [Ry]      Eigenvalue [eV]    Occup.     Repr.

    1        -0.7158845257        -9.7401816803    1.0000        1
    2         0.0225104159         0.3062722170    0.0000        1
    3         0.0369621019         0.5028989656    0.0000        1
    4         0.0621902612         0.8461482561    0.0000        1
    5         0.0641037668         0.8721830297    0.0000        1
    6         0.1676497273         2.2810086596    0.0000        1
    7         0.1695554587         2.3069376599    0.0000        1
    8         0.1704602970         2.3192487084    0.0000        1
    9         0.1720665187         2.3411026404    0.0000        1
   10         0.1737618543         2.3641690378    0.0000        1
   11         0.2028753865         2.7602819337    0.0000        1
   12         0.2323679225         3.1615514805    0.0000        1
   13         0.2472060173         3.3634356299    0.0000        1
   14         0.2585777784         3.5181575367    0.0000        1
   15         0.2708192080         3.6847119808    0.0000        1
   16         0.2749774865         3.7412886860    0.0000        1

 Max and min values of charge density [e/bohr^3]:   2.3339E-01   1.3400E-22

 Hartree potential time [sec]:      10.08

   Eigenvalue Energy             =          -1.43176905 [Ry]
   Hartree Energy                =           2.49059659 [Ry]
   Integral_{Vxc*rho}            =          -1.63871090 [Ry]
   Exc = Integral{eps_xc*rho}    =          -1.25552740 [Ry]
   Electron-Ion energy           =          -6.74251361 [Ry]
   Ion-Ion Energy                =           1.41113867 [Ry]
   (E(new)-E(old))/atom  =             0.00000652 [eV]

   Total Energy =            -2.13713174 [Ry]
   Energy/atom  =           -14.53869353 [eV]

  0- 17    SRE of pot. & charge weighted pot =   0.0936835707   0.0049414402

 SCF iter #  18

 Diagonalization time [sec] :       1.05,      tdiag_sum =       20.81

 Fermi level at    -0.2222 [Ry]

   State   Eigenvalue [Ry]      Eigenvalue [eV]    Occup.     Repr.

    1        -0.7170848316        -9.7565128014    1.0000        1
    2         0.0219041173         0.2980230395    0.0000        1
    3         0.0365435853         0.4972047122    0.0000        1
    4         0.0617363589         0.8399725522    0.0000        1
    5         0.0630878051         0.8583600591    0.0000        1
    6         0.1670186171         2.2724219002    0.0000        1
    7         0.1688993581         2.2980108871    0.0000        1
    8         0.1697062489         2.3089892811    0.0000        1
    9         0.1715079699         2.3335031363    0.0000        1
   10         0.1723122312         2.3444457547    0.0000        1
   11         0.1979364936         2.6930843451    0.0000        1
   12         0.2312277263         3.1460381978    0.0000        1
   13         0.2443739448         3.3249030184    0.0000        1
   14         0.2562684600         3.4867374125    0.0000        1
   15         0.2696285771         3.6685124946    0.0000        1
   16         0.2726811561         3.7100452738    0.0000        1

 Max and min values of charge density [e/bohr^3]:   2.3344E-01   5.4215E-15

 Hartree potential time [sec]:      10.20

   Eigenvalue Energy             =          -1.43416966 [Ry]
   Hartree Energy                =           2.49090776 [Ry]
   Integral_{Vxc*rho}            =          -1.63889611 [Ry]
   Exc = Integral{eps_xc*rho}    =          -1.25566850 [Ry]
   Electron-Ion energy           =          -6.74314834 [Ry]
   Ion-Ion Energy                =           1.41113867 [Ry]
   (E(new)-E(old))/atom  =            -0.00000691 [eV]

   Total Energy =            -2.13713276 [Ry]
   Energy/atom  =           -14.53870044 [eV]

  0- 18    SRE of pot. & charge weighted pot =   0.0665853143   0.0034746385

 SCF iter #  19

 Diagonalization time [sec] :       1.11,      tdiag_sum =       21.91

 Fermi level at    -0.2241 [Ry]

   State   Eigenvalue [Ry]      Eigenvalue [eV]    Occup.     Repr.

    1        -0.7188247629        -9.7801859590    1.0000        1
    2         0.0211972382         0.2884053839    0.0000        1
    3         0.0360815119         0.4909178351    0.0000        1
    4         0.0612276160         0.8330506982    0.0000        1
    5         0.0622139598         0.8464706947    0.0000        1
    6         0.1664707056         2.2649671267    0.0000        1
    7         0.1681707713         2.2880978801    0.0000        1
    8         0.1689125674         2.2981906099    0.0000        1
    9         0.1708374488         2.3243801615    0.0000        1
   10         0.1711685492         2.3288850470    0.0000        1
   11         0.1932924612         2.6298985684    0.0000        1
   12         0.2300044677         3.1293947868    0.0000        1
   13         0.2416335440         3.2876176727    0.0000        1
   14         0.2541379393         3.4577499752    0.0000        1
   15         0.2683900039         3.6516607146    0.0000        1
   16         0.2706821594         3.6828473247    0.0000        1

 Max and min values of charge density [e/bohr^3]:   2.3360E-01   1.2303E-13

 Hartree potential time [sec]:      10.17

   Eigenvalue Energy             =          -1.43764953 [Ry]
   Hartree Energy                =           2.49182721 [Ry]
   Integral_{Vxc*rho}            =          -1.63944907 [Ry]
   Exc = Integral{eps_xc*rho}    =          -1.25608977 [Ry]
   Electron-Ion energy           =          -6.74496007 [Ry]
   Ion-Ion Energy                =           1.41113867 [Ry]
   (E(new)-E(old))/atom  =            -0.00000762 [eV]

   Total Energy =            -2.13713388 [Ry]
   Energy/atom  =           -14.53870806 [eV]

  0- 19    SRE of pot. & charge weighted pot =   0.0486209692   0.0011841573

 SCF iter #  20

 Diagonalization time [sec] :       1.11,      tdiag_sum =       23.02

 Fermi level at    -0.2252 [Ry]

   State   Eigenvalue [Ry]      Eigenvalue [eV]    Occup.     Repr.

    1        -0.7193638967        -9.7875213057    1.0000        1
    2         0.0208516824         0.2837038208    0.0000        1
    3         0.0357382933         0.4862480713    0.0000        1
    4         0.0608811702         0.8283370258    0.0000        1
    5         0.0615932846         0.8380259111    0.0000        1
    6         0.1659735399         2.2582027889    0.0000        1
    7         0.1675347443         2.2794442245    0.0000        1
    8         0.1682068047         2.2885881433    0.0000        1
    9         0.1700950513         2.3142792492    0.0000        1
   10         0.1704246509         2.3187637156    0.0000        1
   11         0.1893554984         2.5763330396    0.0000        1
   12         0.2291169298         3.1173191228    0.0000        1
   13         0.2393911748         3.2571084467    0.0000        1
   14         0.2522670778         3.4322954077    0.0000        1
   15         0.2673007496         3.6368405395    0.0000        1
   16         0.2690467876         3.6605967822    0.0000        1

 Max and min values of charge density [e/bohr^3]:   2.3366E-01   1.5567E-13

 Hartree potential time [sec]:      10.26

   Eigenvalue Energy             =          -1.43872779 [Ry]
   Hartree Energy                =           2.49222176 [Ry]
   Integral_{Vxc*rho}            =          -1.63968761 [Ry]
   Exc = Integral{eps_xc*rho}    =          -1.25627146 [Ry]
   Electron-Ion energy           =          -6.74574602 [Ry]
   Ion-Ion Energy                =           1.41113867 [Ry]
   (E(new)-E(old))/atom  =            -0.00000147 [eV]

   Total Energy =            -2.13713409 [Ry]
   Energy/atom  =           -14.53870952 [eV]

  0- 20    SRE of pot. & charge weighted pot =   0.0261109978   0.0004148969

 SCF iter #  21

 Diagonalization time [sec] :       1.09,      tdiag_sum =       24.12

 Fermi level at    -0.2260 [Ry]

   State   Eigenvalue [Ry]      Eigenvalue [eV]    Occup.     Repr.

    1        -0.7196931667        -9.7920012870    1.0000        1
    2         0.0206162724         0.2805008794    0.0000        1
    3         0.0354864222         0.4828211635    0.0000        1
    4         0.0606269877         0.8248786697    0.0000        1
    5         0.0611377759         0.8318283510    0.0000        1
    6         0.1655923402         2.2530162618    0.0000        1
    7         0.1670363428         2.2726630730    0.0000        1
    8         0.1676367700         2.2808323650    0.0000        1
    9         0.1694553902         2.3055761479    0.0000        1
   10         0.1699473732         2.3122699702    0.0000        1
   11         0.1860156325         2.5308914920    0.0000        1
   12         0.2284225046         3.1078709136    0.0000        1
   13         0.2374914805         3.2312615860    0.0000        1
   14         0.2506489856         3.4102799683    0.0000        1
   15         0.2664094154         3.6247132240    0.0000        1
   16         0.2677793717         3.6433525760    0.0000        1

 Max and min values of charge density [e/bohr^3]:   2.3370E-01   1.4545E-13

 Hartree potential time [sec]:      10.25

   Eigenvalue Energy             =          -1.43938633 [Ry]
   Hartree Energy                =           2.49249032 [Ry]
   Integral_{Vxc*rho}            =          -1.63985025 [Ry]
   Exc = Integral{eps_xc*rho}    =          -1.25639533 [Ry]
   Electron-Ion energy           =          -6.74628231 [Ry]
   Ion-Ion Energy                =           1.41113867 [Ry]
   (E(new)-E(old))/atom  =            -0.00000037 [eV]

   Total Energy =            -2.13713415 [Ry]
   Energy/atom  =           -14.53870990 [eV]

  0- 21    SRE of pot. & charge weighted pot =   0.0131434491   0.0000846232

Self-consistency convergence achieved.

Time for self-consistent field [sec] :     247.93,    tdiag_sum =       24.12
Time spent on Hartree potential [sec] :      213.20

Forces, dipoles, symmetry representations, and MPI statistics
are not calculated by this Python single-point implementation.

 =================================================================
 Total Python wall time [sec] :      248.24
Text log: C:\Users\zigze\Desktop\parsec_python\src\new_architecture\benchmarks\h2_canonical_nodg\parsec_python.out
